Creating test database for alias 'default'...
[2026-02-25 17:59:37,242] DEBUG djongo.database New MongoClient connection
[2026-02-25 17:59:37,244] DEBUG djongo.base New Database connection
[2026-02-25 17:59:37,244] DEBUG djongo.sql2mongo.query sql_command: CREATE DATABASE "test_prop_trader" 
params: None
[2026-02-25 17:59:37,244] DEBUG djongo.base MongoClient connection closed
[2026-02-25 17:59:37,248] DEBUG djongo.database New MongoClient connection
[2026-02-25 17:59:37,249] DEBUG djongo.base New Database connection
[2026-02-25 17:59:37,255] DEBUG djongo.sql2mongo.query sql_command: CREATE TABLE "webhooks_webhookevent" ("id" long NOT NULL PRIMARY KEY AUTOINCREMENT, "webhook_id" string NOT NULL UNIQUE, "source" string NOT NULL, "status" string NOT NULL, "error_message" string NOT NULL, "ticker" string NOT NULL, "action" string NOT NULL, "quantity" string NOT NULL, "strategy" string NOT NULL, "created_at" date NOT NULL, "ip_address" string NULL)
params: None
[2026-02-25 17:59:37,343] DEBUG djongo.sql2mongo.query Created table: webhooks_webhookevent
[2026-02-25 17:59:37,365] DEBUG djongo.sql2mongo.query sql_command: CREATE TABLE "broker_connector_brokeraccount" ("id" long NOT NULL PRIMARY KEY AUTOINCREMENT, "account_id" string NOT NULL UNIQUE, "broker_type" string NOT NULL, "display_name" string NOT NULL, "mode" string NOT NULL, "status" string NOT NULL, "encrypted_api_key" string NOT NULL, "encrypted_secret_key" string NOT NULL, "base_url" string NOT NULL, "buying_power" decimal NOT NULL, "equity" decimal NOT NULL, "cash" decimal NOT NULL, "last_synced_at" date NULL, "user_id" int NULL, "organization_id" int NULL, "created_at" date NOT NULL, "updated_at" date NOT NULL)
params: None
[2026-02-25 17:59:37,388] DEBUG djongo.sql2mongo.query Created table: broker_connector_brokeraccount
[2026-02-25 17:59:37,419] DEBUG djongo.sql2mongo.query sql_command: CREATE TABLE "execution_engine_trade" ("id" long NOT NULL PRIMARY KEY AUTOINCREMENT, "trade_id" string NOT NULL UNIQUE, "symbol" string NOT NULL, "side" string NOT NULL, "quantity" decimal NOT NULL, "order_type" string NOT NULL, "status" string NOT NULL, "requested_price" decimal NULL, "fill_price" decimal NULL, "cost_basis" decimal NULL, "realized_pnl" decimal NOT NULL, "commission" decimal NOT NULL, "strategy" string NOT NULL, "webhook_id" string NOT NULL, "broker_order_id" string NOT NULL, "broker_type" string NOT NULL, "broker_account_id" string NOT NULL, "error_message" string NOT NULL, "risk_approved" bool NOT NULL, "risk_reason" string NOT NULL, "user_id" int NULL, "organization_id" int NULL, "created_at" date NOT NULL, "updated_at" date NOT NULL)
params: None
[2026-02-25 17:59:37,447] DEBUG djongo.sql2mongo.query Created table: execution_engine_trade
[2026-02-25 17:59:37,475] DEBUG djongo.sql2mongo.query sql_command: CREATE TABLE "market_data_ohlcvbar" ("id" long NOT NULL PRIMARY KEY AUTOINCREMENT, "symbol" string NOT NULL, "timeframe" string NOT NULL, "timestamp" date NOT NULL, "open" decimal NOT NULL, "high" decimal NOT NULL, "low" decimal NOT NULL, "close" decimal NOT NULL, "volume" long NOT NULL, "source" string NOT NULL)
params: None
[2026-02-25 17:59:37,503] DEBUG djongo.sql2mongo.query Created table: market_data_ohlcvbar
[2026-02-25 17:59:37,519] DEBUG djongo.sql2mongo.query sql_command: ALTER TABLE "execution_engine_trade" ADD CONSTRAINT "execution_engine_trade_symbol_0421c9c6" INDEX ("symbol")
params: ()
[2026-02-25 17:59:37,533] DEBUG djongo.sql2mongo.query sql_command: ALTER TABLE "execution_engine_trade" ADD CONSTRAINT "execution_engine_trade_strategy_5c73862a" INDEX ("strategy")
params: ()
[2026-02-25 17:59:37,548] DEBUG djongo.sql2mongo.query sql_command: ALTER TABLE "market_data_ohlcvbar" ADD CONSTRAINT "market_data_ohlcvbar_symbol_timeframe_times_f8bfb854_uniq" UNIQUE ("symbol", "timeframe", "timestamp")
params: ()
[2026-02-25 17:59:37,562] DEBUG djongo.sql2mongo.query sql_command: ALTER TABLE "market_data_ohlcvbar" ADD CONSTRAINT "market_data_ohlcvbar_symbol_0edbdab2" INDEX ("symbol")
params: ()
[2026-02-25 17:59:37,576] DEBUG djongo.sql2mongo.query sql_command: ALTER TABLE "market_data_ohlcvbar" ADD CONSTRAINT "market_data_ohlcvbar_timeframe_11817c9b" INDEX ("timeframe")
params: ()
[2026-02-25 17:59:37,598] DEBUG djongo.sql2mongo.query sql_command: ALTER TABLE "market_data_ohlcvbar" ADD CONSTRAINT "market_data_ohlcvbar_timestamp_55fe5598" INDEX ("timestamp")
params: ()
[2026-02-25 17:59:37,614] DEBUG djongo.sql2mongo.query sql_command: CREATE TABLE "django_migrations" ("id" long NOT NULL PRIMARY KEY AUTOINCREMENT, "app" string NOT NULL, "name" string NOT NULL, "applied" date NOT NULL)
params: None
[2026-02-25 17:59:37,641] DEBUG djongo.sql2mongo.query Created table: django_migrations
[2026-02-25 17:59:37,656] DEBUG djongo.sql2mongo.query sql_command: CREATE TABLE "django_content_type" ("id" int NOT NULL PRIMARY KEY AUTOINCREMENT, "name" string NOT NULL, "app_label" string NOT NULL, "model" string NOT NULL)
params: None
[2026-02-25 17:59:37,681] DEBUG djongo.sql2mongo.query Created table: django_content_type
[2026-02-25 17:59:37,695] DEBUG djongo.sql2mongo.query sql_command: ALTER TABLE "django_content_type" ADD CONSTRAINT "django_content_type_app_label_model_76bd3d3b_uniq" UNIQUE ("app_label", "model")
params: ()
[2026-02-25 17:59:37,709] DEBUG djongo.sql2mongo.query sql_command: INSERT INTO "django_migrations" ("app", "name", "applied") VALUES (%(0)s, %(1)s, %(2)s)
params: ['contenttypes', '0001_initial', datetime.datetime(2026, 2, 25, 22, 59, 37, 709705)]
[2026-02-25 17:59:37,712] DEBUG djongo.sql2mongo.query inserted ids [ObjectId('699f7ed9421deff2f70ed704')]
[2026-02-25 17:59:37,713] DEBUG djongo.sql2mongo.query sql_command: CREATE TABLE "auth_permission" ("id" int NOT NULL PRIMARY KEY AUTOINCREMENT, "name" string NOT NULL, "content_type_id" int NOT NULL, "codename" string NOT NULL)
params: None
[2026-02-25 17:59:37,736] DEBUG djongo.sql2mongo.query Created table: auth_permission
[2026-02-25 17:59:37,753] DEBUG djongo.sql2mongo.query sql_command: CREATE TABLE "auth_group" ("id" int NOT NULL PRIMARY KEY AUTOINCREMENT, "name" string NOT NULL UNIQUE)
params: None
[2026-02-25 17:59:37,775] DEBUG djongo.sql2mongo.query Created table: auth_group
[2026-02-25 17:59:37,804] DEBUG djongo.sql2mongo.query sql_command: CREATE TABLE "auth_group_permissions" ("id" long NOT NULL PRIMARY KEY AUTOINCREMENT, "group_id" int NOT NULL, "permission_id" int NOT NULL)
params: None
[2026-02-25 17:59:37,831] DEBUG djongo.sql2mongo.query Created table: auth_group_permissions
[2026-02-25 17:59:37,853] DEBUG djongo.sql2mongo.query sql_command: CREATE TABLE "auth_user" ("id" int NOT NULL PRIMARY KEY AUTOINCREMENT, "password" string NOT NULL, "last_login" date NOT NULL, "is_superuser" bool NOT NULL, "username" string NOT NULL UNIQUE, "first_name" string NOT NULL, "last_name" string NOT NULL, "email" string NOT NULL, "is_staff" bool NOT NULL, "is_active" bool NOT NULL, "date_joined" date NOT NULL)
params: None
[2026-02-25 17:59:37,883] DEBUG djongo.sql2mongo.query Created table: auth_user
[2026-02-25 17:59:37,918] DEBUG djongo.sql2mongo.query sql_command: CREATE TABLE "auth_user_groups" ("id" long NOT NULL PRIMARY KEY AUTOINCREMENT, "user_id" int NOT NULL, "group_id" int NOT NULL)
params: None
[2026-02-25 17:59:37,947] DEBUG djongo.sql2mongo.query Created table: auth_user_groups
[2026-02-25 17:59:37,964] DEBUG djongo.sql2mongo.query sql_command: CREATE TABLE "auth_user_user_permissions" ("id" long NOT NULL PRIMARY KEY AUTOINCREMENT, "user_id" int NOT NULL, "permission_id" int NOT NULL)
params: None
[2026-02-25 17:59:37,994] DEBUG djongo.sql2mongo.query Created table: auth_user_user_permissions
[2026-02-25 17:59:38,012] DEBUG djongo.sql2mongo.query sql_command: ALTER TABLE "auth_permission" ADD CONSTRAINT "auth_permission_content_type_id_codename_01ab375a_uniq" UNIQUE ("content_type_id", "codename")
params: ()
[2026-02-25 17:59:38,026] DEBUG djongo.sql2mongo.query sql_command: ALTER TABLE "auth_permission" ADD CONSTRAINT "auth_permission_content_type_id_2f476e4b_fk_django_c" FOREIGN KEY ("content_type_id") REFERENCES "django_content_type" ("id")
params: ()
[2026-02-25 17:59:38,027] DEBUG djongo.sql2mongo.query sql_command: ALTER TABLE "auth_permission" ADD CONSTRAINT "auth_permission_content_type_id_2f476e4b" INDEX ("content_type_id")
params: ()
[2026-02-25 17:59:38,041] DEBUG djongo.sql2mongo.query sql_command: ALTER TABLE "auth_group_permissions" ADD CONSTRAINT "auth_group_permissions_group_id_permission_id_0cd325b0_uniq" UNIQUE ("group_id", "permission_id")
params: ()
[2026-02-25 17:59:38,056] DEBUG djongo.sql2mongo.query sql_command: ALTER TABLE "auth_group_permissions" ADD CONSTRAINT "auth_group_permissions_group_id_b120cbf9_fk_auth_group_id" FOREIGN KEY ("group_id") REFERENCES "auth_group" ("id")
params: ()
[2026-02-25 17:59:38,056] DEBUG djongo.sql2mongo.query sql_command: ALTER TABLE "auth_group_permissions" ADD CONSTRAINT "auth_group_permissi_permission_id_84c5c92e_fk_auth_per" FOREIGN KEY ("permission_id") REFERENCES "auth_permission" ("id")
params: ()
[2026-02-25 17:59:38,057] DEBUG djongo.sql2mongo.query sql_command: ALTER TABLE "auth_group_permissions" ADD CONSTRAINT "auth_group_permissions_group_id_b120cbf9" INDEX ("group_id")
params: ()
[2026-02-25 17:59:38,073] DEBUG djongo.sql2mongo.query sql_command: ALTER TABLE "auth_group_permissions" ADD CONSTRAINT "auth_group_permissions_permission_id_84c5c92e" INDEX ("permission_id")
params: ()
[2026-02-25 17:59:38,089] DEBUG djongo.sql2mongo.query sql_command: ALTER TABLE "auth_user_groups" ADD CONSTRAINT "auth_user_groups_user_id_group_id_94350c0c_uniq" UNIQUE ("user_id", "group_id")
params: ()
[2026-02-25 17:59:38,108] DEBUG djongo.sql2mongo.query sql_command: ALTER TABLE "auth_user_groups" ADD CONSTRAINT "auth_user_groups_user_id_6a12ed8b_fk_auth_user_id" FOREIGN KEY ("user_id") REFERENCES "auth_user" ("id")
params: ()
[2026-02-25 17:59:38,109] DEBUG djongo.sql2mongo.query sql_command: ALTER TABLE "auth_user_groups" ADD CONSTRAINT "auth_user_groups_group_id_97559544_fk_auth_group_id" FOREIGN KEY ("group_id") REFERENCES "auth_group" ("id")
params: ()
[2026-02-25 17:59:38,109] DEBUG djongo.sql2mongo.query sql_command: ALTER TABLE "auth_user_groups" ADD CONSTRAINT "auth_user_groups_user_id_6a12ed8b" INDEX ("user_id")
params: ()
[2026-02-25 17:59:38,123] DEBUG djongo.sql2mongo.query sql_command: ALTER TABLE "auth_user_groups" ADD CONSTRAINT "auth_user_groups_group_id_97559544" INDEX ("group_id")
params: ()
[2026-02-25 17:59:38,136] DEBUG djongo.sql2mongo.query sql_command: ALTER TABLE "auth_user_user_permissions" ADD CONSTRAINT "auth_user_user_permiss_user_id_permission_id_14a6b632_uniq" UNIQUE ("user_id", "permission_id")
params: ()
[2026-02-25 17:59:38,149] DEBUG djongo.sql2mongo.query sql_command: ALTER TABLE "auth_user_user_permissions" ADD CONSTRAINT "auth_user_user_permissions_user_id_a95ead1b_fk_auth_user_id" FOREIGN KEY ("user_id") REFERENCES "auth_user" ("id")
params: ()
[2026-02-25 17:59:38,150] DEBUG djongo.sql2mongo.query sql_command: ALTER TABLE "auth_user_user_permissions" ADD CONSTRAINT "auth_user_user_perm_permission_id_1fbb5f2c_fk_auth_per" FOREIGN KEY ("permission_id") REFERENCES "auth_permission" ("id")
params: ()
[2026-02-25 17:59:38,150] DEBUG djongo.sql2mongo.query sql_command: ALTER TABLE "auth_user_user_permissions" ADD CONSTRAINT "auth_user_user_permissions_user_id_a95ead1b" INDEX ("user_id")
params: ()
[2026-02-25 17:59:38,167] DEBUG djongo.sql2mongo.query sql_command: ALTER TABLE "auth_user_user_permissions" ADD CONSTRAINT "auth_user_user_permissions_permission_id_1fbb5f2c" INDEX ("permission_id")
params: ()
[2026-02-25 17:59:38,185] DEBUG djongo.sql2mongo.query sql_command: INSERT INTO "django_migrations" ("app", "name", "applied") VALUES (%(0)s, %(1)s, %(2)s)
params: ['auth', '0001_initial', datetime.datetime(2026, 2, 25, 22, 59, 38, 185478)]
[2026-02-25 17:59:38,187] DEBUG djongo.sql2mongo.query inserted ids [ObjectId('699f7eda421deff2f70ed705')]
[2026-02-25 17:59:38,189] DEBUG djongo.sql2mongo.query sql_command: CREATE TABLE "django_admin_log" ("id" int NOT NULL PRIMARY KEY AUTOINCREMENT, "action_time" date NOT NULL, "object_id" string NULL, "object_repr" string NOT NULL, "action_flag" int NOT NULL, "change_message" string NOT NULL, "content_type_id" int NULL, "user_id" int NOT NULL)
params: None
[2026-02-25 17:59:38,216] DEBUG djongo.sql2mongo.query Created table: django_admin_log
[2026-02-25 17:59:38,230] DEBUG djongo.sql2mongo.query sql_command: ALTER TABLE "django_admin_log" ADD CONSTRAINT "django_admin_log_content_type_id_c4bce8eb_fk_django_c" FOREIGN KEY ("content_type_id") REFERENCES "django_content_type" ("id")
params: ()
[2026-02-25 17:59:38,231] DEBUG djongo.sql2mongo.query sql_command: ALTER TABLE "django_admin_log" ADD CONSTRAINT "django_admin_log_user_id_c564eba6_fk_auth_user_id" FOREIGN KEY ("user_id") REFERENCES "auth_user" ("id")
params: ()
[2026-02-25 17:59:38,231] DEBUG djongo.sql2mongo.query sql_command: ALTER TABLE "django_admin_log" ADD CONSTRAINT "django_admin_log_content_type_id_c4bce8eb" INDEX ("content_type_id")
params: ()
[2026-02-25 17:59:38,246] DEBUG djongo.sql2mongo.query sql_command: ALTER TABLE "django_admin_log" ADD CONSTRAINT "django_admin_log_user_id_c564eba6" INDEX ("user_id")
params: ()
[2026-02-25 17:59:38,260] DEBUG djongo.sql2mongo.query sql_command: INSERT INTO "django_migrations" ("app", "name", "applied") VALUES (%(0)s, %(1)s, %(2)s)
params: ['admin', '0001_initial', datetime.datetime(2026, 2, 25, 22, 59, 38, 260227)]
[2026-02-25 17:59:38,262] DEBUG djongo.sql2mongo.query inserted ids [ObjectId('699f7eda421deff2f70ed706')]
[2026-02-25 17:59:38,264] DEBUG djongo.sql2mongo.query sql_command: INSERT INTO "django_migrations" ("app", "name", "applied") VALUES (%(0)s, %(1)s, %(2)s)
params: ['admin', '0002_logentry_remove_auto_add', datetime.datetime(2026, 2, 25, 22, 59, 38, 264840)]
[2026-02-25 17:59:38,266] DEBUG djongo.sql2mongo.query inserted ids [ObjectId('699f7eda421deff2f70ed707')]
[2026-02-25 17:59:38,268] DEBUG djongo.sql2mongo.query sql_command: INSERT INTO "django_migrations" ("app", "name", "applied") VALUES (%(0)s, %(1)s, %(2)s)
params: ['admin', '0003_logentry_add_action_flag_choices', datetime.datetime(2026, 2, 25, 22, 59, 38, 268729)]
[2026-02-25 17:59:38,270] DEBUG djongo.sql2mongo.query inserted ids [ObjectId('699f7eda421deff2f70ed708')]
[2026-02-25 17:59:38,271] DEBUG djongo.sql2mongo.query sql_command: ALTER TABLE "django_content_type" ALTER COLUMN "name" DROP NOT NULL
params: []
[2026-02-25 17:59:38,274] DEBUG djongo.sql2mongo.query sql_command: ALTER TABLE "django_content_type" DROP COLUMN "name" CASCADE
params: ()
[2026-02-25 17:59:38,276] DEBUG djongo.sql2mongo.query sql_command: INSERT INTO "django_migrations" ("app", "name", "applied") VALUES (%(0)s, %(1)s, %(2)s)
params: ['contenttypes', '0002_remove_content_type_name', datetime.datetime(2026, 2, 25, 22, 59, 38, 276799)]
[2026-02-25 17:59:38,278] DEBUG djongo.sql2mongo.query inserted ids [ObjectId('699f7eda421deff2f70ed709')]
[2026-02-25 17:59:38,280] DEBUG djongo.sql2mongo.query sql_command: INSERT INTO "django_migrations" ("app", "name", "applied") VALUES (%(0)s, %(1)s, %(2)s)
params: ['auth', '0002_alter_permission_name_max_length', datetime.datetime(2026, 2, 25, 22, 59, 38, 280100)]
[2026-02-25 17:59:38,281] DEBUG djongo.sql2mongo.query inserted ids [ObjectId('699f7eda421deff2f70ed70a')]
[2026-02-25 17:59:38,283] DEBUG djongo.sql2mongo.query sql_command: INSERT INTO "django_migrations" ("app", "name", "applied") VALUES (%(0)s, %(1)s, %(2)s)
params: ['auth', '0003_alter_user_email_max_length', datetime.datetime(2026, 2, 25, 22, 59, 38, 283426)]
[2026-02-25 17:59:38,284] DEBUG djongo.sql2mongo.query inserted ids [ObjectId('699f7eda421deff2f70ed70b')]
[2026-02-25 17:59:38,286] DEBUG djongo.sql2mongo.query sql_command: INSERT INTO "django_migrations" ("app", "name", "applied") VALUES (%(0)s, %(1)s, %(2)s)
params: ['auth', '0004_alter_user_username_opts', datetime.datetime(2026, 2, 25, 22, 59, 38, 286352)]
[2026-02-25 17:59:38,287] DEBUG djongo.sql2mongo.query inserted ids [ObjectId('699f7eda421deff2f70ed70c')]
[2026-02-25 17:59:38,288] DEBUG djongo.sql2mongo.query sql_command: ALTER TABLE "auth_user" ALTER COLUMN "last_login" DROP NOT NULL
params: []
[2026-02-25 17:59:38,289] DEBUG djongo.sql2mongo.query sql_command: INSERT INTO "django_migrations" ("app", "name", "applied") VALUES (%(0)s, %(1)s, %(2)s)
params: ['auth', '0005_alter_user_last_login_null', datetime.datetime(2026, 2, 25, 22, 59, 38, 289450)]
[2026-02-25 17:59:38,290] DEBUG djongo.sql2mongo.query inserted ids [ObjectId('699f7eda421deff2f70ed70d')]
[2026-02-25 17:59:38,291] DEBUG djongo.sql2mongo.query sql_command: INSERT INTO "django_migrations" ("app", "name", "applied") VALUES (%(0)s, %(1)s, %(2)s)
params: ['auth', '0006_require_contenttypes_0002', datetime.datetime(2026, 2, 25, 22, 59, 38, 291125)]
[2026-02-25 17:59:38,292] DEBUG djongo.sql2mongo.query inserted ids [ObjectId('699f7eda421deff2f70ed70e')]
[2026-02-25 17:59:38,294] DEBUG djongo.sql2mongo.query sql_command: INSERT INTO "django_migrations" ("app", "name", "applied") VALUES (%(0)s, %(1)s, %(2)s)
params: ['auth', '0007_alter_validators_add_error_messages', datetime.datetime(2026, 2, 25, 22, 59, 38, 294103)]
[2026-02-25 17:59:38,295] DEBUG djongo.sql2mongo.query inserted ids [ObjectId('699f7eda421deff2f70ed70f')]
[2026-02-25 17:59:38,296] DEBUG djongo.sql2mongo.query sql_command: INSERT INTO "django_migrations" ("app", "name", "applied") VALUES (%(0)s, %(1)s, %(2)s)
params: ['auth', '0008_alter_user_username_max_length', datetime.datetime(2026, 2, 25, 22, 59, 38, 296940)]
[2026-02-25 17:59:38,298] DEBUG djongo.sql2mongo.query inserted ids [ObjectId('699f7eda421deff2f70ed710')]
[2026-02-25 17:59:38,300] DEBUG djongo.sql2mongo.query sql_command: INSERT INTO "django_migrations" ("app", "name", "applied") VALUES (%(0)s, %(1)s, %(2)s)
params: ['auth', '0009_alter_user_last_name_max_length', datetime.datetime(2026, 2, 25, 22, 59, 38, 300449)]
[2026-02-25 17:59:38,302] DEBUG djongo.sql2mongo.query inserted ids [ObjectId('699f7eda421deff2f70ed711')]
[2026-02-25 17:59:38,303] DEBUG djongo.sql2mongo.query sql_command: INSERT INTO "django_migrations" ("app", "name", "applied") VALUES (%(0)s, %(1)s, %(2)s)
params: ['auth', '0010_alter_group_name_max_length', datetime.datetime(2026, 2, 25, 22, 59, 38, 303764)]
[2026-02-25 17:59:38,304] DEBUG djongo.sql2mongo.query inserted ids [ObjectId('699f7eda421deff2f70ed712')]
[2026-02-25 17:59:38,307] DEBUG djongo.sql2mongo.query sql_command: INSERT INTO "django_migrations" ("app", "name", "applied") VALUES (%(0)s, %(1)s, %(2)s)
params: ['auth', '0011_update_proxy_permissions', datetime.datetime(2026, 2, 25, 22, 59, 38, 307659)]
[2026-02-25 17:59:38,308] DEBUG djongo.sql2mongo.query inserted ids [ObjectId('699f7eda421deff2f70ed713')]
[2026-02-25 17:59:38,310] DEBUG djongo.sql2mongo.query sql_command: INSERT INTO "django_migrations" ("app", "name", "applied") VALUES (%(0)s, %(1)s, %(2)s)
params: ['auth', '0012_alter_user_first_name_max_length', datetime.datetime(2026, 2, 25, 22, 59, 38, 310502)]
[2026-02-25 17:59:38,311] DEBUG djongo.sql2mongo.query inserted ids [ObjectId('699f7eda421deff2f70ed714')]
[2026-02-25 17:59:38,312] DEBUG djongo.sql2mongo.query sql_command: CREATE TABLE "dashboard_aimodel" ("id" long NOT NULL PRIMARY KEY AUTOINCREMENT, "name" string NOT NULL, "model_type" string NOT NULL, "version" string NOT NULL, "status" string NOT NULL, "description" string NOT NULL, "last_trained" date NULL, "accuracy" decimal NULL, "sharpe_ratio" decimal NULL, "created_at" date NOT NULL, "updated_at" date NOT NULL)
params: None
[2026-02-25 17:59:38,338] DEBUG djongo.sql2mongo.query Created table: dashboard_aimodel
[2026-02-25 17:59:38,355] DEBUG djongo.sql2mongo.query sql_command: CREATE TABLE "dashboard_strategy" ("id" long NOT NULL PRIMARY KEY AUTOINCREMENT, "strategy_id" string NOT NULL UNIQUE, "name" string NOT NULL, "description" string NOT NULL, "is_active" bool NOT NULL, "asset_class" string NOT NULL, "timeframe" string NOT NULL, "account_numbers" string NOT NULL, "position_size_pct" decimal NOT NULL, "max_positions" int NOT NULL, "stop_loss_pct" decimal NOT NULL, "take_profit_pct" decimal NOT NULL, "ai_model" string NOT NULL, "ai_confidence_threshold" decimal NOT NULL, "ai_retrain_freq" string NOT NULL, "organization_id" int NULL, "created_at" date NOT NULL, "updated_at" date NOT NULL)
params: None
[2026-02-25 17:59:38,377] DEBUG djongo.sql2mongo.query Created table: dashboard_strategy
[2026-02-25 17:59:38,407] DEBUG djongo.sql2mongo.query sql_command: INSERT INTO "django_migrations" ("app", "name", "applied") VALUES (%(0)s, %(1)s, %(2)s)
params: ['dashboard', '0001_initial', datetime.datetime(2026, 2, 25, 22, 59, 38, 407338)]
[2026-02-25 17:59:38,408] DEBUG djongo.sql2mongo.query inserted ids [ObjectId('699f7eda421deff2f70ed715')]
[2026-02-25 17:59:38,409] DEBUG djongo.sql2mongo.query sql_command: CREATE TABLE "risk_management_propfirmaccount" ("id" long NOT NULL PRIMARY KEY AUTOINCREMENT, "name" string NOT NULL, "firm" string NOT NULL, "account_number" string NOT NULL, "phase" string NOT NULL, "is_active" bool NOT NULL, "account_size" decimal NOT NULL, "max_daily_drawdown_pct" decimal NOT NULL, "max_total_drawdown_pct" decimal NOT NULL, "profit_target_pct" decimal NOT NULL, "profit_split_pct" decimal NOT NULL, "min_trading_days" int NOT NULL, "trading_days_completed" int NOT NULL, "challenge_start_date" date NULL, "challenge_end_date" date NULL, "broker_account_id" string NOT NULL, "organization_id" int NULL, "created_at" date NOT NULL, "updated_at" date NOT NULL)
params: None
[2026-02-25 17:59:38,436] DEBUG djongo.sql2mongo.query Created table: risk_management_propfirmaccount
[2026-02-25 17:59:38,452] DEBUG djongo.sql2mongo.query sql_command: CREATE TABLE "risk_management_riskconfig" ("id" long NOT NULL PRIMARY KEY AUTOINCREMENT, "name" string NOT NULL UNIQUE, "is_active" bool NOT NULL, "max_daily_drawdown_pct" decimal NOT NULL, "max_total_drawdown_pct" decimal NOT NULL, "max_position_size_pct" decimal NOT NULL, "max_open_positions" int NOT NULL, "max_daily_trades" int NOT NULL, "daily_loss_limit" decimal NOT NULL, "kill_switch_active" bool NOT NULL, "organization_id" int NULL, "created_at" date NOT NULL, "updated_at" date NOT NULL)
params: None
[2026-02-25 17:59:38,478] DEBUG djongo.sql2mongo.query Created table: risk_management_riskconfig
[2026-02-25 17:59:38,505] DEBUG djongo.sql2mongo.query sql_command: INSERT INTO "django_migrations" ("app", "name", "applied") VALUES (%(0)s, %(1)s, %(2)s)
params: ['risk_management', '0001_initial', datetime.datetime(2026, 2, 25, 22, 59, 38, 505843)]
[2026-02-25 17:59:38,507] DEBUG djongo.sql2mongo.query inserted ids [ObjectId('699f7eda421deff2f70ed716')]
[2026-02-25 17:59:38,508] DEBUG djongo.sql2mongo.query sql_command: CREATE TABLE "django_session" ("session_key" string NOT NULL PRIMARY KEY, "session_data" string NOT NULL, "expire_date" date NOT NULL)
params: None
[2026-02-25 17:59:38,538] DEBUG djongo.sql2mongo.query Created table: django_session
[2026-02-25 17:59:38,554] DEBUG djongo.sql2mongo.query sql_command: ALTER TABLE "django_session" ADD CONSTRAINT "django_session_expire_date_a5c62663" INDEX ("expire_date")
params: ()
[2026-02-25 17:59:38,569] DEBUG djongo.sql2mongo.query sql_command: INSERT INTO "django_migrations" ("app", "name", "applied") VALUES (%(0)s, %(1)s, %(2)s)
params: ['sessions', '0001_initial', datetime.datetime(2026, 2, 25, 22, 59, 38, 569097)]
[2026-02-25 17:59:38,572] DEBUG djongo.sql2mongo.query inserted ids [ObjectId('699f7eda421deff2f70ed717')]
[2026-02-25 17:59:38,572] DEBUG djongo.sql2mongo.query sql_command: SELECT "django_migrations"."id", "django_migrations"."app", "django_migrations"."name", "django_migrations"."applied" FROM "django_migrations"
params: ()
[2026-02-25 17:59:38,573] DEBUG djongo.sql2mongo.query Find query: {'projection': ['id', 'app', 'name', 'applied']}
[2026-02-25 17:59:38,574] DEBUG djongo.sql2mongo.query Result: (1, 'contenttypes', '0001_initial', datetime.datetime(2026, 2, 25, 22, 59, 37, 709000))
[2026-02-25 17:59:38,574] DEBUG djongo.sql2mongo.query Result: (2, 'auth', '0001_initial', datetime.datetime(2026, 2, 25, 22, 59, 38, 185000))
[2026-02-25 17:59:38,574] DEBUG djongo.sql2mongo.query Result: (3, 'admin', '0001_initial', datetime.datetime(2026, 2, 25, 22, 59, 38, 260000))
[2026-02-25 17:59:38,574] DEBUG djongo.sql2mongo.query Result: (4, 'admin', '0002_logentry_remove_auto_add', datetime.datetime(2026, 2, 25, 22, 59, 38, 264000))
[2026-02-25 17:59:38,574] DEBUG djongo.sql2mongo.query Result: (5, 'admin', '0003_logentry_add_action_flag_choices', datetime.datetime(2026, 2, 25, 22, 59, 38, 268000))
[2026-02-25 17:59:38,574] DEBUG djongo.sql2mongo.query Result: (6, 'contenttypes', '0002_remove_content_type_name', datetime.datetime(2026, 2, 25, 22, 59, 38, 276000))
[2026-02-25 17:59:38,574] DEBUG djongo.sql2mongo.query Result: (7, 'auth', '0002_alter_permission_name_max_length', datetime.datetime(2026, 2, 25, 22, 59, 38, 280000))
[2026-02-25 17:59:38,574] DEBUG djongo.sql2mongo.query Result: (8, 'auth', '0003_alter_user_email_max_length', datetime.datetime(2026, 2, 25, 22, 59, 38, 283000))
[2026-02-25 17:59:38,574] DEBUG djongo.sql2mongo.query Result: (9, 'auth', '0004_alter_user_username_opts', datetime.datetime(2026, 2, 25, 22, 59, 38, 286000))
[2026-02-25 17:59:38,574] DEBUG djongo.sql2mongo.query Result: (10, 'auth', '0005_alter_user_last_login_null', datetime.datetime(2026, 2, 25, 22, 59, 38, 289000))
[2026-02-25 17:59:38,574] DEBUG djongo.sql2mongo.query Result: (11, 'auth', '0006_require_contenttypes_0002', datetime.datetime(2026, 2, 25, 22, 59, 38, 291000))
[2026-02-25 17:59:38,575] DEBUG djongo.sql2mongo.query Result: (12, 'auth', '0007_alter_validators_add_error_messages', datetime.datetime(2026, 2, 25, 22, 59, 38, 294000))
[2026-02-25 17:59:38,575] DEBUG djongo.sql2mongo.query Result: (13, 'auth', '0008_alter_user_username_max_length', datetime.datetime(2026, 2, 25, 22, 59, 38, 296000))
[2026-02-25 17:59:38,575] DEBUG djongo.sql2mongo.query Result: (14, 'auth', '0009_alter_user_last_name_max_length', datetime.datetime(2026, 2, 25, 22, 59, 38, 300000))
[2026-02-25 17:59:38,575] DEBUG djongo.sql2mongo.query Result: (15, 'auth', '0010_alter_group_name_max_length', datetime.datetime(2026, 2, 25, 22, 59, 38, 303000))
[2026-02-25 17:59:38,575] DEBUG djongo.sql2mongo.query Result: (16, 'auth', '0011_update_proxy_permissions', datetime.datetime(2026, 2, 25, 22, 59, 38, 307000))
[2026-02-25 17:59:38,575] DEBUG djongo.sql2mongo.query Result: (17, 'auth', '0012_alter_user_first_name_max_length', datetime.datetime(2026, 2, 25, 22, 59, 38, 310000))
[2026-02-25 17:59:38,575] DEBUG djongo.sql2mongo.query Result: (18, 'dashboard', '0001_initial', datetime.datetime(2026, 2, 25, 22, 59, 38, 407000))
[2026-02-25 17:59:38,575] DEBUG djongo.sql2mongo.query Result: (19, 'risk_management', '0001_initial', datetime.datetime(2026, 2, 25, 22, 59, 38, 505000))
[2026-02-25 17:59:38,575] DEBUG djongo.sql2mongo.query Result: (20, 'sessions', '0001_initial', datetime.datetime(2026, 2, 25, 22, 59, 38, 569000))
[2026-02-25 17:59:38,585] DEBUG djongo.sql2mongo.query sql_command: SELECT "django_content_type"."id", "django_content_type"."app_label", "django_content_type"."model" FROM "django_content_type" WHERE "django_content_type"."app_label" = %(0)s
params: ('admin',)
[2026-02-25 17:59:38,586] DEBUG djongo.sql2mongo.query Find query: {'filter': {'app_label': {'$eq': 'admin'}}, 'projection': ['id', 'app_label', 'model']}
[2026-02-25 17:59:38,587] DEBUG djongo.sql2mongo.query sql_command: INSERT INTO "django_content_type" ("app_label", "model") VALUES (%(0)s, %(1)s)
params: ('admin', 'logentry')
[2026-02-25 17:59:38,589] DEBUG djongo.sql2mongo.query inserted ids [ObjectId('699f7eda421deff2f70ed718')]
[2026-02-25 17:59:38,590] DEBUG djongo.sql2mongo.query sql_command: SELECT "django_content_type"."id", "django_content_type"."app_label", "django_content_type"."model" FROM "django_content_type" WHERE ("django_content_type"."app_label" = %(0)s AND "django_content_type"."model" = %(1)s) LIMIT 21
params: ('admin', 'logentry')
[2026-02-25 17:59:38,590] DEBUG djongo.sql2mongo.query Find query: {'filter': {'$and': [{'app_label': {'$eq': 'admin'}}, {'model': {'$eq': 'logentry'}}]}, 'projection': ['id', 'app_label', 'model'], 'limit': 21}
[2026-02-25 17:59:38,591] DEBUG djongo.sql2mongo.query Result: (1, 'admin', 'logentry')
[2026-02-25 17:59:38,592] DEBUG djongo.sql2mongo.query sql_command: SELECT "auth_permission"."content_type_id", "auth_permission"."codename" FROM "auth_permission" INNER JOIN "django_content_type" ON ("auth_permission"."content_type_id" = "django_content_type"."id") WHERE "auth_permission"."content_type_id" IN (%(0)s) ORDER BY "django_content_type"."app_label" ASC, "django_content_type"."model" ASC, "auth_permission"."codename" ASC
params: (1,)
[2026-02-25 17:59:38,596] DEBUG djongo.sql2mongo.query Aggregation query: [{'$match': {'content_type_id': {'$ne': None, '$exists': True}}}, {'$lookup': {'from': 'django_content_type', 'localField': 'content_type_id', 'foreignField': 'id', 'as': 'django_content_type'}}, {'$unwind': '$django_content_type'}, {'$match': {'content_type_id': {'$in': [1]}}}, {'$sort': OrderedDict({'django_content_type.app_label': 1, 'django_content_type.model': 1, 'codename': 1})}, {'$project': {'content_type_id': True, 'codename': True}}]
[2026-02-25 17:59:38,596] DEBUG djongo.sql2mongo.query sql_command: INSERT INTO "auth_permission" ("name", "content_type_id", "codename") VALUES (%(0)s, %(1)s, %(2)s) VALUES (%(3)s, %(4)s, %(5)s) VALUES (%(6)s, %(7)s, %(8)s) VALUES (%(9)s, %(10)s, %(11)s)
params: ('Can add log entry', 1, 'add_logentry', 'Can change log entry', 1, 'change_logentry', 'Can delete log entry', 1, 'delete_logentry', 'Can view log entry', 1, 'view_logentry')
[2026-02-25 17:59:38,600] DEBUG djongo.sql2mongo.query inserted ids [ObjectId('699f7eda421deff2f70ed719'), ObjectId('699f7eda421deff2f70ed71a'), ObjectId('699f7eda421deff2f70ed71b'), ObjectId('699f7eda421deff2f70ed71c')]
[2026-02-25 17:59:38,600] DEBUG djongo.sql2mongo.query sql_command: SELECT "django_content_type"."id", "django_content_type"."app_label", "django_content_type"."model" FROM "django_content_type" WHERE "django_content_type"."app_label" = %(0)s
params: ('admin',)
[2026-02-25 17:59:38,600] DEBUG djongo.sql2mongo.query Find query: {'filter': {'app_label': {'$eq': 'admin'}}, 'projection': ['id', 'app_label', 'model']}
[2026-02-25 17:59:38,602] DEBUG djongo.sql2mongo.query Result: (1, 'admin', 'logentry')
[2026-02-25 17:59:38,602] DEBUG djongo.sql2mongo.query sql_command: SELECT "django_content_type"."id", "django_content_type"."app_label", "django_content_type"."model" FROM "django_content_type" WHERE "django_content_type"."app_label" = %(0)s
params: ('auth',)
[2026-02-25 17:59:38,602] DEBUG djongo.sql2mongo.query Find query: {'filter': {'app_label': {'$eq': 'auth'}}, 'projection': ['id', 'app_label', 'model']}
[2026-02-25 17:59:38,603] DEBUG djongo.sql2mongo.query sql_command: INSERT INTO "django_content_type" ("app_label", "model") VALUES (%(0)s, %(1)s) VALUES (%(2)s, %(3)s) VALUES (%(4)s, %(5)s)
params: ('auth', 'permission', 'auth', 'group', 'auth', 'user')
[2026-02-25 17:59:38,606] DEBUG djongo.sql2mongo.query inserted ids [ObjectId('699f7eda421deff2f70ed71d'), ObjectId('699f7eda421deff2f70ed71e'), ObjectId('699f7eda421deff2f70ed71f')]
[2026-02-25 17:59:38,606] DEBUG djongo.sql2mongo.query sql_command: SELECT "django_content_type"."id", "django_content_type"."app_label", "django_content_type"."model" FROM "django_content_type" WHERE ("django_content_type"."app_label" = %(0)s AND "django_content_type"."model" = %(1)s) LIMIT 21
params: ('auth', 'permission')
[2026-02-25 17:59:38,606] DEBUG djongo.sql2mongo.query Find query: {'filter': {'$and': [{'app_label': {'$eq': 'auth'}}, {'model': {'$eq': 'permission'}}]}, 'projection': ['id', 'app_label', 'model'], 'limit': 21}
[2026-02-25 17:59:38,607] DEBUG djongo.sql2mongo.query Result: (2, 'auth', 'permission')
[2026-02-25 17:59:38,608] DEBUG djongo.sql2mongo.query sql_command: SELECT "django_content_type"."id", "django_content_type"."app_label", "django_content_type"."model" FROM "django_content_type" WHERE ("django_content_type"."app_label" = %(0)s AND "django_content_type"."model" = %(1)s) LIMIT 21
params: ('auth', 'group')
[2026-02-25 17:59:38,609] DEBUG djongo.sql2mongo.query Find query: {'filter': {'$and': [{'app_label': {'$eq': 'auth'}}, {'model': {'$eq': 'group'}}]}, 'projection': ['id', 'app_label', 'model'], 'limit': 21}
[2026-02-25 17:59:38,609] DEBUG djongo.sql2mongo.query Result: (3, 'auth', 'group')
[2026-02-25 17:59:38,610] DEBUG djongo.sql2mongo.query sql_command: SELECT "django_content_type"."id", "django_content_type"."app_label", "django_content_type"."model" FROM "django_content_type" WHERE ("django_content_type"."app_label" = %(0)s AND "django_content_type"."model" = %(1)s) LIMIT 21
params: ('auth', 'user')
[2026-02-25 17:59:38,611] DEBUG djongo.sql2mongo.query Find query: {'filter': {'$and': [{'app_label': {'$eq': 'auth'}}, {'model': {'$eq': 'user'}}]}, 'projection': ['id', 'app_label', 'model'], 'limit': 21}
[2026-02-25 17:59:38,611] DEBUG djongo.sql2mongo.query Result: (4, 'auth', 'user')
[2026-02-25 17:59:38,612] DEBUG djongo.sql2mongo.query sql_command: SELECT "auth_permission"."content_type_id", "auth_permission"."codename" FROM "auth_permission" INNER JOIN "django_content_type" ON ("auth_permission"."content_type_id" = "django_content_type"."id") WHERE "auth_permission"."content_type_id" IN (%(0)s, %(1)s, %(2)s) ORDER BY "django_content_type"."app_label" ASC, "django_content_type"."model" ASC, "auth_permission"."codename" ASC
params: (2, 3, 4)
[2026-02-25 17:59:38,615] DEBUG djongo.sql2mongo.query Aggregation query: [{'$match': {'content_type_id': {'$ne': None, '$exists': True}}}, {'$lookup': {'from': 'django_content_type', 'localField': 'content_type_id', 'foreignField': 'id', 'as': 'django_content_type'}}, {'$unwind': '$django_content_type'}, {'$match': {'content_type_id': {'$in': [2, 3, 4]}}}, {'$sort': OrderedDict({'django_content_type.app_label': 1, 'django_content_type.model': 1, 'codename': 1})}, {'$project': {'content_type_id': True, 'codename': True}}]
[2026-02-25 17:59:38,615] DEBUG djongo.sql2mongo.query sql_command: INSERT INTO "auth_permission" ("name", "content_type_id", "codename") VALUES (%(0)s, %(1)s, %(2)s) VALUES (%(3)s, %(4)s, %(5)s) VALUES (%(6)s, %(7)s, %(8)s) VALUES (%(9)s, %(10)s, %(11)s) VALUES (%(12)s, %(13)s, %(14)s) VALUES (%(15)s, %(16)s, %(17)s) VALUES (%(18)s, %(19)s, %(20)s) VALUES (%(21)s, %(22)s, %(23)s) VALUES (%(24)s, %(25)s, %(26)s) VALUES (%(27)s, %(28)s, %(29)s) VALUES (%(30)s, %(31)s, %(32)s) VALUES (%(33)s, %(34)s, %(35)s)
params: ('Can add permission', 2, 'add_permission', 'Can change permission', 2, 'change_permission', 'Can delete permission', 2, 'delete_permission', 'Can view permission', 2, 'view_permission', 'Can add group', 3, 'add_group', 'Can change group', 3, 'change_group', 'Can delete group', 3, 'delete_group', 'Can view group', 3, 'view_group', 'Can add user', 4, 'add_user', 'Can change user', 4, 'change_user', 'Can delete user', 4, 'delete_user', 'Can view user', 4, 'view_user')
[2026-02-25 17:59:38,620] DEBUG djongo.sql2mongo.query inserted ids [ObjectId('699f7eda421deff2f70ed720'), ObjectId('699f7eda421deff2f70ed721'), ObjectId('699f7eda421deff2f70ed722'), ObjectId('699f7eda421deff2f70ed723'), ObjectId('699f7eda421deff2f70ed724'), ObjectId('699f7eda421deff2f70ed725'), ObjectId('699f7eda421deff2f70ed726'), ObjectId('699f7eda421deff2f70ed727'), ObjectId('699f7eda421deff2f70ed728'), ObjectId('699f7eda421deff2f70ed729'), ObjectId('699f7eda421deff2f70ed72a'), ObjectId('699f7eda421deff2f70ed72b')]
[2026-02-25 17:59:38,620] DEBUG djongo.sql2mongo.query sql_command: SELECT "django_content_type"."id", "django_content_type"."app_label", "django_content_type"."model" FROM "django_content_type" WHERE "django_content_type"."app_label" = %(0)s
params: ('auth',)
[2026-02-25 17:59:38,621] DEBUG djongo.sql2mongo.query Find query: {'filter': {'app_label': {'$eq': 'auth'}}, 'projection': ['id', 'app_label', 'model']}
[2026-02-25 17:59:38,624] DEBUG djongo.sql2mongo.query Result: (3, 'auth', 'group')
[2026-02-25 17:59:38,624] DEBUG djongo.sql2mongo.query Result: (2, 'auth', 'permission')
[2026-02-25 17:59:38,624] DEBUG djongo.sql2mongo.query Result: (4, 'auth', 'user')
[2026-02-25 17:59:38,624] DEBUG djongo.sql2mongo.query sql_command: SELECT "django_content_type"."id", "django_content_type"."app_label", "django_content_type"."model" FROM "django_content_type" WHERE "django_content_type"."app_label" = %(0)s
params: ('contenttypes',)
[2026-02-25 17:59:38,625] DEBUG djongo.sql2mongo.query Find query: {'filter': {'app_label': {'$eq': 'contenttypes'}}, 'projection': ['id', 'app_label', 'model']}
[2026-02-25 17:59:38,628] DEBUG djongo.sql2mongo.query sql_command: INSERT INTO "django_content_type" ("app_label", "model") VALUES (%(0)s, %(1)s)
params: ('contenttypes', 'contenttype')
[2026-02-25 17:59:38,631] DEBUG djongo.sql2mongo.query inserted ids [ObjectId('699f7eda421deff2f70ed72c')]
[2026-02-25 17:59:38,631] DEBUG djongo.sql2mongo.query sql_command: SELECT "django_content_type"."id", "django_content_type"."app_label", "django_content_type"."model" FROM "django_content_type" WHERE ("django_content_type"."app_label" = %(0)s AND "django_content_type"."model" = %(1)s) LIMIT 21
params: ('contenttypes', 'contenttype')
[2026-02-25 17:59:38,632] DEBUG djongo.sql2mongo.query Find query: {'filter': {'$and': [{'app_label': {'$eq': 'contenttypes'}}, {'model': {'$eq': 'contenttype'}}]}, 'projection': ['id', 'app_label', 'model'], 'limit': 21}
[2026-02-25 17:59:38,633] DEBUG djongo.sql2mongo.query Result: (5, 'contenttypes', 'contenttype')
[2026-02-25 17:59:38,633] DEBUG djongo.sql2mongo.query sql_command: SELECT "auth_permission"."content_type_id", "auth_permission"."codename" FROM "auth_permission" INNER JOIN "django_content_type" ON ("auth_permission"."content_type_id" = "django_content_type"."id") WHERE "auth_permission"."content_type_id" IN (%(0)s) ORDER BY "django_content_type"."app_label" ASC, "django_content_type"."model" ASC, "auth_permission"."codename" ASC
params: (5,)
[2026-02-25 17:59:38,637] DEBUG djongo.sql2mongo.query Aggregation query: [{'$match': {'content_type_id': {'$ne': None, '$exists': True}}}, {'$lookup': {'from': 'django_content_type', 'localField': 'content_type_id', 'foreignField': 'id', 'as': 'django_content_type'}}, {'$unwind': '$django_content_type'}, {'$match': {'content_type_id': {'$in': [5]}}}, {'$sort': OrderedDict({'django_content_type.app_label': 1, 'django_content_type.model': 1, 'codename': 1})}, {'$project': {'content_type_id': True, 'codename': True}}]
[2026-02-25 17:59:38,637] DEBUG djongo.sql2mongo.query sql_command: INSERT INTO "auth_permission" ("name", "content_type_id", "codename") VALUES (%(0)s, %(1)s, %(2)s) VALUES (%(3)s, %(4)s, %(5)s) VALUES (%(6)s, %(7)s, %(8)s) VALUES (%(9)s, %(10)s, %(11)s)
params: ('Can add content type', 5, 'add_contenttype', 'Can change content type', 5, 'change_contenttype', 'Can delete content type', 5, 'delete_contenttype', 'Can view content type', 5, 'view_contenttype')
[2026-02-25 17:59:38,640] DEBUG djongo.sql2mongo.query inserted ids [ObjectId('699f7eda421deff2f70ed72d'), ObjectId('699f7eda421deff2f70ed72e'), ObjectId('699f7eda421deff2f70ed72f'), ObjectId('699f7eda421deff2f70ed730')]
[2026-02-25 17:59:38,640] DEBUG djongo.sql2mongo.query sql_command: SELECT "django_content_type"."id", "django_content_type"."app_label", "django_content_type"."model" FROM "django_content_type" WHERE "django_content_type"."app_label" = %(0)s
params: ('contenttypes',)
[2026-02-25 17:59:38,641] DEBUG djongo.sql2mongo.query Find query: {'filter': {'app_label': {'$eq': 'contenttypes'}}, 'projection': ['id', 'app_label', 'model']}
[2026-02-25 17:59:38,641] DEBUG djongo.sql2mongo.query Result: (5, 'contenttypes', 'contenttype')
[2026-02-25 17:59:38,641] DEBUG djongo.sql2mongo.query sql_command: SELECT "django_content_type"."id", "django_content_type"."app_label", "django_content_type"."model" FROM "django_content_type" WHERE "django_content_type"."app_label" = %(0)s
params: ('sessions',)
[2026-02-25 17:59:38,642] DEBUG djongo.sql2mongo.query Find query: {'filter': {'app_label': {'$eq': 'sessions'}}, 'projection': ['id', 'app_label', 'model']}
[2026-02-25 17:59:38,643] DEBUG djongo.sql2mongo.query sql_command: INSERT INTO "django_content_type" ("app_label", "model") VALUES (%(0)s, %(1)s)
params: ('sessions', 'session')
[2026-02-25 17:59:38,644] DEBUG djongo.sql2mongo.query inserted ids [ObjectId('699f7eda421deff2f70ed731')]
[2026-02-25 17:59:38,645] DEBUG djongo.sql2mongo.query sql_command: SELECT "django_content_type"."id", "django_content_type"."app_label", "django_content_type"."model" FROM "django_content_type" WHERE ("django_content_type"."app_label" = %(0)s AND "django_content_type"."model" = %(1)s) LIMIT 21
params: ('sessions', 'session')
[2026-02-25 17:59:38,645] DEBUG djongo.sql2mongo.query Find query: {'filter': {'$and': [{'app_label': {'$eq': 'sessions'}}, {'model': {'$eq': 'session'}}]}, 'projection': ['id', 'app_label', 'model'], 'limit': 21}
[2026-02-25 17:59:38,646] DEBUG djongo.sql2mongo.query Result: (6, 'sessions', 'session')
[2026-02-25 17:59:38,646] DEBUG djongo.sql2mongo.query sql_command: SELECT "auth_permission"."content_type_id", "auth_permission"."codename" FROM "auth_permission" INNER JOIN "django_content_type" ON ("auth_permission"."content_type_id" = "django_content_type"."id") WHERE "auth_permission"."content_type_id" IN (%(0)s) ORDER BY "django_content_type"."app_label" ASC, "django_content_type"."model" ASC, "auth_permission"."codename" ASC
params: (6,)
[2026-02-25 17:59:38,649] DEBUG djongo.sql2mongo.query Aggregation query: [{'$match': {'content_type_id': {'$ne': None, '$exists': True}}}, {'$lookup': {'from': 'django_content_type', 'localField': 'content_type_id', 'foreignField': 'id', 'as': 'django_content_type'}}, {'$unwind': '$django_content_type'}, {'$match': {'content_type_id': {'$in': [6]}}}, {'$sort': OrderedDict({'django_content_type.app_label': 1, 'django_content_type.model': 1, 'codename': 1})}, {'$project': {'content_type_id': True, 'codename': True}}]
[2026-02-25 17:59:38,649] DEBUG djongo.sql2mongo.query sql_command: INSERT INTO "auth_permission" ("name", "content_type_id", "codename") VALUES (%(0)s, %(1)s, %(2)s) VALUES (%(3)s, %(4)s, %(5)s) VALUES (%(6)s, %(7)s, %(8)s) VALUES (%(9)s, %(10)s, %(11)s)
params: ('Can add session', 6, 'add_session', 'Can change session', 6, 'change_session', 'Can delete session', 6, 'delete_session', 'Can view session', 6, 'view_session')
[2026-02-25 17:59:38,652] DEBUG djongo.sql2mongo.query inserted ids [ObjectId('699f7eda421deff2f70ed732'), ObjectId('699f7eda421deff2f70ed733'), ObjectId('699f7eda421deff2f70ed734'), ObjectId('699f7eda421deff2f70ed735')]
[2026-02-25 17:59:38,652] DEBUG djongo.sql2mongo.query sql_command: SELECT "django_content_type"."id", "django_content_type"."app_label", "django_content_type"."model" FROM "django_content_type" WHERE "django_content_type"."app_label" = %(0)s
params: ('sessions',)
[2026-02-25 17:59:38,652] DEBUG djongo.sql2mongo.query Find query: {'filter': {'app_label': {'$eq': 'sessions'}}, 'projection': ['id', 'app_label', 'model']}
[2026-02-25 17:59:38,653] DEBUG djongo.sql2mongo.query Result: (6, 'sessions', 'session')
[2026-02-25 17:59:38,653] DEBUG djongo.sql2mongo.query sql_command: SELECT "django_content_type"."id", "django_content_type"."app_label", "django_content_type"."model" FROM "django_content_type" WHERE "django_content_type"."app_label" = %(0)s
params: ('webhooks',)
[2026-02-25 17:59:38,654] DEBUG djongo.sql2mongo.query Find query: {'filter': {'app_label': {'$eq': 'webhooks'}}, 'projection': ['id', 'app_label', 'model']}
[2026-02-25 17:59:38,654] DEBUG djongo.sql2mongo.query sql_command: INSERT INTO "django_content_type" ("app_label", "model") VALUES (%(0)s, %(1)s)
params: ('webhooks', 'webhookevent')
[2026-02-25 17:59:38,656] DEBUG djongo.sql2mongo.query inserted ids [ObjectId('699f7eda421deff2f70ed736')]
[2026-02-25 17:59:38,656] DEBUG djongo.sql2mongo.query sql_command: SELECT "django_content_type"."id", "django_content_type"."app_label", "django_content_type"."model" FROM "django_content_type" WHERE ("django_content_type"."app_label" = %(0)s AND "django_content_type"."model" = %(1)s) LIMIT 21
params: ('webhooks', 'webhookevent')
[2026-02-25 17:59:38,657] DEBUG djongo.sql2mongo.query Find query: {'filter': {'$and': [{'app_label': {'$eq': 'webhooks'}}, {'model': {'$eq': 'webhookevent'}}]}, 'projection': ['id', 'app_label', 'model'], 'limit': 21}
[2026-02-25 17:59:38,658] DEBUG djongo.sql2mongo.query Result: (7, 'webhooks', 'webhookevent')
[2026-02-25 17:59:38,658] DEBUG djongo.sql2mongo.query sql_command: SELECT "auth_permission"."content_type_id", "auth_permission"."codename" FROM "auth_permission" INNER JOIN "django_content_type" ON ("auth_permission"."content_type_id" = "django_content_type"."id") WHERE "auth_permission"."content_type_id" IN (%(0)s) ORDER BY "django_content_type"."app_label" ASC, "django_content_type"."model" ASC, "auth_permission"."codename" ASC
params: (7,)
[2026-02-25 17:59:38,661] DEBUG djongo.sql2mongo.query Aggregation query: [{'$match': {'content_type_id': {'$ne': None, '$exists': True}}}, {'$lookup': {'from': 'django_content_type', 'localField': 'content_type_id', 'foreignField': 'id', 'as': 'django_content_type'}}, {'$unwind': '$django_content_type'}, {'$match': {'content_type_id': {'$in': [7]}}}, {'$sort': OrderedDict({'django_content_type.app_label': 1, 'django_content_type.model': 1, 'codename': 1})}, {'$project': {'content_type_id': True, 'codename': True}}]
[2026-02-25 17:59:38,661] DEBUG djongo.sql2mongo.query sql_command: INSERT INTO "auth_permission" ("name", "content_type_id", "codename") VALUES (%(0)s, %(1)s, %(2)s) VALUES (%(3)s, %(4)s, %(5)s) VALUES (%(6)s, %(7)s, %(8)s) VALUES (%(9)s, %(10)s, %(11)s)
params: ('Can add Webhook Event', 7, 'add_webhookevent', 'Can change Webhook Event', 7, 'change_webhookevent', 'Can delete Webhook Event', 7, 'delete_webhookevent', 'Can view Webhook Event', 7, 'view_webhookevent')
[2026-02-25 17:59:38,663] DEBUG djongo.sql2mongo.query inserted ids [ObjectId('699f7eda421deff2f70ed737'), ObjectId('699f7eda421deff2f70ed738'), ObjectId('699f7eda421deff2f70ed739'), ObjectId('699f7eda421deff2f70ed73a')]
[2026-02-25 17:59:38,663] DEBUG djongo.sql2mongo.query sql_command: SELECT "django_content_type"."id", "django_content_type"."app_label", "django_content_type"."model" FROM "django_content_type" WHERE "django_content_type"."app_label" = %(0)s
params: ('webhooks',)
[2026-02-25 17:59:38,664] DEBUG djongo.sql2mongo.query Find query: {'filter': {'app_label': {'$eq': 'webhooks'}}, 'projection': ['id', 'app_label', 'model']}
[2026-02-25 17:59:38,665] DEBUG djongo.sql2mongo.query Result: (7, 'webhooks', 'webhookevent')
[2026-02-25 17:59:38,665] DEBUG djongo.sql2mongo.query sql_command: SELECT "django_content_type"."id", "django_content_type"."app_label", "django_content_type"."model" FROM "django_content_type" WHERE "django_content_type"."app_label" = %(0)s
params: ('broker_connector',)
[2026-02-25 17:59:38,665] DEBUG djongo.sql2mongo.query Find query: {'filter': {'app_label': {'$eq': 'broker_connector'}}, 'projection': ['id', 'app_label', 'model']}
[2026-02-25 17:59:38,666] DEBUG djongo.sql2mongo.query sql_command: INSERT INTO "django_content_type" ("app_label", "model") VALUES (%(0)s, %(1)s)
params: ('broker_connector', 'brokeraccount')
[2026-02-25 17:59:38,668] DEBUG djongo.sql2mongo.query inserted ids [ObjectId('699f7eda421deff2f70ed73b')]
[2026-02-25 17:59:38,669] DEBUG djongo.sql2mongo.query sql_command: SELECT "django_content_type"."id", "django_content_type"."app_label", "django_content_type"."model" FROM "django_content_type" WHERE ("django_content_type"."app_label" = %(0)s AND "django_content_type"."model" = %(1)s) LIMIT 21
params: ('broker_connector', 'brokeraccount')
[2026-02-25 17:59:38,669] DEBUG djongo.sql2mongo.query Find query: {'filter': {'$and': [{'app_label': {'$eq': 'broker_connector'}}, {'model': {'$eq': 'brokeraccount'}}]}, 'projection': ['id', 'app_label', 'model'], 'limit': 21}
[2026-02-25 17:59:38,670] DEBUG djongo.sql2mongo.query Result: (8, 'broker_connector', 'brokeraccount')
[2026-02-25 17:59:38,670] DEBUG djongo.sql2mongo.query sql_command: SELECT "auth_permission"."content_type_id", "auth_permission"."codename" FROM "auth_permission" INNER JOIN "django_content_type" ON ("auth_permission"."content_type_id" = "django_content_type"."id") WHERE "auth_permission"."content_type_id" IN (%(0)s) ORDER BY "django_content_type"."app_label" ASC, "django_content_type"."model" ASC, "auth_permission"."codename" ASC
params: (8,)
[2026-02-25 17:59:38,673] DEBUG djongo.sql2mongo.query Aggregation query: [{'$match': {'content_type_id': {'$ne': None, '$exists': True}}}, {'$lookup': {'from': 'django_content_type', 'localField': 'content_type_id', 'foreignField': 'id', 'as': 'django_content_type'}}, {'$unwind': '$django_content_type'}, {'$match': {'content_type_id': {'$in': [8]}}}, {'$sort': OrderedDict({'django_content_type.app_label': 1, 'django_content_type.model': 1, 'codename': 1})}, {'$project': {'content_type_id': True, 'codename': True}}]
[2026-02-25 17:59:38,673] DEBUG djongo.sql2mongo.query sql_command: INSERT INTO "auth_permission" ("name", "content_type_id", "codename") VALUES (%(0)s, %(1)s, %(2)s) VALUES (%(3)s, %(4)s, %(5)s) VALUES (%(6)s, %(7)s, %(8)s) VALUES (%(9)s, %(10)s, %(11)s)
params: ('Can add Broker Account', 8, 'add_brokeraccount', 'Can change Broker Account', 8, 'change_brokeraccount', 'Can delete Broker Account', 8, 'delete_brokeraccount', 'Can view Broker Account', 8, 'view_brokeraccount')
[2026-02-25 17:59:38,675] DEBUG djongo.sql2mongo.query inserted ids [ObjectId('699f7eda421deff2f70ed73c'), ObjectId('699f7eda421deff2f70ed73d'), ObjectId('699f7eda421deff2f70ed73e'), ObjectId('699f7eda421deff2f70ed73f')]
[2026-02-25 17:59:38,675] DEBUG djongo.sql2mongo.query sql_command: SELECT "django_content_type"."id", "django_content_type"."app_label", "django_content_type"."model" FROM "django_content_type" WHERE "django_content_type"."app_label" = %(0)s
params: ('broker_connector',)
[2026-02-25 17:59:38,675] DEBUG djongo.sql2mongo.query Find query: {'filter': {'app_label': {'$eq': 'broker_connector'}}, 'projection': ['id', 'app_label', 'model']}
[2026-02-25 17:59:38,676] DEBUG djongo.sql2mongo.query Result: (8, 'broker_connector', 'brokeraccount')
[2026-02-25 17:59:38,676] DEBUG djongo.sql2mongo.query sql_command: SELECT "django_content_type"."id", "django_content_type"."app_label", "django_content_type"."model" FROM "django_content_type" WHERE "django_content_type"."app_label" = %(0)s
params: ('execution_engine',)
[2026-02-25 17:59:38,677] DEBUG djongo.sql2mongo.query Find query: {'filter': {'app_label': {'$eq': 'execution_engine'}}, 'projection': ['id', 'app_label', 'model']}
[2026-02-25 17:59:38,677] DEBUG djongo.sql2mongo.query sql_command: INSERT INTO "django_content_type" ("app_label", "model") VALUES (%(0)s, %(1)s)
params: ('execution_engine', 'trade')
[2026-02-25 17:59:38,680] DEBUG djongo.sql2mongo.query inserted ids [ObjectId('699f7eda421deff2f70ed740')]
[2026-02-25 17:59:38,683] DEBUG djongo.sql2mongo.query sql_command: SELECT "django_content_type"."id", "django_content_type"."app_label", "django_content_type"."model" FROM "django_content_type" WHERE ("django_content_type"."app_label" = %(0)s AND "django_content_type"."model" = %(1)s) LIMIT 21
params: ('execution_engine', 'trade')
[2026-02-25 17:59:38,684] DEBUG djongo.sql2mongo.query Find query: {'filter': {'$and': [{'app_label': {'$eq': 'execution_engine'}}, {'model': {'$eq': 'trade'}}]}, 'projection': ['id', 'app_label', 'model'], 'limit': 21}
[2026-02-25 17:59:38,685] DEBUG djongo.sql2mongo.query Result: (9, 'execution_engine', 'trade')
[2026-02-25 17:59:38,685] DEBUG djongo.sql2mongo.query sql_command: SELECT "auth_permission"."content_type_id", "auth_permission"."codename" FROM "auth_permission" INNER JOIN "django_content_type" ON ("auth_permission"."content_type_id" = "django_content_type"."id") WHERE "auth_permission"."content_type_id" IN (%(0)s) ORDER BY "django_content_type"."app_label" ASC, "django_content_type"."model" ASC, "auth_permission"."codename" ASC
params: (9,)
[2026-02-25 17:59:38,687] DEBUG djongo.sql2mongo.query Aggregation query: [{'$match': {'content_type_id': {'$ne': None, '$exists': True}}}, {'$lookup': {'from': 'django_content_type', 'localField': 'content_type_id', 'foreignField': 'id', 'as': 'django_content_type'}}, {'$unwind': '$django_content_type'}, {'$match': {'content_type_id': {'$in': [9]}}}, {'$sort': OrderedDict({'django_content_type.app_label': 1, 'django_content_type.model': 1, 'codename': 1})}, {'$project': {'content_type_id': True, 'codename': True}}]
[2026-02-25 17:59:38,687] DEBUG djongo.sql2mongo.query sql_command: INSERT INTO "auth_permission" ("name", "content_type_id", "codename") VALUES (%(0)s, %(1)s, %(2)s) VALUES (%(3)s, %(4)s, %(5)s) VALUES (%(6)s, %(7)s, %(8)s) VALUES (%(9)s, %(10)s, %(11)s)
params: ('Can add Trade', 9, 'add_trade', 'Can change Trade', 9, 'change_trade', 'Can delete Trade', 9, 'delete_trade', 'Can view Trade', 9, 'view_trade')
[2026-02-25 17:59:38,690] DEBUG djongo.sql2mongo.query inserted ids [ObjectId('699f7eda421deff2f70ed741'), ObjectId('699f7eda421deff2f70ed742'), ObjectId('699f7eda421deff2f70ed743'), ObjectId('699f7eda421deff2f70ed744')]
[2026-02-25 17:59:38,690] DEBUG djongo.sql2mongo.query sql_command: SELECT "django_content_type"."id", "django_content_type"."app_label", "django_content_type"."model" FROM "django_content_type" WHERE "django_content_type"."app_label" = %(0)s
params: ('execution_engine',)
[2026-02-25 17:59:38,690] DEBUG djongo.sql2mongo.query Find query: {'filter': {'app_label': {'$eq': 'execution_engine'}}, 'projection': ['id', 'app_label', 'model']}
[2026-02-25 17:59:38,691] DEBUG djongo.sql2mongo.query Result: (9, 'execution_engine', 'trade')
[2026-02-25 17:59:38,691] DEBUG djongo.sql2mongo.query sql_command: SELECT "django_content_type"."id", "django_content_type"."app_label", "django_content_type"."model" FROM "django_content_type" WHERE "django_content_type"."app_label" = %(0)s
params: ('risk_management',)
[2026-02-25 17:59:38,692] DEBUG djongo.sql2mongo.query Find query: {'filter': {'app_label': {'$eq': 'risk_management'}}, 'projection': ['id', 'app_label', 'model']}
[2026-02-25 17:59:38,692] DEBUG djongo.sql2mongo.query sql_command: INSERT INTO "django_content_type" ("app_label", "model") VALUES (%(0)s, %(1)s) VALUES (%(2)s, %(3)s)
params: ('risk_management', 'propfirmaccount', 'risk_management', 'riskconfig')
[2026-02-25 17:59:38,693] DEBUG djongo.sql2mongo.query inserted ids [ObjectId('699f7eda421deff2f70ed745'), ObjectId('699f7eda421deff2f70ed746')]
[2026-02-25 17:59:38,694] DEBUG djongo.sql2mongo.query sql_command: SELECT "django_content_type"."id", "django_content_type"."app_label", "django_content_type"."model" FROM "django_content_type" WHERE ("django_content_type"."app_label" = %(0)s AND "django_content_type"."model" = %(1)s) LIMIT 21
params: ('risk_management', 'propfirmaccount')
[2026-02-25 17:59:38,694] DEBUG djongo.sql2mongo.query Find query: {'filter': {'$and': [{'app_label': {'$eq': 'risk_management'}}, {'model': {'$eq': 'propfirmaccount'}}]}, 'projection': ['id', 'app_label', 'model'], 'limit': 21}
[2026-02-25 17:59:38,695] DEBUG djongo.sql2mongo.query Result: (10, 'risk_management', 'propfirmaccount')
[2026-02-25 17:59:38,695] DEBUG djongo.sql2mongo.query sql_command: SELECT "django_content_type"."id", "django_content_type"."app_label", "django_content_type"."model" FROM "django_content_type" WHERE ("django_content_type"."app_label" = %(0)s AND "django_content_type"."model" = %(1)s) LIMIT 21
params: ('risk_management', 'riskconfig')
[2026-02-25 17:59:38,695] DEBUG djongo.sql2mongo.query Find query: {'filter': {'$and': [{'app_label': {'$eq': 'risk_management'}}, {'model': {'$eq': 'riskconfig'}}]}, 'projection': ['id', 'app_label', 'model'], 'limit': 21}
[2026-02-25 17:59:38,696] DEBUG djongo.sql2mongo.query Result: (11, 'risk_management', 'riskconfig')
[2026-02-25 17:59:38,696] DEBUG djongo.sql2mongo.query sql_command: SELECT "auth_permission"."content_type_id", "auth_permission"."codename" FROM "auth_permission" INNER JOIN "django_content_type" ON ("auth_permission"."content_type_id" = "django_content_type"."id") WHERE "auth_permission"."content_type_id" IN (%(0)s, %(1)s) ORDER BY "django_content_type"."app_label" ASC, "django_content_type"."model" ASC, "auth_permission"."codename" ASC
params: (10, 11)
[2026-02-25 17:59:38,699] DEBUG djongo.sql2mongo.query Aggregation query: [{'$match': {'content_type_id': {'$ne': None, '$exists': True}}}, {'$lookup': {'from': 'django_content_type', 'localField': 'content_type_id', 'foreignField': 'id', 'as': 'django_content_type'}}, {'$unwind': '$django_content_type'}, {'$match': {'content_type_id': {'$in': [10, 11]}}}, {'$sort': OrderedDict({'django_content_type.app_label': 1, 'django_content_type.model': 1, 'codename': 1})}, {'$project': {'content_type_id': True, 'codename': True}}]
[2026-02-25 17:59:38,699] DEBUG djongo.sql2mongo.query sql_command: INSERT INTO "auth_permission" ("name", "content_type_id", "codename") VALUES (%(0)s, %(1)s, %(2)s) VALUES (%(3)s, %(4)s, %(5)s) VALUES (%(6)s, %(7)s, %(8)s) VALUES (%(9)s, %(10)s, %(11)s) VALUES (%(12)s, %(13)s, %(14)s) VALUES (%(15)s, %(16)s, %(17)s) VALUES (%(18)s, %(19)s, %(20)s) VALUES (%(21)s, %(22)s, %(23)s)
params: ('Can add Prop Firm Account', 10, 'add_propfirmaccount', 'Can change Prop Firm Account', 10, 'change_propfirmaccount', 'Can delete Prop Firm Account', 10, 'delete_propfirmaccount', 'Can view Prop Firm Account', 10, 'view_propfirmaccount', 'Can add Risk Configuration', 11, 'add_riskconfig', 'Can change Risk Configuration', 11, 'change_riskconfig', 'Can delete Risk Configuration', 11, 'delete_riskconfig', 'Can view Risk Configuration', 11, 'view_riskconfig')
[2026-02-25 17:59:38,702] DEBUG djongo.sql2mongo.query inserted ids [ObjectId('699f7eda421deff2f70ed747'), ObjectId('699f7eda421deff2f70ed748'), ObjectId('699f7eda421deff2f70ed749'), ObjectId('699f7eda421deff2f70ed74a'), ObjectId('699f7eda421deff2f70ed74b'), ObjectId('699f7eda421deff2f70ed74c'), ObjectId('699f7eda421deff2f70ed74d'), ObjectId('699f7eda421deff2f70ed74e')]
[2026-02-25 17:59:38,702] DEBUG djongo.sql2mongo.query sql_command: SELECT "django_content_type"."id", "django_content_type"."app_label", "django_content_type"."model" FROM "django_content_type" WHERE "django_content_type"."app_label" = %(0)s
params: ('risk_management',)
[2026-02-25 17:59:38,702] DEBUG djongo.sql2mongo.query Find query: {'filter': {'app_label': {'$eq': 'risk_management'}}, 'projection': ['id', 'app_label', 'model']}
[2026-02-25 17:59:38,703] DEBUG djongo.sql2mongo.query Result: (10, 'risk_management', 'propfirmaccount')
[2026-02-25 17:59:38,703] DEBUG djongo.sql2mongo.query Result: (11, 'risk_management', 'riskconfig')
[2026-02-25 17:59:38,703] DEBUG djongo.sql2mongo.query sql_command: SELECT "django_content_type"."id", "django_content_type"."app_label", "django_content_type"."model" FROM "django_content_type" WHERE "django_content_type"."app_label" = %(0)s
params: ('market_data',)
[2026-02-25 17:59:38,703] DEBUG djongo.sql2mongo.query Find query: {'filter': {'app_label': {'$eq': 'market_data'}}, 'projection': ['id', 'app_label', 'model']}
[2026-02-25 17:59:38,704] DEBUG djongo.sql2mongo.query sql_command: INSERT INTO "django_content_type" ("app_label", "model") VALUES (%(0)s, %(1)s)
params: ('market_data', 'ohlcvbar')
[2026-02-25 17:59:38,706] DEBUG djongo.sql2mongo.query inserted ids [ObjectId('699f7eda421deff2f70ed74f')]
[2026-02-25 17:59:38,706] DEBUG djongo.sql2mongo.query sql_command: SELECT "django_content_type"."id", "django_content_type"."app_label", "django_content_type"."model" FROM "django_content_type" WHERE ("django_content_type"."app_label" = %(0)s AND "django_content_type"."model" = %(1)s) LIMIT 21
params: ('market_data', 'ohlcvbar')
[2026-02-25 17:59:38,707] DEBUG djongo.sql2mongo.query Find query: {'filter': {'$and': [{'app_label': {'$eq': 'market_data'}}, {'model': {'$eq': 'ohlcvbar'}}]}, 'projection': ['id', 'app_label', 'model'], 'limit': 21}
[2026-02-25 17:59:38,707] DEBUG djongo.sql2mongo.query Result: (12, 'market_data', 'ohlcvbar')
[2026-02-25 17:59:38,707] DEBUG djongo.sql2mongo.query sql_command: SELECT "auth_permission"."content_type_id", "auth_permission"."codename" FROM "auth_permission" INNER JOIN "django_content_type" ON ("auth_permission"."content_type_id" = "django_content_type"."id") WHERE "auth_permission"."content_type_id" IN (%(0)s) ORDER BY "django_content_type"."app_label" ASC, "django_content_type"."model" ASC, "auth_permission"."codename" ASC
params: (12,)
[2026-02-25 17:59:38,709] DEBUG djongo.sql2mongo.query Aggregation query: [{'$match': {'content_type_id': {'$ne': None, '$exists': True}}}, {'$lookup': {'from': 'django_content_type', 'localField': 'content_type_id', 'foreignField': 'id', 'as': 'django_content_type'}}, {'$unwind': '$django_content_type'}, {'$match': {'content_type_id': {'$in': [12]}}}, {'$sort': OrderedDict({'django_content_type.app_label': 1, 'django_content_type.model': 1, 'codename': 1})}, {'$project': {'content_type_id': True, 'codename': True}}]
[2026-02-25 17:59:38,709] DEBUG djongo.sql2mongo.query sql_command: INSERT INTO "auth_permission" ("name", "content_type_id", "codename") VALUES (%(0)s, %(1)s, %(2)s) VALUES (%(3)s, %(4)s, %(5)s) VALUES (%(6)s, %(7)s, %(8)s) VALUES (%(9)s, %(10)s, %(11)s)
params: ('Can add OHLCV Bar', 12, 'add_ohlcvbar', 'Can change OHLCV Bar', 12, 'change_ohlcvbar', 'Can delete OHLCV Bar', 12, 'delete_ohlcvbar', 'Can view OHLCV Bar', 12, 'view_ohlcvbar')
[2026-02-25 17:59:38,711] DEBUG djongo.sql2mongo.query inserted ids [ObjectId('699f7eda421deff2f70ed750'), ObjectId('699f7eda421deff2f70ed751'), ObjectId('699f7eda421deff2f70ed752'), ObjectId('699f7eda421deff2f70ed753')]
[2026-02-25 17:59:38,711] DEBUG djongo.sql2mongo.query sql_command: SELECT "django_content_type"."id", "django_content_type"."app_label", "django_content_type"."model" FROM "django_content_type" WHERE "django_content_type"."app_label" = %(0)s
params: ('market_data',)
[2026-02-25 17:59:38,712] DEBUG djongo.sql2mongo.query Find query: {'filter': {'app_label': {'$eq': 'market_data'}}, 'projection': ['id', 'app_label', 'model']}
[2026-02-25 17:59:38,712] DEBUG djongo.sql2mongo.query Result: (12, 'market_data', 'ohlcvbar')
[2026-02-25 17:59:38,713] DEBUG djongo.sql2mongo.query sql_command: SELECT "django_content_type"."id", "django_content_type"."app_label", "django_content_type"."model" FROM "django_content_type" WHERE "django_content_type"."app_label" = %(0)s
params: ('dashboard',)
[2026-02-25 17:59:38,713] DEBUG djongo.sql2mongo.query Find query: {'filter': {'app_label': {'$eq': 'dashboard'}}, 'projection': ['id', 'app_label', 'model']}
[2026-02-25 17:59:38,713] DEBUG djongo.sql2mongo.query sql_command: INSERT INTO "django_content_type" ("app_label", "model") VALUES (%(0)s, %(1)s) VALUES (%(2)s, %(3)s)
params: ('dashboard', 'aimodel', 'dashboard', 'strategy')
[2026-02-25 17:59:38,715] DEBUG djongo.sql2mongo.query inserted ids [ObjectId('699f7eda421deff2f70ed754'), ObjectId('699f7eda421deff2f70ed755')]
[2026-02-25 17:59:38,715] DEBUG djongo.sql2mongo.query sql_command: SELECT "django_content_type"."id", "django_content_type"."app_label", "django_content_type"."model" FROM "django_content_type" WHERE ("django_content_type"."app_label" = %(0)s AND "django_content_type"."model" = %(1)s) LIMIT 21
params: ('dashboard', 'aimodel')
[2026-02-25 17:59:38,716] DEBUG djongo.sql2mongo.query Find query: {'filter': {'$and': [{'app_label': {'$eq': 'dashboard'}}, {'model': {'$eq': 'aimodel'}}]}, 'projection': ['id', 'app_label', 'model'], 'limit': 21}
[2026-02-25 17:59:38,716] DEBUG djongo.sql2mongo.query Result: (13, 'dashboard', 'aimodel')
[2026-02-25 17:59:38,716] DEBUG djongo.sql2mongo.query sql_command: SELECT "django_content_type"."id", "django_content_type"."app_label", "django_content_type"."model" FROM "django_content_type" WHERE ("django_content_type"."app_label" = %(0)s AND "django_content_type"."model" = %(1)s) LIMIT 21
params: ('dashboard', 'strategy')
[2026-02-25 17:59:38,717] DEBUG djongo.sql2mongo.query Find query: {'filter': {'$and': [{'app_label': {'$eq': 'dashboard'}}, {'model': {'$eq': 'strategy'}}]}, 'projection': ['id', 'app_label', 'model'], 'limit': 21}
[2026-02-25 17:59:38,717] DEBUG djongo.sql2mongo.query Result: (14, 'dashboard', 'strategy')
[2026-02-25 17:59:38,717] DEBUG djongo.sql2mongo.query sql_command: SELECT "auth_permission"."content_type_id", "auth_permission"."codename" FROM "auth_permission" INNER JOIN "django_content_type" ON ("auth_permission"."content_type_id" = "django_content_type"."id") WHERE "auth_permission"."content_type_id" IN (%(0)s, %(1)s) ORDER BY "django_content_type"."app_label" ASC, "django_content_type"."model" ASC, "auth_permission"."codename" ASC
params: (13, 14)
[2026-02-25 17:59:38,719] DEBUG djongo.sql2mongo.query Aggregation query: [{'$match': {'content_type_id': {'$ne': None, '$exists': True}}}, {'$lookup': {'from': 'django_content_type', 'localField': 'content_type_id', 'foreignField': 'id', 'as': 'django_content_type'}}, {'$unwind': '$django_content_type'}, {'$match': {'content_type_id': {'$in': [13, 14]}}}, {'$sort': OrderedDict({'django_content_type.app_label': 1, 'django_content_type.model': 1, 'codename': 1})}, {'$project': {'content_type_id': True, 'codename': True}}]
[2026-02-25 17:59:38,719] DEBUG djongo.sql2mongo.query sql_command: INSERT INTO "auth_permission" ("name", "content_type_id", "codename") VALUES (%(0)s, %(1)s, %(2)s) VALUES (%(3)s, %(4)s, %(5)s) VALUES (%(6)s, %(7)s, %(8)s) VALUES (%(9)s, %(10)s, %(11)s) VALUES (%(12)s, %(13)s, %(14)s) VALUES (%(15)s, %(16)s, %(17)s) VALUES (%(18)s, %(19)s, %(20)s) VALUES (%(21)s, %(22)s, %(23)s)
params: ('Can add AI Model', 13, 'add_aimodel', 'Can change AI Model', 13, 'change_aimodel', 'Can delete AI Model', 13, 'delete_aimodel', 'Can view AI Model', 13, 'view_aimodel', 'Can add Strategy', 14, 'add_strategy', 'Can change Strategy', 14, 'change_strategy', 'Can delete Strategy', 14, 'delete_strategy', 'Can view Strategy', 14, 'view_strategy')
[2026-02-25 17:59:38,721] DEBUG djongo.sql2mongo.query inserted ids [ObjectId('699f7eda421deff2f70ed756'), ObjectId('699f7eda421deff2f70ed757'), ObjectId('699f7eda421deff2f70ed758'), ObjectId('699f7eda421deff2f70ed759'), ObjectId('699f7eda421deff2f70ed75a'), ObjectId('699f7eda421deff2f70ed75b'), ObjectId('699f7eda421deff2f70ed75c'), ObjectId('699f7eda421deff2f70ed75d')]
[2026-02-25 17:59:38,722] DEBUG djongo.sql2mongo.query sql_command: SELECT "django_content_type"."id", "django_content_type"."app_label", "django_content_type"."model" FROM "django_content_type" WHERE "django_content_type"."app_label" = %(0)s
params: ('dashboard',)
[2026-02-25 17:59:38,722] DEBUG djongo.sql2mongo.query Find query: {'filter': {'app_label': {'$eq': 'dashboard'}}, 'projection': ['id', 'app_label', 'model']}
[2026-02-25 17:59:38,722] DEBUG djongo.sql2mongo.query Result: (13, 'dashboard', 'aimodel')
[2026-02-25 17:59:38,723] DEBUG djongo.sql2mongo.query Result: (14, 'dashboard', 'strategy')
Found 16 test(s).
This version of djongo does not support "NULL, NOT NULL column validation check" fully. Visit https://nesdis.github.io/djongo/support/
This version of djongo does not support "schema validation using CONSTRAINT" fully. Visit https://nesdis.github.io/djongo/support/
This version of djongo does not support "schema validation using KEY" fully. Visit https://nesdis.github.io/djongo/support/
This version of djongo does not support "schema validation using REFERENCES" fully. Visit https://nesdis.github.io/djongo/support/
This version of djongo does not support "COLUMN DROP NOT NULL " fully. Visit https://nesdis.github.io/djongo/support/
This version of djongo does not support "DROP CASCADE" fully. Visit https://nesdis.github.io/djongo/support/
[2026-02-25 17:59:38,733] WARNING apps.broker_connector.alpaca_client alpaca-trade-api not installed — Alpaca client unavailable
System check identified no issues (0 silenced).
[2026-02-25 17:59:38,741] DEBUG djongo.sql2mongo.query sql_command: SELECT "risk_management_riskconfig"."id", "risk_management_riskconfig"."name", "risk_management_riskconfig"."is_active", "risk_management_riskconfig"."max_daily_drawdown_pct", "risk_management_riskconfig"."max_total_drawdown_pct", "risk_management_riskconfig"."max_position_size_pct", "risk_management_riskconfig"."max_open_positions", "risk_management_riskconfig"."max_daily_trades", "risk_management_riskconfig"."daily_loss_limit", "risk_management_riskconfig"."kill_switch_active", "risk_management_riskconfig"."organization_id", "risk_management_riskconfig"."created_at", "risk_management_riskconfig"."updated_at" FROM "risk_management_riskconfig" WHERE "risk_management_riskconfig"."name" = %(0)s LIMIT 21
params: ('default',)
[2026-02-25 17:59:38,742] DEBUG djongo.sql2mongo.query Find query: {'filter': {'name': {'$eq': 'default'}}, 'projection': ['id', 'name', 'is_active', 'max_daily_drawdown_pct', 'max_total_drawdown_pct', 'max_position_size_pct', 'max_open_positions', 'max_daily_trades', 'daily_loss_limit', 'kill_switch_active', 'organization_id', 'created_at', 'updated_at'], 'limit': 21}
[2026-02-25 17:59:38,744] DEBUG djongo.sql2mongo.query sql_command: INSERT INTO "risk_management_riskconfig" ("name", "is_active", "max_daily_drawdown_pct", "max_total_drawdown_pct", "max_position_size_pct", "max_open_positions", "max_daily_trades", "daily_loss_limit", "kill_switch_active", "organization_id", "created_at", "updated_at") VALUES (%(0)s, %(1)s, %(2)s, %(3)s, %(4)s, %(5)s, %(6)s, %(7)s, %(8)s, %(9)s, %(10)s, %(11)s)
params: ['default', True, Decimal128('5.00'), Decimal128('10.00'), Decimal128('5.00'), 10, 50, Decimal128('1000.00'), False, None, datetime.datetime(2026, 2, 25, 22, 59, 38, 744146), datetime.datetime(2026, 2, 25, 22, 59, 38, 744157)]
[2026-02-25 17:59:38,746] DEBUG djongo.sql2mongo.query inserted ids [ObjectId('699f7eda421deff2f70ed75e')]
[2026-02-25 17:59:38,749] DEBUG djongo.sql2mongo.query sql_command: SELECT "risk_management_riskconfig"."id", "risk_management_riskconfig"."name", "risk_management_riskconfig"."is_active", "risk_management_riskconfig"."max_daily_drawdown_pct", "risk_management_riskconfig"."max_total_drawdown_pct", "risk_management_riskconfig"."max_position_size_pct", "risk_management_riskconfig"."max_open_positions", "risk_management_riskconfig"."max_daily_trades", "risk_management_riskconfig"."daily_loss_limit", "risk_management_riskconfig"."kill_switch_active", "risk_management_riskconfig"."organization_id", "risk_management_riskconfig"."created_at", "risk_management_riskconfig"."updated_at" FROM "risk_management_riskconfig" WHERE "risk_management_riskconfig"."name" = %(0)s LIMIT 21
params: ('default',)
[2026-02-25 17:59:38,750] DEBUG djongo.sql2mongo.query Find query: {'filter': {'name': {'$eq': 'default'}}, 'projection': ['id', 'name', 'is_active', 'max_daily_drawdown_pct', 'max_total_drawdown_pct', 'max_position_size_pct', 'max_open_positions', 'max_daily_trades', 'daily_loss_limit', 'kill_switch_active', 'organization_id', 'created_at', 'updated_at'], 'limit': 21}
[2026-02-25 17:59:38,751] DEBUG djongo.sql2mongo.query Result: (1, 'default', True, Decimal128('5.00'), Decimal128('10.00'), Decimal128('5.00'), 10, 50, Decimal128('1000.00'), False, None, datetime.datetime(2026, 2, 25, 22, 59, 38, 744000), datetime.datetime(2026, 2, 25, 22, 59, 38, 744000))
[2026-02-25 17:59:38,754] DEBUG djongo.sql2mongo.query sql_command: SELECT "broker_connector_brokeraccount"."id", "broker_connector_brokeraccount"."account_id", "broker_connector_brokeraccount"."broker_type", "broker_connector_brokeraccount"."display_name", "broker_connector_brokeraccount"."mode", "broker_connector_brokeraccount"."status", "broker_connector_brokeraccount"."encrypted_api_key", "broker_connector_brokeraccount"."encrypted_secret_key", "broker_connector_brokeraccount"."base_url", "broker_connector_brokeraccount"."buying_power", "broker_connector_brokeraccount"."equity", "broker_connector_brokeraccount"."cash", "broker_connector_brokeraccount"."last_synced_at", "broker_connector_brokeraccount"."user_id", "broker_connector_brokeraccount"."organization_id", "broker_connector_brokeraccount"."created_at", "broker_connector_brokeraccount"."updated_at" FROM "broker_connector_brokeraccount" ORDER BY "broker_connector_brokeraccount"."created_at" DESC
params: ()
[2026-02-25 17:59:38,755] DEBUG djongo.sql2mongo.query Find query: {'projection': ['id', 'account_id', 'broker_type', 'display_name', 'mode', 'status', 'encrypted_api_key', 'encrypted_secret_key', 'base_url', 'buying_power', 'equity', 'cash', 'last_synced_at', 'user_id', 'organization_id', 'created_at', 'updated_at'], 'sort': [('created_at', -1)]}
.[2026-02-25 17:59:38,757] DEBUG djongo.sql2mongo.query sql_command: ALTER TABLE "webhooks_webhookevent" FLUSH
params: None
[2026-02-25 17:59:38,758] DEBUG djongo.sql2mongo.query sql_command: ALTER TABLE "risk_management_propfirmaccount" FLUSH
params: None
[2026-02-25 17:59:38,758] DEBUG djongo.sql2mongo.query sql_command: ALTER TABLE "risk_management_riskconfig" FLUSH
params: None
[2026-02-25 17:59:38,759] DEBUG djongo.sql2mongo.query sql_command: ALTER TABLE "broker_connector_brokeraccount" FLUSH
params: None
[2026-02-25 17:59:38,759] DEBUG djongo.sql2mongo.query sql_command: ALTER TABLE "auth_group" FLUSH
params: None
[2026-02-25 17:59:38,760] DEBUG djongo.sql2mongo.query sql_command: ALTER TABLE "execution_engine_trade" FLUSH
params: None
[2026-02-25 17:59:38,760] DEBUG djongo.sql2mongo.query sql_command: ALTER TABLE "auth_permission" FLUSH
params: None
[2026-02-25 17:59:38,763] DEBUG djongo.sql2mongo.query sql_command: ALTER TABLE "market_data_ohlcvbar" FLUSH
params: None
[2026-02-25 17:59:38,763] DEBUG djongo.sql2mongo.query sql_command: ALTER TABLE "dashboard_aimodel" FLUSH
params: None
[2026-02-25 17:59:38,764] DEBUG djongo.sql2mongo.query sql_command: ALTER TABLE "dashboard_strategy" FLUSH
params: None
[2026-02-25 17:59:38,765] DEBUG djongo.sql2mongo.query sql_command: ALTER TABLE "django_session" FLUSH
params: None
[2026-02-25 17:59:38,765] DEBUG djongo.sql2mongo.query sql_command: ALTER TABLE "auth_group_permissions" FLUSH
params: None
[2026-02-25 17:59:38,766] DEBUG djongo.sql2mongo.query sql_command: ALTER TABLE "auth_user_user_permissions" FLUSH
params: None
[2026-02-25 17:59:38,767] DEBUG djongo.sql2mongo.query sql_command: ALTER TABLE "auth_user" FLUSH
params: None
[2026-02-25 17:59:38,767] DEBUG djongo.sql2mongo.query sql_command: ALTER TABLE "django_content_type" FLUSH
params: None
[2026-02-25 17:59:38,769] DEBUG djongo.sql2mongo.query sql_command: ALTER TABLE "auth_user_groups" FLUSH
params: None
[2026-02-25 17:59:38,769] DEBUG djongo.sql2mongo.query sql_command: ALTER TABLE "django_admin_log" FLUSH
params: None
[2026-02-25 17:59:38,770] DEBUG djongo.sql2mongo.query sql_command: SELECT "django_content_type"."id", "django_content_type"."app_label", "django_content_type"."model" FROM "django_content_type" WHERE "django_content_type"."app_label" = %(0)s
params: ('admin',)
[2026-02-25 17:59:38,771] DEBUG djongo.sql2mongo.query Find query: {'filter': {'app_label': {'$eq': 'admin'}}, 'projection': ['id', 'app_label', 'model']}
[2026-02-25 17:59:38,772] DEBUG djongo.sql2mongo.query sql_command: INSERT INTO "django_content_type" ("app_label", "model") VALUES (%(0)s, %(1)s)
params: ('admin', 'logentry')
[2026-02-25 17:59:38,773] DEBUG djongo.sql2mongo.query inserted ids [ObjectId('699f7eda421deff2f70ed75f')]
[2026-02-25 17:59:38,773] DEBUG djongo.sql2mongo.query sql_command: SELECT "django_content_type"."id", "django_content_type"."app_label", "django_content_type"."model" FROM "django_content_type" WHERE ("django_content_type"."app_label" = %(0)s AND "django_content_type"."model" = %(1)s) LIMIT 21
params: ('admin', 'logentry')
[2026-02-25 17:59:38,774] DEBUG djongo.sql2mongo.query Find query: {'filter': {'$and': [{'app_label': {'$eq': 'admin'}}, {'model': {'$eq': 'logentry'}}]}, 'projection': ['id', 'app_label', 'model'], 'limit': 21}
[2026-02-25 17:59:38,775] DEBUG djongo.sql2mongo.query Result: (15, 'admin', 'logentry')
[2026-02-25 17:59:38,775] DEBUG djongo.sql2mongo.query sql_command: SELECT "auth_permission"."content_type_id", "auth_permission"."codename" FROM "auth_permission" INNER JOIN "django_content_type" ON ("auth_permission"."content_type_id" = "django_content_type"."id") WHERE "auth_permission"."content_type_id" IN (%(0)s) ORDER BY "django_content_type"."app_label" ASC, "django_content_type"."model" ASC, "auth_permission"."codename" ASC
params: (15,)
[2026-02-25 17:59:38,777] DEBUG djongo.sql2mongo.query Aggregation query: [{'$match': {'content_type_id': {'$ne': None, '$exists': True}}}, {'$lookup': {'from': 'django_content_type', 'localField': 'content_type_id', 'foreignField': 'id', 'as': 'django_content_type'}}, {'$unwind': '$django_content_type'}, {'$match': {'content_type_id': {'$in': [15]}}}, {'$sort': OrderedDict({'django_content_type.app_label': 1, 'django_content_type.model': 1, 'codename': 1})}, {'$project': {'content_type_id': True, 'codename': True}}]
[2026-02-25 17:59:38,777] DEBUG djongo.sql2mongo.query sql_command: INSERT INTO "auth_permission" ("name", "content_type_id", "codename") VALUES (%(0)s, %(1)s, %(2)s) VALUES (%(3)s, %(4)s, %(5)s) VALUES (%(6)s, %(7)s, %(8)s) VALUES (%(9)s, %(10)s, %(11)s)
params: ('Can add log entry', 15, 'add_logentry', 'Can change log entry', 15, 'change_logentry', 'Can delete log entry', 15, 'delete_logentry', 'Can view log entry', 15, 'view_logentry')
[2026-02-25 17:59:38,780] DEBUG djongo.sql2mongo.query inserted ids [ObjectId('699f7eda421deff2f70ed760'), ObjectId('699f7eda421deff2f70ed761'), ObjectId('699f7eda421deff2f70ed762'), ObjectId('699f7eda421deff2f70ed763')]
[2026-02-25 17:59:38,780] DEBUG djongo.sql2mongo.query sql_command: SELECT "django_content_type"."id", "django_content_type"."app_label", "django_content_type"."model" FROM "django_content_type" WHERE "django_content_type"."app_label" = %(0)s
params: ('admin',)
[2026-02-25 17:59:38,780] DEBUG djongo.sql2mongo.query Find query: {'filter': {'app_label': {'$eq': 'admin'}}, 'projection': ['id', 'app_label', 'model']}
[2026-02-25 17:59:38,781] DEBUG djongo.sql2mongo.query Result: (15, 'admin', 'logentry')
[2026-02-25 17:59:38,781] DEBUG djongo.sql2mongo.query sql_command: SELECT "django_content_type"."id", "django_content_type"."app_label", "django_content_type"."model" FROM "django_content_type" WHERE "django_content_type"."app_label" = %(0)s
params: ('auth',)
[2026-02-25 17:59:38,782] DEBUG djongo.sql2mongo.query Find query: {'filter': {'app_label': {'$eq': 'auth'}}, 'projection': ['id', 'app_label', 'model']}
[2026-02-25 17:59:38,782] DEBUG djongo.sql2mongo.query sql_command: INSERT INTO "django_content_type" ("app_label", "model") VALUES (%(0)s, %(1)s) VALUES (%(2)s, %(3)s) VALUES (%(4)s, %(5)s)
params: ('auth', 'permission', 'auth', 'group', 'auth', 'user')
[2026-02-25 17:59:38,784] DEBUG djongo.sql2mongo.query inserted ids [ObjectId('699f7eda421deff2f70ed764'), ObjectId('699f7eda421deff2f70ed765'), ObjectId('699f7eda421deff2f70ed766')]
[2026-02-25 17:59:38,784] DEBUG djongo.sql2mongo.query sql_command: SELECT "django_content_type"."id", "django_content_type"."app_label", "django_content_type"."model" FROM "django_content_type" WHERE ("django_content_type"."app_label" = %(0)s AND "django_content_type"."model" = %(1)s) LIMIT 21
params: ('auth', 'permission')
[2026-02-25 17:59:38,785] DEBUG djongo.sql2mongo.query Find query: {'filter': {'$and': [{'app_label': {'$eq': 'auth'}}, {'model': {'$eq': 'permission'}}]}, 'projection': ['id', 'app_label', 'model'], 'limit': 21}
[2026-02-25 17:59:38,785] DEBUG djongo.sql2mongo.query Result: (16, 'auth', 'permission')
[2026-02-25 17:59:38,785] DEBUG djongo.sql2mongo.query sql_command: SELECT "django_content_type"."id", "django_content_type"."app_label", "django_content_type"."model" FROM "django_content_type" WHERE ("django_content_type"."app_label" = %(0)s AND "django_content_type"."model" = %(1)s) LIMIT 21
params: ('auth', 'group')
[2026-02-25 17:59:38,786] DEBUG djongo.sql2mongo.query Find query: {'filter': {'$and': [{'app_label': {'$eq': 'auth'}}, {'model': {'$eq': 'group'}}]}, 'projection': ['id', 'app_label', 'model'], 'limit': 21}
[2026-02-25 17:59:38,787] DEBUG djongo.sql2mongo.query Result: (17, 'auth', 'group')
[2026-02-25 17:59:38,787] DEBUG djongo.sql2mongo.query sql_command: SELECT "django_content_type"."id", "django_content_type"."app_label", "django_content_type"."model" FROM "django_content_type" WHERE ("django_content_type"."app_label" = %(0)s AND "django_content_type"."model" = %(1)s) LIMIT 21
params: ('auth', 'user')
[2026-02-25 17:59:38,787] DEBUG djongo.sql2mongo.query Find query: {'filter': {'$and': [{'app_label': {'$eq': 'auth'}}, {'model': {'$eq': 'user'}}]}, 'projection': ['id', 'app_label', 'model'], 'limit': 21}
[2026-02-25 17:59:38,788] DEBUG djongo.sql2mongo.query Result: (18, 'auth', 'user')
[2026-02-25 17:59:38,788] DEBUG djongo.sql2mongo.query sql_command: SELECT "auth_permission"."content_type_id", "auth_permission"."codename" FROM "auth_permission" INNER JOIN "django_content_type" ON ("auth_permission"."content_type_id" = "django_content_type"."id") WHERE "auth_permission"."content_type_id" IN (%(0)s, %(1)s, %(2)s) ORDER BY "django_content_type"."app_label" ASC, "django_content_type"."model" ASC, "auth_permission"."codename" ASC
params: (16, 17, 18)
[2026-02-25 17:59:38,790] DEBUG djongo.sql2mongo.query Aggregation query: [{'$match': {'content_type_id': {'$ne': None, '$exists': True}}}, {'$lookup': {'from': 'django_content_type', 'localField': 'content_type_id', 'foreignField': 'id', 'as': 'django_content_type'}}, {'$unwind': '$django_content_type'}, {'$match': {'content_type_id': {'$in': [16, 17, 18]}}}, {'$sort': OrderedDict({'django_content_type.app_label': 1, 'django_content_type.model': 1, 'codename': 1})}, {'$project': {'content_type_id': True, 'codename': True}}]
[2026-02-25 17:59:38,790] DEBUG djongo.sql2mongo.query sql_command: INSERT INTO "auth_permission" ("name", "content_type_id", "codename") VALUES (%(0)s, %(1)s, %(2)s) VALUES (%(3)s, %(4)s, %(5)s) VALUES (%(6)s, %(7)s, %(8)s) VALUES (%(9)s, %(10)s, %(11)s) VALUES (%(12)s, %(13)s, %(14)s) VALUES (%(15)s, %(16)s, %(17)s) VALUES (%(18)s, %(19)s, %(20)s) VALUES (%(21)s, %(22)s, %(23)s) VALUES (%(24)s, %(25)s, %(26)s) VALUES (%(27)s, %(28)s, %(29)s) VALUES (%(30)s, %(31)s, %(32)s) VALUES (%(33)s, %(34)s, %(35)s)
params: ('Can add permission', 16, 'add_permission', 'Can change permission', 16, 'change_permission', 'Can delete permission', 16, 'delete_permission', 'Can view permission', 16, 'view_permission', 'Can add group', 17, 'add_group', 'Can change group', 17, 'change_group', 'Can delete group', 17, 'delete_group', 'Can view group', 17, 'view_group', 'Can add user', 18, 'add_user', 'Can change user', 18, 'change_user', 'Can delete user', 18, 'delete_user', 'Can view user', 18, 'view_user')
[2026-02-25 17:59:38,793] DEBUG djongo.sql2mongo.query inserted ids [ObjectId('699f7eda421deff2f70ed767'), ObjectId('699f7eda421deff2f70ed768'), ObjectId('699f7eda421deff2f70ed769'), ObjectId('699f7eda421deff2f70ed76a'), ObjectId('699f7eda421deff2f70ed76b'), ObjectId('699f7eda421deff2f70ed76c'), ObjectId('699f7eda421deff2f70ed76d'), ObjectId('699f7eda421deff2f70ed76e'), ObjectId('699f7eda421deff2f70ed76f'), ObjectId('699f7eda421deff2f70ed770'), ObjectId('699f7eda421deff2f70ed771'), ObjectId('699f7eda421deff2f70ed772')]
[2026-02-25 17:59:38,794] DEBUG djongo.sql2mongo.query sql_command: SELECT "django_content_type"."id", "django_content_type"."app_label", "django_content_type"."model" FROM "django_content_type" WHERE "django_content_type"."app_label" = %(0)s
params: ('auth',)
[2026-02-25 17:59:38,794] DEBUG djongo.sql2mongo.query Find query: {'filter': {'app_label': {'$eq': 'auth'}}, 'projection': ['id', 'app_label', 'model']}
[2026-02-25 17:59:38,795] DEBUG djongo.sql2mongo.query Result: (17, 'auth', 'group')
[2026-02-25 17:59:38,795] DEBUG djongo.sql2mongo.query Result: (16, 'auth', 'permission')
[2026-02-25 17:59:38,795] DEBUG djongo.sql2mongo.query Result: (18, 'auth', 'user')
[2026-02-25 17:59:38,795] DEBUG djongo.sql2mongo.query sql_command: SELECT "django_content_type"."id", "django_content_type"."app_label", "django_content_type"."model" FROM "django_content_type" WHERE "django_content_type"."app_label" = %(0)s
params: ('contenttypes',)
[2026-02-25 17:59:38,795] DEBUG djongo.sql2mongo.query Find query: {'filter': {'app_label': {'$eq': 'contenttypes'}}, 'projection': ['id', 'app_label', 'model']}
[2026-02-25 17:59:38,796] DEBUG djongo.sql2mongo.query sql_command: INSERT INTO "django_content_type" ("app_label", "model") VALUES (%(0)s, %(1)s)
params: ('contenttypes', 'contenttype')
[2026-02-25 17:59:38,797] DEBUG djongo.sql2mongo.query inserted ids [ObjectId('699f7eda421deff2f70ed773')]
[2026-02-25 17:59:38,797] DEBUG djongo.sql2mongo.query sql_command: SELECT "django_content_type"."id", "django_content_type"."app_label", "django_content_type"."model" FROM "django_content_type" WHERE ("django_content_type"."app_label" = %(0)s AND "django_content_type"."model" = %(1)s) LIMIT 21
params: ('contenttypes', 'contenttype')
[2026-02-25 17:59:38,798] DEBUG djongo.sql2mongo.query Find query: {'filter': {'$and': [{'app_label': {'$eq': 'contenttypes'}}, {'model': {'$eq': 'contenttype'}}]}, 'projection': ['id', 'app_label', 'model'], 'limit': 21}
[2026-02-25 17:59:38,798] DEBUG djongo.sql2mongo.query Result: (19, 'contenttypes', 'contenttype')
[2026-02-25 17:59:38,798] DEBUG djongo.sql2mongo.query sql_command: SELECT "auth_permission"."content_type_id", "auth_permission"."codename" FROM "auth_permission" INNER JOIN "django_content_type" ON ("auth_permission"."content_type_id" = "django_content_type"."id") WHERE "auth_permission"."content_type_id" IN (%(0)s) ORDER BY "django_content_type"."app_label" ASC, "django_content_type"."model" ASC, "auth_permission"."codename" ASC
params: (19,)
[2026-02-25 17:59:38,801] DEBUG djongo.sql2mongo.query Aggregation query: [{'$match': {'content_type_id': {'$ne': None, '$exists': True}}}, {'$lookup': {'from': 'django_content_type', 'localField': 'content_type_id', 'foreignField': 'id', 'as': 'django_content_type'}}, {'$unwind': '$django_content_type'}, {'$match': {'content_type_id': {'$in': [19]}}}, {'$sort': OrderedDict({'django_content_type.app_label': 1, 'django_content_type.model': 1, 'codename': 1})}, {'$project': {'content_type_id': True, 'codename': True}}]
[2026-02-25 17:59:38,801] DEBUG djongo.sql2mongo.query sql_command: INSERT INTO "auth_permission" ("name", "content_type_id", "codename") VALUES (%(0)s, %(1)s, %(2)s) VALUES (%(3)s, %(4)s, %(5)s) VALUES (%(6)s, %(7)s, %(8)s) VALUES (%(9)s, %(10)s, %(11)s)
params: ('Can add content type', 19, 'add_contenttype', 'Can change content type', 19, 'change_contenttype', 'Can delete content type', 19, 'delete_contenttype', 'Can view content type', 19, 'view_contenttype')
[2026-02-25 17:59:38,803] DEBUG djongo.sql2mongo.query inserted ids [ObjectId('699f7eda421deff2f70ed774'), ObjectId('699f7eda421deff2f70ed775'), ObjectId('699f7eda421deff2f70ed776'), ObjectId('699f7eda421deff2f70ed777')]
[2026-02-25 17:59:38,803] DEBUG djongo.sql2mongo.query sql_command: SELECT "django_content_type"."id", "django_content_type"."app_label", "django_content_type"."model" FROM "django_content_type" WHERE "django_content_type"."app_label" = %(0)s
params: ('contenttypes',)
[2026-02-25 17:59:38,804] DEBUG djongo.sql2mongo.query Find query: {'filter': {'app_label': {'$eq': 'contenttypes'}}, 'projection': ['id', 'app_label', 'model']}
[2026-02-25 17:59:38,804] DEBUG djongo.sql2mongo.query Result: (19, 'contenttypes', 'contenttype')
[2026-02-25 17:59:38,804] DEBUG djongo.sql2mongo.query sql_command: SELECT "django_content_type"."id", "django_content_type"."app_label", "django_content_type"."model" FROM "django_content_type" WHERE "django_content_type"."app_label" = %(0)s
params: ('sessions',)
[2026-02-25 17:59:38,805] DEBUG djongo.sql2mongo.query Find query: {'filter': {'app_label': {'$eq': 'sessions'}}, 'projection': ['id', 'app_label', 'model']}
[2026-02-25 17:59:38,805] DEBUG djongo.sql2mongo.query sql_command: INSERT INTO "django_content_type" ("app_label", "model") VALUES (%(0)s, %(1)s)
params: ('sessions', 'session')
[2026-02-25 17:59:38,807] DEBUG djongo.sql2mongo.query inserted ids [ObjectId('699f7eda421deff2f70ed778')]
[2026-02-25 17:59:38,807] DEBUG djongo.sql2mongo.query sql_command: SELECT "django_content_type"."id", "django_content_type"."app_label", "django_content_type"."model" FROM "django_content_type" WHERE ("django_content_type"."app_label" = %(0)s AND "django_content_type"."model" = %(1)s) LIMIT 21
params: ('sessions', 'session')
[2026-02-25 17:59:38,807] DEBUG djongo.sql2mongo.query Find query: {'filter': {'$and': [{'app_label': {'$eq': 'sessions'}}, {'model': {'$eq': 'session'}}]}, 'projection': ['id', 'app_label', 'model'], 'limit': 21}
[2026-02-25 17:59:38,808] DEBUG djongo.sql2mongo.query Result: (20, 'sessions', 'session')
[2026-02-25 17:59:38,808] DEBUG djongo.sql2mongo.query sql_command: SELECT "auth_permission"."content_type_id", "auth_permission"."codename" FROM "auth_permission" INNER JOIN "django_content_type" ON ("auth_permission"."content_type_id" = "django_content_type"."id") WHERE "auth_permission"."content_type_id" IN (%(0)s) ORDER BY "django_content_type"."app_label" ASC, "django_content_type"."model" ASC, "auth_permission"."codename" ASC
params: (20,)
[2026-02-25 17:59:38,810] DEBUG djongo.sql2mongo.query Aggregation query: [{'$match': {'content_type_id': {'$ne': None, '$exists': True}}}, {'$lookup': {'from': 'django_content_type', 'localField': 'content_type_id', 'foreignField': 'id', 'as': 'django_content_type'}}, {'$unwind': '$django_content_type'}, {'$match': {'content_type_id': {'$in': [20]}}}, {'$sort': OrderedDict({'django_content_type.app_label': 1, 'django_content_type.model': 1, 'codename': 1})}, {'$project': {'content_type_id': True, 'codename': True}}]
[2026-02-25 17:59:38,810] DEBUG djongo.sql2mongo.query sql_command: INSERT INTO "auth_permission" ("name", "content_type_id", "codename") VALUES (%(0)s, %(1)s, %(2)s) VALUES (%(3)s, %(4)s, %(5)s) VALUES (%(6)s, %(7)s, %(8)s) VALUES (%(9)s, %(10)s, %(11)s)
params: ('Can add session', 20, 'add_session', 'Can change session', 20, 'change_session', 'Can delete session', 20, 'delete_session', 'Can view session', 20, 'view_session')
[2026-02-25 17:59:38,812] DEBUG djongo.sql2mongo.query inserted ids [ObjectId('699f7eda421deff2f70ed779'), ObjectId('699f7eda421deff2f70ed77a'), ObjectId('699f7eda421deff2f70ed77b'), ObjectId('699f7eda421deff2f70ed77c')]
[2026-02-25 17:59:38,812] DEBUG djongo.sql2mongo.query sql_command: SELECT "django_content_type"."id", "django_content_type"."app_label", "django_content_type"."model" FROM "django_content_type" WHERE "django_content_type"."app_label" = %(0)s
params: ('sessions',)
[2026-02-25 17:59:38,812] DEBUG djongo.sql2mongo.query Find query: {'filter': {'app_label': {'$eq': 'sessions'}}, 'projection': ['id', 'app_label', 'model']}
[2026-02-25 17:59:38,813] DEBUG djongo.sql2mongo.query Result: (20, 'sessions', 'session')
[2026-02-25 17:59:38,813] DEBUG djongo.sql2mongo.query sql_command: SELECT "django_content_type"."id", "django_content_type"."app_label", "django_content_type"."model" FROM "django_content_type" WHERE "django_content_type"."app_label" = %(0)s
params: ('webhooks',)
[2026-02-25 17:59:38,813] DEBUG djongo.sql2mongo.query Find query: {'filter': {'app_label': {'$eq': 'webhooks'}}, 'projection': ['id', 'app_label', 'model']}
[2026-02-25 17:59:38,814] DEBUG djongo.sql2mongo.query sql_command: INSERT INTO "django_content_type" ("app_label", "model") VALUES (%(0)s, %(1)s)
params: ('webhooks', 'webhookevent')
[2026-02-25 17:59:38,815] DEBUG djongo.sql2mongo.query inserted ids [ObjectId('699f7eda421deff2f70ed77d')]
[2026-02-25 17:59:38,815] DEBUG djongo.sql2mongo.query sql_command: SELECT "django_content_type"."id", "django_content_type"."app_label", "django_content_type"."model" FROM "django_content_type" WHERE ("django_content_type"."app_label" = %(0)s AND "django_content_type"."model" = %(1)s) LIMIT 21
params: ('webhooks', 'webhookevent')
[2026-02-25 17:59:38,816] DEBUG djongo.sql2mongo.query Find query: {'filter': {'$and': [{'app_label': {'$eq': 'webhooks'}}, {'model': {'$eq': 'webhookevent'}}]}, 'projection': ['id', 'app_label', 'model'], 'limit': 21}
[2026-02-25 17:59:38,816] DEBUG djongo.sql2mongo.query Result: (21, 'webhooks', 'webhookevent')
[2026-02-25 17:59:38,816] DEBUG djongo.sql2mongo.query sql_command: SELECT "auth_permission"."content_type_id", "auth_permission"."codename" FROM "auth_permission" INNER JOIN "django_content_type" ON ("auth_permission"."content_type_id" = "django_content_type"."id") WHERE "auth_permission"."content_type_id" IN (%(0)s) ORDER BY "django_content_type"."app_label" ASC, "django_content_type"."model" ASC, "auth_permission"."codename" ASC
params: (21,)
[2026-02-25 17:59:38,819] DEBUG djongo.sql2mongo.query Aggregation query: [{'$match': {'content_type_id': {'$ne': None, '$exists': True}}}, {'$lookup': {'from': 'django_content_type', 'localField': 'content_type_id', 'foreignField': 'id', 'as': 'django_content_type'}}, {'$unwind': '$django_content_type'}, {'$match': {'content_type_id': {'$in': [21]}}}, {'$sort': OrderedDict({'django_content_type.app_label': 1, 'django_content_type.model': 1, 'codename': 1})}, {'$project': {'content_type_id': True, 'codename': True}}]
[2026-02-25 17:59:38,819] DEBUG djongo.sql2mongo.query sql_command: INSERT INTO "auth_permission" ("name", "content_type_id", "codename") VALUES (%(0)s, %(1)s, %(2)s) VALUES (%(3)s, %(4)s, %(5)s) VALUES (%(6)s, %(7)s, %(8)s) VALUES (%(9)s, %(10)s, %(11)s)
params: ('Can add Webhook Event', 21, 'add_webhookevent', 'Can change Webhook Event', 21, 'change_webhookevent', 'Can delete Webhook Event', 21, 'delete_webhookevent', 'Can view Webhook Event', 21, 'view_webhookevent')
[2026-02-25 17:59:38,820] DEBUG djongo.sql2mongo.query inserted ids [ObjectId('699f7eda421deff2f70ed77e'), ObjectId('699f7eda421deff2f70ed77f'), ObjectId('699f7eda421deff2f70ed780'), ObjectId('699f7eda421deff2f70ed781')]
[2026-02-25 17:59:38,820] DEBUG djongo.sql2mongo.query sql_command: SELECT "django_content_type"."id", "django_content_type"."app_label", "django_content_type"."model" FROM "django_content_type" WHERE "django_content_type"."app_label" = %(0)s
params: ('webhooks',)
[2026-02-25 17:59:38,821] DEBUG djongo.sql2mongo.query Find query: {'filter': {'app_label': {'$eq': 'webhooks'}}, 'projection': ['id', 'app_label', 'model']}
[2026-02-25 17:59:38,821] DEBUG djongo.sql2mongo.query Result: (21, 'webhooks', 'webhookevent')
[2026-02-25 17:59:38,821] DEBUG djongo.sql2mongo.query sql_command: SELECT "django_content_type"."id", "django_content_type"."app_label", "django_content_type"."model" FROM "django_content_type" WHERE "django_content_type"."app_label" = %(0)s
params: ('broker_connector',)
[2026-02-25 17:59:38,822] DEBUG djongo.sql2mongo.query Find query: {'filter': {'app_label': {'$eq': 'broker_connector'}}, 'projection': ['id', 'app_label', 'model']}
[2026-02-25 17:59:38,822] DEBUG djongo.sql2mongo.query sql_command: INSERT INTO "django_content_type" ("app_label", "model") VALUES (%(0)s, %(1)s)
params: ('broker_connector', 'brokeraccount')
[2026-02-25 17:59:38,823] DEBUG djongo.sql2mongo.query inserted ids [ObjectId('699f7eda421deff2f70ed782')]
[2026-02-25 17:59:38,824] DEBUG djongo.sql2mongo.query sql_command: SELECT "django_content_type"."id", "django_content_type"."app_label", "django_content_type"."model" FROM "django_content_type" WHERE ("django_content_type"."app_label" = %(0)s AND "django_content_type"."model" = %(1)s) LIMIT 21
params: ('broker_connector', 'brokeraccount')
[2026-02-25 17:59:38,824] DEBUG djongo.sql2mongo.query Find query: {'filter': {'$and': [{'app_label': {'$eq': 'broker_connector'}}, {'model': {'$eq': 'brokeraccount'}}]}, 'projection': ['id', 'app_label', 'model'], 'limit': 21}
[2026-02-25 17:59:38,824] DEBUG djongo.sql2mongo.query Result: (22, 'broker_connector', 'brokeraccount')
[2026-02-25 17:59:38,825] DEBUG djongo.sql2mongo.query sql_command: SELECT "auth_permission"."content_type_id", "auth_permission"."codename" FROM "auth_permission" INNER JOIN "django_content_type" ON ("auth_permission"."content_type_id" = "django_content_type"."id") WHERE "auth_permission"."content_type_id" IN (%(0)s) ORDER BY "django_content_type"."app_label" ASC, "django_content_type"."model" ASC, "auth_permission"."codename" ASC
params: (22,)
[2026-02-25 17:59:38,826] DEBUG djongo.sql2mongo.query Aggregation query: [{'$match': {'content_type_id': {'$ne': None, '$exists': True}}}, {'$lookup': {'from': 'django_content_type', 'localField': 'content_type_id', 'foreignField': 'id', 'as': 'django_content_type'}}, {'$unwind': '$django_content_type'}, {'$match': {'content_type_id': {'$in': [22]}}}, {'$sort': OrderedDict({'django_content_type.app_label': 1, 'django_content_type.model': 1, 'codename': 1})}, {'$project': {'content_type_id': True, 'codename': True}}]
[2026-02-25 17:59:38,826] DEBUG djongo.sql2mongo.query sql_command: INSERT INTO "auth_permission" ("name", "content_type_id", "codename") VALUES (%(0)s, %(1)s, %(2)s) VALUES (%(3)s, %(4)s, %(5)s) VALUES (%(6)s, %(7)s, %(8)s) VALUES (%(9)s, %(10)s, %(11)s)
params: ('Can add Broker Account', 22, 'add_brokeraccount', 'Can change Broker Account', 22, 'change_brokeraccount', 'Can delete Broker Account', 22, 'delete_brokeraccount', 'Can view Broker Account', 22, 'view_brokeraccount')
[2026-02-25 17:59:38,828] DEBUG djongo.sql2mongo.query inserted ids [ObjectId('699f7eda421deff2f70ed783'), ObjectId('699f7eda421deff2f70ed784'), ObjectId('699f7eda421deff2f70ed785'), ObjectId('699f7eda421deff2f70ed786')]
[2026-02-25 17:59:38,828] DEBUG djongo.sql2mongo.query sql_command: SELECT "django_content_type"."id", "django_content_type"."app_label", "django_content_type"."model" FROM "django_content_type" WHERE "django_content_type"."app_label" = %(0)s
params: ('broker_connector',)
[2026-02-25 17:59:38,829] DEBUG djongo.sql2mongo.query Find query: {'filter': {'app_label': {'$eq': 'broker_connector'}}, 'projection': ['id', 'app_label', 'model']}
[2026-02-25 17:59:38,829] DEBUG djongo.sql2mongo.query Result: (22, 'broker_connector', 'brokeraccount')
[2026-02-25 17:59:38,829] DEBUG djongo.sql2mongo.query sql_command: SELECT "django_content_type"."id", "django_content_type"."app_label", "django_content_type"."model" FROM "django_content_type" WHERE "django_content_type"."app_label" = %(0)s
params: ('execution_engine',)
[2026-02-25 17:59:38,830] DEBUG djongo.sql2mongo.query Find query: {'filter': {'app_label': {'$eq': 'execution_engine'}}, 'projection': ['id', 'app_label', 'model']}
[2026-02-25 17:59:38,830] DEBUG djongo.sql2mongo.query sql_command: INSERT INTO "django_content_type" ("app_label", "model") VALUES (%(0)s, %(1)s)
params: ('execution_engine', 'trade')
[2026-02-25 17:59:38,831] DEBUG djongo.sql2mongo.query inserted ids [ObjectId('699f7eda421deff2f70ed787')]
[2026-02-25 17:59:38,831] DEBUG djongo.sql2mongo.query sql_command: SELECT "django_content_type"."id", "django_content_type"."app_label", "django_content_type"."model" FROM "django_content_type" WHERE ("django_content_type"."app_label" = %(0)s AND "django_content_type"."model" = %(1)s) LIMIT 21
params: ('execution_engine', 'trade')
[2026-02-25 17:59:38,832] DEBUG djongo.sql2mongo.query Find query: {'filter': {'$and': [{'app_label': {'$eq': 'execution_engine'}}, {'model': {'$eq': 'trade'}}]}, 'projection': ['id', 'app_label', 'model'], 'limit': 21}
[2026-02-25 17:59:38,832] DEBUG djongo.sql2mongo.query Result: (23, 'execution_engine', 'trade')
[2026-02-25 17:59:38,833] DEBUG djongo.sql2mongo.query sql_command: SELECT "auth_permission"."content_type_id", "auth_permission"."codename" FROM "auth_permission" INNER JOIN "django_content_type" ON ("auth_permission"."content_type_id" = "django_content_type"."id") WHERE "auth_permission"."content_type_id" IN (%(0)s) ORDER BY "django_content_type"."app_label" ASC, "django_content_type"."model" ASC, "auth_permission"."codename" ASC
params: (23,)
[2026-02-25 17:59:38,835] DEBUG djongo.sql2mongo.query Aggregation query: [{'$match': {'content_type_id': {'$ne': None, '$exists': True}}}, {'$lookup': {'from': 'django_content_type', 'localField': 'content_type_id', 'foreignField': 'id', 'as': 'django_content_type'}}, {'$unwind': '$django_content_type'}, {'$match': {'content_type_id': {'$in': [23]}}}, {'$sort': OrderedDict({'django_content_type.app_label': 1, 'django_content_type.model': 1, 'codename': 1})}, {'$project': {'content_type_id': True, 'codename': True}}]
[2026-02-25 17:59:38,835] DEBUG djongo.sql2mongo.query sql_command: INSERT INTO "auth_permission" ("name", "content_type_id", "codename") VALUES (%(0)s, %(1)s, %(2)s) VALUES (%(3)s, %(4)s, %(5)s) VALUES (%(6)s, %(7)s, %(8)s) VALUES (%(9)s, %(10)s, %(11)s)
params: ('Can add Trade', 23, 'add_trade', 'Can change Trade', 23, 'change_trade', 'Can delete Trade', 23, 'delete_trade', 'Can view Trade', 23, 'view_trade')
[2026-02-25 17:59:38,836] DEBUG djongo.sql2mongo.query inserted ids [ObjectId('699f7eda421deff2f70ed788'), ObjectId('699f7eda421deff2f70ed789'), ObjectId('699f7eda421deff2f70ed78a'), ObjectId('699f7eda421deff2f70ed78b')]
[2026-02-25 17:59:38,836] DEBUG djongo.sql2mongo.query sql_command: SELECT "django_content_type"."id", "django_content_type"."app_label", "django_content_type"."model" FROM "django_content_type" WHERE "django_content_type"."app_label" = %(0)s
params: ('execution_engine',)
[2026-02-25 17:59:38,837] DEBUG djongo.sql2mongo.query Find query: {'filter': {'app_label': {'$eq': 'execution_engine'}}, 'projection': ['id', 'app_label', 'model']}
[2026-02-25 17:59:38,837] DEBUG djongo.sql2mongo.query Result: (23, 'execution_engine', 'trade')
[2026-02-25 17:59:38,837] DEBUG djongo.sql2mongo.query sql_command: SELECT "django_content_type"."id", "django_content_type"."app_label", "django_content_type"."model" FROM "django_content_type" WHERE "django_content_type"."app_label" = %(0)s
params: ('risk_management',)
[2026-02-25 17:59:38,837] DEBUG djongo.sql2mongo.query Find query: {'filter': {'app_label': {'$eq': 'risk_management'}}, 'projection': ['id', 'app_label', 'model']}
[2026-02-25 17:59:38,838] DEBUG djongo.sql2mongo.query sql_command: INSERT INTO "django_content_type" ("app_label", "model") VALUES (%(0)s, %(1)s) VALUES (%(2)s, %(3)s)
params: ('risk_management', 'riskconfig', 'risk_management', 'propfirmaccount')
[2026-02-25 17:59:38,839] DEBUG djongo.sql2mongo.query inserted ids [ObjectId('699f7eda421deff2f70ed78c'), ObjectId('699f7eda421deff2f70ed78d')]
[2026-02-25 17:59:38,839] DEBUG djongo.sql2mongo.query sql_command: SELECT "django_content_type"."id", "django_content_type"."app_label", "django_content_type"."model" FROM "django_content_type" WHERE ("django_content_type"."app_label" = %(0)s AND "django_content_type"."model" = %(1)s) LIMIT 21
params: ('risk_management', 'riskconfig')
[2026-02-25 17:59:38,844] DEBUG djongo.sql2mongo.query Find query: {'filter': {'$and': [{'app_label': {'$eq': 'risk_management'}}, {'model': {'$eq': 'riskconfig'}}]}, 'projection': ['id', 'app_label', 'model'], 'limit': 21}
[2026-02-25 17:59:38,844] DEBUG djongo.sql2mongo.query Result: (24, 'risk_management', 'riskconfig')
[2026-02-25 17:59:38,845] DEBUG djongo.sql2mongo.query sql_command: SELECT "django_content_type"."id", "django_content_type"."app_label", "django_content_type"."model" FROM "django_content_type" WHERE ("django_content_type"."app_label" = %(0)s AND "django_content_type"."model" = %(1)s) LIMIT 21
params: ('risk_management', 'propfirmaccount')
[2026-02-25 17:59:38,845] DEBUG djongo.sql2mongo.query Find query: {'filter': {'$and': [{'app_label': {'$eq': 'risk_management'}}, {'model': {'$eq': 'propfirmaccount'}}]}, 'projection': ['id', 'app_label', 'model'], 'limit': 21}
[2026-02-25 17:59:38,846] DEBUG djongo.sql2mongo.query Result: (25, 'risk_management', 'propfirmaccount')
[2026-02-25 17:59:38,846] DEBUG djongo.sql2mongo.query sql_command: SELECT "auth_permission"."content_type_id", "auth_permission"."codename" FROM "auth_permission" INNER JOIN "django_content_type" ON ("auth_permission"."content_type_id" = "django_content_type"."id") WHERE "auth_permission"."content_type_id" IN (%(0)s, %(1)s) ORDER BY "django_content_type"."app_label" ASC, "django_content_type"."model" ASC, "auth_permission"."codename" ASC
params: (24, 25)
[2026-02-25 17:59:38,848] DEBUG djongo.sql2mongo.query Aggregation query: [{'$match': {'content_type_id': {'$ne': None, '$exists': True}}}, {'$lookup': {'from': 'django_content_type', 'localField': 'content_type_id', 'foreignField': 'id', 'as': 'django_content_type'}}, {'$unwind': '$django_content_type'}, {'$match': {'content_type_id': {'$in': [24, 25]}}}, {'$sort': OrderedDict({'django_content_type.app_label': 1, 'django_content_type.model': 1, 'codename': 1})}, {'$project': {'content_type_id': True, 'codename': True}}]
[2026-02-25 17:59:38,848] DEBUG djongo.sql2mongo.query sql_command: INSERT INTO "auth_permission" ("name", "content_type_id", "codename") VALUES (%(0)s, %(1)s, %(2)s) VALUES (%(3)s, %(4)s, %(5)s) VALUES (%(6)s, %(7)s, %(8)s) VALUES (%(9)s, %(10)s, %(11)s) VALUES (%(12)s, %(13)s, %(14)s) VALUES (%(15)s, %(16)s, %(17)s) VALUES (%(18)s, %(19)s, %(20)s) VALUES (%(21)s, %(22)s, %(23)s)
params: ('Can add Risk Configuration', 24, 'add_riskconfig', 'Can change Risk Configuration', 24, 'change_riskconfig', 'Can delete Risk Configuration', 24, 'delete_riskconfig', 'Can view Risk Configuration', 24, 'view_riskconfig', 'Can add Prop Firm Account', 25, 'add_propfirmaccount', 'Can change Prop Firm Account', 25, 'change_propfirmaccount', 'Can delete Prop Firm Account', 25, 'delete_propfirmaccount', 'Can view Prop Firm Account', 25, 'view_propfirmaccount')
[2026-02-25 17:59:38,850] DEBUG djongo.sql2mongo.query inserted ids [ObjectId('699f7eda421deff2f70ed78e'), ObjectId('699f7eda421deff2f70ed78f'), ObjectId('699f7eda421deff2f70ed790'), ObjectId('699f7eda421deff2f70ed791'), ObjectId('699f7eda421deff2f70ed792'), ObjectId('699f7eda421deff2f70ed793'), ObjectId('699f7eda421deff2f70ed794'), ObjectId('699f7eda421deff2f70ed795')]
[2026-02-25 17:59:38,850] DEBUG djongo.sql2mongo.query sql_command: SELECT "django_content_type"."id", "django_content_type"."app_label", "django_content_type"."model" FROM "django_content_type" WHERE "django_content_type"."app_label" = %(0)s
params: ('risk_management',)
[2026-02-25 17:59:38,851] DEBUG djongo.sql2mongo.query Find query: {'filter': {'app_label': {'$eq': 'risk_management'}}, 'projection': ['id', 'app_label', 'model']}
[2026-02-25 17:59:38,851] DEBUG djongo.sql2mongo.query Result: (25, 'risk_management', 'propfirmaccount')
[2026-02-25 17:59:38,851] DEBUG djongo.sql2mongo.query Result: (24, 'risk_management', 'riskconfig')
[2026-02-25 17:59:38,851] DEBUG djongo.sql2mongo.query sql_command: SELECT "django_content_type"."id", "django_content_type"."app_label", "django_content_type"."model" FROM "django_content_type" WHERE "django_content_type"."app_label" = %(0)s
params: ('market_data',)
[2026-02-25 17:59:38,852] DEBUG djongo.sql2mongo.query Find query: {'filter': {'app_label': {'$eq': 'market_data'}}, 'projection': ['id', 'app_label', 'model']}
[2026-02-25 17:59:38,852] DEBUG djongo.sql2mongo.query sql_command: INSERT INTO "django_content_type" ("app_label", "model") VALUES (%(0)s, %(1)s)
params: ('market_data', 'ohlcvbar')
[2026-02-25 17:59:38,853] DEBUG djongo.sql2mongo.query inserted ids [ObjectId('699f7eda421deff2f70ed796')]
[2026-02-25 17:59:38,854] DEBUG djongo.sql2mongo.query sql_command: SELECT "django_content_type"."id", "django_content_type"."app_label", "django_content_type"."model" FROM "django_content_type" WHERE ("django_content_type"."app_label" = %(0)s AND "django_content_type"."model" = %(1)s) LIMIT 21
params: ('market_data', 'ohlcvbar')
[2026-02-25 17:59:38,854] DEBUG djongo.sql2mongo.query Find query: {'filter': {'$and': [{'app_label': {'$eq': 'market_data'}}, {'model': {'$eq': 'ohlcvbar'}}]}, 'projection': ['id', 'app_label', 'model'], 'limit': 21}
[2026-02-25 17:59:38,855] DEBUG djongo.sql2mongo.query Result: (26, 'market_data', 'ohlcvbar')
[2026-02-25 17:59:38,855] DEBUG djongo.sql2mongo.query sql_command: SELECT "auth_permission"."content_type_id", "auth_permission"."codename" FROM "auth_permission" INNER JOIN "django_content_type" ON ("auth_permission"."content_type_id" = "django_content_type"."id") WHERE "auth_permission"."content_type_id" IN (%(0)s) ORDER BY "django_content_type"."app_label" ASC, "django_content_type"."model" ASC, "auth_permission"."codename" ASC
params: (26,)
[2026-02-25 17:59:38,857] DEBUG djongo.sql2mongo.query Aggregation query: [{'$match': {'content_type_id': {'$ne': None, '$exists': True}}}, {'$lookup': {'from': 'django_content_type', 'localField': 'content_type_id', 'foreignField': 'id', 'as': 'django_content_type'}}, {'$unwind': '$django_content_type'}, {'$match': {'content_type_id': {'$in': [26]}}}, {'$sort': OrderedDict({'django_content_type.app_label': 1, 'django_content_type.model': 1, 'codename': 1})}, {'$project': {'content_type_id': True, 'codename': True}}]
[2026-02-25 17:59:38,857] DEBUG djongo.sql2mongo.query sql_command: INSERT INTO "auth_permission" ("name", "content_type_id", "codename") VALUES (%(0)s, %(1)s, %(2)s) VALUES (%(3)s, %(4)s, %(5)s) VALUES (%(6)s, %(7)s, %(8)s) VALUES (%(9)s, %(10)s, %(11)s)
params: ('Can add OHLCV Bar', 26, 'add_ohlcvbar', 'Can change OHLCV Bar', 26, 'change_ohlcvbar', 'Can delete OHLCV Bar', 26, 'delete_ohlcvbar', 'Can view OHLCV Bar', 26, 'view_ohlcvbar')
[2026-02-25 17:59:38,860] DEBUG djongo.sql2mongo.query inserted ids [ObjectId('699f7eda421deff2f70ed797'), ObjectId('699f7eda421deff2f70ed798'), ObjectId('699f7eda421deff2f70ed799'), ObjectId('699f7eda421deff2f70ed79a')]
[2026-02-25 17:59:38,860] DEBUG djongo.sql2mongo.query sql_command: SELECT "django_content_type"."id", "django_content_type"."app_label", "django_content_type"."model" FROM "django_content_type" WHERE "django_content_type"."app_label" = %(0)s
params: ('market_data',)
[2026-02-25 17:59:38,860] DEBUG djongo.sql2mongo.query Find query: {'filter': {'app_label': {'$eq': 'market_data'}}, 'projection': ['id', 'app_label', 'model']}
[2026-02-25 17:59:38,861] DEBUG djongo.sql2mongo.query Result: (26, 'market_data', 'ohlcvbar')
[2026-02-25 17:59:38,861] DEBUG djongo.sql2mongo.query sql_command: SELECT "django_content_type"."id", "django_content_type"."app_label", "django_content_type"."model" FROM "django_content_type" WHERE "django_content_type"."app_label" = %(0)s
params: ('dashboard',)
[2026-02-25 17:59:38,861] DEBUG djongo.sql2mongo.query Find query: {'filter': {'app_label': {'$eq': 'dashboard'}}, 'projection': ['id', 'app_label', 'model']}
[2026-02-25 17:59:38,862] DEBUG djongo.sql2mongo.query sql_command: INSERT INTO "django_content_type" ("app_label", "model") VALUES (%(0)s, %(1)s) VALUES (%(2)s, %(3)s)
params: ('dashboard', 'strategy', 'dashboard', 'aimodel')
[2026-02-25 17:59:38,863] DEBUG djongo.sql2mongo.query inserted ids [ObjectId('699f7eda421deff2f70ed79b'), ObjectId('699f7eda421deff2f70ed79c')]
[2026-02-25 17:59:38,863] DEBUG djongo.sql2mongo.query sql_command: SELECT "django_content_type"."id", "django_content_type"."app_label", "django_content_type"."model" FROM "django_content_type" WHERE ("django_content_type"."app_label" = %(0)s AND "django_content_type"."model" = %(1)s) LIMIT 21
params: ('dashboard', 'strategy')
[2026-02-25 17:59:38,864] DEBUG djongo.sql2mongo.query Find query: {'filter': {'$and': [{'app_label': {'$eq': 'dashboard'}}, {'model': {'$eq': 'strategy'}}]}, 'projection': ['id', 'app_label', 'model'], 'limit': 21}
[2026-02-25 17:59:38,864] DEBUG djongo.sql2mongo.query Result: (27, 'dashboard', 'strategy')
[2026-02-25 17:59:38,864] DEBUG djongo.sql2mongo.query sql_command: SELECT "django_content_type"."id", "django_content_type"."app_label", "django_content_type"."model" FROM "django_content_type" WHERE ("django_content_type"."app_label" = %(0)s AND "django_content_type"."model" = %(1)s) LIMIT 21
params: ('dashboard', 'aimodel')
[2026-02-25 17:59:38,865] DEBUG djongo.sql2mongo.query Find query: {'filter': {'$and': [{'app_label': {'$eq': 'dashboard'}}, {'model': {'$eq': 'aimodel'}}]}, 'projection': ['id', 'app_label', 'model'], 'limit': 21}
[2026-02-25 17:59:38,866] DEBUG djongo.sql2mongo.query Result: (28, 'dashboard', 'aimodel')
[2026-02-25 17:59:38,866] DEBUG djongo.sql2mongo.query sql_command: SELECT "auth_permission"."content_type_id", "auth_permission"."codename" FROM "auth_permission" INNER JOIN "django_content_type" ON ("auth_permission"."content_type_id" = "django_content_type"."id") WHERE "auth_permission"."content_type_id" IN (%(0)s, %(1)s) ORDER BY "django_content_type"."app_label" ASC, "django_content_type"."model" ASC, "auth_permission"."codename" ASC
params: (27, 28)
[2026-02-25 17:59:38,868] DEBUG djongo.sql2mongo.query Aggregation query: [{'$match': {'content_type_id': {'$ne': None, '$exists': True}}}, {'$lookup': {'from': 'django_content_type', 'localField': 'content_type_id', 'foreignField': 'id', 'as': 'django_content_type'}}, {'$unwind': '$django_content_type'}, {'$match': {'content_type_id': {'$in': [27, 28]}}}, {'$sort': OrderedDict({'django_content_type.app_label': 1, 'django_content_type.model': 1, 'codename': 1})}, {'$project': {'content_type_id': True, 'codename': True}}]
[2026-02-25 17:59:38,868] DEBUG djongo.sql2mongo.query sql_command: INSERT INTO "auth_permission" ("name", "content_type_id", "codename") VALUES (%(0)s, %(1)s, %(2)s) VALUES (%(3)s, %(4)s, %(5)s) VALUES (%(6)s, %(7)s, %(8)s) VALUES (%(9)s, %(10)s, %(11)s) VALUES (%(12)s, %(13)s, %(14)s) VALUES (%(15)s, %(16)s, %(17)s) VALUES (%(18)s, %(19)s, %(20)s) VALUES (%(21)s, %(22)s, %(23)s)
params: ('Can add Strategy', 27, 'add_strategy', 'Can change Strategy', 27, 'change_strategy', 'Can delete Strategy', 27, 'delete_strategy', 'Can view Strategy', 27, 'view_strategy', 'Can add AI Model', 28, 'add_aimodel', 'Can change AI Model', 28, 'change_aimodel', 'Can delete AI Model', 28, 'delete_aimodel', 'Can view AI Model', 28, 'view_aimodel')
[2026-02-25 17:59:38,871] DEBUG djongo.sql2mongo.query inserted ids [ObjectId('699f7eda421deff2f70ed79d'), ObjectId('699f7eda421deff2f70ed79e'), ObjectId('699f7eda421deff2f70ed79f'), ObjectId('699f7eda421deff2f70ed7a0'), ObjectId('699f7eda421deff2f70ed7a1'), ObjectId('699f7eda421deff2f70ed7a2'), ObjectId('699f7eda421deff2f70ed7a3'), ObjectId('699f7eda421deff2f70ed7a4')]
[2026-02-25 17:59:38,871] DEBUG djongo.sql2mongo.query sql_command: SELECT "django_content_type"."id", "django_content_type"."app_label", "django_content_type"."model" FROM "django_content_type" WHERE "django_content_type"."app_label" = %(0)s
params: ('dashboard',)
[2026-02-25 17:59:38,871] DEBUG djongo.sql2mongo.query Find query: {'filter': {'app_label': {'$eq': 'dashboard'}}, 'projection': ['id', 'app_label', 'model']}
[2026-02-25 17:59:38,871] DEBUG djongo.sql2mongo.query Result: (28, 'dashboard', 'aimodel')
[2026-02-25 17:59:38,872] DEBUG djongo.sql2mongo.query Result: (27, 'dashboard', 'strategy')
[2026-02-25 17:59:38,872] DEBUG djongo.base MongoClient connection closed
[2026-02-25 17:59:38,872] DEBUG djongo.base Existing MongoClient connection closed
[2026-02-25 17:59:38,872] DEBUG djongo.base New Database connection
[2026-02-25 17:59:38,872] DEBUG djongo.sql2mongo.query sql_command: SELECT "risk_management_riskconfig"."id", "risk_management_riskconfig"."name", "risk_management_riskconfig"."is_active", "risk_management_riskconfig"."max_daily_drawdown_pct", "risk_management_riskconfig"."max_total_drawdown_pct", "risk_management_riskconfig"."max_position_size_pct", "risk_management_riskconfig"."max_open_positions", "risk_management_riskconfig"."max_daily_trades", "risk_management_riskconfig"."daily_loss_limit", "risk_management_riskconfig"."kill_switch_active", "risk_management_riskconfig"."organization_id", "risk_management_riskconfig"."created_at", "risk_management_riskconfig"."updated_at" FROM "risk_management_riskconfig" WHERE "risk_management_riskconfig"."name" = %(0)s LIMIT 21
params: ('default',)
[2026-02-25 17:59:38,873] DEBUG djongo.sql2mongo.query Find query: {'filter': {'name': {'$eq': 'default'}}, 'projection': ['id', 'name', 'is_active', 'max_daily_drawdown_pct', 'max_total_drawdown_pct', 'max_position_size_pct', 'max_open_positions', 'max_daily_trades', 'daily_loss_limit', 'kill_switch_active', 'organization_id', 'created_at', 'updated_at'], 'limit': 21}
[2026-02-25 17:59:39,264] DEBUG djongo.sql2mongo.query sql_command: INSERT INTO "risk_management_riskconfig" ("name", "is_active", "max_daily_drawdown_pct", "max_total_drawdown_pct", "max_position_size_pct", "max_open_positions", "max_daily_trades", "daily_loss_limit", "kill_switch_active", "organization_id", "created_at", "updated_at") VALUES (%(0)s, %(1)s, %(2)s, %(3)s, %(4)s, %(5)s, %(6)s, %(7)s, %(8)s, %(9)s, %(10)s, %(11)s)
params: ['default', True, Decimal128('5.00'), Decimal128('10.00'), Decimal128('5.00'), 10, 50, Decimal128('1000.00'), False, None, datetime.datetime(2026, 2, 25, 22, 59, 39, 264678), datetime.datetime(2026, 2, 25, 22, 59, 39, 264712)]
[2026-02-25 17:59:39,270] DEBUG djongo.sql2mongo.query inserted ids [ObjectId('699f7edb421deff2f70ed7a5')]
[2026-02-25 17:59:39,272] DEBUG djongo.sql2mongo.query sql_command: SELECT COUNT(*) AS "__count" FROM "webhooks_webhookevent"
params: ()
[2026-02-25 17:59:39,274] DEBUG djongo.sql2mongo.query Aggregation query: [{'$group': {'_id': None, '__count': {'$sum': 1}}}, {'$project': {'_id': False, '__count': True}}]
[2026-02-25 17:59:39,274] DEBUG djongo.sql2mongo.query sql_command: SELECT "risk_management_riskconfig"."id", "risk_management_riskconfig"."name", "risk_management_riskconfig"."is_active", "risk_management_riskconfig"."max_daily_drawdown_pct", "risk_management_riskconfig"."max_total_drawdown_pct", "risk_management_riskconfig"."max_position_size_pct", "risk_management_riskconfig"."max_open_positions", "risk_management_riskconfig"."max_daily_trades", "risk_management_riskconfig"."daily_loss_limit", "risk_management_riskconfig"."kill_switch_active", "risk_management_riskconfig"."organization_id", "risk_management_riskconfig"."created_at", "risk_management_riskconfig"."updated_at" FROM "risk_management_riskconfig" WHERE "risk_management_riskconfig"."name" = %(0)s LIMIT 21
params: ('default',)
[2026-02-25 17:59:39,277] DEBUG djongo.sql2mongo.query Find query: {'filter': {'name': {'$eq': 'default'}}, 'projection': ['id', 'name', 'is_active', 'max_daily_drawdown_pct', 'max_total_drawdown_pct', 'max_position_size_pct', 'max_open_positions', 'max_daily_trades', 'daily_loss_limit', 'kill_switch_active', 'organization_id', 'created_at', 'updated_at'], 'limit': 21}
[2026-02-25 17:59:39,278] DEBUG djongo.sql2mongo.query Result: (2, 'default', True, Decimal128('5.00'), Decimal128('10.00'), Decimal128('5.00'), 10, 50, Decimal128('1000.00'), False, None, datetime.datetime(2026, 2, 25, 22, 59, 39, 264000), datetime.datetime(2026, 2, 25, 22, 59, 39, 264000))
.[2026-02-25 17:59:39,281] DEBUG djongo.sql2mongo.query sql_command: ALTER TABLE "webhooks_webhookevent" FLUSH
params: None
[2026-02-25 17:59:39,281] DEBUG djongo.sql2mongo.query sql_command: ALTER TABLE "risk_management_propfirmaccount" FLUSH
params: None
[2026-02-25 17:59:39,282] DEBUG djongo.sql2mongo.query sql_command: ALTER TABLE "risk_management_riskconfig" FLUSH
params: None
[2026-02-25 17:59:39,283] DEBUG djongo.sql2mongo.query sql_command: ALTER TABLE "broker_connector_brokeraccount" FLUSH
params: None
[2026-02-25 17:59:39,284] DEBUG djongo.sql2mongo.query sql_command: ALTER TABLE "auth_group" FLUSH
params: None
[2026-02-25 17:59:39,285] DEBUG djongo.sql2mongo.query sql_command: ALTER TABLE "execution_engine_trade" FLUSH
params: None
[2026-02-25 17:59:39,285] DEBUG djongo.sql2mongo.query sql_command: ALTER TABLE "auth_permission" FLUSH
params: None
[2026-02-25 17:59:39,287] DEBUG djongo.sql2mongo.query sql_command: ALTER TABLE "market_data_ohlcvbar" FLUSH
params: None
[2026-02-25 17:59:39,288] DEBUG djongo.sql2mongo.query sql_command: ALTER TABLE "dashboard_aimodel" FLUSH
params: None
[2026-02-25 17:59:39,288] DEBUG djongo.sql2mongo.query sql_command: ALTER TABLE "dashboard_strategy" FLUSH
params: None
[2026-02-25 17:59:39,289] DEBUG djongo.sql2mongo.query sql_command: ALTER TABLE "django_session" FLUSH
params: None
[2026-02-25 17:59:39,290] DEBUG djongo.sql2mongo.query sql_command: ALTER TABLE "auth_group_permissions" FLUSH
params: None
[2026-02-25 17:59:39,290] DEBUG djongo.sql2mongo.query sql_command: ALTER TABLE "auth_user_user_permissions" FLUSH
params: None
[2026-02-25 17:59:39,291] DEBUG djongo.sql2mongo.query sql_command: ALTER TABLE "auth_user" FLUSH
params: None
[2026-02-25 17:59:39,291] DEBUG djongo.sql2mongo.query sql_command: ALTER TABLE "django_content_type" FLUSH
params: None
[2026-02-25 17:59:39,292] DEBUG djongo.sql2mongo.query sql_command: ALTER TABLE "auth_user_groups" FLUSH
params: None
[2026-02-25 17:59:39,293] DEBUG djongo.sql2mongo.query sql_command: ALTER TABLE "django_admin_log" FLUSH
params: None
[2026-02-25 17:59:39,294] DEBUG djongo.sql2mongo.query sql_command: SELECT "django_content_type"."id", "django_content_type"."app_label", "django_content_type"."model" FROM "django_content_type" WHERE "django_content_type"."app_label" = %(0)s
params: ('admin',)
[2026-02-25 17:59:39,294] DEBUG djongo.sql2mongo.query Find query: {'filter': {'app_label': {'$eq': 'admin'}}, 'projection': ['id', 'app_label', 'model']}
[2026-02-25 17:59:39,295] DEBUG djongo.sql2mongo.query sql_command: INSERT INTO "django_content_type" ("app_label", "model") VALUES (%(0)s, %(1)s)
params: ('admin', 'logentry')
[2026-02-25 17:59:39,297] DEBUG djongo.sql2mongo.query inserted ids [ObjectId('699f7edb421deff2f70ed7a6')]
[2026-02-25 17:59:39,298] DEBUG djongo.sql2mongo.query sql_command: SELECT "django_content_type"."id", "django_content_type"."app_label", "django_content_type"."model" FROM "django_content_type" WHERE ("django_content_type"."app_label" = %(0)s AND "django_content_type"."model" = %(1)s) LIMIT 21
params: ('admin', 'logentry')
[2026-02-25 17:59:39,299] DEBUG djongo.sql2mongo.query Find query: {'filter': {'$and': [{'app_label': {'$eq': 'admin'}}, {'model': {'$eq': 'logentry'}}]}, 'projection': ['id', 'app_label', 'model'], 'limit': 21}
[2026-02-25 17:59:39,300] DEBUG djongo.sql2mongo.query Result: (29, 'admin', 'logentry')
[2026-02-25 17:59:39,300] DEBUG djongo.sql2mongo.query sql_command: SELECT "auth_permission"."content_type_id", "auth_permission"."codename" FROM "auth_permission" INNER JOIN "django_content_type" ON ("auth_permission"."content_type_id" = "django_content_type"."id") WHERE "auth_permission"."content_type_id" IN (%(0)s) ORDER BY "django_content_type"."app_label" ASC, "django_content_type"."model" ASC, "auth_permission"."codename" ASC
params: (29,)
[2026-02-25 17:59:39,303] DEBUG djongo.sql2mongo.query Aggregation query: [{'$match': {'content_type_id': {'$ne': None, '$exists': True}}}, {'$lookup': {'from': 'django_content_type', 'localField': 'content_type_id', 'foreignField': 'id', 'as': 'django_content_type'}}, {'$unwind': '$django_content_type'}, {'$match': {'content_type_id': {'$in': [29]}}}, {'$sort': OrderedDict({'django_content_type.app_label': 1, 'django_content_type.model': 1, 'codename': 1})}, {'$project': {'content_type_id': True, 'codename': True}}]
[2026-02-25 17:59:39,303] DEBUG djongo.sql2mongo.query sql_command: INSERT INTO "auth_permission" ("name", "content_type_id", "codename") VALUES (%(0)s, %(1)s, %(2)s) VALUES (%(3)s, %(4)s, %(5)s) VALUES (%(6)s, %(7)s, %(8)s) VALUES (%(9)s, %(10)s, %(11)s)
params: ('Can add log entry', 29, 'add_logentry', 'Can change log entry', 29, 'change_logentry', 'Can delete log entry', 29, 'delete_logentry', 'Can view log entry', 29, 'view_logentry')
[2026-02-25 17:59:39,305] DEBUG djongo.sql2mongo.query inserted ids [ObjectId('699f7edb421deff2f70ed7a7'), ObjectId('699f7edb421deff2f70ed7a8'), ObjectId('699f7edb421deff2f70ed7a9'), ObjectId('699f7edb421deff2f70ed7aa')]
[2026-02-25 17:59:39,305] DEBUG djongo.sql2mongo.query sql_command: SELECT "django_content_type"."id", "django_content_type"."app_label", "django_content_type"."model" FROM "django_content_type" WHERE "django_content_type"."app_label" = %(0)s
params: ('admin',)
[2026-02-25 17:59:39,305] DEBUG djongo.sql2mongo.query Find query: {'filter': {'app_label': {'$eq': 'admin'}}, 'projection': ['id', 'app_label', 'model']}
[2026-02-25 17:59:39,306] DEBUG djongo.sql2mongo.query Result: (29, 'admin', 'logentry')
[2026-02-25 17:59:39,306] DEBUG djongo.sql2mongo.query sql_command: SELECT "django_content_type"."id", "django_content_type"."app_label", "django_content_type"."model" FROM "django_content_type" WHERE "django_content_type"."app_label" = %(0)s
params: ('auth',)
[2026-02-25 17:59:39,306] DEBUG djongo.sql2mongo.query Find query: {'filter': {'app_label': {'$eq': 'auth'}}, 'projection': ['id', 'app_label', 'model']}
[2026-02-25 17:59:39,307] DEBUG djongo.sql2mongo.query sql_command: INSERT INTO "django_content_type" ("app_label", "model") VALUES (%(0)s, %(1)s) VALUES (%(2)s, %(3)s) VALUES (%(4)s, %(5)s)
params: ('auth', 'permission', 'auth', 'group', 'auth', 'user')
[2026-02-25 17:59:39,309] DEBUG djongo.sql2mongo.query inserted ids [ObjectId('699f7edb421deff2f70ed7ab'), ObjectId('699f7edb421deff2f70ed7ac'), ObjectId('699f7edb421deff2f70ed7ad')]
[2026-02-25 17:59:39,309] DEBUG djongo.sql2mongo.query sql_command: SELECT "django_content_type"."id", "django_content_type"."app_label", "django_content_type"."model" FROM "django_content_type" WHERE ("django_content_type"."app_label" = %(0)s AND "django_content_type"."model" = %(1)s) LIMIT 21
params: ('auth', 'permission')
[2026-02-25 17:59:39,309] DEBUG djongo.sql2mongo.query Find query: {'filter': {'$and': [{'app_label': {'$eq': 'auth'}}, {'model': {'$eq': 'permission'}}]}, 'projection': ['id', 'app_label', 'model'], 'limit': 21}
[2026-02-25 17:59:39,310] DEBUG djongo.sql2mongo.query Result: (30, 'auth', 'permission')
[2026-02-25 17:59:39,310] DEBUG djongo.sql2mongo.query sql_command: SELECT "django_content_type"."id", "django_content_type"."app_label", "django_content_type"."model" FROM "django_content_type" WHERE ("django_content_type"."app_label" = %(0)s AND "django_content_type"."model" = %(1)s) LIMIT 21
params: ('auth', 'group')
[2026-02-25 17:59:39,311] DEBUG djongo.sql2mongo.query Find query: {'filter': {'$and': [{'app_label': {'$eq': 'auth'}}, {'model': {'$eq': 'group'}}]}, 'projection': ['id', 'app_label', 'model'], 'limit': 21}
[2026-02-25 17:59:39,311] DEBUG djongo.sql2mongo.query Result: (31, 'auth', 'group')
[2026-02-25 17:59:39,312] DEBUG djongo.sql2mongo.query sql_command: SELECT "django_content_type"."id", "django_content_type"."app_label", "django_content_type"."model" FROM "django_content_type" WHERE ("django_content_type"."app_label" = %(0)s AND "django_content_type"."model" = %(1)s) LIMIT 21
params: ('auth', 'user')
[2026-02-25 17:59:39,312] DEBUG djongo.sql2mongo.query Find query: {'filter': {'$and': [{'app_label': {'$eq': 'auth'}}, {'model': {'$eq': 'user'}}]}, 'projection': ['id', 'app_label', 'model'], 'limit': 21}
[2026-02-25 17:59:39,313] DEBUG djongo.sql2mongo.query Result: (32, 'auth', 'user')
[2026-02-25 17:59:39,313] DEBUG djongo.sql2mongo.query sql_command: SELECT "auth_permission"."content_type_id", "auth_permission"."codename" FROM "auth_permission" INNER JOIN "django_content_type" ON ("auth_permission"."content_type_id" = "django_content_type"."id") WHERE "auth_permission"."content_type_id" IN (%(0)s, %(1)s, %(2)s) ORDER BY "django_content_type"."app_label" ASC, "django_content_type"."model" ASC, "auth_permission"."codename" ASC
params: (32, 30, 31)
[2026-02-25 17:59:39,317] DEBUG djongo.sql2mongo.query Aggregation query: [{'$match': {'content_type_id': {'$ne': None, '$exists': True}}}, {'$lookup': {'from': 'django_content_type', 'localField': 'content_type_id', 'foreignField': 'id', 'as': 'django_content_type'}}, {'$unwind': '$django_content_type'}, {'$match': {'content_type_id': {'$in': [32, 30, 31]}}}, {'$sort': OrderedDict({'django_content_type.app_label': 1, 'django_content_type.model': 1, 'codename': 1})}, {'$project': {'content_type_id': True, 'codename': True}}]
[2026-02-25 17:59:39,317] DEBUG djongo.sql2mongo.query sql_command: INSERT INTO "auth_permission" ("name", "content_type_id", "codename") VALUES (%(0)s, %(1)s, %(2)s) VALUES (%(3)s, %(4)s, %(5)s) VALUES (%(6)s, %(7)s, %(8)s) VALUES (%(9)s, %(10)s, %(11)s) VALUES (%(12)s, %(13)s, %(14)s) VALUES (%(15)s, %(16)s, %(17)s) VALUES (%(18)s, %(19)s, %(20)s) VALUES (%(21)s, %(22)s, %(23)s) VALUES (%(24)s, %(25)s, %(26)s) VALUES (%(27)s, %(28)s, %(29)s) VALUES (%(30)s, %(31)s, %(32)s) VALUES (%(33)s, %(34)s, %(35)s)
params: ('Can add permission', 30, 'add_permission', 'Can change permission', 30, 'change_permission', 'Can delete permission', 30, 'delete_permission', 'Can view permission', 30, 'view_permission', 'Can add group', 31, 'add_group', 'Can change group', 31, 'change_group', 'Can delete group', 31, 'delete_group', 'Can view group', 31, 'view_group', 'Can add user', 32, 'add_user', 'Can change user', 32, 'change_user', 'Can delete user', 32, 'delete_user', 'Can view user', 32, 'view_user')
[2026-02-25 17:59:39,322] DEBUG djongo.sql2mongo.query inserted ids [ObjectId('699f7edb421deff2f70ed7ae'), ObjectId('699f7edb421deff2f70ed7af'), ObjectId('699f7edb421deff2f70ed7b0'), ObjectId('699f7edb421deff2f70ed7b1'), ObjectId('699f7edb421deff2f70ed7b2'), ObjectId('699f7edb421deff2f70ed7b3'), ObjectId('699f7edb421deff2f70ed7b4'), ObjectId('699f7edb421deff2f70ed7b5'), ObjectId('699f7edb421deff2f70ed7b6'), ObjectId('699f7edb421deff2f70ed7b7'), ObjectId('699f7edb421deff2f70ed7b8'), ObjectId('699f7edb421deff2f70ed7b9')]
[2026-02-25 17:59:39,323] DEBUG djongo.sql2mongo.query sql_command: SELECT "django_content_type"."id", "django_content_type"."app_label", "django_content_type"."model" FROM "django_content_type" WHERE "django_content_type"."app_label" = %(0)s
params: ('auth',)
[2026-02-25 17:59:39,323] DEBUG djongo.sql2mongo.query Find query: {'filter': {'app_label': {'$eq': 'auth'}}, 'projection': ['id', 'app_label', 'model']}
[2026-02-25 17:59:39,324] DEBUG djongo.sql2mongo.query Result: (31, 'auth', 'group')
[2026-02-25 17:59:39,324] DEBUG djongo.sql2mongo.query Result: (30, 'auth', 'permission')
[2026-02-25 17:59:39,324] DEBUG djongo.sql2mongo.query Result: (32, 'auth', 'user')
[2026-02-25 17:59:39,324] DEBUG djongo.sql2mongo.query sql_command: SELECT "django_content_type"."id", "django_content_type"."app_label", "django_content_type"."model" FROM "django_content_type" WHERE "django_content_type"."app_label" = %(0)s
params: ('contenttypes',)
[2026-02-25 17:59:39,325] DEBUG djongo.sql2mongo.query Find query: {'filter': {'app_label': {'$eq': 'contenttypes'}}, 'projection': ['id', 'app_label', 'model']}
[2026-02-25 17:59:39,326] DEBUG djongo.sql2mongo.query sql_command: INSERT INTO "django_content_type" ("app_label", "model") VALUES (%(0)s, %(1)s)
params: ('contenttypes', 'contenttype')
[2026-02-25 17:59:39,329] DEBUG djongo.sql2mongo.query inserted ids [ObjectId('699f7edb421deff2f70ed7ba')]
[2026-02-25 17:59:39,329] DEBUG djongo.sql2mongo.query sql_command: SELECT "django_content_type"."id", "django_content_type"."app_label", "django_content_type"."model" FROM "django_content_type" WHERE ("django_content_type"."app_label" = %(0)s AND "django_content_type"."model" = %(1)s) LIMIT 21
params: ('contenttypes', 'contenttype')
[2026-02-25 17:59:39,330] DEBUG djongo.sql2mongo.query Find query: {'filter': {'$and': [{'app_label': {'$eq': 'contenttypes'}}, {'model': {'$eq': 'contenttype'}}]}, 'projection': ['id', 'app_label', 'model'], 'limit': 21}
[2026-02-25 17:59:39,331] DEBUG djongo.sql2mongo.query Result: (33, 'contenttypes', 'contenttype')
[2026-02-25 17:59:39,332] DEBUG djongo.sql2mongo.query sql_command: SELECT "auth_permission"."content_type_id", "auth_permission"."codename" FROM "auth_permission" INNER JOIN "django_content_type" ON ("auth_permission"."content_type_id" = "django_content_type"."id") WHERE "auth_permission"."content_type_id" IN (%(0)s) ORDER BY "django_content_type"."app_label" ASC, "django_content_type"."model" ASC, "auth_permission"."codename" ASC
params: (33,)
[2026-02-25 17:59:39,335] DEBUG djongo.sql2mongo.query Aggregation query: [{'$match': {'content_type_id': {'$ne': None, '$exists': True}}}, {'$lookup': {'from': 'django_content_type', 'localField': 'content_type_id', 'foreignField': 'id', 'as': 'django_content_type'}}, {'$unwind': '$django_content_type'}, {'$match': {'content_type_id': {'$in': [33]}}}, {'$sort': OrderedDict({'django_content_type.app_label': 1, 'django_content_type.model': 1, 'codename': 1})}, {'$project': {'content_type_id': True, 'codename': True}}]
[2026-02-25 17:59:39,335] DEBUG djongo.sql2mongo.query sql_command: INSERT INTO "auth_permission" ("name", "content_type_id", "codename") VALUES (%(0)s, %(1)s, %(2)s) VALUES (%(3)s, %(4)s, %(5)s) VALUES (%(6)s, %(7)s, %(8)s) VALUES (%(9)s, %(10)s, %(11)s)
params: ('Can add content type', 33, 'add_contenttype', 'Can change content type', 33, 'change_contenttype', 'Can delete content type', 33, 'delete_contenttype', 'Can view content type', 33, 'view_contenttype')
[2026-02-25 17:59:39,337] DEBUG djongo.sql2mongo.query inserted ids [ObjectId('699f7edb421deff2f70ed7bb'), ObjectId('699f7edb421deff2f70ed7bc'), ObjectId('699f7edb421deff2f70ed7bd'), ObjectId('699f7edb421deff2f70ed7be')]
[2026-02-25 17:59:39,337] DEBUG djongo.sql2mongo.query sql_command: SELECT "django_content_type"."id", "django_content_type"."app_label", "django_content_type"."model" FROM "django_content_type" WHERE "django_content_type"."app_label" = %(0)s
params: ('contenttypes',)
[2026-02-25 17:59:39,337] DEBUG djongo.sql2mongo.query Find query: {'filter': {'app_label': {'$eq': 'contenttypes'}}, 'projection': ['id', 'app_label', 'model']}
[2026-02-25 17:59:39,338] DEBUG djongo.sql2mongo.query Result: (33, 'contenttypes', 'contenttype')
[2026-02-25 17:59:39,338] DEBUG djongo.sql2mongo.query sql_command: SELECT "django_content_type"."id", "django_content_type"."app_label", "django_content_type"."model" FROM "django_content_type" WHERE "django_content_type"."app_label" = %(0)s
params: ('sessions',)
[2026-02-25 17:59:39,338] DEBUG djongo.sql2mongo.query Find query: {'filter': {'app_label': {'$eq': 'sessions'}}, 'projection': ['id', 'app_label', 'model']}
[2026-02-25 17:59:39,339] DEBUG djongo.sql2mongo.query sql_command: INSERT INTO "django_content_type" ("app_label", "model") VALUES (%(0)s, %(1)s)
params: ('sessions', 'session')
[2026-02-25 17:59:39,344] DEBUG djongo.sql2mongo.query inserted ids [ObjectId('699f7edb421deff2f70ed7bf')]
[2026-02-25 17:59:39,344] DEBUG djongo.sql2mongo.query sql_command: SELECT "django_content_type"."id", "django_content_type"."app_label", "django_content_type"."model" FROM "django_content_type" WHERE ("django_content_type"."app_label" = %(0)s AND "django_content_type"."model" = %(1)s) LIMIT 21
params: ('sessions', 'session')
[2026-02-25 17:59:39,345] DEBUG djongo.sql2mongo.query Find query: {'filter': {'$and': [{'app_label': {'$eq': 'sessions'}}, {'model': {'$eq': 'session'}}]}, 'projection': ['id', 'app_label', 'model'], 'limit': 21}
[2026-02-25 17:59:39,345] DEBUG djongo.sql2mongo.query Result: (34, 'sessions', 'session')
[2026-02-25 17:59:39,346] DEBUG djongo.sql2mongo.query sql_command: SELECT "auth_permission"."content_type_id", "auth_permission"."codename" FROM "auth_permission" INNER JOIN "django_content_type" ON ("auth_permission"."content_type_id" = "django_content_type"."id") WHERE "auth_permission"."content_type_id" IN (%(0)s) ORDER BY "django_content_type"."app_label" ASC, "django_content_type"."model" ASC, "auth_permission"."codename" ASC
params: (34,)
[2026-02-25 17:59:39,348] DEBUG djongo.sql2mongo.query Aggregation query: [{'$match': {'content_type_id': {'$ne': None, '$exists': True}}}, {'$lookup': {'from': 'django_content_type', 'localField': 'content_type_id', 'foreignField': 'id', 'as': 'django_content_type'}}, {'$unwind': '$django_content_type'}, {'$match': {'content_type_id': {'$in': [34]}}}, {'$sort': OrderedDict({'django_content_type.app_label': 1, 'django_content_type.model': 1, 'codename': 1})}, {'$project': {'content_type_id': True, 'codename': True}}]
[2026-02-25 17:59:39,348] DEBUG djongo.sql2mongo.query sql_command: INSERT INTO "auth_permission" ("name", "content_type_id", "codename") VALUES (%(0)s, %(1)s, %(2)s) VALUES (%(3)s, %(4)s, %(5)s) VALUES (%(6)s, %(7)s, %(8)s) VALUES (%(9)s, %(10)s, %(11)s)
params: ('Can add session', 34, 'add_session', 'Can change session', 34, 'change_session', 'Can delete session', 34, 'delete_session', 'Can view session', 34, 'view_session')
[2026-02-25 17:59:39,349] DEBUG djongo.sql2mongo.query inserted ids [ObjectId('699f7edb421deff2f70ed7c0'), ObjectId('699f7edb421deff2f70ed7c1'), ObjectId('699f7edb421deff2f70ed7c2'), ObjectId('699f7edb421deff2f70ed7c3')]
[2026-02-25 17:59:39,350] DEBUG djongo.sql2mongo.query sql_command: SELECT "django_content_type"."id", "django_content_type"."app_label", "django_content_type"."model" FROM "django_content_type" WHERE "django_content_type"."app_label" = %(0)s
params: ('sessions',)
[2026-02-25 17:59:39,350] DEBUG djongo.sql2mongo.query Find query: {'filter': {'app_label': {'$eq': 'sessions'}}, 'projection': ['id', 'app_label', 'model']}
[2026-02-25 17:59:39,351] DEBUG djongo.sql2mongo.query Result: (34, 'sessions', 'session')
[2026-02-25 17:59:39,351] DEBUG djongo.sql2mongo.query sql_command: SELECT "django_content_type"."id", "django_content_type"."app_label", "django_content_type"."model" FROM "django_content_type" WHERE "django_content_type"."app_label" = %(0)s
params: ('webhooks',)
[2026-02-25 17:59:39,351] DEBUG djongo.sql2mongo.query Find query: {'filter': {'app_label': {'$eq': 'webhooks'}}, 'projection': ['id', 'app_label', 'model']}
[2026-02-25 17:59:39,352] DEBUG djongo.sql2mongo.query sql_command: INSERT INTO "django_content_type" ("app_label", "model") VALUES (%(0)s, %(1)s)
params: ('webhooks', 'webhookevent')
[2026-02-25 17:59:39,353] DEBUG djongo.sql2mongo.query inserted ids [ObjectId('699f7edb421deff2f70ed7c4')]
[2026-02-25 17:59:39,353] DEBUG djongo.sql2mongo.query sql_command: SELECT "django_content_type"."id", "django_content_type"."app_label", "django_content_type"."model" FROM "django_content_type" WHERE ("django_content_type"."app_label" = %(0)s AND "django_content_type"."model" = %(1)s) LIMIT 21
params: ('webhooks', 'webhookevent')
[2026-02-25 17:59:39,354] DEBUG djongo.sql2mongo.query Find query: {'filter': {'$and': [{'app_label': {'$eq': 'webhooks'}}, {'model': {'$eq': 'webhookevent'}}]}, 'projection': ['id', 'app_label', 'model'], 'limit': 21}
[2026-02-25 17:59:39,354] DEBUG djongo.sql2mongo.query Result: (35, 'webhooks', 'webhookevent')
[2026-02-25 17:59:39,354] DEBUG djongo.sql2mongo.query sql_command: SELECT "auth_permission"."content_type_id", "auth_permission"."codename" FROM "auth_permission" INNER JOIN "django_content_type" ON ("auth_permission"."content_type_id" = "django_content_type"."id") WHERE "auth_permission"."content_type_id" IN (%(0)s) ORDER BY "django_content_type"."app_label" ASC, "django_content_type"."model" ASC, "auth_permission"."codename" ASC
params: (35,)
[2026-02-25 17:59:39,356] DEBUG djongo.sql2mongo.query Aggregation query: [{'$match': {'content_type_id': {'$ne': None, '$exists': True}}}, {'$lookup': {'from': 'django_content_type', 'localField': 'content_type_id', 'foreignField': 'id', 'as': 'django_content_type'}}, {'$unwind': '$django_content_type'}, {'$match': {'content_type_id': {'$in': [35]}}}, {'$sort': OrderedDict({'django_content_type.app_label': 1, 'django_content_type.model': 1, 'codename': 1})}, {'$project': {'content_type_id': True, 'codename': True}}]
[2026-02-25 17:59:39,356] DEBUG djongo.sql2mongo.query sql_command: INSERT INTO "auth_permission" ("name", "content_type_id", "codename") VALUES (%(0)s, %(1)s, %(2)s) VALUES (%(3)s, %(4)s, %(5)s) VALUES (%(6)s, %(7)s, %(8)s) VALUES (%(9)s, %(10)s, %(11)s)
params: ('Can add Webhook Event', 35, 'add_webhookevent', 'Can change Webhook Event', 35, 'change_webhookevent', 'Can delete Webhook Event', 35, 'delete_webhookevent', 'Can view Webhook Event', 35, 'view_webhookevent')
[2026-02-25 17:59:39,358] DEBUG djongo.sql2mongo.query inserted ids [ObjectId('699f7edb421deff2f70ed7c5'), ObjectId('699f7edb421deff2f70ed7c6'), ObjectId('699f7edb421deff2f70ed7c7'), ObjectId('699f7edb421deff2f70ed7c8')]
[2026-02-25 17:59:39,358] DEBUG djongo.sql2mongo.query sql_command: SELECT "django_content_type"."id", "django_content_type"."app_label", "django_content_type"."model" FROM "django_content_type" WHERE "django_content_type"."app_label" = %(0)s
params: ('webhooks',)
[2026-02-25 17:59:39,358] DEBUG djongo.sql2mongo.query Find query: {'filter': {'app_label': {'$eq': 'webhooks'}}, 'projection': ['id', 'app_label', 'model']}
[2026-02-25 17:59:39,359] DEBUG djongo.sql2mongo.query Result: (35, 'webhooks', 'webhookevent')
[2026-02-25 17:59:39,359] DEBUG djongo.sql2mongo.query sql_command: SELECT "django_content_type"."id", "django_content_type"."app_label", "django_content_type"."model" FROM "django_content_type" WHERE "django_content_type"."app_label" = %(0)s
params: ('broker_connector',)
[2026-02-25 17:59:39,360] DEBUG djongo.sql2mongo.query Find query: {'filter': {'app_label': {'$eq': 'broker_connector'}}, 'projection': ['id', 'app_label', 'model']}
[2026-02-25 17:59:39,360] DEBUG djongo.sql2mongo.query sql_command: INSERT INTO "django_content_type" ("app_label", "model") VALUES (%(0)s, %(1)s)
params: ('broker_connector', 'brokeraccount')
[2026-02-25 17:59:39,361] DEBUG djongo.sql2mongo.query inserted ids [ObjectId('699f7edb421deff2f70ed7c9')]
[2026-02-25 17:59:39,361] DEBUG djongo.sql2mongo.query sql_command: SELECT "django_content_type"."id", "django_content_type"."app_label", "django_content_type"."model" FROM "django_content_type" WHERE ("django_content_type"."app_label" = %(0)s AND "django_content_type"."model" = %(1)s) LIMIT 21
params: ('broker_connector', 'brokeraccount')
[2026-02-25 17:59:39,362] DEBUG djongo.sql2mongo.query Find query: {'filter': {'$and': [{'app_label': {'$eq': 'broker_connector'}}, {'model': {'$eq': 'brokeraccount'}}]}, 'projection': ['id', 'app_label', 'model'], 'limit': 21}
[2026-02-25 17:59:39,363] DEBUG djongo.sql2mongo.query Result: (36, 'broker_connector', 'brokeraccount')
[2026-02-25 17:59:39,363] DEBUG djongo.sql2mongo.query sql_command: SELECT "auth_permission"."content_type_id", "auth_permission"."codename" FROM "auth_permission" INNER JOIN "django_content_type" ON ("auth_permission"."content_type_id" = "django_content_type"."id") WHERE "auth_permission"."content_type_id" IN (%(0)s) ORDER BY "django_content_type"."app_label" ASC, "django_content_type"."model" ASC, "auth_permission"."codename" ASC
params: (36,)
[2026-02-25 17:59:39,365] DEBUG djongo.sql2mongo.query Aggregation query: [{'$match': {'content_type_id': {'$ne': None, '$exists': True}}}, {'$lookup': {'from': 'django_content_type', 'localField': 'content_type_id', 'foreignField': 'id', 'as': 'django_content_type'}}, {'$unwind': '$django_content_type'}, {'$match': {'content_type_id': {'$in': [36]}}}, {'$sort': OrderedDict({'django_content_type.app_label': 1, 'django_content_type.model': 1, 'codename': 1})}, {'$project': {'content_type_id': True, 'codename': True}}]
[2026-02-25 17:59:39,365] DEBUG djongo.sql2mongo.query sql_command: INSERT INTO "auth_permission" ("name", "content_type_id", "codename") VALUES (%(0)s, %(1)s, %(2)s) VALUES (%(3)s, %(4)s, %(5)s) VALUES (%(6)s, %(7)s, %(8)s) VALUES (%(9)s, %(10)s, %(11)s)
params: ('Can add Broker Account', 36, 'add_brokeraccount', 'Can change Broker Account', 36, 'change_brokeraccount', 'Can delete Broker Account', 36, 'delete_brokeraccount', 'Can view Broker Account', 36, 'view_brokeraccount')
[2026-02-25 17:59:39,368] DEBUG djongo.sql2mongo.query inserted ids [ObjectId('699f7edb421deff2f70ed7ca'), ObjectId('699f7edb421deff2f70ed7cb'), ObjectId('699f7edb421deff2f70ed7cc'), ObjectId('699f7edb421deff2f70ed7cd')]
[2026-02-25 17:59:39,368] DEBUG djongo.sql2mongo.query sql_command: SELECT "django_content_type"."id", "django_content_type"."app_label", "django_content_type"."model" FROM "django_content_type" WHERE "django_content_type"."app_label" = %(0)s
params: ('broker_connector',)
[2026-02-25 17:59:39,368] DEBUG djongo.sql2mongo.query Find query: {'filter': {'app_label': {'$eq': 'broker_connector'}}, 'projection': ['id', 'app_label', 'model']}
[2026-02-25 17:59:39,369] DEBUG djongo.sql2mongo.query Result: (36, 'broker_connector', 'brokeraccount')
[2026-02-25 17:59:39,369] DEBUG djongo.sql2mongo.query sql_command: SELECT "django_content_type"."id", "django_content_type"."app_label", "django_content_type"."model" FROM "django_content_type" WHERE "django_content_type"."app_label" = %(0)s
params: ('execution_engine',)
[2026-02-25 17:59:39,369] DEBUG djongo.sql2mongo.query Find query: {'filter': {'app_label': {'$eq': 'execution_engine'}}, 'projection': ['id', 'app_label', 'model']}
[2026-02-25 17:59:39,370] DEBUG djongo.sql2mongo.query sql_command: INSERT INTO "django_content_type" ("app_label", "model") VALUES (%(0)s, %(1)s)
params: ('execution_engine', 'trade')
[2026-02-25 17:59:39,371] DEBUG djongo.sql2mongo.query inserted ids [ObjectId('699f7edb421deff2f70ed7ce')]
[2026-02-25 17:59:39,371] DEBUG djongo.sql2mongo.query sql_command: SELECT "django_content_type"."id", "django_content_type"."app_label", "django_content_type"."model" FROM "django_content_type" WHERE ("django_content_type"."app_label" = %(0)s AND "django_content_type"."model" = %(1)s) LIMIT 21
params: ('execution_engine', 'trade')
[2026-02-25 17:59:39,372] DEBUG djongo.sql2mongo.query Find query: {'filter': {'$and': [{'app_label': {'$eq': 'execution_engine'}}, {'model': {'$eq': 'trade'}}]}, 'projection': ['id', 'app_label', 'model'], 'limit': 21}
[2026-02-25 17:59:39,373] DEBUG djongo.sql2mongo.query Result: (37, 'execution_engine', 'trade')
[2026-02-25 17:59:39,373] DEBUG djongo.sql2mongo.query sql_command: SELECT "auth_permission"."content_type_id", "auth_permission"."codename" FROM "auth_permission" INNER JOIN "django_content_type" ON ("auth_permission"."content_type_id" = "django_content_type"."id") WHERE "auth_permission"."content_type_id" IN (%(0)s) ORDER BY "django_content_type"."app_label" ASC, "django_content_type"."model" ASC, "auth_permission"."codename" ASC
params: (37,)
[2026-02-25 17:59:39,374] DEBUG djongo.sql2mongo.query Aggregation query: [{'$match': {'content_type_id': {'$ne': None, '$exists': True}}}, {'$lookup': {'from': 'django_content_type', 'localField': 'content_type_id', 'foreignField': 'id', 'as': 'django_content_type'}}, {'$unwind': '$django_content_type'}, {'$match': {'content_type_id': {'$in': [37]}}}, {'$sort': OrderedDict({'django_content_type.app_label': 1, 'django_content_type.model': 1, 'codename': 1})}, {'$project': {'content_type_id': True, 'codename': True}}]
[2026-02-25 17:59:39,375] DEBUG djongo.sql2mongo.query sql_command: INSERT INTO "auth_permission" ("name", "content_type_id", "codename") VALUES (%(0)s, %(1)s, %(2)s) VALUES (%(3)s, %(4)s, %(5)s) VALUES (%(6)s, %(7)s, %(8)s) VALUES (%(9)s, %(10)s, %(11)s)
params: ('Can add Trade', 37, 'add_trade', 'Can change Trade', 37, 'change_trade', 'Can delete Trade', 37, 'delete_trade', 'Can view Trade', 37, 'view_trade')
[2026-02-25 17:59:39,377] DEBUG djongo.sql2mongo.query inserted ids [ObjectId('699f7edb421deff2f70ed7cf'), ObjectId('699f7edb421deff2f70ed7d0'), ObjectId('699f7edb421deff2f70ed7d1'), ObjectId('699f7edb421deff2f70ed7d2')]
[2026-02-25 17:59:39,377] DEBUG djongo.sql2mongo.query sql_command: SELECT "django_content_type"."id", "django_content_type"."app_label", "django_content_type"."model" FROM "django_content_type" WHERE "django_content_type"."app_label" = %(0)s
params: ('execution_engine',)
[2026-02-25 17:59:39,377] DEBUG djongo.sql2mongo.query Find query: {'filter': {'app_label': {'$eq': 'execution_engine'}}, 'projection': ['id', 'app_label', 'model']}
[2026-02-25 17:59:39,378] DEBUG djongo.sql2mongo.query Result: (37, 'execution_engine', 'trade')
[2026-02-25 17:59:39,378] DEBUG djongo.sql2mongo.query sql_command: SELECT "django_content_type"."id", "django_content_type"."app_label", "django_content_type"."model" FROM "django_content_type" WHERE "django_content_type"."app_label" = %(0)s
params: ('risk_management',)
[2026-02-25 17:59:39,378] DEBUG djongo.sql2mongo.query Find query: {'filter': {'app_label': {'$eq': 'risk_management'}}, 'projection': ['id', 'app_label', 'model']}
[2026-02-25 17:59:39,379] DEBUG djongo.sql2mongo.query sql_command: INSERT INTO "django_content_type" ("app_label", "model") VALUES (%(0)s, %(1)s) VALUES (%(2)s, %(3)s)
params: ('risk_management', 'riskconfig', 'risk_management', 'propfirmaccount')
[2026-02-25 17:59:39,380] DEBUG djongo.sql2mongo.query inserted ids [ObjectId('699f7edb421deff2f70ed7d3'), ObjectId('699f7edb421deff2f70ed7d4')]
[2026-02-25 17:59:39,380] DEBUG djongo.sql2mongo.query sql_command: SELECT "django_content_type"."id", "django_content_type"."app_label", "django_content_type"."model" FROM "django_content_type" WHERE ("django_content_type"."app_label" = %(0)s AND "django_content_type"."model" = %(1)s) LIMIT 21
params: ('risk_management', 'riskconfig')
[2026-02-25 17:59:39,380] DEBUG djongo.sql2mongo.query Find query: {'filter': {'$and': [{'app_label': {'$eq': 'risk_management'}}, {'model': {'$eq': 'riskconfig'}}]}, 'projection': ['id', 'app_label', 'model'], 'limit': 21}
[2026-02-25 17:59:39,381] DEBUG djongo.sql2mongo.query Result: (38, 'risk_management', 'riskconfig')
[2026-02-25 17:59:39,381] DEBUG djongo.sql2mongo.query sql_command: SELECT "django_content_type"."id", "django_content_type"."app_label", "django_content_type"."model" FROM "django_content_type" WHERE ("django_content_type"."app_label" = %(0)s AND "django_content_type"."model" = %(1)s) LIMIT 21
params: ('risk_management', 'propfirmaccount')
[2026-02-25 17:59:39,382] DEBUG djongo.sql2mongo.query Find query: {'filter': {'$and': [{'app_label': {'$eq': 'risk_management'}}, {'model': {'$eq': 'propfirmaccount'}}]}, 'projection': ['id', 'app_label', 'model'], 'limit': 21}
[2026-02-25 17:59:39,382] DEBUG djongo.sql2mongo.query Result: (39, 'risk_management', 'propfirmaccount')
[2026-02-25 17:59:39,382] DEBUG djongo.sql2mongo.query sql_command: SELECT "auth_permission"."content_type_id", "auth_permission"."codename" FROM "auth_permission" INNER JOIN "django_content_type" ON ("auth_permission"."content_type_id" = "django_content_type"."id") WHERE "auth_permission"."content_type_id" IN (%(0)s, %(1)s) ORDER BY "django_content_type"."app_label" ASC, "django_content_type"."model" ASC, "auth_permission"."codename" ASC
params: (38, 39)
[2026-02-25 17:59:39,384] DEBUG djongo.sql2mongo.query Aggregation query: [{'$match': {'content_type_id': {'$ne': None, '$exists': True}}}, {'$lookup': {'from': 'django_content_type', 'localField': 'content_type_id', 'foreignField': 'id', 'as': 'django_content_type'}}, {'$unwind': '$django_content_type'}, {'$match': {'content_type_id': {'$in': [38, 39]}}}, {'$sort': OrderedDict({'django_content_type.app_label': 1, 'django_content_type.model': 1, 'codename': 1})}, {'$project': {'content_type_id': True, 'codename': True}}]
[2026-02-25 17:59:39,385] DEBUG djongo.sql2mongo.query sql_command: INSERT INTO "auth_permission" ("name", "content_type_id", "codename") VALUES (%(0)s, %(1)s, %(2)s) VALUES (%(3)s, %(4)s, %(5)s) VALUES (%(6)s, %(7)s, %(8)s) VALUES (%(9)s, %(10)s, %(11)s) VALUES (%(12)s, %(13)s, %(14)s) VALUES (%(15)s, %(16)s, %(17)s) VALUES (%(18)s, %(19)s, %(20)s) VALUES (%(21)s, %(22)s, %(23)s)
params: ('Can add Risk Configuration', 38, 'add_riskconfig', 'Can change Risk Configuration', 38, 'change_riskconfig', 'Can delete Risk Configuration', 38, 'delete_riskconfig', 'Can view Risk Configuration', 38, 'view_riskconfig', 'Can add Prop Firm Account', 39, 'add_propfirmaccount', 'Can change Prop Firm Account', 39, 'change_propfirmaccount', 'Can delete Prop Firm Account', 39, 'delete_propfirmaccount', 'Can view Prop Firm Account', 39, 'view_propfirmaccount')
[2026-02-25 17:59:39,387] DEBUG djongo.sql2mongo.query inserted ids [ObjectId('699f7edb421deff2f70ed7d5'), ObjectId('699f7edb421deff2f70ed7d6'), ObjectId('699f7edb421deff2f70ed7d7'), ObjectId('699f7edb421deff2f70ed7d8'), ObjectId('699f7edb421deff2f70ed7d9'), ObjectId('699f7edb421deff2f70ed7da'), ObjectId('699f7edb421deff2f70ed7db'), ObjectId('699f7edb421deff2f70ed7dc')]
[2026-02-25 17:59:39,387] DEBUG djongo.sql2mongo.query sql_command: SELECT "django_content_type"."id", "django_content_type"."app_label", "django_content_type"."model" FROM "django_content_type" WHERE "django_content_type"."app_label" = %(0)s
params: ('risk_management',)
[2026-02-25 17:59:39,388] DEBUG djongo.sql2mongo.query Find query: {'filter': {'app_label': {'$eq': 'risk_management'}}, 'projection': ['id', 'app_label', 'model']}
[2026-02-25 17:59:39,388] DEBUG djongo.sql2mongo.query Result: (39, 'risk_management', 'propfirmaccount')
[2026-02-25 17:59:39,388] DEBUG djongo.sql2mongo.query Result: (38, 'risk_management', 'riskconfig')
[2026-02-25 17:59:39,388] DEBUG djongo.sql2mongo.query sql_command: SELECT "django_content_type"."id", "django_content_type"."app_label", "django_content_type"."model" FROM "django_content_type" WHERE "django_content_type"."app_label" = %(0)s
params: ('market_data',)
[2026-02-25 17:59:39,389] DEBUG djongo.sql2mongo.query Find query: {'filter': {'app_label': {'$eq': 'market_data'}}, 'projection': ['id', 'app_label', 'model']}
[2026-02-25 17:59:39,389] DEBUG djongo.sql2mongo.query sql_command: INSERT INTO "django_content_type" ("app_label", "model") VALUES (%(0)s, %(1)s)
params: ('market_data', 'ohlcvbar')
[2026-02-25 17:59:39,391] DEBUG djongo.sql2mongo.query inserted ids [ObjectId('699f7edb421deff2f70ed7dd')]
[2026-02-25 17:59:39,391] DEBUG djongo.sql2mongo.query sql_command: SELECT "django_content_type"."id", "django_content_type"."app_label", "django_content_type"."model" FROM "django_content_type" WHERE ("django_content_type"."app_label" = %(0)s AND "django_content_type"."model" = %(1)s) LIMIT 21
params: ('market_data', 'ohlcvbar')
[2026-02-25 17:59:39,392] DEBUG djongo.sql2mongo.query Find query: {'filter': {'$and': [{'app_label': {'$eq': 'market_data'}}, {'model': {'$eq': 'ohlcvbar'}}]}, 'projection': ['id', 'app_label', 'model'], 'limit': 21}
[2026-02-25 17:59:39,392] DEBUG djongo.sql2mongo.query Result: (40, 'market_data', 'ohlcvbar')
[2026-02-25 17:59:39,393] DEBUG djongo.sql2mongo.query sql_command: SELECT "auth_permission"."content_type_id", "auth_permission"."codename" FROM "auth_permission" INNER JOIN "django_content_type" ON ("auth_permission"."content_type_id" = "django_content_type"."id") WHERE "auth_permission"."content_type_id" IN (%(0)s) ORDER BY "django_content_type"."app_label" ASC, "django_content_type"."model" ASC, "auth_permission"."codename" ASC
params: (40,)
[2026-02-25 17:59:39,394] DEBUG djongo.sql2mongo.query Aggregation query: [{'$match': {'content_type_id': {'$ne': None, '$exists': True}}}, {'$lookup': {'from': 'django_content_type', 'localField': 'content_type_id', 'foreignField': 'id', 'as': 'django_content_type'}}, {'$unwind': '$django_content_type'}, {'$match': {'content_type_id': {'$in': [40]}}}, {'$sort': OrderedDict({'django_content_type.app_label': 1, 'django_content_type.model': 1, 'codename': 1})}, {'$project': {'content_type_id': True, 'codename': True}}]
[2026-02-25 17:59:39,394] DEBUG djongo.sql2mongo.query sql_command: INSERT INTO "auth_permission" ("name", "content_type_id", "codename") VALUES (%(0)s, %(1)s, %(2)s) VALUES (%(3)s, %(4)s, %(5)s) VALUES (%(6)s, %(7)s, %(8)s) VALUES (%(9)s, %(10)s, %(11)s)
params: ('Can add OHLCV Bar', 40, 'add_ohlcvbar', 'Can change OHLCV Bar', 40, 'change_ohlcvbar', 'Can delete OHLCV Bar', 40, 'delete_ohlcvbar', 'Can view OHLCV Bar', 40, 'view_ohlcvbar')
[2026-02-25 17:59:39,396] DEBUG djongo.sql2mongo.query inserted ids [ObjectId('699f7edb421deff2f70ed7de'), ObjectId('699f7edb421deff2f70ed7df'), ObjectId('699f7edb421deff2f70ed7e0'), ObjectId('699f7edb421deff2f70ed7e1')]
[2026-02-25 17:59:39,396] DEBUG djongo.sql2mongo.query sql_command: SELECT "django_content_type"."id", "django_content_type"."app_label", "django_content_type"."model" FROM "django_content_type" WHERE "django_content_type"."app_label" = %(0)s
params: ('market_data',)
[2026-02-25 17:59:39,396] DEBUG djongo.sql2mongo.query Find query: {'filter': {'app_label': {'$eq': 'market_data'}}, 'projection': ['id', 'app_label', 'model']}
[2026-02-25 17:59:39,397] DEBUG djongo.sql2mongo.query Result: (40, 'market_data', 'ohlcvbar')
[2026-02-25 17:59:39,397] DEBUG djongo.sql2mongo.query sql_command: SELECT "django_content_type"."id", "django_content_type"."app_label", "django_content_type"."model" FROM "django_content_type" WHERE "django_content_type"."app_label" = %(0)s
params: ('dashboard',)
[2026-02-25 17:59:39,397] DEBUG djongo.sql2mongo.query Find query: {'filter': {'app_label': {'$eq': 'dashboard'}}, 'projection': ['id', 'app_label', 'model']}
[2026-02-25 17:59:39,398] DEBUG djongo.sql2mongo.query sql_command: INSERT INTO "django_content_type" ("app_label", "model") VALUES (%(0)s, %(1)s) VALUES (%(2)s, %(3)s)
params: ('dashboard', 'strategy', 'dashboard', 'aimodel')
[2026-02-25 17:59:39,400] DEBUG djongo.sql2mongo.query inserted ids [ObjectId('699f7edb421deff2f70ed7e2'), ObjectId('699f7edb421deff2f70ed7e3')]
[2026-02-25 17:59:39,400] DEBUG djongo.sql2mongo.query sql_command: SELECT "django_content_type"."id", "django_content_type"."app_label", "django_content_type"."model" FROM "django_content_type" WHERE ("django_content_type"."app_label" = %(0)s AND "django_content_type"."model" = %(1)s) LIMIT 21
params: ('dashboard', 'strategy')
[2026-02-25 17:59:39,400] DEBUG djongo.sql2mongo.query Find query: {'filter': {'$and': [{'app_label': {'$eq': 'dashboard'}}, {'model': {'$eq': 'strategy'}}]}, 'projection': ['id', 'app_label', 'model'], 'limit': 21}
[2026-02-25 17:59:39,401] DEBUG djongo.sql2mongo.query Result: (41, 'dashboard', 'strategy')
[2026-02-25 17:59:39,401] DEBUG djongo.sql2mongo.query sql_command: SELECT "django_content_type"."id", "django_content_type"."app_label", "django_content_type"."model" FROM "django_content_type" WHERE ("django_content_type"."app_label" = %(0)s AND "django_content_type"."model" = %(1)s) LIMIT 21
params: ('dashboard', 'aimodel')
[2026-02-25 17:59:39,402] DEBUG djongo.sql2mongo.query Find query: {'filter': {'$and': [{'app_label': {'$eq': 'dashboard'}}, {'model': {'$eq': 'aimodel'}}]}, 'projection': ['id', 'app_label', 'model'], 'limit': 21}
[2026-02-25 17:59:39,402] DEBUG djongo.sql2mongo.query Result: (42, 'dashboard', 'aimodel')
[2026-02-25 17:59:39,403] DEBUG djongo.sql2mongo.query sql_command: SELECT "auth_permission"."content_type_id", "auth_permission"."codename" FROM "auth_permission" INNER JOIN "django_content_type" ON ("auth_permission"."content_type_id" = "django_content_type"."id") WHERE "auth_permission"."content_type_id" IN (%(0)s, %(1)s) ORDER BY "django_content_type"."app_label" ASC, "django_content_type"."model" ASC, "auth_permission"."codename" ASC
params: (41, 42)
[2026-02-25 17:59:39,404] DEBUG djongo.sql2mongo.query Aggregation query: [{'$match': {'content_type_id': {'$ne': None, '$exists': True}}}, {'$lookup': {'from': 'django_content_type', 'localField': 'content_type_id', 'foreignField': 'id', 'as': 'django_content_type'}}, {'$unwind': '$django_content_type'}, {'$match': {'content_type_id': {'$in': [41, 42]}}}, {'$sort': OrderedDict({'django_content_type.app_label': 1, 'django_content_type.model': 1, 'codename': 1})}, {'$project': {'content_type_id': True, 'codename': True}}]
[2026-02-25 17:59:39,404] DEBUG djongo.sql2mongo.query sql_command: INSERT INTO "auth_permission" ("name", "content_type_id", "codename") VALUES (%(0)s, %(1)s, %(2)s) VALUES (%(3)s, %(4)s, %(5)s) VALUES (%(6)s, %(7)s, %(8)s) VALUES (%(9)s, %(10)s, %(11)s) VALUES (%(12)s, %(13)s, %(14)s) VALUES (%(15)s, %(16)s, %(17)s) VALUES (%(18)s, %(19)s, %(20)s) VALUES (%(21)s, %(22)s, %(23)s)
params: ('Can add Strategy', 41, 'add_strategy', 'Can change Strategy', 41, 'change_strategy', 'Can delete Strategy', 41, 'delete_strategy', 'Can view Strategy', 41, 'view_strategy', 'Can add AI Model', 42, 'add_aimodel', 'Can change AI Model', 42, 'change_aimodel', 'Can delete AI Model', 42, 'delete_aimodel', 'Can view AI Model', 42, 'view_aimodel')
[2026-02-25 17:59:39,406] DEBUG djongo.sql2mongo.query inserted ids [ObjectId('699f7edb421deff2f70ed7e4'), ObjectId('699f7edb421deff2f70ed7e5'), ObjectId('699f7edb421deff2f70ed7e6'), ObjectId('699f7edb421deff2f70ed7e7'), ObjectId('699f7edb421deff2f70ed7e8'), ObjectId('699f7edb421deff2f70ed7e9'), ObjectId('699f7edb421deff2f70ed7ea'), ObjectId('699f7edb421deff2f70ed7eb')]
[2026-02-25 17:59:39,406] DEBUG djongo.sql2mongo.query sql_command: SELECT "django_content_type"."id", "django_content_type"."app_label", "django_content_type"."model" FROM "django_content_type" WHERE "django_content_type"."app_label" = %(0)s
params: ('dashboard',)
[2026-02-25 17:59:39,407] DEBUG djongo.sql2mongo.query Find query: {'filter': {'app_label': {'$eq': 'dashboard'}}, 'projection': ['id', 'app_label', 'model']}
[2026-02-25 17:59:39,407] DEBUG djongo.sql2mongo.query Result: (42, 'dashboard', 'aimodel')
[2026-02-25 17:59:39,407] DEBUG djongo.sql2mongo.query Result: (41, 'dashboard', 'strategy')
[2026-02-25 17:59:39,408] DEBUG djongo.base MongoClient connection closed
[2026-02-25 17:59:39,408] DEBUG djongo.base Existing MongoClient connection closed
[2026-02-25 17:59:39,408] DEBUG djongo.base New Database connection
[2026-02-25 17:59:39,408] DEBUG djongo.sql2mongo.query sql_command: SELECT "risk_management_riskconfig"."id", "risk_management_riskconfig"."name", "risk_management_riskconfig"."is_active", "risk_management_riskconfig"."max_daily_drawdown_pct", "risk_management_riskconfig"."max_total_drawdown_pct", "risk_management_riskconfig"."max_position_size_pct", "risk_management_riskconfig"."max_open_positions", "risk_management_riskconfig"."max_daily_trades", "risk_management_riskconfig"."daily_loss_limit", "risk_management_riskconfig"."kill_switch_active", "risk_management_riskconfig"."organization_id", "risk_management_riskconfig"."created_at", "risk_management_riskconfig"."updated_at" FROM "risk_management_riskconfig" WHERE "risk_management_riskconfig"."name" = %(0)s LIMIT 21
params: ('default',)
[2026-02-25 17:59:39,409] DEBUG djongo.sql2mongo.query Find query: {'filter': {'name': {'$eq': 'default'}}, 'projection': ['id', 'name', 'is_active', 'max_daily_drawdown_pct', 'max_total_drawdown_pct', 'max_position_size_pct', 'max_open_positions', 'max_daily_trades', 'daily_loss_limit', 'kill_switch_active', 'organization_id', 'created_at', 'updated_at'], 'limit': 21}
[2026-02-25 17:59:39,772] DEBUG djongo.sql2mongo.query sql_command: INSERT INTO "risk_management_riskconfig" ("name", "is_active", "max_daily_drawdown_pct", "max_total_drawdown_pct", "max_position_size_pct", "max_open_positions", "max_daily_trades", "daily_loss_limit", "kill_switch_active", "organization_id", "created_at", "updated_at") VALUES (%(0)s, %(1)s, %(2)s, %(3)s, %(4)s, %(5)s, %(6)s, %(7)s, %(8)s, %(9)s, %(10)s, %(11)s)
params: ['default', True, Decimal128('5.00'), Decimal128('10.00'), Decimal128('5.00'), 10, 50, Decimal128('1000.00'), False, None, datetime.datetime(2026, 2, 25, 22, 59, 39, 772354), datetime.datetime(2026, 2, 25, 22, 59, 39, 772389)]
[2026-02-25 17:59:39,778] DEBUG djongo.sql2mongo.query inserted ids [ObjectId('699f7edb421deff2f70ed7ec')]
[2026-02-25 17:59:39,780] DEBUG djongo.sql2mongo.query sql_command: SELECT "execution_engine_trade"."id", "execution_engine_trade"."trade_id", "execution_engine_trade"."symbol", "execution_engine_trade"."side", "execution_engine_trade"."quantity", "execution_engine_trade"."order_type", "execution_engine_trade"."status", "execution_engine_trade"."requested_price", "execution_engine_trade"."fill_price", "execution_engine_trade"."cost_basis", "execution_engine_trade"."realized_pnl", "execution_engine_trade"."commission", "execution_engine_trade"."strategy", "execution_engine_trade"."webhook_id", "execution_engine_trade"."broker_order_id", "execution_engine_trade"."broker_type", "execution_engine_trade"."broker_account_id", "execution_engine_trade"."error_message", "execution_engine_trade"."risk_approved", "execution_engine_trade"."risk_reason", "execution_engine_trade"."user_id", "execution_engine_trade"."organization_id", "execution_engine_trade"."created_at", "execution_engine_trade"."updated_at" FROM "execution_engine_trade" WHERE ("execution_engine_trade"."realized_pnl" IS NOT NULL AND "execution_engine_trade"."status" = %(0)s) ORDER BY "execution_engine_trade"."created_at" ASC
params: ('filled',)
[2026-02-25 17:59:39,784] DEBUG djongo.sql2mongo.query Find query: {'filter': {'$and': [{'realized_pnl': {'$ne': None}}, {'status': {'$eq': 'filled'}}]}, 'projection': ['id', 'trade_id', 'symbol', 'side', 'quantity', 'order_type', 'status', 'requested_price', 'fill_price', 'cost_basis', 'realized_pnl', 'commission', 'strategy', 'webhook_id', 'broker_order_id', 'broker_type', 'broker_account_id', 'error_message', 'risk_approved', 'risk_reason', 'user_id', 'organization_id', 'created_at', 'updated_at'], 'sort': [('created_at', 1)]}
.[2026-02-25 17:59:39,787] DEBUG djongo.sql2mongo.query sql_command: ALTER TABLE "webhooks_webhookevent" FLUSH
params: None
[2026-02-25 17:59:39,787] DEBUG djongo.sql2mongo.query sql_command: ALTER TABLE "risk_management_propfirmaccount" FLUSH
params: None
[2026-02-25 17:59:39,788] DEBUG djongo.sql2mongo.query sql_command: ALTER TABLE "risk_management_riskconfig" FLUSH
params: None
[2026-02-25 17:59:39,788] DEBUG djongo.sql2mongo.query sql_command: ALTER TABLE "broker_connector_brokeraccount" FLUSH
params: None
[2026-02-25 17:59:39,789] DEBUG djongo.sql2mongo.query sql_command: ALTER TABLE "auth_group" FLUSH
params: None
[2026-02-25 17:59:39,789] DEBUG djongo.sql2mongo.query sql_command: ALTER TABLE "execution_engine_trade" FLUSH
params: None
[2026-02-25 17:59:39,790] DEBUG djongo.sql2mongo.query sql_command: ALTER TABLE "auth_permission" FLUSH
params: None
[2026-02-25 17:59:39,791] DEBUG djongo.sql2mongo.query sql_command: ALTER TABLE "market_data_ohlcvbar" FLUSH
params: None
[2026-02-25 17:59:39,792] DEBUG djongo.sql2mongo.query sql_command: ALTER TABLE "dashboard_aimodel" FLUSH
params: None
[2026-02-25 17:59:39,792] DEBUG djongo.sql2mongo.query sql_command: ALTER TABLE "dashboard_strategy" FLUSH
params: None
[2026-02-25 17:59:39,793] DEBUG djongo.sql2mongo.query sql_command: ALTER TABLE "django_session" FLUSH
params: None
[2026-02-25 17:59:39,793] DEBUG djongo.sql2mongo.query sql_command: ALTER TABLE "auth_group_permissions" FLUSH
params: None
[2026-02-25 17:59:39,794] DEBUG djongo.sql2mongo.query sql_command: ALTER TABLE "auth_user_user_permissions" FLUSH
params: None
[2026-02-25 17:59:39,794] DEBUG djongo.sql2mongo.query sql_command: ALTER TABLE "auth_user" FLUSH
params: None
[2026-02-25 17:59:39,794] DEBUG djongo.sql2mongo.query sql_command: ALTER TABLE "django_content_type" FLUSH
params: None
[2026-02-25 17:59:39,795] DEBUG djongo.sql2mongo.query sql_command: ALTER TABLE "auth_user_groups" FLUSH
params: None
[2026-02-25 17:59:39,796] DEBUG djongo.sql2mongo.query sql_command: ALTER TABLE "django_admin_log" FLUSH
params: None
[2026-02-25 17:59:39,796] DEBUG djongo.sql2mongo.query sql_command: SELECT "django_content_type"."id", "django_content_type"."app_label", "django_content_type"."model" FROM "django_content_type" WHERE "django_content_type"."app_label" = %(0)s
params: ('admin',)
[2026-02-25 17:59:39,797] DEBUG djongo.sql2mongo.query Find query: {'filter': {'app_label': {'$eq': 'admin'}}, 'projection': ['id', 'app_label', 'model']}
[2026-02-25 17:59:39,797] DEBUG djongo.sql2mongo.query sql_command: INSERT INTO "django_content_type" ("app_label", "model") VALUES (%(0)s, %(1)s)
params: ('admin', 'logentry')
[2026-02-25 17:59:39,799] DEBUG djongo.sql2mongo.query inserted ids [ObjectId('699f7edb421deff2f70ed7ed')]
[2026-02-25 17:59:39,799] DEBUG djongo.sql2mongo.query sql_command: SELECT "django_content_type"."id", "django_content_type"."app_label", "django_content_type"."model" FROM "django_content_type" WHERE ("django_content_type"."app_label" = %(0)s AND "django_content_type"."model" = %(1)s) LIMIT 21
params: ('admin', 'logentry')
[2026-02-25 17:59:39,799] DEBUG djongo.sql2mongo.query Find query: {'filter': {'$and': [{'app_label': {'$eq': 'admin'}}, {'model': {'$eq': 'logentry'}}]}, 'projection': ['id', 'app_label', 'model'], 'limit': 21}
[2026-02-25 17:59:39,800] DEBUG djongo.sql2mongo.query Result: (43, 'admin', 'logentry')
[2026-02-25 17:59:39,800] DEBUG djongo.sql2mongo.query sql_command: SELECT "auth_permission"."content_type_id", "auth_permission"."codename" FROM "auth_permission" INNER JOIN "django_content_type" ON ("auth_permission"."content_type_id" = "django_content_type"."id") WHERE "auth_permission"."content_type_id" IN (%(0)s) ORDER BY "django_content_type"."app_label" ASC, "django_content_type"."model" ASC, "auth_permission"."codename" ASC
params: (43,)
[2026-02-25 17:59:39,802] DEBUG djongo.sql2mongo.query Aggregation query: [{'$match': {'content_type_id': {'$ne': None, '$exists': True}}}, {'$lookup': {'from': 'django_content_type', 'localField': 'content_type_id', 'foreignField': 'id', 'as': 'django_content_type'}}, {'$unwind': '$django_content_type'}, {'$match': {'content_type_id': {'$in': [43]}}}, {'$sort': OrderedDict({'django_content_type.app_label': 1, 'django_content_type.model': 1, 'codename': 1})}, {'$project': {'content_type_id': True, 'codename': True}}]
[2026-02-25 17:59:39,802] DEBUG djongo.sql2mongo.query sql_command: INSERT INTO "auth_permission" ("name", "content_type_id", "codename") VALUES (%(0)s, %(1)s, %(2)s) VALUES (%(3)s, %(4)s, %(5)s) VALUES (%(6)s, %(7)s, %(8)s) VALUES (%(9)s, %(10)s, %(11)s)
params: ('Can add log entry', 43, 'add_logentry', 'Can change log entry', 43, 'change_logentry', 'Can delete log entry', 43, 'delete_logentry', 'Can view log entry', 43, 'view_logentry')
[2026-02-25 17:59:39,804] DEBUG djongo.sql2mongo.query inserted ids [ObjectId('699f7edb421deff2f70ed7ee'), ObjectId('699f7edb421deff2f70ed7ef'), ObjectId('699f7edb421deff2f70ed7f0'), ObjectId('699f7edb421deff2f70ed7f1')]
[2026-02-25 17:59:39,804] DEBUG djongo.sql2mongo.query sql_command: SELECT "django_content_type"."id", "django_content_type"."app_label", "django_content_type"."model" FROM "django_content_type" WHERE "django_content_type"."app_label" = %(0)s
params: ('admin',)
[2026-02-25 17:59:39,804] DEBUG djongo.sql2mongo.query Find query: {'filter': {'app_label': {'$eq': 'admin'}}, 'projection': ['id', 'app_label', 'model']}
[2026-02-25 17:59:39,805] DEBUG djongo.sql2mongo.query Result: (43, 'admin', 'logentry')
[2026-02-25 17:59:39,806] DEBUG djongo.sql2mongo.query sql_command: SELECT "django_content_type"."id", "django_content_type"."app_label", "django_content_type"."model" FROM "django_content_type" WHERE "django_content_type"."app_label" = %(0)s
params: ('auth',)
[2026-02-25 17:59:39,807] DEBUG djongo.sql2mongo.query Find query: {'filter': {'app_label': {'$eq': 'auth'}}, 'projection': ['id', 'app_label', 'model']}
[2026-02-25 17:59:39,808] DEBUG djongo.sql2mongo.query sql_command: INSERT INTO "django_content_type" ("app_label", "model") VALUES (%(0)s, %(1)s) VALUES (%(2)s, %(3)s) VALUES (%(4)s, %(5)s)
params: ('auth', 'permission', 'auth', 'group', 'auth', 'user')
[2026-02-25 17:59:39,810] DEBUG djongo.sql2mongo.query inserted ids [ObjectId('699f7edb421deff2f70ed7f2'), ObjectId('699f7edb421deff2f70ed7f3'), ObjectId('699f7edb421deff2f70ed7f4')]
[2026-02-25 17:59:39,810] DEBUG djongo.sql2mongo.query sql_command: SELECT "django_content_type"."id", "django_content_type"."app_label", "django_content_type"."model" FROM "django_content_type" WHERE ("django_content_type"."app_label" = %(0)s AND "django_content_type"."model" = %(1)s) LIMIT 21
params: ('auth', 'permission')
[2026-02-25 17:59:39,810] DEBUG djongo.sql2mongo.query Find query: {'filter': {'$and': [{'app_label': {'$eq': 'auth'}}, {'model': {'$eq': 'permission'}}]}, 'projection': ['id', 'app_label', 'model'], 'limit': 21}
[2026-02-25 17:59:39,811] DEBUG djongo.sql2mongo.query Result: (44, 'auth', 'permission')
[2026-02-25 17:59:39,812] DEBUG djongo.sql2mongo.query sql_command: SELECT "django_content_type"."id", "django_content_type"."app_label", "django_content_type"."model" FROM "django_content_type" WHERE ("django_content_type"."app_label" = %(0)s AND "django_content_type"."model" = %(1)s) LIMIT 21
params: ('auth', 'group')
[2026-02-25 17:59:39,813] DEBUG djongo.sql2mongo.query Find query: {'filter': {'$and': [{'app_label': {'$eq': 'auth'}}, {'model': {'$eq': 'group'}}]}, 'projection': ['id', 'app_label', 'model'], 'limit': 21}
[2026-02-25 17:59:39,814] DEBUG djongo.sql2mongo.query Result: (45, 'auth', 'group')
[2026-02-25 17:59:39,814] DEBUG djongo.sql2mongo.query sql_command: SELECT "django_content_type"."id", "django_content_type"."app_label", "django_content_type"."model" FROM "django_content_type" WHERE ("django_content_type"."app_label" = %(0)s AND "django_content_type"."model" = %(1)s) LIMIT 21
params: ('auth', 'user')
[2026-02-25 17:59:39,815] DEBUG djongo.sql2mongo.query Find query: {'filter': {'$and': [{'app_label': {'$eq': 'auth'}}, {'model': {'$eq': 'user'}}]}, 'projection': ['id', 'app_label', 'model'], 'limit': 21}
[2026-02-25 17:59:39,815] DEBUG djongo.sql2mongo.query Result: (46, 'auth', 'user')
[2026-02-25 17:59:39,816] DEBUG djongo.sql2mongo.query sql_command: SELECT "auth_permission"."content_type_id", "auth_permission"."codename" FROM "auth_permission" INNER JOIN "django_content_type" ON ("auth_permission"."content_type_id" = "django_content_type"."id") WHERE "auth_permission"."content_type_id" IN (%(0)s, %(1)s, %(2)s) ORDER BY "django_content_type"."app_label" ASC, "django_content_type"."model" ASC, "auth_permission"."codename" ASC
params: (44, 45, 46)
[2026-02-25 17:59:39,817] DEBUG djongo.sql2mongo.query Aggregation query: [{'$match': {'content_type_id': {'$ne': None, '$exists': True}}}, {'$lookup': {'from': 'django_content_type', 'localField': 'content_type_id', 'foreignField': 'id', 'as': 'django_content_type'}}, {'$unwind': '$django_content_type'}, {'$match': {'content_type_id': {'$in': [44, 45, 46]}}}, {'$sort': OrderedDict({'django_content_type.app_label': 1, 'django_content_type.model': 1, 'codename': 1})}, {'$project': {'content_type_id': True, 'codename': True}}]
[2026-02-25 17:59:39,818] DEBUG djongo.sql2mongo.query sql_command: INSERT INTO "auth_permission" ("name", "content_type_id", "codename") VALUES (%(0)s, %(1)s, %(2)s) VALUES (%(3)s, %(4)s, %(5)s) VALUES (%(6)s, %(7)s, %(8)s) VALUES (%(9)s, %(10)s, %(11)s) VALUES (%(12)s, %(13)s, %(14)s) VALUES (%(15)s, %(16)s, %(17)s) VALUES (%(18)s, %(19)s, %(20)s) VALUES (%(21)s, %(22)s, %(23)s) VALUES (%(24)s, %(25)s, %(26)s) VALUES (%(27)s, %(28)s, %(29)s) VALUES (%(30)s, %(31)s, %(32)s) VALUES (%(33)s, %(34)s, %(35)s)
params: ('Can add permission', 44, 'add_permission', 'Can change permission', 44, 'change_permission', 'Can delete permission', 44, 'delete_permission', 'Can view permission', 44, 'view_permission', 'Can add group', 45, 'add_group', 'Can change group', 45, 'change_group', 'Can delete group', 45, 'delete_group', 'Can view group', 45, 'view_group', 'Can add user', 46, 'add_user', 'Can change user', 46, 'change_user', 'Can delete user', 46, 'delete_user', 'Can view user', 46, 'view_user')
[2026-02-25 17:59:39,821] DEBUG djongo.sql2mongo.query inserted ids [ObjectId('699f7edb421deff2f70ed7f5'), ObjectId('699f7edb421deff2f70ed7f6'), ObjectId('699f7edb421deff2f70ed7f7'), ObjectId('699f7edb421deff2f70ed7f8'), ObjectId('699f7edb421deff2f70ed7f9'), ObjectId('699f7edb421deff2f70ed7fa'), ObjectId('699f7edb421deff2f70ed7fb'), ObjectId('699f7edb421deff2f70ed7fc'), ObjectId('699f7edb421deff2f70ed7fd'), ObjectId('699f7edb421deff2f70ed7fe'), ObjectId('699f7edb421deff2f70ed7ff'), ObjectId('699f7edb421deff2f70ed800')]
[2026-02-25 17:59:39,821] DEBUG djongo.sql2mongo.query sql_command: SELECT "django_content_type"."id", "django_content_type"."app_label", "django_content_type"."model" FROM "django_content_type" WHERE "django_content_type"."app_label" = %(0)s
params: ('auth',)
[2026-02-25 17:59:39,821] DEBUG djongo.sql2mongo.query Find query: {'filter': {'app_label': {'$eq': 'auth'}}, 'projection': ['id', 'app_label', 'model']}
[2026-02-25 17:59:39,822] DEBUG djongo.sql2mongo.query Result: (45, 'auth', 'group')
[2026-02-25 17:59:39,822] DEBUG djongo.sql2mongo.query Result: (44, 'auth', 'permission')
[2026-02-25 17:59:39,822] DEBUG djongo.sql2mongo.query Result: (46, 'auth', 'user')
[2026-02-25 17:59:39,822] DEBUG djongo.sql2mongo.query sql_command: SELECT "django_content_type"."id", "django_content_type"."app_label", "django_content_type"."model" FROM "django_content_type" WHERE "django_content_type"."app_label" = %(0)s
params: ('contenttypes',)
[2026-02-25 17:59:39,823] DEBUG djongo.sql2mongo.query Find query: {'filter': {'app_label': {'$eq': 'contenttypes'}}, 'projection': ['id', 'app_label', 'model']}
[2026-02-25 17:59:39,823] DEBUG djongo.sql2mongo.query sql_command: INSERT INTO "django_content_type" ("app_label", "model") VALUES (%(0)s, %(1)s)
params: ('contenttypes', 'contenttype')
[2026-02-25 17:59:39,824] DEBUG djongo.sql2mongo.query inserted ids [ObjectId('699f7edb421deff2f70ed801')]
[2026-02-25 17:59:39,824] DEBUG djongo.sql2mongo.query sql_command: SELECT "django_content_type"."id", "django_content_type"."app_label", "django_content_type"."model" FROM "django_content_type" WHERE ("django_content_type"."app_label" = %(0)s AND "django_content_type"."model" = %(1)s) LIMIT 21
params: ('contenttypes', 'contenttype')
[2026-02-25 17:59:39,825] DEBUG djongo.sql2mongo.query Find query: {'filter': {'$and': [{'app_label': {'$eq': 'contenttypes'}}, {'model': {'$eq': 'contenttype'}}]}, 'projection': ['id', 'app_label', 'model'], 'limit': 21}
[2026-02-25 17:59:39,825] DEBUG djongo.sql2mongo.query Result: (47, 'contenttypes', 'contenttype')
[2026-02-25 17:59:39,826] DEBUG djongo.sql2mongo.query sql_command: SELECT "auth_permission"."content_type_id", "auth_permission"."codename" FROM "auth_permission" INNER JOIN "django_content_type" ON ("auth_permission"."content_type_id" = "django_content_type"."id") WHERE "auth_permission"."content_type_id" IN (%(0)s) ORDER BY "django_content_type"."app_label" ASC, "django_content_type"."model" ASC, "auth_permission"."codename" ASC
params: (47,)
[2026-02-25 17:59:39,828] DEBUG djongo.sql2mongo.query Aggregation query: [{'$match': {'content_type_id': {'$ne': None, '$exists': True}}}, {'$lookup': {'from': 'django_content_type', 'localField': 'content_type_id', 'foreignField': 'id', 'as': 'django_content_type'}}, {'$unwind': '$django_content_type'}, {'$match': {'content_type_id': {'$in': [47]}}}, {'$sort': OrderedDict({'django_content_type.app_label': 1, 'django_content_type.model': 1, 'codename': 1})}, {'$project': {'content_type_id': True, 'codename': True}}]
[2026-02-25 17:59:39,828] DEBUG djongo.sql2mongo.query sql_command: INSERT INTO "auth_permission" ("name", "content_type_id", "codename") VALUES (%(0)s, %(1)s, %(2)s) VALUES (%(3)s, %(4)s, %(5)s) VALUES (%(6)s, %(7)s, %(8)s) VALUES (%(9)s, %(10)s, %(11)s)
params: ('Can add content type', 47, 'add_contenttype', 'Can change content type', 47, 'change_contenttype', 'Can delete content type', 47, 'delete_contenttype', 'Can view content type', 47, 'view_contenttype')
[2026-02-25 17:59:39,830] DEBUG djongo.sql2mongo.query inserted ids [ObjectId('699f7edb421deff2f70ed802'), ObjectId('699f7edb421deff2f70ed803'), ObjectId('699f7edb421deff2f70ed804'), ObjectId('699f7edb421deff2f70ed805')]
[2026-02-25 17:59:39,830] DEBUG djongo.sql2mongo.query sql_command: SELECT "django_content_type"."id", "django_content_type"."app_label", "django_content_type"."model" FROM "django_content_type" WHERE "django_content_type"."app_label" = %(0)s
params: ('contenttypes',)
[2026-02-25 17:59:39,831] DEBUG djongo.sql2mongo.query Find query: {'filter': {'app_label': {'$eq': 'contenttypes'}}, 'projection': ['id', 'app_label', 'model']}
[2026-02-25 17:59:39,831] DEBUG djongo.sql2mongo.query Result: (47, 'contenttypes', 'contenttype')
[2026-02-25 17:59:39,831] DEBUG djongo.sql2mongo.query sql_command: SELECT "django_content_type"."id", "django_content_type"."app_label", "django_content_type"."model" FROM "django_content_type" WHERE "django_content_type"."app_label" = %(0)s
params: ('sessions',)
[2026-02-25 17:59:39,832] DEBUG djongo.sql2mongo.query Find query: {'filter': {'app_label': {'$eq': 'sessions'}}, 'projection': ['id', 'app_label', 'model']}
[2026-02-25 17:59:39,832] DEBUG djongo.sql2mongo.query sql_command: INSERT INTO "django_content_type" ("app_label", "model") VALUES (%(0)s, %(1)s)
params: ('sessions', 'session')
[2026-02-25 17:59:39,834] DEBUG djongo.sql2mongo.query inserted ids [ObjectId('699f7edb421deff2f70ed806')]
[2026-02-25 17:59:39,834] DEBUG djongo.sql2mongo.query sql_command: SELECT "django_content_type"."id", "django_content_type"."app_label", "django_content_type"."model" FROM "django_content_type" WHERE ("django_content_type"."app_label" = %(0)s AND "django_content_type"."model" = %(1)s) LIMIT 21
params: ('sessions', 'session')
[2026-02-25 17:59:39,835] DEBUG djongo.sql2mongo.query Find query: {'filter': {'$and': [{'app_label': {'$eq': 'sessions'}}, {'model': {'$eq': 'session'}}]}, 'projection': ['id', 'app_label', 'model'], 'limit': 21}
[2026-02-25 17:59:39,836] DEBUG djongo.sql2mongo.query Result: (48, 'sessions', 'session')
[2026-02-25 17:59:39,836] DEBUG djongo.sql2mongo.query sql_command: SELECT "auth_permission"."content_type_id", "auth_permission"."codename" FROM "auth_permission" INNER JOIN "django_content_type" ON ("auth_permission"."content_type_id" = "django_content_type"."id") WHERE "auth_permission"."content_type_id" IN (%(0)s) ORDER BY "django_content_type"."app_label" ASC, "django_content_type"."model" ASC, "auth_permission"."codename" ASC
params: (48,)
[2026-02-25 17:59:39,838] DEBUG djongo.sql2mongo.query Aggregation query: [{'$match': {'content_type_id': {'$ne': None, '$exists': True}}}, {'$lookup': {'from': 'django_content_type', 'localField': 'content_type_id', 'foreignField': 'id', 'as': 'django_content_type'}}, {'$unwind': '$django_content_type'}, {'$match': {'content_type_id': {'$in': [48]}}}, {'$sort': OrderedDict({'django_content_type.app_label': 1, 'django_content_type.model': 1, 'codename': 1})}, {'$project': {'content_type_id': True, 'codename': True}}]
[2026-02-25 17:59:39,838] DEBUG djongo.sql2mongo.query sql_command: INSERT INTO "auth_permission" ("name", "content_type_id", "codename") VALUES (%(0)s, %(1)s, %(2)s) VALUES (%(3)s, %(4)s, %(5)s) VALUES (%(6)s, %(7)s, %(8)s) VALUES (%(9)s, %(10)s, %(11)s)
params: ('Can add session', 48, 'add_session', 'Can change session', 48, 'change_session', 'Can delete session', 48, 'delete_session', 'Can view session', 48, 'view_session')
[2026-02-25 17:59:39,839] DEBUG djongo.sql2mongo.query inserted ids [ObjectId('699f7edb421deff2f70ed807'), ObjectId('699f7edb421deff2f70ed808'), ObjectId('699f7edb421deff2f70ed809'), ObjectId('699f7edb421deff2f70ed80a')]
[2026-02-25 17:59:39,839] DEBUG djongo.sql2mongo.query sql_command: SELECT "django_content_type"."id", "django_content_type"."app_label", "django_content_type"."model" FROM "django_content_type" WHERE "django_content_type"."app_label" = %(0)s
params: ('sessions',)
[2026-02-25 17:59:39,840] DEBUG djongo.sql2mongo.query Find query: {'filter': {'app_label': {'$eq': 'sessions'}}, 'projection': ['id', 'app_label', 'model']}
[2026-02-25 17:59:39,840] DEBUG djongo.sql2mongo.query Result: (48, 'sessions', 'session')
[2026-02-25 17:59:39,840] DEBUG djongo.sql2mongo.query sql_command: SELECT "django_content_type"."id", "django_content_type"."app_label", "django_content_type"."model" FROM "django_content_type" WHERE "django_content_type"."app_label" = %(0)s
params: ('webhooks',)
[2026-02-25 17:59:39,841] DEBUG djongo.sql2mongo.query Find query: {'filter': {'app_label': {'$eq': 'webhooks'}}, 'projection': ['id', 'app_label', 'model']}
[2026-02-25 17:59:39,841] DEBUG djongo.sql2mongo.query sql_command: INSERT INTO "django_content_type" ("app_label", "model") VALUES (%(0)s, %(1)s)
params: ('webhooks', 'webhookevent')
[2026-02-25 17:59:39,842] DEBUG djongo.sql2mongo.query inserted ids [ObjectId('699f7edb421deff2f70ed80b')]
[2026-02-25 17:59:39,842] DEBUG djongo.sql2mongo.query sql_command: SELECT "django_content_type"."id", "django_content_type"."app_label", "django_content_type"."model" FROM "django_content_type" WHERE ("django_content_type"."app_label" = %(0)s AND "django_content_type"."model" = %(1)s) LIMIT 21
params: ('webhooks', 'webhookevent')
[2026-02-25 17:59:39,843] DEBUG djongo.sql2mongo.query Find query: {'filter': {'$and': [{'app_label': {'$eq': 'webhooks'}}, {'model': {'$eq': 'webhookevent'}}]}, 'projection': ['id', 'app_label', 'model'], 'limit': 21}
[2026-02-25 17:59:39,844] DEBUG djongo.sql2mongo.query Result: (49, 'webhooks', 'webhookevent')
[2026-02-25 17:59:39,844] DEBUG djongo.sql2mongo.query sql_command: SELECT "auth_permission"."content_type_id", "auth_permission"."codename" FROM "auth_permission" INNER JOIN "django_content_type" ON ("auth_permission"."content_type_id" = "django_content_type"."id") WHERE "auth_permission"."content_type_id" IN (%(0)s) ORDER BY "django_content_type"."app_label" ASC, "django_content_type"."model" ASC, "auth_permission"."codename" ASC
params: (49,)
[2026-02-25 17:59:39,846] DEBUG djongo.sql2mongo.query Aggregation query: [{'$match': {'content_type_id': {'$ne': None, '$exists': True}}}, {'$lookup': {'from': 'django_content_type', 'localField': 'content_type_id', 'foreignField': 'id', 'as': 'django_content_type'}}, {'$unwind': '$django_content_type'}, {'$match': {'content_type_id': {'$in': [49]}}}, {'$sort': OrderedDict({'django_content_type.app_label': 1, 'django_content_type.model': 1, 'codename': 1})}, {'$project': {'content_type_id': True, 'codename': True}}]
[2026-02-25 17:59:39,846] DEBUG djongo.sql2mongo.query sql_command: INSERT INTO "auth_permission" ("name", "content_type_id", "codename") VALUES (%(0)s, %(1)s, %(2)s) VALUES (%(3)s, %(4)s, %(5)s) VALUES (%(6)s, %(7)s, %(8)s) VALUES (%(9)s, %(10)s, %(11)s)
params: ('Can add Webhook Event', 49, 'add_webhookevent', 'Can change Webhook Event', 49, 'change_webhookevent', 'Can delete Webhook Event', 49, 'delete_webhookevent', 'Can view Webhook Event', 49, 'view_webhookevent')
[2026-02-25 17:59:39,847] DEBUG djongo.sql2mongo.query inserted ids [ObjectId('699f7edb421deff2f70ed80c'), ObjectId('699f7edb421deff2f70ed80d'), ObjectId('699f7edb421deff2f70ed80e'), ObjectId('699f7edb421deff2f70ed80f')]
[2026-02-25 17:59:39,847] DEBUG djongo.sql2mongo.query sql_command: SELECT "django_content_type"."id", "django_content_type"."app_label", "django_content_type"."model" FROM "django_content_type" WHERE "django_content_type"."app_label" = %(0)s
params: ('webhooks',)
[2026-02-25 17:59:39,848] DEBUG djongo.sql2mongo.query Find query: {'filter': {'app_label': {'$eq': 'webhooks'}}, 'projection': ['id', 'app_label', 'model']}
[2026-02-25 17:59:39,848] DEBUG djongo.sql2mongo.query Result: (49, 'webhooks', 'webhookevent')
[2026-02-25 17:59:39,848] DEBUG djongo.sql2mongo.query sql_command: SELECT "django_content_type"."id", "django_content_type"."app_label", "django_content_type"."model" FROM "django_content_type" WHERE "django_content_type"."app_label" = %(0)s
params: ('broker_connector',)
[2026-02-25 17:59:39,849] DEBUG djongo.sql2mongo.query Find query: {'filter': {'app_label': {'$eq': 'broker_connector'}}, 'projection': ['id', 'app_label', 'model']}
[2026-02-25 17:59:39,849] DEBUG djongo.sql2mongo.query sql_command: INSERT INTO "django_content_type" ("app_label", "model") VALUES (%(0)s, %(1)s)
params: ('broker_connector', 'brokeraccount')
[2026-02-25 17:59:39,850] DEBUG djongo.sql2mongo.query inserted ids [ObjectId('699f7edb421deff2f70ed810')]
[2026-02-25 17:59:39,851] DEBUG djongo.sql2mongo.query sql_command: SELECT "django_content_type"."id", "django_content_type"."app_label", "django_content_type"."model" FROM "django_content_type" WHERE ("django_content_type"."app_label" = %(0)s AND "django_content_type"."model" = %(1)s) LIMIT 21
params: ('broker_connector', 'brokeraccount')
[2026-02-25 17:59:39,851] DEBUG djongo.sql2mongo.query Find query: {'filter': {'$and': [{'app_label': {'$eq': 'broker_connector'}}, {'model': {'$eq': 'brokeraccount'}}]}, 'projection': ['id', 'app_label', 'model'], 'limit': 21}
[2026-02-25 17:59:39,852] DEBUG djongo.sql2mongo.query Result: (50, 'broker_connector', 'brokeraccount')
[2026-02-25 17:59:39,852] DEBUG djongo.sql2mongo.query sql_command: SELECT "auth_permission"."content_type_id", "auth_permission"."codename" FROM "auth_permission" INNER JOIN "django_content_type" ON ("auth_permission"."content_type_id" = "django_content_type"."id") WHERE "auth_permission"."content_type_id" IN (%(0)s) ORDER BY "django_content_type"."app_label" ASC, "django_content_type"."model" ASC, "auth_permission"."codename" ASC
params: (50,)
[2026-02-25 17:59:39,854] DEBUG djongo.sql2mongo.query Aggregation query: [{'$match': {'content_type_id': {'$ne': None, '$exists': True}}}, {'$lookup': {'from': 'django_content_type', 'localField': 'content_type_id', 'foreignField': 'id', 'as': 'django_content_type'}}, {'$unwind': '$django_content_type'}, {'$match': {'content_type_id': {'$in': [50]}}}, {'$sort': OrderedDict({'django_content_type.app_label': 1, 'django_content_type.model': 1, 'codename': 1})}, {'$project': {'content_type_id': True, 'codename': True}}]
[2026-02-25 17:59:39,854] DEBUG djongo.sql2mongo.query sql_command: INSERT INTO "auth_permission" ("name", "content_type_id", "codename") VALUES (%(0)s, %(1)s, %(2)s) VALUES (%(3)s, %(4)s, %(5)s) VALUES (%(6)s, %(7)s, %(8)s) VALUES (%(9)s, %(10)s, %(11)s)
params: ('Can add Broker Account', 50, 'add_brokeraccount', 'Can change Broker Account', 50, 'change_brokeraccount', 'Can delete Broker Account', 50, 'delete_brokeraccount', 'Can view Broker Account', 50, 'view_brokeraccount')
[2026-02-25 17:59:39,856] DEBUG djongo.sql2mongo.query inserted ids [ObjectId('699f7edb421deff2f70ed811'), ObjectId('699f7edb421deff2f70ed812'), ObjectId('699f7edb421deff2f70ed813'), ObjectId('699f7edb421deff2f70ed814')]
[2026-02-25 17:59:39,856] DEBUG djongo.sql2mongo.query sql_command: SELECT "django_content_type"."id", "django_content_type"."app_label", "django_content_type"."model" FROM "django_content_type" WHERE "django_content_type"."app_label" = %(0)s
params: ('broker_connector',)
[2026-02-25 17:59:39,857] DEBUG djongo.sql2mongo.query Find query: {'filter': {'app_label': {'$eq': 'broker_connector'}}, 'projection': ['id', 'app_label', 'model']}
[2026-02-25 17:59:39,857] DEBUG djongo.sql2mongo.query Result: (50, 'broker_connector', 'brokeraccount')
[2026-02-25 17:59:39,858] DEBUG djongo.sql2mongo.query sql_command: SELECT "django_content_type"."id", "django_content_type"."app_label", "django_content_type"."model" FROM "django_content_type" WHERE "django_content_type"."app_label" = %(0)s
params: ('execution_engine',)
[2026-02-25 17:59:39,858] DEBUG djongo.sql2mongo.query Find query: {'filter': {'app_label': {'$eq': 'execution_engine'}}, 'projection': ['id', 'app_label', 'model']}
[2026-02-25 17:59:39,859] DEBUG djongo.sql2mongo.query sql_command: INSERT INTO "django_content_type" ("app_label", "model") VALUES (%(0)s, %(1)s)
params: ('execution_engine', 'trade')
[2026-02-25 17:59:39,860] DEBUG djongo.sql2mongo.query inserted ids [ObjectId('699f7edb421deff2f70ed815')]
[2026-02-25 17:59:39,860] DEBUG djongo.sql2mongo.query sql_command: SELECT "django_content_type"."id", "django_content_type"."app_label", "django_content_type"."model" FROM "django_content_type" WHERE ("django_content_type"."app_label" = %(0)s AND "django_content_type"."model" = %(1)s) LIMIT 21
params: ('execution_engine', 'trade')
[2026-02-25 17:59:39,861] DEBUG djongo.sql2mongo.query Find query: {'filter': {'$and': [{'app_label': {'$eq': 'execution_engine'}}, {'model': {'$eq': 'trade'}}]}, 'projection': ['id', 'app_label', 'model'], 'limit': 21}
[2026-02-25 17:59:39,861] DEBUG djongo.sql2mongo.query Result: (51, 'execution_engine', 'trade')
[2026-02-25 17:59:39,862] DEBUG djongo.sql2mongo.query sql_command: SELECT "auth_permission"."content_type_id", "auth_permission"."codename" FROM "auth_permission" INNER JOIN "django_content_type" ON ("auth_permission"."content_type_id" = "django_content_type"."id") WHERE "auth_permission"."content_type_id" IN (%(0)s) ORDER BY "django_content_type"."app_label" ASC, "django_content_type"."model" ASC, "auth_permission"."codename" ASC
params: (51,)
[2026-02-25 17:59:39,864] DEBUG djongo.sql2mongo.query Aggregation query: [{'$match': {'content_type_id': {'$ne': None, '$exists': True}}}, {'$lookup': {'from': 'django_content_type', 'localField': 'content_type_id', 'foreignField': 'id', 'as': 'django_content_type'}}, {'$unwind': '$django_content_type'}, {'$match': {'content_type_id': {'$in': [51]}}}, {'$sort': OrderedDict({'django_content_type.app_label': 1, 'django_content_type.model': 1, 'codename': 1})}, {'$project': {'content_type_id': True, 'codename': True}}]
[2026-02-25 17:59:39,865] DEBUG djongo.sql2mongo.query sql_command: INSERT INTO "auth_permission" ("name", "content_type_id", "codename") VALUES (%(0)s, %(1)s, %(2)s) VALUES (%(3)s, %(4)s, %(5)s) VALUES (%(6)s, %(7)s, %(8)s) VALUES (%(9)s, %(10)s, %(11)s)
params: ('Can add Trade', 51, 'add_trade', 'Can change Trade', 51, 'change_trade', 'Can delete Trade', 51, 'delete_trade', 'Can view Trade', 51, 'view_trade')
[2026-02-25 17:59:39,867] DEBUG djongo.sql2mongo.query inserted ids [ObjectId('699f7edb421deff2f70ed816'), ObjectId('699f7edb421deff2f70ed817'), ObjectId('699f7edb421deff2f70ed818'), ObjectId('699f7edb421deff2f70ed819')]
[2026-02-25 17:59:39,870] DEBUG djongo.sql2mongo.query sql_command: SELECT "django_content_type"."id", "django_content_type"."app_label", "django_content_type"."model" FROM "django_content_type" WHERE "django_content_type"."app_label" = %(0)s
params: ('execution_engine',)
[2026-02-25 17:59:39,871] DEBUG djongo.sql2mongo.query Find query: {'filter': {'app_label': {'$eq': 'execution_engine'}}, 'projection': ['id', 'app_label', 'model']}
[2026-02-25 17:59:39,871] DEBUG djongo.sql2mongo.query Result: (51, 'execution_engine', 'trade')
[2026-02-25 17:59:39,871] DEBUG djongo.sql2mongo.query sql_command: SELECT "django_content_type"."id", "django_content_type"."app_label", "django_content_type"."model" FROM "django_content_type" WHERE "django_content_type"."app_label" = %(0)s
params: ('risk_management',)
[2026-02-25 17:59:39,872] DEBUG djongo.sql2mongo.query Find query: {'filter': {'app_label': {'$eq': 'risk_management'}}, 'projection': ['id', 'app_label', 'model']}
[2026-02-25 17:59:39,872] DEBUG djongo.sql2mongo.query sql_command: INSERT INTO "django_content_type" ("app_label", "model") VALUES (%(0)s, %(1)s) VALUES (%(2)s, %(3)s)
params: ('risk_management', 'riskconfig', 'risk_management', 'propfirmaccount')
[2026-02-25 17:59:39,874] DEBUG djongo.sql2mongo.query inserted ids [ObjectId('699f7edb421deff2f70ed81a'), ObjectId('699f7edb421deff2f70ed81b')]
[2026-02-25 17:59:39,874] DEBUG djongo.sql2mongo.query sql_command: SELECT "django_content_type"."id", "django_content_type"."app_label", "django_content_type"."model" FROM "django_content_type" WHERE ("django_content_type"."app_label" = %(0)s AND "django_content_type"."model" = %(1)s) LIMIT 21
params: ('risk_management', 'riskconfig')
[2026-02-25 17:59:39,875] DEBUG djongo.sql2mongo.query Find query: {'filter': {'$and': [{'app_label': {'$eq': 'risk_management'}}, {'model': {'$eq': 'riskconfig'}}]}, 'projection': ['id', 'app_label', 'model'], 'limit': 21}
[2026-02-25 17:59:39,875] DEBUG djongo.sql2mongo.query Result: (52, 'risk_management', 'riskconfig')
[2026-02-25 17:59:39,876] DEBUG djongo.sql2mongo.query sql_command: SELECT "django_content_type"."id", "django_content_type"."app_label", "django_content_type"."model" FROM "django_content_type" WHERE ("django_content_type"."app_label" = %(0)s AND "django_content_type"."model" = %(1)s) LIMIT 21
params: ('risk_management', 'propfirmaccount')
[2026-02-25 17:59:39,876] DEBUG djongo.sql2mongo.query Find query: {'filter': {'$and': [{'app_label': {'$eq': 'risk_management'}}, {'model': {'$eq': 'propfirmaccount'}}]}, 'projection': ['id', 'app_label', 'model'], 'limit': 21}
[2026-02-25 17:59:39,877] DEBUG djongo.sql2mongo.query Result: (53, 'risk_management', 'propfirmaccount')
[2026-02-25 17:59:39,877] DEBUG djongo.sql2mongo.query sql_command: SELECT "auth_permission"."content_type_id", "auth_permission"."codename" FROM "auth_permission" INNER JOIN "django_content_type" ON ("auth_permission"."content_type_id" = "django_content_type"."id") WHERE "auth_permission"."content_type_id" IN (%(0)s, %(1)s) ORDER BY "django_content_type"."app_label" ASC, "django_content_type"."model" ASC, "auth_permission"."codename" ASC
params: (52, 53)
[2026-02-25 17:59:39,879] DEBUG djongo.sql2mongo.query Aggregation query: [{'$match': {'content_type_id': {'$ne': None, '$exists': True}}}, {'$lookup': {'from': 'django_content_type', 'localField': 'content_type_id', 'foreignField': 'id', 'as': 'django_content_type'}}, {'$unwind': '$django_content_type'}, {'$match': {'content_type_id': {'$in': [52, 53]}}}, {'$sort': OrderedDict({'django_content_type.app_label': 1, 'django_content_type.model': 1, 'codename': 1})}, {'$project': {'content_type_id': True, 'codename': True}}]
[2026-02-25 17:59:39,879] DEBUG djongo.sql2mongo.query sql_command: INSERT INTO "auth_permission" ("name", "content_type_id", "codename") VALUES (%(0)s, %(1)s, %(2)s) VALUES (%(3)s, %(4)s, %(5)s) VALUES (%(6)s, %(7)s, %(8)s) VALUES (%(9)s, %(10)s, %(11)s) VALUES (%(12)s, %(13)s, %(14)s) VALUES (%(15)s, %(16)s, %(17)s) VALUES (%(18)s, %(19)s, %(20)s) VALUES (%(21)s, %(22)s, %(23)s)
params: ('Can add Risk Configuration', 52, 'add_riskconfig', 'Can change Risk Configuration', 52, 'change_riskconfig', 'Can delete Risk Configuration', 52, 'delete_riskconfig', 'Can view Risk Configuration', 52, 'view_riskconfig', 'Can add Prop Firm Account', 53, 'add_propfirmaccount', 'Can change Prop Firm Account', 53, 'change_propfirmaccount', 'Can delete Prop Firm Account', 53, 'delete_propfirmaccount', 'Can view Prop Firm Account', 53, 'view_propfirmaccount')
[2026-02-25 17:59:39,882] DEBUG djongo.sql2mongo.query inserted ids [ObjectId('699f7edb421deff2f70ed81c'), ObjectId('699f7edb421deff2f70ed81d'), ObjectId('699f7edb421deff2f70ed81e'), ObjectId('699f7edb421deff2f70ed81f'), ObjectId('699f7edb421deff2f70ed820'), ObjectId('699f7edb421deff2f70ed821'), ObjectId('699f7edb421deff2f70ed822'), ObjectId('699f7edb421deff2f70ed823')]
[2026-02-25 17:59:39,882] DEBUG djongo.sql2mongo.query sql_command: SELECT "django_content_type"."id", "django_content_type"."app_label", "django_content_type"."model" FROM "django_content_type" WHERE "django_content_type"."app_label" = %(0)s
params: ('risk_management',)
[2026-02-25 17:59:39,882] DEBUG djongo.sql2mongo.query Find query: {'filter': {'app_label': {'$eq': 'risk_management'}}, 'projection': ['id', 'app_label', 'model']}
[2026-02-25 17:59:39,883] DEBUG djongo.sql2mongo.query Result: (53, 'risk_management', 'propfirmaccount')
[2026-02-25 17:59:39,883] DEBUG djongo.sql2mongo.query Result: (52, 'risk_management', 'riskconfig')
[2026-02-25 17:59:39,883] DEBUG djongo.sql2mongo.query sql_command: SELECT "django_content_type"."id", "django_content_type"."app_label", "django_content_type"."model" FROM "django_content_type" WHERE "django_content_type"."app_label" = %(0)s
params: ('market_data',)
[2026-02-25 17:59:39,883] DEBUG djongo.sql2mongo.query Find query: {'filter': {'app_label': {'$eq': 'market_data'}}, 'projection': ['id', 'app_label', 'model']}
[2026-02-25 17:59:39,884] DEBUG djongo.sql2mongo.query sql_command: INSERT INTO "django_content_type" ("app_label", "model") VALUES (%(0)s, %(1)s)
params: ('market_data', 'ohlcvbar')
[2026-02-25 17:59:39,885] DEBUG djongo.sql2mongo.query inserted ids [ObjectId('699f7edb421deff2f70ed824')]
[2026-02-25 17:59:39,885] DEBUG djongo.sql2mongo.query sql_command: SELECT "django_content_type"."id", "django_content_type"."app_label", "django_content_type"."model" FROM "django_content_type" WHERE ("django_content_type"."app_label" = %(0)s AND "django_content_type"."model" = %(1)s) LIMIT 21
params: ('market_data', 'ohlcvbar')
[2026-02-25 17:59:39,886] DEBUG djongo.sql2mongo.query Find query: {'filter': {'$and': [{'app_label': {'$eq': 'market_data'}}, {'model': {'$eq': 'ohlcvbar'}}]}, 'projection': ['id', 'app_label', 'model'], 'limit': 21}
[2026-02-25 17:59:39,886] DEBUG djongo.sql2mongo.query Result: (54, 'market_data', 'ohlcvbar')
[2026-02-25 17:59:39,887] DEBUG djongo.sql2mongo.query sql_command: SELECT "auth_permission"."content_type_id", "auth_permission"."codename" FROM "auth_permission" INNER JOIN "django_content_type" ON ("auth_permission"."content_type_id" = "django_content_type"."id") WHERE "auth_permission"."content_type_id" IN (%(0)s) ORDER BY "django_content_type"."app_label" ASC, "django_content_type"."model" ASC, "auth_permission"."codename" ASC
params: (54,)
[2026-02-25 17:59:39,888] DEBUG djongo.sql2mongo.query Aggregation query: [{'$match': {'content_type_id': {'$ne': None, '$exists': True}}}, {'$lookup': {'from': 'django_content_type', 'localField': 'content_type_id', 'foreignField': 'id', 'as': 'django_content_type'}}, {'$unwind': '$django_content_type'}, {'$match': {'content_type_id': {'$in': [54]}}}, {'$sort': OrderedDict({'django_content_type.app_label': 1, 'django_content_type.model': 1, 'codename': 1})}, {'$project': {'content_type_id': True, 'codename': True}}]
[2026-02-25 17:59:39,888] DEBUG djongo.sql2mongo.query sql_command: INSERT INTO "auth_permission" ("name", "content_type_id", "codename") VALUES (%(0)s, %(1)s, %(2)s) VALUES (%(3)s, %(4)s, %(5)s) VALUES (%(6)s, %(7)s, %(8)s) VALUES (%(9)s, %(10)s, %(11)s)
params: ('Can add OHLCV Bar', 54, 'add_ohlcvbar', 'Can change OHLCV Bar', 54, 'change_ohlcvbar', 'Can delete OHLCV Bar', 54, 'delete_ohlcvbar', 'Can view OHLCV Bar', 54, 'view_ohlcvbar')
[2026-02-25 17:59:39,890] DEBUG djongo.sql2mongo.query inserted ids [ObjectId('699f7edb421deff2f70ed825'), ObjectId('699f7edb421deff2f70ed826'), ObjectId('699f7edb421deff2f70ed827'), ObjectId('699f7edb421deff2f70ed828')]
[2026-02-25 17:59:39,890] DEBUG djongo.sql2mongo.query sql_command: SELECT "django_content_type"."id", "django_content_type"."app_label", "django_content_type"."model" FROM "django_content_type" WHERE "django_content_type"."app_label" = %(0)s
params: ('market_data',)
[2026-02-25 17:59:39,891] DEBUG djongo.sql2mongo.query Find query: {'filter': {'app_label': {'$eq': 'market_data'}}, 'projection': ['id', 'app_label', 'model']}
[2026-02-25 17:59:39,891] DEBUG djongo.sql2mongo.query Result: (54, 'market_data', 'ohlcvbar')
[2026-02-25 17:59:39,891] DEBUG djongo.sql2mongo.query sql_command: SELECT "django_content_type"."id", "django_content_type"."app_label", "django_content_type"."model" FROM "django_content_type" WHERE "django_content_type"."app_label" = %(0)s
params: ('dashboard',)
[2026-02-25 17:59:39,891] DEBUG djongo.sql2mongo.query Find query: {'filter': {'app_label': {'$eq': 'dashboard'}}, 'projection': ['id', 'app_label', 'model']}
[2026-02-25 17:59:39,892] DEBUG djongo.sql2mongo.query sql_command: INSERT INTO "django_content_type" ("app_label", "model") VALUES (%(0)s, %(1)s) VALUES (%(2)s, %(3)s)
params: ('dashboard', 'strategy', 'dashboard', 'aimodel')
[2026-02-25 17:59:39,893] DEBUG djongo.sql2mongo.query inserted ids [ObjectId('699f7edb421deff2f70ed829'), ObjectId('699f7edb421deff2f70ed82a')]
[2026-02-25 17:59:39,894] DEBUG djongo.sql2mongo.query sql_command: SELECT "django_content_type"."id", "django_content_type"."app_label", "django_content_type"."model" FROM "django_content_type" WHERE ("django_content_type"."app_label" = %(0)s AND "django_content_type"."model" = %(1)s) LIMIT 21
params: ('dashboard', 'strategy')
[2026-02-25 17:59:39,894] DEBUG djongo.sql2mongo.query Find query: {'filter': {'$and': [{'app_label': {'$eq': 'dashboard'}}, {'model': {'$eq': 'strategy'}}]}, 'projection': ['id', 'app_label', 'model'], 'limit': 21}
[2026-02-25 17:59:39,895] DEBUG djongo.sql2mongo.query Result: (55, 'dashboard', 'strategy')
[2026-02-25 17:59:39,895] DEBUG djongo.sql2mongo.query sql_command: SELECT "django_content_type"."id", "django_content_type"."app_label", "django_content_type"."model" FROM "django_content_type" WHERE ("django_content_type"."app_label" = %(0)s AND "django_content_type"."model" = %(1)s) LIMIT 21
params: ('dashboard', 'aimodel')
[2026-02-25 17:59:39,895] DEBUG djongo.sql2mongo.query Find query: {'filter': {'$and': [{'app_label': {'$eq': 'dashboard'}}, {'model': {'$eq': 'aimodel'}}]}, 'projection': ['id', 'app_label', 'model'], 'limit': 21}
[2026-02-25 17:59:39,896] DEBUG djongo.sql2mongo.query Result: (56, 'dashboard', 'aimodel')
[2026-02-25 17:59:39,896] DEBUG djongo.sql2mongo.query sql_command: SELECT "auth_permission"."content_type_id", "auth_permission"."codename" FROM "auth_permission" INNER JOIN "django_content_type" ON ("auth_permission"."content_type_id" = "django_content_type"."id") WHERE "auth_permission"."content_type_id" IN (%(0)s, %(1)s) ORDER BY "django_content_type"."app_label" ASC, "django_content_type"."model" ASC, "auth_permission"."codename" ASC
params: (56, 55)
[2026-02-25 17:59:39,898] DEBUG djongo.sql2mongo.query Aggregation query: [{'$match': {'content_type_id': {'$ne': None, '$exists': True}}}, {'$lookup': {'from': 'django_content_type', 'localField': 'content_type_id', 'foreignField': 'id', 'as': 'django_content_type'}}, {'$unwind': '$django_content_type'}, {'$match': {'content_type_id': {'$in': [56, 55]}}}, {'$sort': OrderedDict({'django_content_type.app_label': 1, 'django_content_type.model': 1, 'codename': 1})}, {'$project': {'content_type_id': True, 'codename': True}}]
[2026-02-25 17:59:39,898] DEBUG djongo.sql2mongo.query sql_command: INSERT INTO "auth_permission" ("name", "content_type_id", "codename") VALUES (%(0)s, %(1)s, %(2)s) VALUES (%(3)s, %(4)s, %(5)s) VALUES (%(6)s, %(7)s, %(8)s) VALUES (%(9)s, %(10)s, %(11)s) VALUES (%(12)s, %(13)s, %(14)s) VALUES (%(15)s, %(16)s, %(17)s) VALUES (%(18)s, %(19)s, %(20)s) VALUES (%(21)s, %(22)s, %(23)s)
params: ('Can add Strategy', 55, 'add_strategy', 'Can change Strategy', 55, 'change_strategy', 'Can delete Strategy', 55, 'delete_strategy', 'Can view Strategy', 55, 'view_strategy', 'Can add AI Model', 56, 'add_aimodel', 'Can change AI Model', 56, 'change_aimodel', 'Can delete AI Model', 56, 'delete_aimodel', 'Can view AI Model', 56, 'view_aimodel')
[2026-02-25 17:59:39,902] DEBUG djongo.sql2mongo.query inserted ids [ObjectId('699f7edb421deff2f70ed82b'), ObjectId('699f7edb421deff2f70ed82c'), ObjectId('699f7edb421deff2f70ed82d'), ObjectId('699f7edb421deff2f70ed82e'), ObjectId('699f7edb421deff2f70ed82f'), ObjectId('699f7edb421deff2f70ed830'), ObjectId('699f7edb421deff2f70ed831'), ObjectId('699f7edb421deff2f70ed832')]
[2026-02-25 17:59:39,902] DEBUG djongo.sql2mongo.query sql_command: SELECT "django_content_type"."id", "django_content_type"."app_label", "django_content_type"."model" FROM "django_content_type" WHERE "django_content_type"."app_label" = %(0)s
params: ('dashboard',)
[2026-02-25 17:59:39,902] DEBUG djongo.sql2mongo.query Find query: {'filter': {'app_label': {'$eq': 'dashboard'}}, 'projection': ['id', 'app_label', 'model']}
[2026-02-25 17:59:39,903] DEBUG djongo.sql2mongo.query Result: (56, 'dashboard', 'aimodel')
[2026-02-25 17:59:39,903] DEBUG djongo.sql2mongo.query Result: (55, 'dashboard', 'strategy')
[2026-02-25 17:59:39,904] DEBUG djongo.base MongoClient connection closed
[2026-02-25 17:59:39,904] DEBUG djongo.base Existing MongoClient connection closed
[2026-02-25 17:59:39,904] DEBUG djongo.base New Database connection
[2026-02-25 17:59:39,904] DEBUG djongo.sql2mongo.query sql_command: SELECT "risk_management_riskconfig"."id", "risk_management_riskconfig"."name", "risk_management_riskconfig"."is_active", "risk_management_riskconfig"."max_daily_drawdown_pct", "risk_management_riskconfig"."max_total_drawdown_pct", "risk_management_riskconfig"."max_position_size_pct", "risk_management_riskconfig"."max_open_positions", "risk_management_riskconfig"."max_daily_trades", "risk_management_riskconfig"."daily_loss_limit", "risk_management_riskconfig"."kill_switch_active", "risk_management_riskconfig"."organization_id", "risk_management_riskconfig"."created_at", "risk_management_riskconfig"."updated_at" FROM "risk_management_riskconfig" WHERE "risk_management_riskconfig"."name" = %(0)s LIMIT 21
params: ('default',)
[2026-02-25 17:59:39,906] DEBUG djongo.sql2mongo.query Find query: {'filter': {'name': {'$eq': 'default'}}, 'projection': ['id', 'name', 'is_active', 'max_daily_drawdown_pct', 'max_total_drawdown_pct', 'max_position_size_pct', 'max_open_positions', 'max_daily_trades', 'daily_loss_limit', 'kill_switch_active', 'organization_id', 'created_at', 'updated_at'], 'limit': 21}
[2026-02-25 17:59:40,274] DEBUG djongo.sql2mongo.query sql_command: INSERT INTO "risk_management_riskconfig" ("name", "is_active", "max_daily_drawdown_pct", "max_total_drawdown_pct", "max_position_size_pct", "max_open_positions", "max_daily_trades", "daily_loss_limit", "kill_switch_active", "organization_id", "created_at", "updated_at") VALUES (%(0)s, %(1)s, %(2)s, %(3)s, %(4)s, %(5)s, %(6)s, %(7)s, %(8)s, %(9)s, %(10)s, %(11)s)
params: ['default', True, Decimal128('5.00'), Decimal128('10.00'), Decimal128('5.00'), 10, 50, Decimal128('1000.00'), False, None, datetime.datetime(2026, 2, 25, 22, 59, 40, 274666), datetime.datetime(2026, 2, 25, 22, 59, 40, 274691)]
[2026-02-25 17:59:40,280] DEBUG djongo.sql2mongo.query inserted ids [ObjectId('699f7edc421deff2f70ed833')]
[2026-02-25 17:59:40,281] DEBUG djongo.sql2mongo.query sql_command: SELECT "execution_engine_trade"."id", "execution_engine_trade"."trade_id", "execution_engine_trade"."symbol", "execution_engine_trade"."side", "execution_engine_trade"."quantity", "execution_engine_trade"."order_type", "execution_engine_trade"."status", "execution_engine_trade"."requested_price", "execution_engine_trade"."fill_price", "execution_engine_trade"."cost_basis", "execution_engine_trade"."realized_pnl", "execution_engine_trade"."commission", "execution_engine_trade"."strategy", "execution_engine_trade"."webhook_id", "execution_engine_trade"."broker_order_id", "execution_engine_trade"."broker_type", "execution_engine_trade"."broker_account_id", "execution_engine_trade"."error_message", "execution_engine_trade"."risk_approved", "execution_engine_trade"."risk_reason", "execution_engine_trade"."user_id", "execution_engine_trade"."organization_id", "execution_engine_trade"."created_at", "execution_engine_trade"."updated_at" FROM "execution_engine_trade" WHERE "execution_engine_trade"."created_at" >= %(0)s ORDER BY "execution_engine_trade"."created_at" DESC
params: (datetime.datetime(2026, 2, 25, 0, 0),)
[2026-02-25 17:59:40,287] DEBUG djongo.sql2mongo.query Find query: {'filter': {'created_at': {'$gte': datetime.datetime(2026, 2, 25, 0, 0)}}, 'projection': ['id', 'trade_id', 'symbol', 'side', 'quantity', 'order_type', 'status', 'requested_price', 'fill_price', 'cost_basis', 'realized_pnl', 'commission', 'strategy', 'webhook_id', 'broker_order_id', 'broker_type', 'broker_account_id', 'error_message', 'risk_approved', 'risk_reason', 'user_id', 'organization_id', 'created_at', 'updated_at'], 'sort': [('created_at', -1)]}
[2026-02-25 17:59:40,288] DEBUG djongo.sql2mongo.query sql_command: SELECT "execution_engine_trade"."id", "execution_engine_trade"."trade_id", "execution_engine_trade"."symbol", "execution_engine_trade"."side", "execution_engine_trade"."quantity", "execution_engine_trade"."order_type", "execution_engine_trade"."status", "execution_engine_trade"."requested_price", "execution_engine_trade"."fill_price", "execution_engine_trade"."cost_basis", "execution_engine_trade"."realized_pnl", "execution_engine_trade"."commission", "execution_engine_trade"."strategy", "execution_engine_trade"."webhook_id", "execution_engine_trade"."broker_order_id", "execution_engine_trade"."broker_type", "execution_engine_trade"."broker_account_id", "execution_engine_trade"."error_message", "execution_engine_trade"."risk_approved", "execution_engine_trade"."risk_reason", "execution_engine_trade"."user_id", "execution_engine_trade"."organization_id", "execution_engine_trade"."created_at", "execution_engine_trade"."updated_at" FROM "execution_engine_trade" WHERE "execution_engine_trade"."status" = %(0)s ORDER BY "execution_engine_trade"."created_at" DESC
params: ('filled',)
[2026-02-25 17:59:40,291] DEBUG djongo.sql2mongo.query Find query: {'filter': {'status': {'$eq': 'filled'}}, 'projection': ['id', 'trade_id', 'symbol', 'side', 'quantity', 'order_type', 'status', 'requested_price', 'fill_price', 'cost_basis', 'realized_pnl', 'commission', 'strategy', 'webhook_id', 'broker_order_id', 'broker_type', 'broker_account_id', 'error_message', 'risk_approved', 'risk_reason', 'user_id', 'organization_id', 'created_at', 'updated_at'], 'sort': [('created_at', -1)]}
[2026-02-25 17:59:40,293] DEBUG djongo.sql2mongo.query sql_command: SELECT "risk_management_riskconfig"."id", "risk_management_riskconfig"."name", "risk_management_riskconfig"."is_active", "risk_management_riskconfig"."max_daily_drawdown_pct", "risk_management_riskconfig"."max_total_drawdown_pct", "risk_management_riskconfig"."max_position_size_pct", "risk_management_riskconfig"."max_open_positions", "risk_management_riskconfig"."max_daily_trades", "risk_management_riskconfig"."daily_loss_limit", "risk_management_riskconfig"."kill_switch_active", "risk_management_riskconfig"."organization_id", "risk_management_riskconfig"."created_at", "risk_management_riskconfig"."updated_at" FROM "risk_management_riskconfig" WHERE "risk_management_riskconfig"."name" = %(0)s LIMIT 21
params: ('default',)
[2026-02-25 17:59:40,294] DEBUG djongo.sql2mongo.query Find query: {'filter': {'name': {'$eq': 'default'}}, 'projection': ['id', 'name', 'is_active', 'max_daily_drawdown_pct', 'max_total_drawdown_pct', 'max_position_size_pct', 'max_open_positions', 'max_daily_trades', 'daily_loss_limit', 'kill_switch_active', 'organization_id', 'created_at', 'updated_at'], 'limit': 21}
[2026-02-25 17:59:40,296] DEBUG djongo.sql2mongo.query Result: (4, 'default', True, Decimal128('5.00'), Decimal128('10.00'), Decimal128('5.00'), 10, 50, Decimal128('1000.00'), False, None, datetime.datetime(2026, 2, 25, 22, 59, 40, 274000), datetime.datetime(2026, 2, 25, 22, 59, 40, 274000))
[2026-02-25 17:59:40,297] DEBUG djongo.sql2mongo.query sql_command: SELECT "dashboard_strategy"."id", "dashboard_strategy"."strategy_id", "dashboard_strategy"."name", "dashboard_strategy"."description", "dashboard_strategy"."is_active", "dashboard_strategy"."asset_class", "dashboard_strategy"."timeframe", "dashboard_strategy"."symbols", "dashboard_strategy"."account_numbers", "dashboard_strategy"."position_size_pct", "dashboard_strategy"."max_positions", "dashboard_strategy"."stop_loss_pct", "dashboard_strategy"."take_profit_pct", "dashboard_strategy"."ai_model", "dashboard_strategy"."ai_confidence_threshold", "dashboard_strategy"."ai_retrain_freq", "dashboard_strategy"."custom_params", "dashboard_strategy"."organization_id", "dashboard_strategy"."created_at", "dashboard_strategy"."updated_at" FROM "dashboard_strategy" ORDER BY "dashboard_strategy"."created_at" DESC
params: ()
[2026-02-25 17:59:40,299] DEBUG djongo.sql2mongo.query Find query: {'projection': ['id', 'strategy_id', 'name', 'description', 'is_active', 'asset_class', 'timeframe', 'symbols', 'account_numbers', 'position_size_pct', 'max_positions', 'stop_loss_pct', 'take_profit_pct', 'ai_model', 'ai_confidence_threshold', 'ai_retrain_freq', 'custom_params', 'organization_id', 'created_at', 'updated_at'], 'sort': [('created_at', -1)]}
[2026-02-25 17:59:40,301] DEBUG djongo.sql2mongo.query sql_command: SELECT "risk_management_riskconfig"."id", "risk_management_riskconfig"."name", "risk_management_riskconfig"."is_active", "risk_management_riskconfig"."max_daily_drawdown_pct", "risk_management_riskconfig"."max_total_drawdown_pct", "risk_management_riskconfig"."max_position_size_pct", "risk_management_riskconfig"."max_open_positions", "risk_management_riskconfig"."max_daily_trades", "risk_management_riskconfig"."daily_loss_limit", "risk_management_riskconfig"."kill_switch_active", "risk_management_riskconfig"."organization_id", "risk_management_riskconfig"."created_at", "risk_management_riskconfig"."updated_at" FROM "risk_management_riskconfig" WHERE "risk_management_riskconfig"."name" = %(0)s LIMIT 21
params: ('default',)
[2026-02-25 17:59:40,302] DEBUG djongo.sql2mongo.query Find query: {'filter': {'name': {'$eq': 'default'}}, 'projection': ['id', 'name', 'is_active', 'max_daily_drawdown_pct', 'max_total_drawdown_pct', 'max_position_size_pct', 'max_open_positions', 'max_daily_trades', 'daily_loss_limit', 'kill_switch_active', 'organization_id', 'created_at', 'updated_at'], 'limit': 21}
[2026-02-25 17:59:40,303] DEBUG djongo.sql2mongo.query Result: (4, 'default', True, Decimal128('5.00'), Decimal128('10.00'), Decimal128('5.00'), 10, 50, Decimal128('1000.00'), False, None, datetime.datetime(2026, 2, 25, 22, 59, 40, 274000), datetime.datetime(2026, 2, 25, 22, 59, 40, 274000))
[2026-02-25 17:59:40,305] DEBUG djongo.sql2mongo.query sql_command: SELECT "execution_engine_trade"."id", "execution_engine_trade"."trade_id", "execution_engine_trade"."symbol", "execution_engine_trade"."side", "execution_engine_trade"."quantity", "execution_engine_trade"."order_type", "execution_engine_trade"."status", "execution_engine_trade"."requested_price", "execution_engine_trade"."fill_price", "execution_engine_trade"."cost_basis", "execution_engine_trade"."realized_pnl", "execution_engine_trade"."commission", "execution_engine_trade"."strategy", "execution_engine_trade"."webhook_id", "execution_engine_trade"."broker_order_id", "execution_engine_trade"."broker_type", "execution_engine_trade"."broker_account_id", "execution_engine_trade"."error_message", "execution_engine_trade"."risk_approved", "execution_engine_trade"."risk_reason", "execution_engine_trade"."user_id", "execution_engine_trade"."organization_id", "execution_engine_trade"."created_at", "execution_engine_trade"."updated_at" FROM "execution_engine_trade" ORDER BY "execution_engine_trade"."created_at" DESC LIMIT 10
params: ()
[2026-02-25 17:59:40,307] DEBUG djongo.sql2mongo.query Find query: {'projection': ['id', 'trade_id', 'symbol', 'side', 'quantity', 'order_type', 'status', 'requested_price', 'fill_price', 'cost_basis', 'realized_pnl', 'commission', 'strategy', 'webhook_id', 'broker_order_id', 'broker_type', 'broker_account_id', 'error_message', 'risk_approved', 'risk_reason', 'user_id', 'organization_id', 'created_at', 'updated_at'], 'limit': 10, 'sort': [('created_at', -1)]}
[2026-02-25 17:59:40,309] DEBUG djongo.sql2mongo.query sql_command: SELECT "webhooks_webhookevent"."id", "webhooks_webhookevent"."webhook_id", "webhooks_webhookevent"."source", "webhooks_webhookevent"."payload", "webhooks_webhookevent"."status", "webhooks_webhookevent"."error_message", "webhooks_webhookevent"."ticker", "webhooks_webhookevent"."action", "webhooks_webhookevent"."quantity", "webhooks_webhookevent"."strategy", "webhooks_webhookevent"."created_at", "webhooks_webhookevent"."ip_address" FROM "webhooks_webhookevent" ORDER BY "webhooks_webhookevent"."created_at" DESC LIMIT 10
params: ()
[2026-02-25 17:59:40,309] DEBUG djongo.sql2mongo.query Find query: {'projection': ['id', 'webhook_id', 'source', 'payload', 'status', 'error_message', 'ticker', 'action', 'quantity', 'strategy', 'created_at', 'ip_address'], 'limit': 10, 'sort': [('created_at', -1)]}
[2026-02-25 17:59:40,310] DEBUG djongo.sql2mongo.query sql_command: SELECT "risk_management_propfirmaccount"."id", "risk_management_propfirmaccount"."name", "risk_management_propfirmaccount"."firm", "risk_management_propfirmaccount"."account_number", "risk_management_propfirmaccount"."phase", "risk_management_propfirmaccount"."is_active", "risk_management_propfirmaccount"."account_size", "risk_management_propfirmaccount"."max_daily_drawdown_pct", "risk_management_propfirmaccount"."max_total_drawdown_pct", "risk_management_propfirmaccount"."profit_target_pct", "risk_management_propfirmaccount"."profit_split_pct", "risk_management_propfirmaccount"."min_trading_days", "risk_management_propfirmaccount"."trading_days_completed", "risk_management_propfirmaccount"."challenge_start_date", "risk_management_propfirmaccount"."challenge_end_date", "risk_management_propfirmaccount"."broker_account_id", "risk_management_propfirmaccount"."organization_id", "risk_management_propfirmaccount"."created_at", "risk_management_propfirmaccount"."updated_at" FROM "risk_management_propfirmaccount" WHERE "risk_management_propfirmaccount"."is_active" ORDER BY "risk_management_propfirmaccount"."created_at" DESC
params: ()
[2026-02-25 17:59:40,312] ERROR django.request Internal Server Error: /
Traceback (most recent call last):
  File "/Users/computer/Library/Python/3.13/lib/python/site-packages/djongo/sql2mongo/query.py", line 857, in parse
    return handler(self, statement)
  File "/Users/computer/Library/Python/3.13/lib/python/site-packages/djongo/sql2mongo/query.py", line 933, in _select
    return SelectQuery(self.db, self.connection_properties, sm, self._params)
  File "/Users/computer/Library/Python/3.13/lib/python/site-packages/djongo/sql2mongo/query.py", line 116, in __init__
    super().__init__(*args)
    ~~~~~~~~~~~~~~~~^^^^^^^
  File "/Users/computer/Library/Python/3.13/lib/python/site-packages/djongo/sql2mongo/query.py", line 62, in __init__
    self.parse()
    ~~~~~~~~~~^^
  File "/Users/computer/Library/Python/3.13/lib/python/site-packages/djongo/sql2mongo/query.py", line 152, in parse
    self.where = WhereConverter(self, statement)
                 ~~~~~~~~~~~~~~^^^^^^^^^^^^^^^^^
  File "/Users/computer/Library/Python/3.13/lib/python/site-packages/djongo/sql2mongo/converters.py", line 27, in __init__
    self.parse()
    ~~~~~~~~~~^^
  File "/Users/computer/Library/Python/3.13/lib/python/site-packages/djongo/sql2mongo/converters.py", line 119, in parse
    self.op = WhereOp(
              ~~~~~~~^
        statement=SQLStatement(tok),
        ^^^^^^^^^^^^^^^^^^^^^^^^^^^^
        query=self.query,
        ^^^^^^^^^^^^^^^^^
        params=self.query.params
        ^^^^^^^^^^^^^^^^^^^^^^^^
    )
    ^
  File "/Users/computer/Library/Python/3.13/lib/python/site-packages/djongo/sql2mongo/operators.py", line 475, in __init__
    self._statement2ops()
    ~~~~~~~~~~~~~~~~~~~^^
  File "/Users/computer/Library/Python/3.13/lib/python/site-packages/djongo/sql2mongo/operators.py", line 438, in _statement2ops
    if prev_op.lhs is None:
       ^^^^^^^^^^^
AttributeError: 'NoneType' object has no attribute 'lhs'

The above exception was the direct cause of the following exception:

Traceback (most recent call last):
  File "/Users/computer/Library/Python/3.13/lib/python/site-packages/djongo/cursor.py", line 51, in execute
    self.result = Query(
                  ~~~~~^
        self.client_conn,
        ^^^^^^^^^^^^^^^^^
    ...<2 lines>...
        sql,
        ^^^^
        params)
        ^^^^^^^
  File "/Users/computer/Library/Python/3.13/lib/python/site-packages/djongo/sql2mongo/query.py", line 784, in __init__
    self._query = self.parse()
                  ~~~~~~~~~~^^
  File "/Users/computer/Library/Python/3.13/lib/python/site-packages/djongo/sql2mongo/query.py", line 885, in parse
    raise exe from e
djongo.exceptions.SQLDecodeError: 

	Keyword: None
	Sub SQL: None
	FAILED SQL: SELECT "risk_management_propfirmaccount"."id", "risk_management_propfirmaccount"."name", "risk_management_propfirmaccount"."firm", "risk_management_propfirmaccount"."account_number", "risk_management_propfirmaccount"."phase", "risk_management_propfirmaccount"."is_active", "risk_management_propfirmaccount"."account_size", "risk_management_propfirmaccount"."max_daily_drawdown_pct", "risk_management_propfirmaccount"."max_total_drawdown_pct", "risk_management_propfirmaccount"."profit_target_pct", "risk_management_propfirmaccount"."profit_split_pct", "risk_management_propfirmaccount"."min_trading_days", "risk_management_propfirmaccount"."trading_days_completed", "risk_management_propfirmaccount"."challenge_start_date", "risk_management_propfirmaccount"."challenge_end_date", "risk_management_propfirmaccount"."broker_account_id", "risk_management_propfirmaccount"."organization_id", "risk_management_propfirmaccount"."created_at", "risk_management_propfirmaccount"."updated_at" FROM "risk_management_propfirmaccount" WHERE "risk_management_propfirmaccount"."is_active" ORDER BY "risk_management_propfirmaccount"."created_at" DESC
	Params: ()
	Version: 1.3.6

The above exception was the direct cause of the following exception:

Traceback (most recent call last):
  File "/Users/computer/Library/Python/3.13/lib/python/site-packages/django/db/backends/utils.py", line 89, in _execute
    return self.cursor.execute(sql, params)
           ~~~~~~~~~~~~~~~~~~~^^^^^^^^^^^^^
  File "/Users/computer/Library/Python/3.13/lib/python/site-packages/djongo/cursor.py", line 59, in execute
    raise db_exe from e
djongo.database.DatabaseError

The above exception was the direct cause of the following exception:

Traceback (most recent call last):
  File "/Users/computer/Library/Python/3.13/lib/python/site-packages/django/core/handlers/exception.py", line 56, in inner
    response = get_response(request)
  File "/Users/computer/Library/Python/3.13/lib/python/site-packages/django/core/handlers/base.py", line 197, in _get_response
    response = wrapped_callback(request, *callback_args, **callback_kwargs)
  File "/Users/computer/Desktop/Propietary Accounts Auto-Trader/apps/dashboard/views.py", line 108, in overview
    return render(request, "dashboard/overview.html", ctx)
  File "/Users/computer/Library/Python/3.13/lib/python/site-packages/django/shortcuts.py", line 24, in render
    content = loader.render_to_string(template_name, context, request, using=using)
  File "/Users/computer/Library/Python/3.13/lib/python/site-packages/django/template/loader.py", line 62, in render_to_string
    return template.render(context, request)
           ~~~~~~~~~~~~~~~^^^^^^^^^^^^^^^^^^
  File "/Users/computer/Library/Python/3.13/lib/python/site-packages/django/template/backends/django.py", line 61, in render
    return self.template.render(context)
           ~~~~~~~~~~~~~~~~~~~~^^^^^^^^^
  File "/Users/computer/Library/Python/3.13/lib/python/site-packages/django/template/base.py", line 175, in render
    return self._render(context)
           ~~~~~~~~~~~~^^^^^^^^^
  File "/Users/computer/Library/Python/3.13/lib/python/site-packages/django/test/utils.py", line 111, in instrumented_test_render
    return self.nodelist.render(context)
           ~~~~~~~~~~~~~~~~~~~~^^^^^^^^^
  File "/Users/computer/Library/Python/3.13/lib/python/site-packages/django/template/base.py", line 1005, in render
    return SafeString("".join([node.render_annotated(context) for node in self]))
                               ~~~~~~~~~~~~~~~~~~~~~^^^^^^^^^
  File "/Users/computer/Library/Python/3.13/lib/python/site-packages/django/template/base.py", line 966, in render_annotated
    return self.render(context)
           ~~~~~~~~~~~^^^^^^^^^
  File "/Users/computer/Library/Python/3.13/lib/python/site-packages/django/template/loader_tags.py", line 157, in render
    return compiled_parent._render(context)
           ~~~~~~~~~~~~~~~~~~~~~~~^^^^^^^^^
  File "/Users/computer/Library/Python/3.13/lib/python/site-packages/django/test/utils.py", line 111, in instrumented_test_render
    return self.nodelist.render(context)
           ~~~~~~~~~~~~~~~~~~~~^^^^^^^^^
  File "/Users/computer/Library/Python/3.13/lib/python/site-packages/django/template/base.py", line 1005, in render
    return SafeString("".join([node.render_annotated(context) for node in self]))
                               ~~~~~~~~~~~~~~~~~~~~~^^^^^^^^^
  File "/Users/computer/Library/Python/3.13/lib/python/site-packages/django/template/base.py", line 966, in render_annotated
    return self.render(context)
           ~~~~~~~~~~~^^^^^^^^^
  File "/Users/computer/Library/Python/3.13/lib/python/site-packages/django/template/loader_tags.py", line 63, in render
    result = block.nodelist.render(context)
  File "/Users/computer/Library/Python/3.13/lib/python/site-packages/django/template/base.py", line 1005, in render
    return SafeString("".join([node.render_annotated(context) for node in self]))
                               ~~~~~~~~~~~~~~~~~~~~~^^^^^^^^^
  File "/Users/computer/Library/Python/3.13/lib/python/site-packages/django/template/base.py", line 966, in render_annotated
    return self.render(context)
           ~~~~~~~~~~~^^^^^^^^^
  File "/Users/computer/Library/Python/3.13/lib/python/site-packages/django/template/defaulttags.py", line 194, in render
    len_values = len(values)
  File "/Users/computer/Library/Python/3.13/lib/python/site-packages/django/db/models/query.py", line 376, in __len__
    self._fetch_all()
    ~~~~~~~~~~~~~~~^^
  File "/Users/computer/Library/Python/3.13/lib/python/site-packages/django/db/models/query.py", line 1867, in _fetch_all
    self._result_cache = list(self._iterable_class(self))
                         ~~~~^^^^^^^^^^^^^^^^^^^^^^^^^^^^
  File "/Users/computer/Library/Python/3.13/lib/python/site-packages/django/db/models/query.py", line 87, in __iter__
    results = compiler.execute_sql(
        chunked_fetch=self.chunked_fetch, chunk_size=self.chunk_size
    )
  File "/Users/computer/Library/Python/3.13/lib/python/site-packages/django/db/models/sql/compiler.py", line 1398, in execute_sql
    cursor.execute(sql, params)
    ~~~~~~~~~~~~~~^^^^^^^^^^^^^
  File "/Users/computer/Library/Python/3.13/lib/python/site-packages/django/db/backends/utils.py", line 67, in execute
    return self._execute_with_wrappers(
           ~~~~~~~~~~~~~~~~~~~~~~~~~~~^
        sql, params, many=False, executor=self._execute
        ^^^^^^^^^^^^^^^^^^^^^^^^^^^^^^^^^^^^^^^^^^^^^^^
    )
    ^
  File "/Users/computer/Library/Python/3.13/lib/python/site-packages/django/db/backends/utils.py", line 80, in _execute_with_wrappers
    return executor(sql, params, many, context)
  File "/Users/computer/Library/Python/3.13/lib/python/site-packages/django/db/backends/utils.py", line 84, in _execute
    with self.db.wrap_database_errors:
         ^^^^^^^^^^^^^^^^^^^^^^^^^^^^
  File "/Users/computer/Library/Python/3.13/lib/python/site-packages/django/db/utils.py", line 91, in __exit__
    raise dj_exc_value.with_traceback(traceback) from exc_value
  File "/Users/computer/Library/Python/3.13/lib/python/site-packages/django/db/backends/utils.py", line 89, in _execute
    return self.cursor.execute(sql, params)
           ~~~~~~~~~~~~~~~~~~~^^^^^^^^^^^^^
  File "/Users/computer/Library/Python/3.13/lib/python/site-packages/djongo/cursor.py", line 59, in execute
    raise db_exe from e
django.db.utils.DatabaseError
E[2026-02-25 17:59:40,318] DEBUG djongo.sql2mongo.query sql_command: ALTER TABLE "webhooks_webhookevent" FLUSH
params: None
[2026-02-25 17:59:40,320] DEBUG djongo.sql2mongo.query sql_command: ALTER TABLE "risk_management_propfirmaccount" FLUSH
params: None
[2026-02-25 17:59:40,321] DEBUG djongo.sql2mongo.query sql_command: ALTER TABLE "risk_management_riskconfig" FLUSH
params: None
[2026-02-25 17:59:40,322] DEBUG djongo.sql2mongo.query sql_command: ALTER TABLE "broker_connector_brokeraccount" FLUSH
params: None
[2026-02-25 17:59:40,322] DEBUG djongo.sql2mongo.query sql_command: ALTER TABLE "auth_group" FLUSH
params: None
[2026-02-25 17:59:40,323] DEBUG djongo.sql2mongo.query sql_command: ALTER TABLE "execution_engine_trade" FLUSH
params: None
[2026-02-25 17:59:40,324] DEBUG djongo.sql2mongo.query sql_command: ALTER TABLE "auth_permission" FLUSH
params: None
[2026-02-25 17:59:40,326] DEBUG djongo.sql2mongo.query sql_command: ALTER TABLE "market_data_ohlcvbar" FLUSH
params: None
[2026-02-25 17:59:40,326] DEBUG djongo.sql2mongo.query sql_command: ALTER TABLE "dashboard_aimodel" FLUSH
params: None
[2026-02-25 17:59:40,327] DEBUG djongo.sql2mongo.query sql_command: ALTER TABLE "dashboard_strategy" FLUSH
params: None
[2026-02-25 17:59:40,327] DEBUG djongo.sql2mongo.query sql_command: ALTER TABLE "django_session" FLUSH
params: None
[2026-02-25 17:59:40,328] DEBUG djongo.sql2mongo.query sql_command: ALTER TABLE "auth_group_permissions" FLUSH
params: None
[2026-02-25 17:59:40,329] DEBUG djongo.sql2mongo.query sql_command: ALTER TABLE "auth_user_user_permissions" FLUSH
params: None
[2026-02-25 17:59:40,329] DEBUG djongo.sql2mongo.query sql_command: ALTER TABLE "auth_user" FLUSH
params: None
[2026-02-25 17:59:40,330] DEBUG djongo.sql2mongo.query sql_command: ALTER TABLE "django_content_type" FLUSH
params: None
[2026-02-25 17:59:40,331] DEBUG djongo.sql2mongo.query sql_command: ALTER TABLE "auth_user_groups" FLUSH
params: None
[2026-02-25 17:59:40,331] DEBUG djongo.sql2mongo.query sql_command: ALTER TABLE "django_admin_log" FLUSH
params: None
[2026-02-25 17:59:40,332] DEBUG djongo.sql2mongo.query sql_command: SELECT "django_content_type"."id", "django_content_type"."app_label", "django_content_type"."model" FROM "django_content_type" WHERE "django_content_type"."app_label" = %(0)s
params: ('admin',)
[2026-02-25 17:59:40,332] DEBUG djongo.sql2mongo.query Find query: {'filter': {'app_label': {'$eq': 'admin'}}, 'projection': ['id', 'app_label', 'model']}
[2026-02-25 17:59:40,333] DEBUG djongo.sql2mongo.query sql_command: INSERT INTO "django_content_type" ("app_label", "model") VALUES (%(0)s, %(1)s)
params: ('admin', 'logentry')
[2026-02-25 17:59:40,335] DEBUG djongo.sql2mongo.query inserted ids [ObjectId('699f7edc421deff2f70ed834')]
[2026-02-25 17:59:40,335] DEBUG djongo.sql2mongo.query sql_command: SELECT "django_content_type"."id", "django_content_type"."app_label", "django_content_type"."model" FROM "django_content_type" WHERE ("django_content_type"."app_label" = %(0)s AND "django_content_type"."model" = %(1)s) LIMIT 21
params: ('admin', 'logentry')
[2026-02-25 17:59:40,336] DEBUG djongo.sql2mongo.query Find query: {'filter': {'$and': [{'app_label': {'$eq': 'admin'}}, {'model': {'$eq': 'logentry'}}]}, 'projection': ['id', 'app_label', 'model'], 'limit': 21}
[2026-02-25 17:59:40,336] DEBUG djongo.sql2mongo.query Result: (57, 'admin', 'logentry')
[2026-02-25 17:59:40,337] DEBUG djongo.sql2mongo.query sql_command: SELECT "auth_permission"."content_type_id", "auth_permission"."codename" FROM "auth_permission" INNER JOIN "django_content_type" ON ("auth_permission"."content_type_id" = "django_content_type"."id") WHERE "auth_permission"."content_type_id" IN (%(0)s) ORDER BY "django_content_type"."app_label" ASC, "django_content_type"."model" ASC, "auth_permission"."codename" ASC
params: (57,)
[2026-02-25 17:59:40,339] DEBUG djongo.sql2mongo.query Aggregation query: [{'$match': {'content_type_id': {'$ne': None, '$exists': True}}}, {'$lookup': {'from': 'django_content_type', 'localField': 'content_type_id', 'foreignField': 'id', 'as': 'django_content_type'}}, {'$unwind': '$django_content_type'}, {'$match': {'content_type_id': {'$in': [57]}}}, {'$sort': OrderedDict({'django_content_type.app_label': 1, 'django_content_type.model': 1, 'codename': 1})}, {'$project': {'content_type_id': True, 'codename': True}}]
[2026-02-25 17:59:40,339] DEBUG djongo.sql2mongo.query sql_command: INSERT INTO "auth_permission" ("name", "content_type_id", "codename") VALUES (%(0)s, %(1)s, %(2)s) VALUES (%(3)s, %(4)s, %(5)s) VALUES (%(6)s, %(7)s, %(8)s) VALUES (%(9)s, %(10)s, %(11)s)
params: ('Can add log entry', 57, 'add_logentry', 'Can change log entry', 57, 'change_logentry', 'Can delete log entry', 57, 'delete_logentry', 'Can view log entry', 57, 'view_logentry')
[2026-02-25 17:59:40,341] DEBUG djongo.sql2mongo.query inserted ids [ObjectId('699f7edc421deff2f70ed835'), ObjectId('699f7edc421deff2f70ed836'), ObjectId('699f7edc421deff2f70ed837'), ObjectId('699f7edc421deff2f70ed838')]
[2026-02-25 17:59:40,341] DEBUG djongo.sql2mongo.query sql_command: SELECT "django_content_type"."id", "django_content_type"."app_label", "django_content_type"."model" FROM "django_content_type" WHERE "django_content_type"."app_label" = %(0)s
params: ('admin',)
[2026-02-25 17:59:40,342] DEBUG djongo.sql2mongo.query Find query: {'filter': {'app_label': {'$eq': 'admin'}}, 'projection': ['id', 'app_label', 'model']}
[2026-02-25 17:59:40,343] DEBUG djongo.sql2mongo.query Result: (57, 'admin', 'logentry')
[2026-02-25 17:59:40,343] DEBUG djongo.sql2mongo.query sql_command: SELECT "django_content_type"."id", "django_content_type"."app_label", "django_content_type"."model" FROM "django_content_type" WHERE "django_content_type"."app_label" = %(0)s
params: ('auth',)
[2026-02-25 17:59:40,343] DEBUG djongo.sql2mongo.query Find query: {'filter': {'app_label': {'$eq': 'auth'}}, 'projection': ['id', 'app_label', 'model']}
[2026-02-25 17:59:40,344] DEBUG djongo.sql2mongo.query sql_command: INSERT INTO "django_content_type" ("app_label", "model") VALUES (%(0)s, %(1)s) VALUES (%(2)s, %(3)s) VALUES (%(4)s, %(5)s)
params: ('auth', 'permission', 'auth', 'group', 'auth', 'user')
[2026-02-25 17:59:40,345] DEBUG djongo.sql2mongo.query inserted ids [ObjectId('699f7edc421deff2f70ed839'), ObjectId('699f7edc421deff2f70ed83a'), ObjectId('699f7edc421deff2f70ed83b')]
[2026-02-25 17:59:40,345] DEBUG djongo.sql2mongo.query sql_command: SELECT "django_content_type"."id", "django_content_type"."app_label", "django_content_type"."model" FROM "django_content_type" WHERE ("django_content_type"."app_label" = %(0)s AND "django_content_type"."model" = %(1)s) LIMIT 21
params: ('auth', 'permission')
[2026-02-25 17:59:40,346] DEBUG djongo.sql2mongo.query Find query: {'filter': {'$and': [{'app_label': {'$eq': 'auth'}}, {'model': {'$eq': 'permission'}}]}, 'projection': ['id', 'app_label', 'model'], 'limit': 21}
[2026-02-25 17:59:40,347] DEBUG djongo.sql2mongo.query Result: (58, 'auth', 'permission')
[2026-02-25 17:59:40,347] DEBUG djongo.sql2mongo.query sql_command: SELECT "django_content_type"."id", "django_content_type"."app_label", "django_content_type"."model" FROM "django_content_type" WHERE ("django_content_type"."app_label" = %(0)s AND "django_content_type"."model" = %(1)s) LIMIT 21
params: ('auth', 'group')
[2026-02-25 17:59:40,348] DEBUG djongo.sql2mongo.query Find query: {'filter': {'$and': [{'app_label': {'$eq': 'auth'}}, {'model': {'$eq': 'group'}}]}, 'projection': ['id', 'app_label', 'model'], 'limit': 21}
[2026-02-25 17:59:40,348] DEBUG djongo.sql2mongo.query Result: (59, 'auth', 'group')
[2026-02-25 17:59:40,349] DEBUG djongo.sql2mongo.query sql_command: SELECT "django_content_type"."id", "django_content_type"."app_label", "django_content_type"."model" FROM "django_content_type" WHERE ("django_content_type"."app_label" = %(0)s AND "django_content_type"."model" = %(1)s) LIMIT 21
params: ('auth', 'user')
[2026-02-25 17:59:40,349] DEBUG djongo.sql2mongo.query Find query: {'filter': {'$and': [{'app_label': {'$eq': 'auth'}}, {'model': {'$eq': 'user'}}]}, 'projection': ['id', 'app_label', 'model'], 'limit': 21}
[2026-02-25 17:59:40,350] DEBUG djongo.sql2mongo.query Result: (60, 'auth', 'user')
[2026-02-25 17:59:40,350] DEBUG djongo.sql2mongo.query sql_command: SELECT "auth_permission"."content_type_id", "auth_permission"."codename" FROM "auth_permission" INNER JOIN "django_content_type" ON ("auth_permission"."content_type_id" = "django_content_type"."id") WHERE "auth_permission"."content_type_id" IN (%(0)s, %(1)s, %(2)s) ORDER BY "django_content_type"."app_label" ASC, "django_content_type"."model" ASC, "auth_permission"."codename" ASC
params: (58, 59, 60)
[2026-02-25 17:59:40,352] DEBUG djongo.sql2mongo.query Aggregation query: [{'$match': {'content_type_id': {'$ne': None, '$exists': True}}}, {'$lookup': {'from': 'django_content_type', 'localField': 'content_type_id', 'foreignField': 'id', 'as': 'django_content_type'}}, {'$unwind': '$django_content_type'}, {'$match': {'content_type_id': {'$in': [58, 59, 60]}}}, {'$sort': OrderedDict({'django_content_type.app_label': 1, 'django_content_type.model': 1, 'codename': 1})}, {'$project': {'content_type_id': True, 'codename': True}}]
[2026-02-25 17:59:40,353] DEBUG djongo.sql2mongo.query sql_command: INSERT INTO "auth_permission" ("name", "content_type_id", "codename") VALUES (%(0)s, %(1)s, %(2)s) VALUES (%(3)s, %(4)s, %(5)s) VALUES (%(6)s, %(7)s, %(8)s) VALUES (%(9)s, %(10)s, %(11)s) VALUES (%(12)s, %(13)s, %(14)s) VALUES (%(15)s, %(16)s, %(17)s) VALUES (%(18)s, %(19)s, %(20)s) VALUES (%(21)s, %(22)s, %(23)s) VALUES (%(24)s, %(25)s, %(26)s) VALUES (%(27)s, %(28)s, %(29)s) VALUES (%(30)s, %(31)s, %(32)s) VALUES (%(33)s, %(34)s, %(35)s)
params: ('Can add permission', 58, 'add_permission', 'Can change permission', 58, 'change_permission', 'Can delete permission', 58, 'delete_permission', 'Can view permission', 58, 'view_permission', 'Can add group', 59, 'add_group', 'Can change group', 59, 'change_group', 'Can delete group', 59, 'delete_group', 'Can view group', 59, 'view_group', 'Can add user', 60, 'add_user', 'Can change user', 60, 'change_user', 'Can delete user', 60, 'delete_user', 'Can view user', 60, 'view_user')
[2026-02-25 17:59:40,357] DEBUG djongo.sql2mongo.query inserted ids [ObjectId('699f7edc421deff2f70ed83c'), ObjectId('699f7edc421deff2f70ed83d'), ObjectId('699f7edc421deff2f70ed83e'), ObjectId('699f7edc421deff2f70ed83f'), ObjectId('699f7edc421deff2f70ed840'), ObjectId('699f7edc421deff2f70ed841'), ObjectId('699f7edc421deff2f70ed842'), ObjectId('699f7edc421deff2f70ed843'), ObjectId('699f7edc421deff2f70ed844'), ObjectId('699f7edc421deff2f70ed845'), ObjectId('699f7edc421deff2f70ed846'), ObjectId('699f7edc421deff2f70ed847')]
[2026-02-25 17:59:40,357] DEBUG djongo.sql2mongo.query sql_command: SELECT "django_content_type"."id", "django_content_type"."app_label", "django_content_type"."model" FROM "django_content_type" WHERE "django_content_type"."app_label" = %(0)s
params: ('auth',)
[2026-02-25 17:59:40,358] DEBUG djongo.sql2mongo.query Find query: {'filter': {'app_label': {'$eq': 'auth'}}, 'projection': ['id', 'app_label', 'model']}
[2026-02-25 17:59:40,358] DEBUG djongo.sql2mongo.query Result: (59, 'auth', 'group')
[2026-02-25 17:59:40,358] DEBUG djongo.sql2mongo.query Result: (58, 'auth', 'permission')
[2026-02-25 17:59:40,358] DEBUG djongo.sql2mongo.query Result: (60, 'auth', 'user')
[2026-02-25 17:59:40,358] DEBUG djongo.sql2mongo.query sql_command: SELECT "django_content_type"."id", "django_content_type"."app_label", "django_content_type"."model" FROM "django_content_type" WHERE "django_content_type"."app_label" = %(0)s
params: ('contenttypes',)
[2026-02-25 17:59:40,359] DEBUG djongo.sql2mongo.query Find query: {'filter': {'app_label': {'$eq': 'contenttypes'}}, 'projection': ['id', 'app_label', 'model']}
[2026-02-25 17:59:40,360] DEBUG djongo.sql2mongo.query sql_command: INSERT INTO "django_content_type" ("app_label", "model") VALUES (%(0)s, %(1)s)
params: ('contenttypes', 'contenttype')
[2026-02-25 17:59:40,361] DEBUG djongo.sql2mongo.query inserted ids [ObjectId('699f7edc421deff2f70ed848')]
[2026-02-25 17:59:40,362] DEBUG djongo.sql2mongo.query sql_command: SELECT "django_content_type"."id", "django_content_type"."app_label", "django_content_type"."model" FROM "django_content_type" WHERE ("django_content_type"."app_label" = %(0)s AND "django_content_type"."model" = %(1)s) LIMIT 21
params: ('contenttypes', 'contenttype')
[2026-02-25 17:59:40,362] DEBUG djongo.sql2mongo.query Find query: {'filter': {'$and': [{'app_label': {'$eq': 'contenttypes'}}, {'model': {'$eq': 'contenttype'}}]}, 'projection': ['id', 'app_label', 'model'], 'limit': 21}
[2026-02-25 17:59:40,363] DEBUG djongo.sql2mongo.query Result: (61, 'contenttypes', 'contenttype')
[2026-02-25 17:59:40,364] DEBUG djongo.sql2mongo.query sql_command: SELECT "auth_permission"."content_type_id", "auth_permission"."codename" FROM "auth_permission" INNER JOIN "django_content_type" ON ("auth_permission"."content_type_id" = "django_content_type"."id") WHERE "auth_permission"."content_type_id" IN (%(0)s) ORDER BY "django_content_type"."app_label" ASC, "django_content_type"."model" ASC, "auth_permission"."codename" ASC
params: (61,)
[2026-02-25 17:59:40,367] DEBUG djongo.sql2mongo.query Aggregation query: [{'$match': {'content_type_id': {'$ne': None, '$exists': True}}}, {'$lookup': {'from': 'django_content_type', 'localField': 'content_type_id', 'foreignField': 'id', 'as': 'django_content_type'}}, {'$unwind': '$django_content_type'}, {'$match': {'content_type_id': {'$in': [61]}}}, {'$sort': OrderedDict({'django_content_type.app_label': 1, 'django_content_type.model': 1, 'codename': 1})}, {'$project': {'content_type_id': True, 'codename': True}}]
[2026-02-25 17:59:40,368] DEBUG djongo.sql2mongo.query sql_command: INSERT INTO "auth_permission" ("name", "content_type_id", "codename") VALUES (%(0)s, %(1)s, %(2)s) VALUES (%(3)s, %(4)s, %(5)s) VALUES (%(6)s, %(7)s, %(8)s) VALUES (%(9)s, %(10)s, %(11)s)
params: ('Can add content type', 61, 'add_contenttype', 'Can change content type', 61, 'change_contenttype', 'Can delete content type', 61, 'delete_contenttype', 'Can view content type', 61, 'view_contenttype')
[2026-02-25 17:59:40,371] DEBUG djongo.sql2mongo.query inserted ids [ObjectId('699f7edc421deff2f70ed849'), ObjectId('699f7edc421deff2f70ed84a'), ObjectId('699f7edc421deff2f70ed84b'), ObjectId('699f7edc421deff2f70ed84c')]
[2026-02-25 17:59:40,371] DEBUG djongo.sql2mongo.query sql_command: SELECT "django_content_type"."id", "django_content_type"."app_label", "django_content_type"."model" FROM "django_content_type" WHERE "django_content_type"."app_label" = %(0)s
params: ('contenttypes',)
[2026-02-25 17:59:40,371] DEBUG djongo.sql2mongo.query Find query: {'filter': {'app_label': {'$eq': 'contenttypes'}}, 'projection': ['id', 'app_label', 'model']}
[2026-02-25 17:59:40,372] DEBUG djongo.sql2mongo.query Result: (61, 'contenttypes', 'contenttype')
[2026-02-25 17:59:40,372] DEBUG djongo.sql2mongo.query sql_command: SELECT "django_content_type"."id", "django_content_type"."app_label", "django_content_type"."model" FROM "django_content_type" WHERE "django_content_type"."app_label" = %(0)s
params: ('sessions',)
[2026-02-25 17:59:40,373] DEBUG djongo.sql2mongo.query Find query: {'filter': {'app_label': {'$eq': 'sessions'}}, 'projection': ['id', 'app_label', 'model']}
[2026-02-25 17:59:40,374] DEBUG djongo.sql2mongo.query sql_command: INSERT INTO "django_content_type" ("app_label", "model") VALUES (%(0)s, %(1)s)
params: ('sessions', 'session')
[2026-02-25 17:59:40,375] DEBUG djongo.sql2mongo.query inserted ids [ObjectId('699f7edc421deff2f70ed84d')]
[2026-02-25 17:59:40,375] DEBUG djongo.sql2mongo.query sql_command: SELECT "django_content_type"."id", "django_content_type"."app_label", "django_content_type"."model" FROM "django_content_type" WHERE ("django_content_type"."app_label" = %(0)s AND "django_content_type"."model" = %(1)s) LIMIT 21
params: ('sessions', 'session')
[2026-02-25 17:59:40,376] DEBUG djongo.sql2mongo.query Find query: {'filter': {'$and': [{'app_label': {'$eq': 'sessions'}}, {'model': {'$eq': 'session'}}]}, 'projection': ['id', 'app_label', 'model'], 'limit': 21}
[2026-02-25 17:59:40,376] DEBUG djongo.sql2mongo.query Result: (62, 'sessions', 'session')
[2026-02-25 17:59:40,377] DEBUG djongo.sql2mongo.query sql_command: SELECT "auth_permission"."content_type_id", "auth_permission"."codename" FROM "auth_permission" INNER JOIN "django_content_type" ON ("auth_permission"."content_type_id" = "django_content_type"."id") WHERE "auth_permission"."content_type_id" IN (%(0)s) ORDER BY "django_content_type"."app_label" ASC, "django_content_type"."model" ASC, "auth_permission"."codename" ASC
params: (62,)
[2026-02-25 17:59:40,380] DEBUG djongo.sql2mongo.query Aggregation query: [{'$match': {'content_type_id': {'$ne': None, '$exists': True}}}, {'$lookup': {'from': 'django_content_type', 'localField': 'content_type_id', 'foreignField': 'id', 'as': 'django_content_type'}}, {'$unwind': '$django_content_type'}, {'$match': {'content_type_id': {'$in': [62]}}}, {'$sort': OrderedDict({'django_content_type.app_label': 1, 'django_content_type.model': 1, 'codename': 1})}, {'$project': {'content_type_id': True, 'codename': True}}]
[2026-02-25 17:59:40,380] DEBUG djongo.sql2mongo.query sql_command: INSERT INTO "auth_permission" ("name", "content_type_id", "codename") VALUES (%(0)s, %(1)s, %(2)s) VALUES (%(3)s, %(4)s, %(5)s) VALUES (%(6)s, %(7)s, %(8)s) VALUES (%(9)s, %(10)s, %(11)s)
params: ('Can add session', 62, 'add_session', 'Can change session', 62, 'change_session', 'Can delete session', 62, 'delete_session', 'Can view session', 62, 'view_session')
[2026-02-25 17:59:40,382] DEBUG djongo.sql2mongo.query inserted ids [ObjectId('699f7edc421deff2f70ed84e'), ObjectId('699f7edc421deff2f70ed84f'), ObjectId('699f7edc421deff2f70ed850'), ObjectId('699f7edc421deff2f70ed851')]
[2026-02-25 17:59:40,382] DEBUG djongo.sql2mongo.query sql_command: SELECT "django_content_type"."id", "django_content_type"."app_label", "django_content_type"."model" FROM "django_content_type" WHERE "django_content_type"."app_label" = %(0)s
params: ('sessions',)
[2026-02-25 17:59:40,382] DEBUG djongo.sql2mongo.query Find query: {'filter': {'app_label': {'$eq': 'sessions'}}, 'projection': ['id', 'app_label', 'model']}
[2026-02-25 17:59:40,383] DEBUG djongo.sql2mongo.query Result: (62, 'sessions', 'session')
[2026-02-25 17:59:40,383] DEBUG djongo.sql2mongo.query sql_command: SELECT "django_content_type"."id", "django_content_type"."app_label", "django_content_type"."model" FROM "django_content_type" WHERE "django_content_type"."app_label" = %(0)s
params: ('webhooks',)
[2026-02-25 17:59:40,384] DEBUG djongo.sql2mongo.query Find query: {'filter': {'app_label': {'$eq': 'webhooks'}}, 'projection': ['id', 'app_label', 'model']}
[2026-02-25 17:59:40,384] DEBUG djongo.sql2mongo.query sql_command: INSERT INTO "django_content_type" ("app_label", "model") VALUES (%(0)s, %(1)s)
params: ('webhooks', 'webhookevent')
[2026-02-25 17:59:40,385] DEBUG djongo.sql2mongo.query inserted ids [ObjectId('699f7edc421deff2f70ed852')]
[2026-02-25 17:59:40,386] DEBUG djongo.sql2mongo.query sql_command: SELECT "django_content_type"."id", "django_content_type"."app_label", "django_content_type"."model" FROM "django_content_type" WHERE ("django_content_type"."app_label" = %(0)s AND "django_content_type"."model" = %(1)s) LIMIT 21
params: ('webhooks', 'webhookevent')
[2026-02-25 17:59:40,386] DEBUG djongo.sql2mongo.query Find query: {'filter': {'$and': [{'app_label': {'$eq': 'webhooks'}}, {'model': {'$eq': 'webhookevent'}}]}, 'projection': ['id', 'app_label', 'model'], 'limit': 21}
[2026-02-25 17:59:40,387] DEBUG djongo.sql2mongo.query Result: (63, 'webhooks', 'webhookevent')
[2026-02-25 17:59:40,387] DEBUG djongo.sql2mongo.query sql_command: SELECT "auth_permission"."content_type_id", "auth_permission"."codename" FROM "auth_permission" INNER JOIN "django_content_type" ON ("auth_permission"."content_type_id" = "django_content_type"."id") WHERE "auth_permission"."content_type_id" IN (%(0)s) ORDER BY "django_content_type"."app_label" ASC, "django_content_type"."model" ASC, "auth_permission"."codename" ASC
params: (63,)
[2026-02-25 17:59:40,389] DEBUG djongo.sql2mongo.query Aggregation query: [{'$match': {'content_type_id': {'$ne': None, '$exists': True}}}, {'$lookup': {'from': 'django_content_type', 'localField': 'content_type_id', 'foreignField': 'id', 'as': 'django_content_type'}}, {'$unwind': '$django_content_type'}, {'$match': {'content_type_id': {'$in': [63]}}}, {'$sort': OrderedDict({'django_content_type.app_label': 1, 'django_content_type.model': 1, 'codename': 1})}, {'$project': {'content_type_id': True, 'codename': True}}]
[2026-02-25 17:59:40,389] DEBUG djongo.sql2mongo.query sql_command: INSERT INTO "auth_permission" ("name", "content_type_id", "codename") VALUES (%(0)s, %(1)s, %(2)s) VALUES (%(3)s, %(4)s, %(5)s) VALUES (%(6)s, %(7)s, %(8)s) VALUES (%(9)s, %(10)s, %(11)s)
params: ('Can add Webhook Event', 63, 'add_webhookevent', 'Can change Webhook Event', 63, 'change_webhookevent', 'Can delete Webhook Event', 63, 'delete_webhookevent', 'Can view Webhook Event', 63, 'view_webhookevent')
[2026-02-25 17:59:40,391] DEBUG djongo.sql2mongo.query inserted ids [ObjectId('699f7edc421deff2f70ed853'), ObjectId('699f7edc421deff2f70ed854'), ObjectId('699f7edc421deff2f70ed855'), ObjectId('699f7edc421deff2f70ed856')]
[2026-02-25 17:59:40,392] DEBUG djongo.sql2mongo.query sql_command: SELECT "django_content_type"."id", "django_content_type"."app_label", "django_content_type"."model" FROM "django_content_type" WHERE "django_content_type"."app_label" = %(0)s
params: ('webhooks',)
[2026-02-25 17:59:40,392] DEBUG djongo.sql2mongo.query Find query: {'filter': {'app_label': {'$eq': 'webhooks'}}, 'projection': ['id', 'app_label', 'model']}
[2026-02-25 17:59:40,393] DEBUG djongo.sql2mongo.query Result: (63, 'webhooks', 'webhookevent')
[2026-02-25 17:59:40,393] DEBUG djongo.sql2mongo.query sql_command: SELECT "django_content_type"."id", "django_content_type"."app_label", "django_content_type"."model" FROM "django_content_type" WHERE "django_content_type"."app_label" = %(0)s
params: ('broker_connector',)
[2026-02-25 17:59:40,394] DEBUG djongo.sql2mongo.query Find query: {'filter': {'app_label': {'$eq': 'broker_connector'}}, 'projection': ['id', 'app_label', 'model']}
[2026-02-25 17:59:40,394] DEBUG djongo.sql2mongo.query sql_command: INSERT INTO "django_content_type" ("app_label", "model") VALUES (%(0)s, %(1)s)
params: ('broker_connector', 'brokeraccount')
[2026-02-25 17:59:40,396] DEBUG djongo.sql2mongo.query inserted ids [ObjectId('699f7edc421deff2f70ed857')]
[2026-02-25 17:59:40,396] DEBUG djongo.sql2mongo.query sql_command: SELECT "django_content_type"."id", "django_content_type"."app_label", "django_content_type"."model" FROM "django_content_type" WHERE ("django_content_type"."app_label" = %(0)s AND "django_content_type"."model" = %(1)s) LIMIT 21
params: ('broker_connector', 'brokeraccount')
[2026-02-25 17:59:40,397] DEBUG djongo.sql2mongo.query Find query: {'filter': {'$and': [{'app_label': {'$eq': 'broker_connector'}}, {'model': {'$eq': 'brokeraccount'}}]}, 'projection': ['id', 'app_label', 'model'], 'limit': 21}
[2026-02-25 17:59:40,398] DEBUG djongo.sql2mongo.query Result: (64, 'broker_connector', 'brokeraccount')
[2026-02-25 17:59:40,399] DEBUG djongo.sql2mongo.query sql_command: SELECT "auth_permission"."content_type_id", "auth_permission"."codename" FROM "auth_permission" INNER JOIN "django_content_type" ON ("auth_permission"."content_type_id" = "django_content_type"."id") WHERE "auth_permission"."content_type_id" IN (%(0)s) ORDER BY "django_content_type"."app_label" ASC, "django_content_type"."model" ASC, "auth_permission"."codename" ASC
params: (64,)
[2026-02-25 17:59:40,401] DEBUG djongo.sql2mongo.query Aggregation query: [{'$match': {'content_type_id': {'$ne': None, '$exists': True}}}, {'$lookup': {'from': 'django_content_type', 'localField': 'content_type_id', 'foreignField': 'id', 'as': 'django_content_type'}}, {'$unwind': '$django_content_type'}, {'$match': {'content_type_id': {'$in': [64]}}}, {'$sort': OrderedDict({'django_content_type.app_label': 1, 'django_content_type.model': 1, 'codename': 1})}, {'$project': {'content_type_id': True, 'codename': True}}]
[2026-02-25 17:59:40,401] DEBUG djongo.sql2mongo.query sql_command: INSERT INTO "auth_permission" ("name", "content_type_id", "codename") VALUES (%(0)s, %(1)s, %(2)s) VALUES (%(3)s, %(4)s, %(5)s) VALUES (%(6)s, %(7)s, %(8)s) VALUES (%(9)s, %(10)s, %(11)s)
params: ('Can add Broker Account', 64, 'add_brokeraccount', 'Can change Broker Account', 64, 'change_brokeraccount', 'Can delete Broker Account', 64, 'delete_brokeraccount', 'Can view Broker Account', 64, 'view_brokeraccount')
[2026-02-25 17:59:40,404] DEBUG djongo.sql2mongo.query inserted ids [ObjectId('699f7edc421deff2f70ed858'), ObjectId('699f7edc421deff2f70ed859'), ObjectId('699f7edc421deff2f70ed85a'), ObjectId('699f7edc421deff2f70ed85b')]
[2026-02-25 17:59:40,404] DEBUG djongo.sql2mongo.query sql_command: SELECT "django_content_type"."id", "django_content_type"."app_label", "django_content_type"."model" FROM "django_content_type" WHERE "django_content_type"."app_label" = %(0)s
params: ('broker_connector',)
[2026-02-25 17:59:40,405] DEBUG djongo.sql2mongo.query Find query: {'filter': {'app_label': {'$eq': 'broker_connector'}}, 'projection': ['id', 'app_label', 'model']}
[2026-02-25 17:59:40,406] DEBUG djongo.sql2mongo.query Result: (64, 'broker_connector', 'brokeraccount')
[2026-02-25 17:59:40,406] DEBUG djongo.sql2mongo.query sql_command: SELECT "django_content_type"."id", "django_content_type"."app_label", "django_content_type"."model" FROM "django_content_type" WHERE "django_content_type"."app_label" = %(0)s
params: ('execution_engine',)
[2026-02-25 17:59:40,406] DEBUG djongo.sql2mongo.query Find query: {'filter': {'app_label': {'$eq': 'execution_engine'}}, 'projection': ['id', 'app_label', 'model']}
[2026-02-25 17:59:40,407] DEBUG djongo.sql2mongo.query sql_command: INSERT INTO "django_content_type" ("app_label", "model") VALUES (%(0)s, %(1)s)
params: ('execution_engine', 'trade')
[2026-02-25 17:59:40,409] DEBUG djongo.sql2mongo.query inserted ids [ObjectId('699f7edc421deff2f70ed85c')]
[2026-02-25 17:59:40,409] DEBUG djongo.sql2mongo.query sql_command: SELECT "django_content_type"."id", "django_content_type"."app_label", "django_content_type"."model" FROM "django_content_type" WHERE ("django_content_type"."app_label" = %(0)s AND "django_content_type"."model" = %(1)s) LIMIT 21
params: ('execution_engine', 'trade')
[2026-02-25 17:59:40,410] DEBUG djongo.sql2mongo.query Find query: {'filter': {'$and': [{'app_label': {'$eq': 'execution_engine'}}, {'model': {'$eq': 'trade'}}]}, 'projection': ['id', 'app_label', 'model'], 'limit': 21}
[2026-02-25 17:59:40,411] DEBUG djongo.sql2mongo.query Result: (65, 'execution_engine', 'trade')
[2026-02-25 17:59:40,411] DEBUG djongo.sql2mongo.query sql_command: SELECT "auth_permission"."content_type_id", "auth_permission"."codename" FROM "auth_permission" INNER JOIN "django_content_type" ON ("auth_permission"."content_type_id" = "django_content_type"."id") WHERE "auth_permission"."content_type_id" IN (%(0)s) ORDER BY "django_content_type"."app_label" ASC, "django_content_type"."model" ASC, "auth_permission"."codename" ASC
params: (65,)
[2026-02-25 17:59:40,414] DEBUG djongo.sql2mongo.query Aggregation query: [{'$match': {'content_type_id': {'$ne': None, '$exists': True}}}, {'$lookup': {'from': 'django_content_type', 'localField': 'content_type_id', 'foreignField': 'id', 'as': 'django_content_type'}}, {'$unwind': '$django_content_type'}, {'$match': {'content_type_id': {'$in': [65]}}}, {'$sort': OrderedDict({'django_content_type.app_label': 1, 'django_content_type.model': 1, 'codename': 1})}, {'$project': {'content_type_id': True, 'codename': True}}]
[2026-02-25 17:59:40,414] DEBUG djongo.sql2mongo.query sql_command: INSERT INTO "auth_permission" ("name", "content_type_id", "codename") VALUES (%(0)s, %(1)s, %(2)s) VALUES (%(3)s, %(4)s, %(5)s) VALUES (%(6)s, %(7)s, %(8)s) VALUES (%(9)s, %(10)s, %(11)s)
params: ('Can add Trade', 65, 'add_trade', 'Can change Trade', 65, 'change_trade', 'Can delete Trade', 65, 'delete_trade', 'Can view Trade', 65, 'view_trade')
[2026-02-25 17:59:40,417] DEBUG djongo.sql2mongo.query inserted ids [ObjectId('699f7edc421deff2f70ed85d'), ObjectId('699f7edc421deff2f70ed85e'), ObjectId('699f7edc421deff2f70ed85f'), ObjectId('699f7edc421deff2f70ed860')]
[2026-02-25 17:59:40,417] DEBUG djongo.sql2mongo.query sql_command: SELECT "django_content_type"."id", "django_content_type"."app_label", "django_content_type"."model" FROM "django_content_type" WHERE "django_content_type"."app_label" = %(0)s
params: ('execution_engine',)
[2026-02-25 17:59:40,418] DEBUG djongo.sql2mongo.query Find query: {'filter': {'app_label': {'$eq': 'execution_engine'}}, 'projection': ['id', 'app_label', 'model']}
[2026-02-25 17:59:40,420] DEBUG djongo.sql2mongo.query Result: (65, 'execution_engine', 'trade')
[2026-02-25 17:59:40,420] DEBUG djongo.sql2mongo.query sql_command: SELECT "django_content_type"."id", "django_content_type"."app_label", "django_content_type"."model" FROM "django_content_type" WHERE "django_content_type"."app_label" = %(0)s
params: ('risk_management',)
[2026-02-25 17:59:40,420] DEBUG djongo.sql2mongo.query Find query: {'filter': {'app_label': {'$eq': 'risk_management'}}, 'projection': ['id', 'app_label', 'model']}
[2026-02-25 17:59:40,422] DEBUG djongo.sql2mongo.query sql_command: INSERT INTO "django_content_type" ("app_label", "model") VALUES (%(0)s, %(1)s) VALUES (%(2)s, %(3)s)
params: ('risk_management', 'riskconfig', 'risk_management', 'propfirmaccount')
[2026-02-25 17:59:40,424] DEBUG djongo.sql2mongo.query inserted ids [ObjectId('699f7edc421deff2f70ed861'), ObjectId('699f7edc421deff2f70ed862')]
[2026-02-25 17:59:40,424] DEBUG djongo.sql2mongo.query sql_command: SELECT "django_content_type"."id", "django_content_type"."app_label", "django_content_type"."model" FROM "django_content_type" WHERE ("django_content_type"."app_label" = %(0)s AND "django_content_type"."model" = %(1)s) LIMIT 21
params: ('risk_management', 'riskconfig')
[2026-02-25 17:59:40,425] DEBUG djongo.sql2mongo.query Find query: {'filter': {'$and': [{'app_label': {'$eq': 'risk_management'}}, {'model': {'$eq': 'riskconfig'}}]}, 'projection': ['id', 'app_label', 'model'], 'limit': 21}
[2026-02-25 17:59:40,426] DEBUG djongo.sql2mongo.query Result: (66, 'risk_management', 'riskconfig')
[2026-02-25 17:59:40,426] DEBUG djongo.sql2mongo.query sql_command: SELECT "django_content_type"."id", "django_content_type"."app_label", "django_content_type"."model" FROM "django_content_type" WHERE ("django_content_type"."app_label" = %(0)s AND "django_content_type"."model" = %(1)s) LIMIT 21
params: ('risk_management', 'propfirmaccount')
[2026-02-25 17:59:40,427] DEBUG djongo.sql2mongo.query Find query: {'filter': {'$and': [{'app_label': {'$eq': 'risk_management'}}, {'model': {'$eq': 'propfirmaccount'}}]}, 'projection': ['id', 'app_label', 'model'], 'limit': 21}
[2026-02-25 17:59:40,427] DEBUG djongo.sql2mongo.query Result: (67, 'risk_management', 'propfirmaccount')
[2026-02-25 17:59:40,428] DEBUG djongo.sql2mongo.query sql_command: SELECT "auth_permission"."content_type_id", "auth_permission"."codename" FROM "auth_permission" INNER JOIN "django_content_type" ON ("auth_permission"."content_type_id" = "django_content_type"."id") WHERE "auth_permission"."content_type_id" IN (%(0)s, %(1)s) ORDER BY "django_content_type"."app_label" ASC, "django_content_type"."model" ASC, "auth_permission"."codename" ASC
params: (66, 67)
[2026-02-25 17:59:40,430] DEBUG djongo.sql2mongo.query Aggregation query: [{'$match': {'content_type_id': {'$ne': None, '$exists': True}}}, {'$lookup': {'from': 'django_content_type', 'localField': 'content_type_id', 'foreignField': 'id', 'as': 'django_content_type'}}, {'$unwind': '$django_content_type'}, {'$match': {'content_type_id': {'$in': [66, 67]}}}, {'$sort': OrderedDict({'django_content_type.app_label': 1, 'django_content_type.model': 1, 'codename': 1})}, {'$project': {'content_type_id': True, 'codename': True}}]
[2026-02-25 17:59:40,430] DEBUG djongo.sql2mongo.query sql_command: INSERT INTO "auth_permission" ("name", "content_type_id", "codename") VALUES (%(0)s, %(1)s, %(2)s) VALUES (%(3)s, %(4)s, %(5)s) VALUES (%(6)s, %(7)s, %(8)s) VALUES (%(9)s, %(10)s, %(11)s) VALUES (%(12)s, %(13)s, %(14)s) VALUES (%(15)s, %(16)s, %(17)s) VALUES (%(18)s, %(19)s, %(20)s) VALUES (%(21)s, %(22)s, %(23)s)
params: ('Can add Risk Configuration', 66, 'add_riskconfig', 'Can change Risk Configuration', 66, 'change_riskconfig', 'Can delete Risk Configuration', 66, 'delete_riskconfig', 'Can view Risk Configuration', 66, 'view_riskconfig', 'Can add Prop Firm Account', 67, 'add_propfirmaccount', 'Can change Prop Firm Account', 67, 'change_propfirmaccount', 'Can delete Prop Firm Account', 67, 'delete_propfirmaccount', 'Can view Prop Firm Account', 67, 'view_propfirmaccount')
[2026-02-25 17:59:40,434] DEBUG djongo.sql2mongo.query inserted ids [ObjectId('699f7edc421deff2f70ed863'), ObjectId('699f7edc421deff2f70ed864'), ObjectId('699f7edc421deff2f70ed865'), ObjectId('699f7edc421deff2f70ed866'), ObjectId('699f7edc421deff2f70ed867'), ObjectId('699f7edc421deff2f70ed868'), ObjectId('699f7edc421deff2f70ed869'), ObjectId('699f7edc421deff2f70ed86a')]
[2026-02-25 17:59:40,434] DEBUG djongo.sql2mongo.query sql_command: SELECT "django_content_type"."id", "django_content_type"."app_label", "django_content_type"."model" FROM "django_content_type" WHERE "django_content_type"."app_label" = %(0)s
params: ('risk_management',)
[2026-02-25 17:59:40,435] DEBUG djongo.sql2mongo.query Find query: {'filter': {'app_label': {'$eq': 'risk_management'}}, 'projection': ['id', 'app_label', 'model']}
[2026-02-25 17:59:40,436] DEBUG djongo.sql2mongo.query Result: (67, 'risk_management', 'propfirmaccount')
[2026-02-25 17:59:40,436] DEBUG djongo.sql2mongo.query Result: (66, 'risk_management', 'riskconfig')
[2026-02-25 17:59:40,436] DEBUG djongo.sql2mongo.query sql_command: SELECT "django_content_type"."id", "django_content_type"."app_label", "django_content_type"."model" FROM "django_content_type" WHERE "django_content_type"."app_label" = %(0)s
params: ('market_data',)
[2026-02-25 17:59:40,436] DEBUG djongo.sql2mongo.query Find query: {'filter': {'app_label': {'$eq': 'market_data'}}, 'projection': ['id', 'app_label', 'model']}
[2026-02-25 17:59:40,437] DEBUG djongo.sql2mongo.query sql_command: INSERT INTO "django_content_type" ("app_label", "model") VALUES (%(0)s, %(1)s)
params: ('market_data', 'ohlcvbar')
[2026-02-25 17:59:40,439] DEBUG djongo.sql2mongo.query inserted ids [ObjectId('699f7edc421deff2f70ed86b')]
[2026-02-25 17:59:40,439] DEBUG djongo.sql2mongo.query sql_command: SELECT "django_content_type"."id", "django_content_type"."app_label", "django_content_type"."model" FROM "django_content_type" WHERE ("django_content_type"."app_label" = %(0)s AND "django_content_type"."model" = %(1)s) LIMIT 21
params: ('market_data', 'ohlcvbar')
[2026-02-25 17:59:40,440] DEBUG djongo.sql2mongo.query Find query: {'filter': {'$and': [{'app_label': {'$eq': 'market_data'}}, {'model': {'$eq': 'ohlcvbar'}}]}, 'projection': ['id', 'app_label', 'model'], 'limit': 21}
[2026-02-25 17:59:40,441] DEBUG djongo.sql2mongo.query Result: (68, 'market_data', 'ohlcvbar')
[2026-02-25 17:59:40,441] DEBUG djongo.sql2mongo.query sql_command: SELECT "auth_permission"."content_type_id", "auth_permission"."codename" FROM "auth_permission" INNER JOIN "django_content_type" ON ("auth_permission"."content_type_id" = "django_content_type"."id") WHERE "auth_permission"."content_type_id" IN (%(0)s) ORDER BY "django_content_type"."app_label" ASC, "django_content_type"."model" ASC, "auth_permission"."codename" ASC
params: (68,)
[2026-02-25 17:59:40,444] DEBUG djongo.sql2mongo.query Aggregation query: [{'$match': {'content_type_id': {'$ne': None, '$exists': True}}}, {'$lookup': {'from': 'django_content_type', 'localField': 'content_type_id', 'foreignField': 'id', 'as': 'django_content_type'}}, {'$unwind': '$django_content_type'}, {'$match': {'content_type_id': {'$in': [68]}}}, {'$sort': OrderedDict({'django_content_type.app_label': 1, 'django_content_type.model': 1, 'codename': 1})}, {'$project': {'content_type_id': True, 'codename': True}}]
[2026-02-25 17:59:40,444] DEBUG djongo.sql2mongo.query sql_command: INSERT INTO "auth_permission" ("name", "content_type_id", "codename") VALUES (%(0)s, %(1)s, %(2)s) VALUES (%(3)s, %(4)s, %(5)s) VALUES (%(6)s, %(7)s, %(8)s) VALUES (%(9)s, %(10)s, %(11)s)
params: ('Can add OHLCV Bar', 68, 'add_ohlcvbar', 'Can change OHLCV Bar', 68, 'change_ohlcvbar', 'Can delete OHLCV Bar', 68, 'delete_ohlcvbar', 'Can view OHLCV Bar', 68, 'view_ohlcvbar')
[2026-02-25 17:59:40,447] DEBUG djongo.sql2mongo.query inserted ids [ObjectId('699f7edc421deff2f70ed86c'), ObjectId('699f7edc421deff2f70ed86d'), ObjectId('699f7edc421deff2f70ed86e'), ObjectId('699f7edc421deff2f70ed86f')]
[2026-02-25 17:59:40,447] DEBUG djongo.sql2mongo.query sql_command: SELECT "django_content_type"."id", "django_content_type"."app_label", "django_content_type"."model" FROM "django_content_type" WHERE "django_content_type"."app_label" = %(0)s
params: ('market_data',)
[2026-02-25 17:59:40,447] DEBUG djongo.sql2mongo.query Find query: {'filter': {'app_label': {'$eq': 'market_data'}}, 'projection': ['id', 'app_label', 'model']}
[2026-02-25 17:59:40,448] DEBUG djongo.sql2mongo.query Result: (68, 'market_data', 'ohlcvbar')
[2026-02-25 17:59:40,448] DEBUG djongo.sql2mongo.query sql_command: SELECT "django_content_type"."id", "django_content_type"."app_label", "django_content_type"."model" FROM "django_content_type" WHERE "django_content_type"."app_label" = %(0)s
params: ('dashboard',)
[2026-02-25 17:59:40,449] DEBUG djongo.sql2mongo.query Find query: {'filter': {'app_label': {'$eq': 'dashboard'}}, 'projection': ['id', 'app_label', 'model']}
[2026-02-25 17:59:40,450] DEBUG djongo.sql2mongo.query sql_command: INSERT INTO "django_content_type" ("app_label", "model") VALUES (%(0)s, %(1)s) VALUES (%(2)s, %(3)s)
params: ('dashboard', 'strategy', 'dashboard', 'aimodel')
[2026-02-25 17:59:40,452] DEBUG djongo.sql2mongo.query inserted ids [ObjectId('699f7edc421deff2f70ed870'), ObjectId('699f7edc421deff2f70ed871')]
[2026-02-25 17:59:40,452] DEBUG djongo.sql2mongo.query sql_command: SELECT "django_content_type"."id", "django_content_type"."app_label", "django_content_type"."model" FROM "django_content_type" WHERE ("django_content_type"."app_label" = %(0)s AND "django_content_type"."model" = %(1)s) LIMIT 21
params: ('dashboard', 'strategy')
[2026-02-25 17:59:40,453] DEBUG djongo.sql2mongo.query Find query: {'filter': {'$and': [{'app_label': {'$eq': 'dashboard'}}, {'model': {'$eq': 'strategy'}}]}, 'projection': ['id', 'app_label', 'model'], 'limit': 21}
[2026-02-25 17:59:40,454] DEBUG djongo.sql2mongo.query Result: (69, 'dashboard', 'strategy')
[2026-02-25 17:59:40,454] DEBUG djongo.sql2mongo.query sql_command: SELECT "django_content_type"."id", "django_content_type"."app_label", "django_content_type"."model" FROM "django_content_type" WHERE ("django_content_type"."app_label" = %(0)s AND "django_content_type"."model" = %(1)s) LIMIT 21
params: ('dashboard', 'aimodel')
[2026-02-25 17:59:40,455] DEBUG djongo.sql2mongo.query Find query: {'filter': {'$and': [{'app_label': {'$eq': 'dashboard'}}, {'model': {'$eq': 'aimodel'}}]}, 'projection': ['id', 'app_label', 'model'], 'limit': 21}
[2026-02-25 17:59:40,456] DEBUG djongo.sql2mongo.query Result: (70, 'dashboard', 'aimodel')
[2026-02-25 17:59:40,457] DEBUG djongo.sql2mongo.query sql_command: SELECT "auth_permission"."content_type_id", "auth_permission"."codename" FROM "auth_permission" INNER JOIN "django_content_type" ON ("auth_permission"."content_type_id" = "django_content_type"."id") WHERE "auth_permission"."content_type_id" IN (%(0)s, %(1)s) ORDER BY "django_content_type"."app_label" ASC, "django_content_type"."model" ASC, "auth_permission"."codename" ASC
params: (69, 70)
[2026-02-25 17:59:40,460] DEBUG djongo.sql2mongo.query Aggregation query: [{'$match': {'content_type_id': {'$ne': None, '$exists': True}}}, {'$lookup': {'from': 'django_content_type', 'localField': 'content_type_id', 'foreignField': 'id', 'as': 'django_content_type'}}, {'$unwind': '$django_content_type'}, {'$match': {'content_type_id': {'$in': [69, 70]}}}, {'$sort': OrderedDict({'django_content_type.app_label': 1, 'django_content_type.model': 1, 'codename': 1})}, {'$project': {'content_type_id': True, 'codename': True}}]
[2026-02-25 17:59:40,460] DEBUG djongo.sql2mongo.query sql_command: INSERT INTO "auth_permission" ("name", "content_type_id", "codename") VALUES (%(0)s, %(1)s, %(2)s) VALUES (%(3)s, %(4)s, %(5)s) VALUES (%(6)s, %(7)s, %(8)s) VALUES (%(9)s, %(10)s, %(11)s) VALUES (%(12)s, %(13)s, %(14)s) VALUES (%(15)s, %(16)s, %(17)s) VALUES (%(18)s, %(19)s, %(20)s) VALUES (%(21)s, %(22)s, %(23)s)
params: ('Can add Strategy', 69, 'add_strategy', 'Can change Strategy', 69, 'change_strategy', 'Can delete Strategy', 69, 'delete_strategy', 'Can view Strategy', 69, 'view_strategy', 'Can add AI Model', 70, 'add_aimodel', 'Can change AI Model', 70, 'change_aimodel', 'Can delete AI Model', 70, 'delete_aimodel', 'Can view AI Model', 70, 'view_aimodel')
[2026-02-25 17:59:40,464] DEBUG djongo.sql2mongo.query inserted ids [ObjectId('699f7edc421deff2f70ed872'), ObjectId('699f7edc421deff2f70ed873'), ObjectId('699f7edc421deff2f70ed874'), ObjectId('699f7edc421deff2f70ed875'), ObjectId('699f7edc421deff2f70ed876'), ObjectId('699f7edc421deff2f70ed877'), ObjectId('699f7edc421deff2f70ed878'), ObjectId('699f7edc421deff2f70ed879')]
[2026-02-25 17:59:40,464] DEBUG djongo.sql2mongo.query sql_command: SELECT "django_content_type"."id", "django_content_type"."app_label", "django_content_type"."model" FROM "django_content_type" WHERE "django_content_type"."app_label" = %(0)s
params: ('dashboard',)
[2026-02-25 17:59:40,465] DEBUG djongo.sql2mongo.query Find query: {'filter': {'app_label': {'$eq': 'dashboard'}}, 'projection': ['id', 'app_label', 'model']}
[2026-02-25 17:59:40,466] DEBUG djongo.sql2mongo.query Result: (70, 'dashboard', 'aimodel')
[2026-02-25 17:59:40,466] DEBUG djongo.sql2mongo.query Result: (69, 'dashboard', 'strategy')
[2026-02-25 17:59:40,467] DEBUG djongo.base MongoClient connection closed
[2026-02-25 17:59:40,467] DEBUG djongo.base Existing MongoClient connection closed
[2026-02-25 17:59:40,467] DEBUG djongo.base New Database connection
[2026-02-25 17:59:40,467] DEBUG djongo.sql2mongo.query sql_command: SELECT "risk_management_riskconfig"."id", "risk_management_riskconfig"."name", "risk_management_riskconfig"."is_active", "risk_management_riskconfig"."max_daily_drawdown_pct", "risk_management_riskconfig"."max_total_drawdown_pct", "risk_management_riskconfig"."max_position_size_pct", "risk_management_riskconfig"."max_open_positions", "risk_management_riskconfig"."max_daily_trades", "risk_management_riskconfig"."daily_loss_limit", "risk_management_riskconfig"."kill_switch_active", "risk_management_riskconfig"."organization_id", "risk_management_riskconfig"."created_at", "risk_management_riskconfig"."updated_at" FROM "risk_management_riskconfig" WHERE "risk_management_riskconfig"."name" = %(0)s LIMIT 21
params: ('default',)
[2026-02-25 17:59:40,468] DEBUG djongo.sql2mongo.query Find query: {'filter': {'name': {'$eq': 'default'}}, 'projection': ['id', 'name', 'is_active', 'max_daily_drawdown_pct', 'max_total_drawdown_pct', 'max_position_size_pct', 'max_open_positions', 'max_daily_trades', 'daily_loss_limit', 'kill_switch_active', 'organization_id', 'created_at', 'updated_at'], 'limit': 21}
[2026-02-25 17:59:40,776] DEBUG djongo.sql2mongo.query sql_command: INSERT INTO "risk_management_riskconfig" ("name", "is_active", "max_daily_drawdown_pct", "max_total_drawdown_pct", "max_position_size_pct", "max_open_positions", "max_daily_trades", "daily_loss_limit", "kill_switch_active", "organization_id", "created_at", "updated_at") VALUES (%(0)s, %(1)s, %(2)s, %(3)s, %(4)s, %(5)s, %(6)s, %(7)s, %(8)s, %(9)s, %(10)s, %(11)s)
params: ['default', True, Decimal128('5.00'), Decimal128('10.00'), Decimal128('5.00'), 10, 50, Decimal128('1000.00'), False, None, datetime.datetime(2026, 2, 25, 22, 59, 40, 776661), datetime.datetime(2026, 2, 25, 22, 59, 40, 776687)]
[2026-02-25 17:59:40,781] DEBUG djongo.sql2mongo.query inserted ids [ObjectId('699f7edc421deff2f70ed87a')]
[2026-02-25 17:59:40,782] DEBUG djongo.sql2mongo.query sql_command: SELECT "risk_management_riskconfig"."id", "risk_management_riskconfig"."name", "risk_management_riskconfig"."is_active", "risk_management_riskconfig"."max_daily_drawdown_pct", "risk_management_riskconfig"."max_total_drawdown_pct", "risk_management_riskconfig"."max_position_size_pct", "risk_management_riskconfig"."max_open_positions", "risk_management_riskconfig"."max_daily_trades", "risk_management_riskconfig"."daily_loss_limit", "risk_management_riskconfig"."kill_switch_active", "risk_management_riskconfig"."organization_id", "risk_management_riskconfig"."created_at", "risk_management_riskconfig"."updated_at" FROM "risk_management_riskconfig" WHERE "risk_management_riskconfig"."name" = %(0)s LIMIT 21
params: ('default',)
[2026-02-25 17:59:40,785] DEBUG djongo.sql2mongo.query Find query: {'filter': {'name': {'$eq': 'default'}}, 'projection': ['id', 'name', 'is_active', 'max_daily_drawdown_pct', 'max_total_drawdown_pct', 'max_position_size_pct', 'max_open_positions', 'max_daily_trades', 'daily_loss_limit', 'kill_switch_active', 'organization_id', 'created_at', 'updated_at'], 'limit': 21}
[2026-02-25 17:59:40,785] DEBUG djongo.sql2mongo.query Result: (5, 'default', True, Decimal128('5.00'), Decimal128('10.00'), Decimal128('5.00'), 10, 50, Decimal128('1000.00'), False, None, datetime.datetime(2026, 2, 25, 22, 59, 40, 776000), datetime.datetime(2026, 2, 25, 22, 59, 40, 776000))
[2026-02-25 17:59:40,787] DEBUG djongo.sql2mongo.query sql_command: SELECT "risk_management_propfirmaccount"."id", "risk_management_propfirmaccount"."name", "risk_management_propfirmaccount"."firm", "risk_management_propfirmaccount"."account_number", "risk_management_propfirmaccount"."phase", "risk_management_propfirmaccount"."is_active", "risk_management_propfirmaccount"."account_size", "risk_management_propfirmaccount"."max_daily_drawdown_pct", "risk_management_propfirmaccount"."max_total_drawdown_pct", "risk_management_propfirmaccount"."profit_target_pct", "risk_management_propfirmaccount"."profit_split_pct", "risk_management_propfirmaccount"."min_trading_days", "risk_management_propfirmaccount"."trading_days_completed", "risk_management_propfirmaccount"."challenge_start_date", "risk_management_propfirmaccount"."challenge_end_date", "risk_management_propfirmaccount"."broker_account_id", "risk_management_propfirmaccount"."organization_id", "risk_management_propfirmaccount"."created_at", "risk_management_propfirmaccount"."updated_at" FROM "risk_management_propfirmaccount" WHERE "risk_management_propfirmaccount"."is_active" ORDER BY "risk_management_propfirmaccount"."created_at" DESC
params: ()
[2026-02-25 17:59:40,788] ERROR django.request Internal Server Error: /prop-firms/
Traceback (most recent call last):
  File "/Users/computer/Library/Python/3.13/lib/python/site-packages/djongo/sql2mongo/query.py", line 857, in parse
    return handler(self, statement)
  File "/Users/computer/Library/Python/3.13/lib/python/site-packages/djongo/sql2mongo/query.py", line 933, in _select
    return SelectQuery(self.db, self.connection_properties, sm, self._params)
  File "/Users/computer/Library/Python/3.13/lib/python/site-packages/djongo/sql2mongo/query.py", line 116, in __init__
    super().__init__(*args)
    ~~~~~~~~~~~~~~~~^^^^^^^
  File "/Users/computer/Library/Python/3.13/lib/python/site-packages/djongo/sql2mongo/query.py", line 62, in __init__
    self.parse()
    ~~~~~~~~~~^^
  File "/Users/computer/Library/Python/3.13/lib/python/site-packages/djongo/sql2mongo/query.py", line 152, in parse
    self.where = WhereConverter(self, statement)
                 ~~~~~~~~~~~~~~^^^^^^^^^^^^^^^^^
  File "/Users/computer/Library/Python/3.13/lib/python/site-packages/djongo/sql2mongo/converters.py", line 27, in __init__
    self.parse()
    ~~~~~~~~~~^^
  File "/Users/computer/Library/Python/3.13/lib/python/site-packages/djongo/sql2mongo/converters.py", line 119, in parse
    self.op = WhereOp(
              ~~~~~~~^
        statement=SQLStatement(tok),
        ^^^^^^^^^^^^^^^^^^^^^^^^^^^^
        query=self.query,
        ^^^^^^^^^^^^^^^^^
        params=self.query.params
        ^^^^^^^^^^^^^^^^^^^^^^^^
    )
    ^
  File "/Users/computer/Library/Python/3.13/lib/python/site-packages/djongo/sql2mongo/operators.py", line 475, in __init__
    self._statement2ops()
    ~~~~~~~~~~~~~~~~~~~^^
  File "/Users/computer/Library/Python/3.13/lib/python/site-packages/djongo/sql2mongo/operators.py", line 438, in _statement2ops
    if prev_op.lhs is None:
       ^^^^^^^^^^^
AttributeError: 'NoneType' object has no attribute 'lhs'

The above exception was the direct cause of the following exception:

Traceback (most recent call last):
  File "/Users/computer/Library/Python/3.13/lib/python/site-packages/djongo/cursor.py", line 51, in execute
    self.result = Query(
                  ~~~~~^
        self.client_conn,
        ^^^^^^^^^^^^^^^^^
    ...<2 lines>...
        sql,
        ^^^^
        params)
        ^^^^^^^
  File "/Users/computer/Library/Python/3.13/lib/python/site-packages/djongo/sql2mongo/query.py", line 784, in __init__
    self._query = self.parse()
                  ~~~~~~~~~~^^
  File "/Users/computer/Library/Python/3.13/lib/python/site-packages/djongo/sql2mongo/query.py", line 885, in parse
    raise exe from e
djongo.exceptions.SQLDecodeError: 

	Keyword: None
	Sub SQL: None
	FAILED SQL: SELECT "risk_management_propfirmaccount"."id", "risk_management_propfirmaccount"."name", "risk_management_propfirmaccount"."firm", "risk_management_propfirmaccount"."account_number", "risk_management_propfirmaccount"."phase", "risk_management_propfirmaccount"."is_active", "risk_management_propfirmaccount"."account_size", "risk_management_propfirmaccount"."max_daily_drawdown_pct", "risk_management_propfirmaccount"."max_total_drawdown_pct", "risk_management_propfirmaccount"."profit_target_pct", "risk_management_propfirmaccount"."profit_split_pct", "risk_management_propfirmaccount"."min_trading_days", "risk_management_propfirmaccount"."trading_days_completed", "risk_management_propfirmaccount"."challenge_start_date", "risk_management_propfirmaccount"."challenge_end_date", "risk_management_propfirmaccount"."broker_account_id", "risk_management_propfirmaccount"."organization_id", "risk_management_propfirmaccount"."created_at", "risk_management_propfirmaccount"."updated_at" FROM "risk_management_propfirmaccount" WHERE "risk_management_propfirmaccount"."is_active" ORDER BY "risk_management_propfirmaccount"."created_at" DESC
	Params: ()
	Version: 1.3.6

The above exception was the direct cause of the following exception:

Traceback (most recent call last):
  File "/Users/computer/Library/Python/3.13/lib/python/site-packages/django/db/backends/utils.py", line 89, in _execute
    return self.cursor.execute(sql, params)
           ~~~~~~~~~~~~~~~~~~~^^^^^^^^^^^^^
  File "/Users/computer/Library/Python/3.13/lib/python/site-packages/djongo/cursor.py", line 59, in execute
    raise db_exe from e
djongo.database.DatabaseError

The above exception was the direct cause of the following exception:

Traceback (most recent call last):
  File "/Users/computer/Library/Python/3.13/lib/python/site-packages/django/core/handlers/exception.py", line 56, in inner
    response = get_response(request)
  File "/Users/computer/Library/Python/3.13/lib/python/site-packages/django/core/handlers/base.py", line 197, in _get_response
    response = wrapped_callback(request, *callback_args, **callback_kwargs)
  File "/Users/computer/Desktop/Propietary Accounts Auto-Trader/apps/dashboard/views.py", line 410, in prop_firms
    return render(request, "dashboard/prop_firms.html", ctx)
  File "/Users/computer/Library/Python/3.13/lib/python/site-packages/django/shortcuts.py", line 24, in render
    content = loader.render_to_string(template_name, context, request, using=using)
  File "/Users/computer/Library/Python/3.13/lib/python/site-packages/django/template/loader.py", line 62, in render_to_string
    return template.render(context, request)
           ~~~~~~~~~~~~~~~^^^^^^^^^^^^^^^^^^
  File "/Users/computer/Library/Python/3.13/lib/python/site-packages/django/template/backends/django.py", line 61, in render
    return self.template.render(context)
           ~~~~~~~~~~~~~~~~~~~~^^^^^^^^^
  File "/Users/computer/Library/Python/3.13/lib/python/site-packages/django/template/base.py", line 175, in render
    return self._render(context)
           ~~~~~~~~~~~~^^^^^^^^^
  File "/Users/computer/Library/Python/3.13/lib/python/site-packages/django/test/utils.py", line 111, in instrumented_test_render
    return self.nodelist.render(context)
           ~~~~~~~~~~~~~~~~~~~~^^^^^^^^^
  File "/Users/computer/Library/Python/3.13/lib/python/site-packages/django/template/base.py", line 1005, in render
    return SafeString("".join([node.render_annotated(context) for node in self]))
                               ~~~~~~~~~~~~~~~~~~~~~^^^^^^^^^
  File "/Users/computer/Library/Python/3.13/lib/python/site-packages/django/template/base.py", line 966, in render_annotated
    return self.render(context)
           ~~~~~~~~~~~^^^^^^^^^
  File "/Users/computer/Library/Python/3.13/lib/python/site-packages/django/template/loader_tags.py", line 157, in render
    return compiled_parent._render(context)
           ~~~~~~~~~~~~~~~~~~~~~~~^^^^^^^^^
  File "/Users/computer/Library/Python/3.13/lib/python/site-packages/django/test/utils.py", line 111, in instrumented_test_render
    return self.nodelist.render(context)
           ~~~~~~~~~~~~~~~~~~~~^^^^^^^^^
  File "/Users/computer/Library/Python/3.13/lib/python/site-packages/django/template/base.py", line 1005, in render
    return SafeString("".join([node.render_annotated(context) for node in self]))
                               ~~~~~~~~~~~~~~~~~~~~~^^^^^^^^^
  File "/Users/computer/Library/Python/3.13/lib/python/site-packages/django/template/base.py", line 966, in render_annotated
    return self.render(context)
           ~~~~~~~~~~~^^^^^^^^^
  File "/Users/computer/Library/Python/3.13/lib/python/site-packages/django/template/loader_tags.py", line 63, in render
    result = block.nodelist.render(context)
  File "/Users/computer/Library/Python/3.13/lib/python/site-packages/django/template/base.py", line 1005, in render
    return SafeString("".join([node.render_annotated(context) for node in self]))
                               ~~~~~~~~~~~~~~~~~~~~~^^^^^^^^^
  File "/Users/computer/Library/Python/3.13/lib/python/site-packages/django/template/base.py", line 966, in render_annotated
    return self.render(context)
           ~~~~~~~~~~~^^^^^^^^^
  File "/Users/computer/Library/Python/3.13/lib/python/site-packages/django/template/defaulttags.py", line 194, in render
    len_values = len(values)
  File "/Users/computer/Library/Python/3.13/lib/python/site-packages/django/db/models/query.py", line 376, in __len__
    self._fetch_all()
    ~~~~~~~~~~~~~~~^^
  File "/Users/computer/Library/Python/3.13/lib/python/site-packages/django/db/models/query.py", line 1867, in _fetch_all
    self._result_cache = list(self._iterable_class(self))
                         ~~~~^^^^^^^^^^^^^^^^^^^^^^^^^^^^
  File "/Users/computer/Library/Python/3.13/lib/python/site-packages/django/db/models/query.py", line 87, in __iter__
    results = compiler.execute_sql(
        chunked_fetch=self.chunked_fetch, chunk_size=self.chunk_size
    )
  File "/Users/computer/Library/Python/3.13/lib/python/site-packages/django/db/models/sql/compiler.py", line 1398, in execute_sql
    cursor.execute(sql, params)
    ~~~~~~~~~~~~~~^^^^^^^^^^^^^
  File "/Users/computer/Library/Python/3.13/lib/python/site-packages/django/db/backends/utils.py", line 67, in execute
    return self._execute_with_wrappers(
           ~~~~~~~~~~~~~~~~~~~~~~~~~~~^
        sql, params, many=False, executor=self._execute
        ^^^^^^^^^^^^^^^^^^^^^^^^^^^^^^^^^^^^^^^^^^^^^^^
    )
    ^
  File "/Users/computer/Library/Python/3.13/lib/python/site-packages/django/db/backends/utils.py", line 80, in _execute_with_wrappers
    return executor(sql, params, many, context)
  File "/Users/computer/Library/Python/3.13/lib/python/site-packages/django/db/backends/utils.py", line 84, in _execute
    with self.db.wrap_database_errors:
         ^^^^^^^^^^^^^^^^^^^^^^^^^^^^
  File "/Users/computer/Library/Python/3.13/lib/python/site-packages/django/db/utils.py", line 91, in __exit__
    raise dj_exc_value.with_traceback(traceback) from exc_value
  File "/Users/computer/Library/Python/3.13/lib/python/site-packages/django/db/backends/utils.py", line 89, in _execute
    return self.cursor.execute(sql, params)
           ~~~~~~~~~~~~~~~~~~~^^^^^^^^^^^^^
  File "/Users/computer/Library/Python/3.13/lib/python/site-packages/djongo/cursor.py", line 59, in execute
    raise db_exe from e
django.db.utils.DatabaseError
E[2026-02-25 17:59:40,793] DEBUG djongo.sql2mongo.query sql_command: ALTER TABLE "webhooks_webhookevent" FLUSH
params: None
[2026-02-25 17:59:40,793] DEBUG djongo.sql2mongo.query sql_command: ALTER TABLE "risk_management_propfirmaccount" FLUSH
params: None
[2026-02-25 17:59:40,794] DEBUG djongo.sql2mongo.query sql_command: ALTER TABLE "risk_management_riskconfig" FLUSH
params: None
[2026-02-25 17:59:40,794] DEBUG djongo.sql2mongo.query sql_command: ALTER TABLE "broker_connector_brokeraccount" FLUSH
params: None
[2026-02-25 17:59:40,795] DEBUG djongo.sql2mongo.query sql_command: ALTER TABLE "auth_group" FLUSH
params: None
[2026-02-25 17:59:40,796] DEBUG djongo.sql2mongo.query sql_command: ALTER TABLE "execution_engine_trade" FLUSH
params: None
[2026-02-25 17:59:40,796] DEBUG djongo.sql2mongo.query sql_command: ALTER TABLE "auth_permission" FLUSH
params: None
[2026-02-25 17:59:40,799] DEBUG djongo.sql2mongo.query sql_command: ALTER TABLE "market_data_ohlcvbar" FLUSH
params: None
[2026-02-25 17:59:40,800] DEBUG djongo.sql2mongo.query sql_command: ALTER TABLE "dashboard_aimodel" FLUSH
params: None
[2026-02-25 17:59:40,800] DEBUG djongo.sql2mongo.query sql_command: ALTER TABLE "dashboard_strategy" FLUSH
params: None
[2026-02-25 17:59:40,801] DEBUG djongo.sql2mongo.query sql_command: ALTER TABLE "django_session" FLUSH
params: None
[2026-02-25 17:59:40,801] DEBUG djongo.sql2mongo.query sql_command: ALTER TABLE "auth_group_permissions" FLUSH
params: None
[2026-02-25 17:59:40,802] DEBUG djongo.sql2mongo.query sql_command: ALTER TABLE "auth_user_user_permissions" FLUSH
params: None
[2026-02-25 17:59:40,802] DEBUG djongo.sql2mongo.query sql_command: ALTER TABLE "auth_user" FLUSH
params: None
[2026-02-25 17:59:40,803] DEBUG djongo.sql2mongo.query sql_command: ALTER TABLE "django_content_type" FLUSH
params: None
[2026-02-25 17:59:40,804] DEBUG djongo.sql2mongo.query sql_command: ALTER TABLE "auth_user_groups" FLUSH
params: None
[2026-02-25 17:59:40,804] DEBUG djongo.sql2mongo.query sql_command: ALTER TABLE "django_admin_log" FLUSH
params: None
[2026-02-25 17:59:40,805] DEBUG djongo.sql2mongo.query sql_command: SELECT "django_content_type"."id", "django_content_type"."app_label", "django_content_type"."model" FROM "django_content_type" WHERE "django_content_type"."app_label" = %(0)s
params: ('admin',)
[2026-02-25 17:59:40,805] DEBUG djongo.sql2mongo.query Find query: {'filter': {'app_label': {'$eq': 'admin'}}, 'projection': ['id', 'app_label', 'model']}
[2026-02-25 17:59:40,806] DEBUG djongo.sql2mongo.query sql_command: INSERT INTO "django_content_type" ("app_label", "model") VALUES (%(0)s, %(1)s)
params: ('admin', 'logentry')
[2026-02-25 17:59:40,808] DEBUG djongo.sql2mongo.query inserted ids [ObjectId('699f7edc421deff2f70ed87b')]
[2026-02-25 17:59:40,808] DEBUG djongo.sql2mongo.query sql_command: SELECT "django_content_type"."id", "django_content_type"."app_label", "django_content_type"."model" FROM "django_content_type" WHERE ("django_content_type"."app_label" = %(0)s AND "django_content_type"."model" = %(1)s) LIMIT 21
params: ('admin', 'logentry')
[2026-02-25 17:59:40,809] DEBUG djongo.sql2mongo.query Find query: {'filter': {'$and': [{'app_label': {'$eq': 'admin'}}, {'model': {'$eq': 'logentry'}}]}, 'projection': ['id', 'app_label', 'model'], 'limit': 21}
[2026-02-25 17:59:40,809] DEBUG djongo.sql2mongo.query Result: (71, 'admin', 'logentry')
[2026-02-25 17:59:40,809] DEBUG djongo.sql2mongo.query sql_command: SELECT "auth_permission"."content_type_id", "auth_permission"."codename" FROM "auth_permission" INNER JOIN "django_content_type" ON ("auth_permission"."content_type_id" = "django_content_type"."id") WHERE "auth_permission"."content_type_id" IN (%(0)s) ORDER BY "django_content_type"."app_label" ASC, "django_content_type"."model" ASC, "auth_permission"."codename" ASC
params: (71,)
[2026-02-25 17:59:40,812] DEBUG djongo.sql2mongo.query Aggregation query: [{'$match': {'content_type_id': {'$ne': None, '$exists': True}}}, {'$lookup': {'from': 'django_content_type', 'localField': 'content_type_id', 'foreignField': 'id', 'as': 'django_content_type'}}, {'$unwind': '$django_content_type'}, {'$match': {'content_type_id': {'$in': [71]}}}, {'$sort': OrderedDict({'django_content_type.app_label': 1, 'django_content_type.model': 1, 'codename': 1})}, {'$project': {'content_type_id': True, 'codename': True}}]
[2026-02-25 17:59:40,812] DEBUG djongo.sql2mongo.query sql_command: INSERT INTO "auth_permission" ("name", "content_type_id", "codename") VALUES (%(0)s, %(1)s, %(2)s) VALUES (%(3)s, %(4)s, %(5)s) VALUES (%(6)s, %(7)s, %(8)s) VALUES (%(9)s, %(10)s, %(11)s)
params: ('Can add log entry', 71, 'add_logentry', 'Can change log entry', 71, 'change_logentry', 'Can delete log entry', 71, 'delete_logentry', 'Can view log entry', 71, 'view_logentry')
[2026-02-25 17:59:40,814] DEBUG djongo.sql2mongo.query inserted ids [ObjectId('699f7edc421deff2f70ed87c'), ObjectId('699f7edc421deff2f70ed87d'), ObjectId('699f7edc421deff2f70ed87e'), ObjectId('699f7edc421deff2f70ed87f')]
[2026-02-25 17:59:40,814] DEBUG djongo.sql2mongo.query sql_command: SELECT "django_content_type"."id", "django_content_type"."app_label", "django_content_type"."model" FROM "django_content_type" WHERE "django_content_type"."app_label" = %(0)s
params: ('admin',)
[2026-02-25 17:59:40,815] DEBUG djongo.sql2mongo.query Find query: {'filter': {'app_label': {'$eq': 'admin'}}, 'projection': ['id', 'app_label', 'model']}
[2026-02-25 17:59:40,819] DEBUG djongo.sql2mongo.query Result: (71, 'admin', 'logentry')
[2026-02-25 17:59:40,819] DEBUG djongo.sql2mongo.query sql_command: SELECT "django_content_type"."id", "django_content_type"."app_label", "django_content_type"."model" FROM "django_content_type" WHERE "django_content_type"."app_label" = %(0)s
params: ('auth',)
[2026-02-25 17:59:40,820] DEBUG djongo.sql2mongo.query Find query: {'filter': {'app_label': {'$eq': 'auth'}}, 'projection': ['id', 'app_label', 'model']}
[2026-02-25 17:59:40,820] DEBUG djongo.sql2mongo.query sql_command: INSERT INTO "django_content_type" ("app_label", "model") VALUES (%(0)s, %(1)s) VALUES (%(2)s, %(3)s) VALUES (%(4)s, %(5)s)
params: ('auth', 'permission', 'auth', 'group', 'auth', 'user')
[2026-02-25 17:59:40,822] DEBUG djongo.sql2mongo.query inserted ids [ObjectId('699f7edc421deff2f70ed880'), ObjectId('699f7edc421deff2f70ed881'), ObjectId('699f7edc421deff2f70ed882')]
[2026-02-25 17:59:40,823] DEBUG djongo.sql2mongo.query sql_command: SELECT "django_content_type"."id", "django_content_type"."app_label", "django_content_type"."model" FROM "django_content_type" WHERE ("django_content_type"."app_label" = %(0)s AND "django_content_type"."model" = %(1)s) LIMIT 21
params: ('auth', 'permission')
[2026-02-25 17:59:40,824] DEBUG djongo.sql2mongo.query Find query: {'filter': {'$and': [{'app_label': {'$eq': 'auth'}}, {'model': {'$eq': 'permission'}}]}, 'projection': ['id', 'app_label', 'model'], 'limit': 21}
[2026-02-25 17:59:40,824] DEBUG djongo.sql2mongo.query Result: (72, 'auth', 'permission')
[2026-02-25 17:59:40,825] DEBUG djongo.sql2mongo.query sql_command: SELECT "django_content_type"."id", "django_content_type"."app_label", "django_content_type"."model" FROM "django_content_type" WHERE ("django_content_type"."app_label" = %(0)s AND "django_content_type"."model" = %(1)s) LIMIT 21
params: ('auth', 'group')
[2026-02-25 17:59:40,826] DEBUG djongo.sql2mongo.query Find query: {'filter': {'$and': [{'app_label': {'$eq': 'auth'}}, {'model': {'$eq': 'group'}}]}, 'projection': ['id', 'app_label', 'model'], 'limit': 21}
[2026-02-25 17:59:40,827] DEBUG djongo.sql2mongo.query Result: (73, 'auth', 'group')
[2026-02-25 17:59:40,827] DEBUG djongo.sql2mongo.query sql_command: SELECT "django_content_type"."id", "django_content_type"."app_label", "django_content_type"."model" FROM "django_content_type" WHERE ("django_content_type"."app_label" = %(0)s AND "django_content_type"."model" = %(1)s) LIMIT 21
params: ('auth', 'user')
[2026-02-25 17:59:40,829] DEBUG djongo.sql2mongo.query Find query: {'filter': {'$and': [{'app_label': {'$eq': 'auth'}}, {'model': {'$eq': 'user'}}]}, 'projection': ['id', 'app_label', 'model'], 'limit': 21}
[2026-02-25 17:59:40,829] DEBUG djongo.sql2mongo.query Result: (74, 'auth', 'user')
[2026-02-25 17:59:40,830] DEBUG djongo.sql2mongo.query sql_command: SELECT "auth_permission"."content_type_id", "auth_permission"."codename" FROM "auth_permission" INNER JOIN "django_content_type" ON ("auth_permission"."content_type_id" = "django_content_type"."id") WHERE "auth_permission"."content_type_id" IN (%(0)s, %(1)s, %(2)s) ORDER BY "django_content_type"."app_label" ASC, "django_content_type"."model" ASC, "auth_permission"."codename" ASC
params: (72, 73, 74)
[2026-02-25 17:59:40,833] DEBUG djongo.sql2mongo.query Aggregation query: [{'$match': {'content_type_id': {'$ne': None, '$exists': True}}}, {'$lookup': {'from': 'django_content_type', 'localField': 'content_type_id', 'foreignField': 'id', 'as': 'django_content_type'}}, {'$unwind': '$django_content_type'}, {'$match': {'content_type_id': {'$in': [72, 73, 74]}}}, {'$sort': OrderedDict({'django_content_type.app_label': 1, 'django_content_type.model': 1, 'codename': 1})}, {'$project': {'content_type_id': True, 'codename': True}}]
[2026-02-25 17:59:40,834] DEBUG djongo.sql2mongo.query sql_command: INSERT INTO "auth_permission" ("name", "content_type_id", "codename") VALUES (%(0)s, %(1)s, %(2)s) VALUES (%(3)s, %(4)s, %(5)s) VALUES (%(6)s, %(7)s, %(8)s) VALUES (%(9)s, %(10)s, %(11)s) VALUES (%(12)s, %(13)s, %(14)s) VALUES (%(15)s, %(16)s, %(17)s) VALUES (%(18)s, %(19)s, %(20)s) VALUES (%(21)s, %(22)s, %(23)s) VALUES (%(24)s, %(25)s, %(26)s) VALUES (%(27)s, %(28)s, %(29)s) VALUES (%(30)s, %(31)s, %(32)s) VALUES (%(33)s, %(34)s, %(35)s)
params: ('Can add permission', 72, 'add_permission', 'Can change permission', 72, 'change_permission', 'Can delete permission', 72, 'delete_permission', 'Can view permission', 72, 'view_permission', 'Can add group', 73, 'add_group', 'Can change group', 73, 'change_group', 'Can delete group', 73, 'delete_group', 'Can view group', 73, 'view_group', 'Can add user', 74, 'add_user', 'Can change user', 74, 'change_user', 'Can delete user', 74, 'delete_user', 'Can view user', 74, 'view_user')
[2026-02-25 17:59:40,839] DEBUG djongo.sql2mongo.query inserted ids [ObjectId('699f7edc421deff2f70ed883'), ObjectId('699f7edc421deff2f70ed884'), ObjectId('699f7edc421deff2f70ed885'), ObjectId('699f7edc421deff2f70ed886'), ObjectId('699f7edc421deff2f70ed887'), ObjectId('699f7edc421deff2f70ed888'), ObjectId('699f7edc421deff2f70ed889'), ObjectId('699f7edc421deff2f70ed88a'), ObjectId('699f7edc421deff2f70ed88b'), ObjectId('699f7edc421deff2f70ed88c'), ObjectId('699f7edc421deff2f70ed88d'), ObjectId('699f7edc421deff2f70ed88e')]
[2026-02-25 17:59:40,839] DEBUG djongo.sql2mongo.query sql_command: SELECT "django_content_type"."id", "django_content_type"."app_label", "django_content_type"."model" FROM "django_content_type" WHERE "django_content_type"."app_label" = %(0)s
params: ('auth',)
[2026-02-25 17:59:40,839] DEBUG djongo.sql2mongo.query Find query: {'filter': {'app_label': {'$eq': 'auth'}}, 'projection': ['id', 'app_label', 'model']}
[2026-02-25 17:59:40,840] DEBUG djongo.sql2mongo.query Result: (73, 'auth', 'group')
[2026-02-25 17:59:40,840] DEBUG djongo.sql2mongo.query Result: (72, 'auth', 'permission')
[2026-02-25 17:59:40,840] DEBUG djongo.sql2mongo.query Result: (74, 'auth', 'user')
[2026-02-25 17:59:40,840] DEBUG djongo.sql2mongo.query sql_command: SELECT "django_content_type"."id", "django_content_type"."app_label", "django_content_type"."model" FROM "django_content_type" WHERE "django_content_type"."app_label" = %(0)s
params: ('contenttypes',)
[2026-02-25 17:59:40,840] DEBUG djongo.sql2mongo.query Find query: {'filter': {'app_label': {'$eq': 'contenttypes'}}, 'projection': ['id', 'app_label', 'model']}
[2026-02-25 17:59:40,841] DEBUG djongo.sql2mongo.query sql_command: INSERT INTO "django_content_type" ("app_label", "model") VALUES (%(0)s, %(1)s)
params: ('contenttypes', 'contenttype')
[2026-02-25 17:59:40,843] DEBUG djongo.sql2mongo.query inserted ids [ObjectId('699f7edc421deff2f70ed88f')]
[2026-02-25 17:59:40,843] DEBUG djongo.sql2mongo.query sql_command: SELECT "django_content_type"."id", "django_content_type"."app_label", "django_content_type"."model" FROM "django_content_type" WHERE ("django_content_type"."app_label" = %(0)s AND "django_content_type"."model" = %(1)s) LIMIT 21
params: ('contenttypes', 'contenttype')
[2026-02-25 17:59:40,843] DEBUG djongo.sql2mongo.query Find query: {'filter': {'$and': [{'app_label': {'$eq': 'contenttypes'}}, {'model': {'$eq': 'contenttype'}}]}, 'projection': ['id', 'app_label', 'model'], 'limit': 21}
[2026-02-25 17:59:40,844] DEBUG djongo.sql2mongo.query Result: (75, 'contenttypes', 'contenttype')
[2026-02-25 17:59:40,844] DEBUG djongo.sql2mongo.query sql_command: SELECT "auth_permission"."content_type_id", "auth_permission"."codename" FROM "auth_permission" INNER JOIN "django_content_type" ON ("auth_permission"."content_type_id" = "django_content_type"."id") WHERE "auth_permission"."content_type_id" IN (%(0)s) ORDER BY "django_content_type"."app_label" ASC, "django_content_type"."model" ASC, "auth_permission"."codename" ASC
params: (75,)
[2026-02-25 17:59:40,846] DEBUG djongo.sql2mongo.query Aggregation query: [{'$match': {'content_type_id': {'$ne': None, '$exists': True}}}, {'$lookup': {'from': 'django_content_type', 'localField': 'content_type_id', 'foreignField': 'id', 'as': 'django_content_type'}}, {'$unwind': '$django_content_type'}, {'$match': {'content_type_id': {'$in': [75]}}}, {'$sort': OrderedDict({'django_content_type.app_label': 1, 'django_content_type.model': 1, 'codename': 1})}, {'$project': {'content_type_id': True, 'codename': True}}]
[2026-02-25 17:59:40,846] DEBUG djongo.sql2mongo.query sql_command: INSERT INTO "auth_permission" ("name", "content_type_id", "codename") VALUES (%(0)s, %(1)s, %(2)s) VALUES (%(3)s, %(4)s, %(5)s) VALUES (%(6)s, %(7)s, %(8)s) VALUES (%(9)s, %(10)s, %(11)s)
params: ('Can add content type', 75, 'add_contenttype', 'Can change content type', 75, 'change_contenttype', 'Can delete content type', 75, 'delete_contenttype', 'Can view content type', 75, 'view_contenttype')
[2026-02-25 17:59:40,848] DEBUG djongo.sql2mongo.query inserted ids [ObjectId('699f7edc421deff2f70ed890'), ObjectId('699f7edc421deff2f70ed891'), ObjectId('699f7edc421deff2f70ed892'), ObjectId('699f7edc421deff2f70ed893')]
[2026-02-25 17:59:40,848] DEBUG djongo.sql2mongo.query sql_command: SELECT "django_content_type"."id", "django_content_type"."app_label", "django_content_type"."model" FROM "django_content_type" WHERE "django_content_type"."app_label" = %(0)s
params: ('contenttypes',)
[2026-02-25 17:59:40,849] DEBUG djongo.sql2mongo.query Find query: {'filter': {'app_label': {'$eq': 'contenttypes'}}, 'projection': ['id', 'app_label', 'model']}
[2026-02-25 17:59:40,849] DEBUG djongo.sql2mongo.query Result: (75, 'contenttypes', 'contenttype')
[2026-02-25 17:59:40,850] DEBUG djongo.sql2mongo.query sql_command: SELECT "django_content_type"."id", "django_content_type"."app_label", "django_content_type"."model" FROM "django_content_type" WHERE "django_content_type"."app_label" = %(0)s
params: ('sessions',)
[2026-02-25 17:59:40,850] DEBUG djongo.sql2mongo.query Find query: {'filter': {'app_label': {'$eq': 'sessions'}}, 'projection': ['id', 'app_label', 'model']}
[2026-02-25 17:59:40,851] DEBUG djongo.sql2mongo.query sql_command: INSERT INTO "django_content_type" ("app_label", "model") VALUES (%(0)s, %(1)s)
params: ('sessions', 'session')
[2026-02-25 17:59:40,852] DEBUG djongo.sql2mongo.query inserted ids [ObjectId('699f7edc421deff2f70ed894')]
[2026-02-25 17:59:40,852] DEBUG djongo.sql2mongo.query sql_command: SELECT "django_content_type"."id", "django_content_type"."app_label", "django_content_type"."model" FROM "django_content_type" WHERE ("django_content_type"."app_label" = %(0)s AND "django_content_type"."model" = %(1)s) LIMIT 21
params: ('sessions', 'session')
[2026-02-25 17:59:40,852] DEBUG djongo.sql2mongo.query Find query: {'filter': {'$and': [{'app_label': {'$eq': 'sessions'}}, {'model': {'$eq': 'session'}}]}, 'projection': ['id', 'app_label', 'model'], 'limit': 21}
[2026-02-25 17:59:40,853] DEBUG djongo.sql2mongo.query Result: (76, 'sessions', 'session')
[2026-02-25 17:59:40,853] DEBUG djongo.sql2mongo.query sql_command: SELECT "auth_permission"."content_type_id", "auth_permission"."codename" FROM "auth_permission" INNER JOIN "django_content_type" ON ("auth_permission"."content_type_id" = "django_content_type"."id") WHERE "auth_permission"."content_type_id" IN (%(0)s) ORDER BY "django_content_type"."app_label" ASC, "django_content_type"."model" ASC, "auth_permission"."codename" ASC
params: (76,)
[2026-02-25 17:59:40,855] DEBUG djongo.sql2mongo.query Aggregation query: [{'$match': {'content_type_id': {'$ne': None, '$exists': True}}}, {'$lookup': {'from': 'django_content_type', 'localField': 'content_type_id', 'foreignField': 'id', 'as': 'django_content_type'}}, {'$unwind': '$django_content_type'}, {'$match': {'content_type_id': {'$in': [76]}}}, {'$sort': OrderedDict({'django_content_type.app_label': 1, 'django_content_type.model': 1, 'codename': 1})}, {'$project': {'content_type_id': True, 'codename': True}}]
[2026-02-25 17:59:40,855] DEBUG djongo.sql2mongo.query sql_command: INSERT INTO "auth_permission" ("name", "content_type_id", "codename") VALUES (%(0)s, %(1)s, %(2)s) VALUES (%(3)s, %(4)s, %(5)s) VALUES (%(6)s, %(7)s, %(8)s) VALUES (%(9)s, %(10)s, %(11)s)
params: ('Can add session', 76, 'add_session', 'Can change session', 76, 'change_session', 'Can delete session', 76, 'delete_session', 'Can view session', 76, 'view_session')
[2026-02-25 17:59:40,857] DEBUG djongo.sql2mongo.query inserted ids [ObjectId('699f7edc421deff2f70ed895'), ObjectId('699f7edc421deff2f70ed896'), ObjectId('699f7edc421deff2f70ed897'), ObjectId('699f7edc421deff2f70ed898')]
[2026-02-25 17:59:40,857] DEBUG djongo.sql2mongo.query sql_command: SELECT "django_content_type"."id", "django_content_type"."app_label", "django_content_type"."model" FROM "django_content_type" WHERE "django_content_type"."app_label" = %(0)s
params: ('sessions',)
[2026-02-25 17:59:40,858] DEBUG djongo.sql2mongo.query Find query: {'filter': {'app_label': {'$eq': 'sessions'}}, 'projection': ['id', 'app_label', 'model']}
[2026-02-25 17:59:40,858] DEBUG djongo.sql2mongo.query Result: (76, 'sessions', 'session')
[2026-02-25 17:59:40,858] DEBUG djongo.sql2mongo.query sql_command: SELECT "django_content_type"."id", "django_content_type"."app_label", "django_content_type"."model" FROM "django_content_type" WHERE "django_content_type"."app_label" = %(0)s
params: ('webhooks',)
[2026-02-25 17:59:40,859] DEBUG djongo.sql2mongo.query Find query: {'filter': {'app_label': {'$eq': 'webhooks'}}, 'projection': ['id', 'app_label', 'model']}
[2026-02-25 17:59:40,859] DEBUG djongo.sql2mongo.query sql_command: INSERT INTO "django_content_type" ("app_label", "model") VALUES (%(0)s, %(1)s)
params: ('webhooks', 'webhookevent')
[2026-02-25 17:59:40,860] DEBUG djongo.sql2mongo.query inserted ids [ObjectId('699f7edc421deff2f70ed899')]
[2026-02-25 17:59:40,860] DEBUG djongo.sql2mongo.query sql_command: SELECT "django_content_type"."id", "django_content_type"."app_label", "django_content_type"."model" FROM "django_content_type" WHERE ("django_content_type"."app_label" = %(0)s AND "django_content_type"."model" = %(1)s) LIMIT 21
params: ('webhooks', 'webhookevent')
[2026-02-25 17:59:40,861] DEBUG djongo.sql2mongo.query Find query: {'filter': {'$and': [{'app_label': {'$eq': 'webhooks'}}, {'model': {'$eq': 'webhookevent'}}]}, 'projection': ['id', 'app_label', 'model'], 'limit': 21}
[2026-02-25 17:59:40,862] DEBUG djongo.sql2mongo.query Result: (77, 'webhooks', 'webhookevent')
[2026-02-25 17:59:40,862] DEBUG djongo.sql2mongo.query sql_command: SELECT "auth_permission"."content_type_id", "auth_permission"."codename" FROM "auth_permission" INNER JOIN "django_content_type" ON ("auth_permission"."content_type_id" = "django_content_type"."id") WHERE "auth_permission"."content_type_id" IN (%(0)s) ORDER BY "django_content_type"."app_label" ASC, "django_content_type"."model" ASC, "auth_permission"."codename" ASC
params: (77,)
[2026-02-25 17:59:40,864] DEBUG djongo.sql2mongo.query Aggregation query: [{'$match': {'content_type_id': {'$ne': None, '$exists': True}}}, {'$lookup': {'from': 'django_content_type', 'localField': 'content_type_id', 'foreignField': 'id', 'as': 'django_content_type'}}, {'$unwind': '$django_content_type'}, {'$match': {'content_type_id': {'$in': [77]}}}, {'$sort': OrderedDict({'django_content_type.app_label': 1, 'django_content_type.model': 1, 'codename': 1})}, {'$project': {'content_type_id': True, 'codename': True}}]
[2026-02-25 17:59:40,864] DEBUG djongo.sql2mongo.query sql_command: INSERT INTO "auth_permission" ("name", "content_type_id", "codename") VALUES (%(0)s, %(1)s, %(2)s) VALUES (%(3)s, %(4)s, %(5)s) VALUES (%(6)s, %(7)s, %(8)s) VALUES (%(9)s, %(10)s, %(11)s)
params: ('Can add Webhook Event', 77, 'add_webhookevent', 'Can change Webhook Event', 77, 'change_webhookevent', 'Can delete Webhook Event', 77, 'delete_webhookevent', 'Can view Webhook Event', 77, 'view_webhookevent')
[2026-02-25 17:59:40,866] DEBUG djongo.sql2mongo.query inserted ids [ObjectId('699f7edc421deff2f70ed89a'), ObjectId('699f7edc421deff2f70ed89b'), ObjectId('699f7edc421deff2f70ed89c'), ObjectId('699f7edc421deff2f70ed89d')]
[2026-02-25 17:59:40,866] DEBUG djongo.sql2mongo.query sql_command: SELECT "django_content_type"."id", "django_content_type"."app_label", "django_content_type"."model" FROM "django_content_type" WHERE "django_content_type"."app_label" = %(0)s
params: ('webhooks',)
[2026-02-25 17:59:40,866] DEBUG djongo.sql2mongo.query Find query: {'filter': {'app_label': {'$eq': 'webhooks'}}, 'projection': ['id', 'app_label', 'model']}
[2026-02-25 17:59:40,867] DEBUG djongo.sql2mongo.query Result: (77, 'webhooks', 'webhookevent')
[2026-02-25 17:59:40,867] DEBUG djongo.sql2mongo.query sql_command: SELECT "django_content_type"."id", "django_content_type"."app_label", "django_content_type"."model" FROM "django_content_type" WHERE "django_content_type"."app_label" = %(0)s
params: ('broker_connector',)
[2026-02-25 17:59:40,868] DEBUG djongo.sql2mongo.query Find query: {'filter': {'app_label': {'$eq': 'broker_connector'}}, 'projection': ['id', 'app_label', 'model']}
[2026-02-25 17:59:40,868] DEBUG djongo.sql2mongo.query sql_command: INSERT INTO "django_content_type" ("app_label", "model") VALUES (%(0)s, %(1)s)
params: ('broker_connector', 'brokeraccount')
[2026-02-25 17:59:40,870] DEBUG djongo.sql2mongo.query inserted ids [ObjectId('699f7edc421deff2f70ed89e')]
[2026-02-25 17:59:40,870] DEBUG djongo.sql2mongo.query sql_command: SELECT "django_content_type"."id", "django_content_type"."app_label", "django_content_type"."model" FROM "django_content_type" WHERE ("django_content_type"."app_label" = %(0)s AND "django_content_type"."model" = %(1)s) LIMIT 21
params: ('broker_connector', 'brokeraccount')
[2026-02-25 17:59:40,871] DEBUG djongo.sql2mongo.query Find query: {'filter': {'$and': [{'app_label': {'$eq': 'broker_connector'}}, {'model': {'$eq': 'brokeraccount'}}]}, 'projection': ['id', 'app_label', 'model'], 'limit': 21}
[2026-02-25 17:59:40,871] DEBUG djongo.sql2mongo.query Result: (78, 'broker_connector', 'brokeraccount')
[2026-02-25 17:59:40,872] DEBUG djongo.sql2mongo.query sql_command: SELECT "auth_permission"."content_type_id", "auth_permission"."codename" FROM "auth_permission" INNER JOIN "django_content_type" ON ("auth_permission"."content_type_id" = "django_content_type"."id") WHERE "auth_permission"."content_type_id" IN (%(0)s) ORDER BY "django_content_type"."app_label" ASC, "django_content_type"."model" ASC, "auth_permission"."codename" ASC
params: (78,)
[2026-02-25 17:59:40,874] DEBUG djongo.sql2mongo.query Aggregation query: [{'$match': {'content_type_id': {'$ne': None, '$exists': True}}}, {'$lookup': {'from': 'django_content_type', 'localField': 'content_type_id', 'foreignField': 'id', 'as': 'django_content_type'}}, {'$unwind': '$django_content_type'}, {'$match': {'content_type_id': {'$in': [78]}}}, {'$sort': OrderedDict({'django_content_type.app_label': 1, 'django_content_type.model': 1, 'codename': 1})}, {'$project': {'content_type_id': True, 'codename': True}}]
[2026-02-25 17:59:40,874] DEBUG djongo.sql2mongo.query sql_command: INSERT INTO "auth_permission" ("name", "content_type_id", "codename") VALUES (%(0)s, %(1)s, %(2)s) VALUES (%(3)s, %(4)s, %(5)s) VALUES (%(6)s, %(7)s, %(8)s) VALUES (%(9)s, %(10)s, %(11)s)
params: ('Can add Broker Account', 78, 'add_brokeraccount', 'Can change Broker Account', 78, 'change_brokeraccount', 'Can delete Broker Account', 78, 'delete_brokeraccount', 'Can view Broker Account', 78, 'view_brokeraccount')
[2026-02-25 17:59:40,876] DEBUG djongo.sql2mongo.query inserted ids [ObjectId('699f7edc421deff2f70ed89f'), ObjectId('699f7edc421deff2f70ed8a0'), ObjectId('699f7edc421deff2f70ed8a1'), ObjectId('699f7edc421deff2f70ed8a2')]
[2026-02-25 17:59:40,876] DEBUG djongo.sql2mongo.query sql_command: SELECT "django_content_type"."id", "django_content_type"."app_label", "django_content_type"."model" FROM "django_content_type" WHERE "django_content_type"."app_label" = %(0)s
params: ('broker_connector',)
[2026-02-25 17:59:40,877] DEBUG djongo.sql2mongo.query Find query: {'filter': {'app_label': {'$eq': 'broker_connector'}}, 'projection': ['id', 'app_label', 'model']}
[2026-02-25 17:59:40,877] DEBUG djongo.sql2mongo.query Result: (78, 'broker_connector', 'brokeraccount')
[2026-02-25 17:59:40,877] DEBUG djongo.sql2mongo.query sql_command: SELECT "django_content_type"."id", "django_content_type"."app_label", "django_content_type"."model" FROM "django_content_type" WHERE "django_content_type"."app_label" = %(0)s
params: ('execution_engine',)
[2026-02-25 17:59:40,878] DEBUG djongo.sql2mongo.query Find query: {'filter': {'app_label': {'$eq': 'execution_engine'}}, 'projection': ['id', 'app_label', 'model']}
[2026-02-25 17:59:40,878] DEBUG djongo.sql2mongo.query sql_command: INSERT INTO "django_content_type" ("app_label", "model") VALUES (%(0)s, %(1)s)
params: ('execution_engine', 'trade')
[2026-02-25 17:59:40,880] DEBUG djongo.sql2mongo.query inserted ids [ObjectId('699f7edc421deff2f70ed8a3')]
[2026-02-25 17:59:40,880] DEBUG djongo.sql2mongo.query sql_command: SELECT "django_content_type"."id", "django_content_type"."app_label", "django_content_type"."model" FROM "django_content_type" WHERE ("django_content_type"."app_label" = %(0)s AND "django_content_type"."model" = %(1)s) LIMIT 21
params: ('execution_engine', 'trade')
[2026-02-25 17:59:40,880] DEBUG djongo.sql2mongo.query Find query: {'filter': {'$and': [{'app_label': {'$eq': 'execution_engine'}}, {'model': {'$eq': 'trade'}}]}, 'projection': ['id', 'app_label', 'model'], 'limit': 21}
[2026-02-25 17:59:40,881] DEBUG djongo.sql2mongo.query Result: (79, 'execution_engine', 'trade')
[2026-02-25 17:59:40,881] DEBUG djongo.sql2mongo.query sql_command: SELECT "auth_permission"."content_type_id", "auth_permission"."codename" FROM "auth_permission" INNER JOIN "django_content_type" ON ("auth_permission"."content_type_id" = "django_content_type"."id") WHERE "auth_permission"."content_type_id" IN (%(0)s) ORDER BY "django_content_type"."app_label" ASC, "django_content_type"."model" ASC, "auth_permission"."codename" ASC
params: (79,)
[2026-02-25 17:59:40,883] DEBUG djongo.sql2mongo.query Aggregation query: [{'$match': {'content_type_id': {'$ne': None, '$exists': True}}}, {'$lookup': {'from': 'django_content_type', 'localField': 'content_type_id', 'foreignField': 'id', 'as': 'django_content_type'}}, {'$unwind': '$django_content_type'}, {'$match': {'content_type_id': {'$in': [79]}}}, {'$sort': OrderedDict({'django_content_type.app_label': 1, 'django_content_type.model': 1, 'codename': 1})}, {'$project': {'content_type_id': True, 'codename': True}}]
[2026-02-25 17:59:40,883] DEBUG djongo.sql2mongo.query sql_command: INSERT INTO "auth_permission" ("name", "content_type_id", "codename") VALUES (%(0)s, %(1)s, %(2)s) VALUES (%(3)s, %(4)s, %(5)s) VALUES (%(6)s, %(7)s, %(8)s) VALUES (%(9)s, %(10)s, %(11)s)
params: ('Can add Trade', 79, 'add_trade', 'Can change Trade', 79, 'change_trade', 'Can delete Trade', 79, 'delete_trade', 'Can view Trade', 79, 'view_trade')
[2026-02-25 17:59:40,885] DEBUG djongo.sql2mongo.query inserted ids [ObjectId('699f7edc421deff2f70ed8a4'), ObjectId('699f7edc421deff2f70ed8a5'), ObjectId('699f7edc421deff2f70ed8a6'), ObjectId('699f7edc421deff2f70ed8a7')]
[2026-02-25 17:59:40,885] DEBUG djongo.sql2mongo.query sql_command: SELECT "django_content_type"."id", "django_content_type"."app_label", "django_content_type"."model" FROM "django_content_type" WHERE "django_content_type"."app_label" = %(0)s
params: ('execution_engine',)
[2026-02-25 17:59:40,885] DEBUG djongo.sql2mongo.query Find query: {'filter': {'app_label': {'$eq': 'execution_engine'}}, 'projection': ['id', 'app_label', 'model']}
[2026-02-25 17:59:40,886] DEBUG djongo.sql2mongo.query Result: (79, 'execution_engine', 'trade')
[2026-02-25 17:59:40,886] DEBUG djongo.sql2mongo.query sql_command: SELECT "django_content_type"."id", "django_content_type"."app_label", "django_content_type"."model" FROM "django_content_type" WHERE "django_content_type"."app_label" = %(0)s
params: ('risk_management',)
[2026-02-25 17:59:40,887] DEBUG djongo.sql2mongo.query Find query: {'filter': {'app_label': {'$eq': 'risk_management'}}, 'projection': ['id', 'app_label', 'model']}
[2026-02-25 17:59:40,887] DEBUG djongo.sql2mongo.query sql_command: INSERT INTO "django_content_type" ("app_label", "model") VALUES (%(0)s, %(1)s) VALUES (%(2)s, %(3)s)
params: ('risk_management', 'riskconfig', 'risk_management', 'propfirmaccount')
[2026-02-25 17:59:40,889] DEBUG djongo.sql2mongo.query inserted ids [ObjectId('699f7edc421deff2f70ed8a8'), ObjectId('699f7edc421deff2f70ed8a9')]
[2026-02-25 17:59:40,889] DEBUG djongo.sql2mongo.query sql_command: SELECT "django_content_type"."id", "django_content_type"."app_label", "django_content_type"."model" FROM "django_content_type" WHERE ("django_content_type"."app_label" = %(0)s AND "django_content_type"."model" = %(1)s) LIMIT 21
params: ('risk_management', 'riskconfig')
[2026-02-25 17:59:40,890] DEBUG djongo.sql2mongo.query Find query: {'filter': {'$and': [{'app_label': {'$eq': 'risk_management'}}, {'model': {'$eq': 'riskconfig'}}]}, 'projection': ['id', 'app_label', 'model'], 'limit': 21}
[2026-02-25 17:59:40,890] DEBUG djongo.sql2mongo.query Result: (80, 'risk_management', 'riskconfig')
[2026-02-25 17:59:40,890] DEBUG djongo.sql2mongo.query sql_command: SELECT "django_content_type"."id", "django_content_type"."app_label", "django_content_type"."model" FROM "django_content_type" WHERE ("django_content_type"."app_label" = %(0)s AND "django_content_type"."model" = %(1)s) LIMIT 21
params: ('risk_management', 'propfirmaccount')
[2026-02-25 17:59:40,891] DEBUG djongo.sql2mongo.query Find query: {'filter': {'$and': [{'app_label': {'$eq': 'risk_management'}}, {'model': {'$eq': 'propfirmaccount'}}]}, 'projection': ['id', 'app_label', 'model'], 'limit': 21}
[2026-02-25 17:59:40,892] DEBUG djongo.sql2mongo.query Result: (81, 'risk_management', 'propfirmaccount')
[2026-02-25 17:59:40,892] DEBUG djongo.sql2mongo.query sql_command: SELECT "auth_permission"."content_type_id", "auth_permission"."codename" FROM "auth_permission" INNER JOIN "django_content_type" ON ("auth_permission"."content_type_id" = "django_content_type"."id") WHERE "auth_permission"."content_type_id" IN (%(0)s, %(1)s) ORDER BY "django_content_type"."app_label" ASC, "django_content_type"."model" ASC, "auth_permission"."codename" ASC
params: (80, 81)
[2026-02-25 17:59:40,894] DEBUG djongo.sql2mongo.query Aggregation query: [{'$match': {'content_type_id': {'$ne': None, '$exists': True}}}, {'$lookup': {'from': 'django_content_type', 'localField': 'content_type_id', 'foreignField': 'id', 'as': 'django_content_type'}}, {'$unwind': '$django_content_type'}, {'$match': {'content_type_id': {'$in': [80, 81]}}}, {'$sort': OrderedDict({'django_content_type.app_label': 1, 'django_content_type.model': 1, 'codename': 1})}, {'$project': {'content_type_id': True, 'codename': True}}]
[2026-02-25 17:59:40,894] DEBUG djongo.sql2mongo.query sql_command: INSERT INTO "auth_permission" ("name", "content_type_id", "codename") VALUES (%(0)s, %(1)s, %(2)s) VALUES (%(3)s, %(4)s, %(5)s) VALUES (%(6)s, %(7)s, %(8)s) VALUES (%(9)s, %(10)s, %(11)s) VALUES (%(12)s, %(13)s, %(14)s) VALUES (%(15)s, %(16)s, %(17)s) VALUES (%(18)s, %(19)s, %(20)s) VALUES (%(21)s, %(22)s, %(23)s)
params: ('Can add Risk Configuration', 80, 'add_riskconfig', 'Can change Risk Configuration', 80, 'change_riskconfig', 'Can delete Risk Configuration', 80, 'delete_riskconfig', 'Can view Risk Configuration', 80, 'view_riskconfig', 'Can add Prop Firm Account', 81, 'add_propfirmaccount', 'Can change Prop Firm Account', 81, 'change_propfirmaccount', 'Can delete Prop Firm Account', 81, 'delete_propfirmaccount', 'Can view Prop Firm Account', 81, 'view_propfirmaccount')
[2026-02-25 17:59:40,896] DEBUG djongo.sql2mongo.query inserted ids [ObjectId('699f7edc421deff2f70ed8aa'), ObjectId('699f7edc421deff2f70ed8ab'), ObjectId('699f7edc421deff2f70ed8ac'), ObjectId('699f7edc421deff2f70ed8ad'), ObjectId('699f7edc421deff2f70ed8ae'), ObjectId('699f7edc421deff2f70ed8af'), ObjectId('699f7edc421deff2f70ed8b0'), ObjectId('699f7edc421deff2f70ed8b1')]
[2026-02-25 17:59:40,896] DEBUG djongo.sql2mongo.query sql_command: SELECT "django_content_type"."id", "django_content_type"."app_label", "django_content_type"."model" FROM "django_content_type" WHERE "django_content_type"."app_label" = %(0)s
params: ('risk_management',)
[2026-02-25 17:59:40,897] DEBUG djongo.sql2mongo.query Find query: {'filter': {'app_label': {'$eq': 'risk_management'}}, 'projection': ['id', 'app_label', 'model']}
[2026-02-25 17:59:40,898] DEBUG djongo.sql2mongo.query Result: (81, 'risk_management', 'propfirmaccount')
[2026-02-25 17:59:40,898] DEBUG djongo.sql2mongo.query Result: (80, 'risk_management', 'riskconfig')
[2026-02-25 17:59:40,898] DEBUG djongo.sql2mongo.query sql_command: SELECT "django_content_type"."id", "django_content_type"."app_label", "django_content_type"."model" FROM "django_content_type" WHERE "django_content_type"."app_label" = %(0)s
params: ('market_data',)
[2026-02-25 17:59:40,898] DEBUG djongo.sql2mongo.query Find query: {'filter': {'app_label': {'$eq': 'market_data'}}, 'projection': ['id', 'app_label', 'model']}
[2026-02-25 17:59:40,899] DEBUG djongo.sql2mongo.query sql_command: INSERT INTO "django_content_type" ("app_label", "model") VALUES (%(0)s, %(1)s)
params: ('market_data', 'ohlcvbar')
[2026-02-25 17:59:40,901] DEBUG djongo.sql2mongo.query inserted ids [ObjectId('699f7edc421deff2f70ed8b2')]
[2026-02-25 17:59:40,901] DEBUG djongo.sql2mongo.query sql_command: SELECT "django_content_type"."id", "django_content_type"."app_label", "django_content_type"."model" FROM "django_content_type" WHERE ("django_content_type"."app_label" = %(0)s AND "django_content_type"."model" = %(1)s) LIMIT 21
params: ('market_data', 'ohlcvbar')
[2026-02-25 17:59:40,901] DEBUG djongo.sql2mongo.query Find query: {'filter': {'$and': [{'app_label': {'$eq': 'market_data'}}, {'model': {'$eq': 'ohlcvbar'}}]}, 'projection': ['id', 'app_label', 'model'], 'limit': 21}
[2026-02-25 17:59:40,902] DEBUG djongo.sql2mongo.query Result: (82, 'market_data', 'ohlcvbar')
[2026-02-25 17:59:40,902] DEBUG djongo.sql2mongo.query sql_command: SELECT "auth_permission"."content_type_id", "auth_permission"."codename" FROM "auth_permission" INNER JOIN "django_content_type" ON ("auth_permission"."content_type_id" = "django_content_type"."id") WHERE "auth_permission"."content_type_id" IN (%(0)s) ORDER BY "django_content_type"."app_label" ASC, "django_content_type"."model" ASC, "auth_permission"."codename" ASC
params: (82,)
[2026-02-25 17:59:40,904] DEBUG djongo.sql2mongo.query Aggregation query: [{'$match': {'content_type_id': {'$ne': None, '$exists': True}}}, {'$lookup': {'from': 'django_content_type', 'localField': 'content_type_id', 'foreignField': 'id', 'as': 'django_content_type'}}, {'$unwind': '$django_content_type'}, {'$match': {'content_type_id': {'$in': [82]}}}, {'$sort': OrderedDict({'django_content_type.app_label': 1, 'django_content_type.model': 1, 'codename': 1})}, {'$project': {'content_type_id': True, 'codename': True}}]
[2026-02-25 17:59:40,905] DEBUG djongo.sql2mongo.query sql_command: INSERT INTO "auth_permission" ("name", "content_type_id", "codename") VALUES (%(0)s, %(1)s, %(2)s) VALUES (%(3)s, %(4)s, %(5)s) VALUES (%(6)s, %(7)s, %(8)s) VALUES (%(9)s, %(10)s, %(11)s)
params: ('Can add OHLCV Bar', 82, 'add_ohlcvbar', 'Can change OHLCV Bar', 82, 'change_ohlcvbar', 'Can delete OHLCV Bar', 82, 'delete_ohlcvbar', 'Can view OHLCV Bar', 82, 'view_ohlcvbar')
[2026-02-25 17:59:40,906] DEBUG djongo.sql2mongo.query inserted ids [ObjectId('699f7edc421deff2f70ed8b3'), ObjectId('699f7edc421deff2f70ed8b4'), ObjectId('699f7edc421deff2f70ed8b5'), ObjectId('699f7edc421deff2f70ed8b6')]
[2026-02-25 17:59:40,907] DEBUG djongo.sql2mongo.query sql_command: SELECT "django_content_type"."id", "django_content_type"."app_label", "django_content_type"."model" FROM "django_content_type" WHERE "django_content_type"."app_label" = %(0)s
params: ('market_data',)
[2026-02-25 17:59:40,907] DEBUG djongo.sql2mongo.query Find query: {'filter': {'app_label': {'$eq': 'market_data'}}, 'projection': ['id', 'app_label', 'model']}
[2026-02-25 17:59:40,908] DEBUG djongo.sql2mongo.query Result: (82, 'market_data', 'ohlcvbar')
[2026-02-25 17:59:40,908] DEBUG djongo.sql2mongo.query sql_command: SELECT "django_content_type"."id", "django_content_type"."app_label", "django_content_type"."model" FROM "django_content_type" WHERE "django_content_type"."app_label" = %(0)s
params: ('dashboard',)
[2026-02-25 17:59:40,909] DEBUG djongo.sql2mongo.query Find query: {'filter': {'app_label': {'$eq': 'dashboard'}}, 'projection': ['id', 'app_label', 'model']}
[2026-02-25 17:59:40,910] DEBUG djongo.sql2mongo.query sql_command: INSERT INTO "django_content_type" ("app_label", "model") VALUES (%(0)s, %(1)s) VALUES (%(2)s, %(3)s)
params: ('dashboard', 'strategy', 'dashboard', 'aimodel')
[2026-02-25 17:59:40,912] DEBUG djongo.sql2mongo.query inserted ids [ObjectId('699f7edc421deff2f70ed8b7'), ObjectId('699f7edc421deff2f70ed8b8')]
[2026-02-25 17:59:40,912] DEBUG djongo.sql2mongo.query sql_command: SELECT "django_content_type"."id", "django_content_type"."app_label", "django_content_type"."model" FROM "django_content_type" WHERE ("django_content_type"."app_label" = %(0)s AND "django_content_type"."model" = %(1)s) LIMIT 21
params: ('dashboard', 'strategy')
[2026-02-25 17:59:40,913] DEBUG djongo.sql2mongo.query Find query: {'filter': {'$and': [{'app_label': {'$eq': 'dashboard'}}, {'model': {'$eq': 'strategy'}}]}, 'projection': ['id', 'app_label', 'model'], 'limit': 21}
[2026-02-25 17:59:40,913] DEBUG djongo.sql2mongo.query Result: (83, 'dashboard', 'strategy')
[2026-02-25 17:59:40,913] DEBUG djongo.sql2mongo.query sql_command: SELECT "django_content_type"."id", "django_content_type"."app_label", "django_content_type"."model" FROM "django_content_type" WHERE ("django_content_type"."app_label" = %(0)s AND "django_content_type"."model" = %(1)s) LIMIT 21
params: ('dashboard', 'aimodel')
[2026-02-25 17:59:40,914] DEBUG djongo.sql2mongo.query Find query: {'filter': {'$and': [{'app_label': {'$eq': 'dashboard'}}, {'model': {'$eq': 'aimodel'}}]}, 'projection': ['id', 'app_label', 'model'], 'limit': 21}
[2026-02-25 17:59:40,914] DEBUG djongo.sql2mongo.query Result: (84, 'dashboard', 'aimodel')
[2026-02-25 17:59:40,915] DEBUG djongo.sql2mongo.query sql_command: SELECT "auth_permission"."content_type_id", "auth_permission"."codename" FROM "auth_permission" INNER JOIN "django_content_type" ON ("auth_permission"."content_type_id" = "django_content_type"."id") WHERE "auth_permission"."content_type_id" IN (%(0)s, %(1)s) ORDER BY "django_content_type"."app_label" ASC, "django_content_type"."model" ASC, "auth_permission"."codename" ASC
params: (83, 84)
[2026-02-25 17:59:40,917] DEBUG djongo.sql2mongo.query Aggregation query: [{'$match': {'content_type_id': {'$ne': None, '$exists': True}}}, {'$lookup': {'from': 'django_content_type', 'localField': 'content_type_id', 'foreignField': 'id', 'as': 'django_content_type'}}, {'$unwind': '$django_content_type'}, {'$match': {'content_type_id': {'$in': [83, 84]}}}, {'$sort': OrderedDict({'django_content_type.app_label': 1, 'django_content_type.model': 1, 'codename': 1})}, {'$project': {'content_type_id': True, 'codename': True}}]
[2026-02-25 17:59:40,917] DEBUG djongo.sql2mongo.query sql_command: INSERT INTO "auth_permission" ("name", "content_type_id", "codename") VALUES (%(0)s, %(1)s, %(2)s) VALUES (%(3)s, %(4)s, %(5)s) VALUES (%(6)s, %(7)s, %(8)s) VALUES (%(9)s, %(10)s, %(11)s) VALUES (%(12)s, %(13)s, %(14)s) VALUES (%(15)s, %(16)s, %(17)s) VALUES (%(18)s, %(19)s, %(20)s) VALUES (%(21)s, %(22)s, %(23)s)
params: ('Can add Strategy', 83, 'add_strategy', 'Can change Strategy', 83, 'change_strategy', 'Can delete Strategy', 83, 'delete_strategy', 'Can view Strategy', 83, 'view_strategy', 'Can add AI Model', 84, 'add_aimodel', 'Can change AI Model', 84, 'change_aimodel', 'Can delete AI Model', 84, 'delete_aimodel', 'Can view AI Model', 84, 'view_aimodel')
[2026-02-25 17:59:40,919] DEBUG djongo.sql2mongo.query inserted ids [ObjectId('699f7edc421deff2f70ed8b9'), ObjectId('699f7edc421deff2f70ed8ba'), ObjectId('699f7edc421deff2f70ed8bb'), ObjectId('699f7edc421deff2f70ed8bc'), ObjectId('699f7edc421deff2f70ed8bd'), ObjectId('699f7edc421deff2f70ed8be'), ObjectId('699f7edc421deff2f70ed8bf'), ObjectId('699f7edc421deff2f70ed8c0')]
[2026-02-25 17:59:40,919] DEBUG djongo.sql2mongo.query sql_command: SELECT "django_content_type"."id", "django_content_type"."app_label", "django_content_type"."model" FROM "django_content_type" WHERE "django_content_type"."app_label" = %(0)s
params: ('dashboard',)
[2026-02-25 17:59:40,919] DEBUG djongo.sql2mongo.query Find query: {'filter': {'app_label': {'$eq': 'dashboard'}}, 'projection': ['id', 'app_label', 'model']}
[2026-02-25 17:59:40,920] DEBUG djongo.sql2mongo.query Result: (84, 'dashboard', 'aimodel')
[2026-02-25 17:59:40,920] DEBUG djongo.sql2mongo.query Result: (83, 'dashboard', 'strategy')
[2026-02-25 17:59:40,920] DEBUG djongo.base MongoClient connection closed
[2026-02-25 17:59:40,921] DEBUG djongo.base Existing MongoClient connection closed
[2026-02-25 17:59:40,921] DEBUG djongo.base New Database connection
[2026-02-25 17:59:40,921] DEBUG djongo.sql2mongo.query sql_command: SELECT "risk_management_riskconfig"."id", "risk_management_riskconfig"."name", "risk_management_riskconfig"."is_active", "risk_management_riskconfig"."max_daily_drawdown_pct", "risk_management_riskconfig"."max_total_drawdown_pct", "risk_management_riskconfig"."max_position_size_pct", "risk_management_riskconfig"."max_open_positions", "risk_management_riskconfig"."max_daily_trades", "risk_management_riskconfig"."daily_loss_limit", "risk_management_riskconfig"."kill_switch_active", "risk_management_riskconfig"."organization_id", "risk_management_riskconfig"."created_at", "risk_management_riskconfig"."updated_at" FROM "risk_management_riskconfig" WHERE "risk_management_riskconfig"."name" = %(0)s LIMIT 21
params: ('default',)
[2026-02-25 17:59:40,922] DEBUG djongo.sql2mongo.query Find query: {'filter': {'name': {'$eq': 'default'}}, 'projection': ['id', 'name', 'is_active', 'max_daily_drawdown_pct', 'max_total_drawdown_pct', 'max_position_size_pct', 'max_open_positions', 'max_daily_trades', 'daily_loss_limit', 'kill_switch_active', 'organization_id', 'created_at', 'updated_at'], 'limit': 21}
[2026-02-25 17:59:41,279] DEBUG djongo.sql2mongo.query sql_command: INSERT INTO "risk_management_riskconfig" ("name", "is_active", "max_daily_drawdown_pct", "max_total_drawdown_pct", "max_position_size_pct", "max_open_positions", "max_daily_trades", "daily_loss_limit", "kill_switch_active", "organization_id", "created_at", "updated_at") VALUES (%(0)s, %(1)s, %(2)s, %(3)s, %(4)s, %(5)s, %(6)s, %(7)s, %(8)s, %(9)s, %(10)s, %(11)s)
params: ['default', True, Decimal128('5.00'), Decimal128('10.00'), Decimal128('5.00'), 10, 50, Decimal128('1000.00'), False, None, datetime.datetime(2026, 2, 25, 22, 59, 41, 279620), datetime.datetime(2026, 2, 25, 22, 59, 41, 279630)]
[2026-02-25 17:59:41,282] DEBUG djongo.sql2mongo.query inserted ids [ObjectId('699f7edd421deff2f70ed8c1')]
[2026-02-25 17:59:41,283] DEBUG djongo.sql2mongo.query sql_command: SELECT "risk_management_riskconfig"."id", "risk_management_riskconfig"."name", "risk_management_riskconfig"."is_active", "risk_management_riskconfig"."max_daily_drawdown_pct", "risk_management_riskconfig"."max_total_drawdown_pct", "risk_management_riskconfig"."max_position_size_pct", "risk_management_riskconfig"."max_open_positions", "risk_management_riskconfig"."max_daily_trades", "risk_management_riskconfig"."daily_loss_limit", "risk_management_riskconfig"."kill_switch_active", "risk_management_riskconfig"."organization_id", "risk_management_riskconfig"."created_at", "risk_management_riskconfig"."updated_at" FROM "risk_management_riskconfig" WHERE "risk_management_riskconfig"."name" = %(0)s LIMIT 21
params: ('default',)
[2026-02-25 17:59:41,284] DEBUG djongo.sql2mongo.query Find query: {'filter': {'name': {'$eq': 'default'}}, 'projection': ['id', 'name', 'is_active', 'max_daily_drawdown_pct', 'max_total_drawdown_pct', 'max_position_size_pct', 'max_open_positions', 'max_daily_trades', 'daily_loss_limit', 'kill_switch_active', 'organization_id', 'created_at', 'updated_at'], 'limit': 21}
[2026-02-25 17:59:41,284] DEBUG djongo.sql2mongo.query Result: (6, 'default', True, Decimal128('5.00'), Decimal128('10.00'), Decimal128('5.00'), 10, 50, Decimal128('1000.00'), False, None, datetime.datetime(2026, 2, 25, 22, 59, 41, 279000), datetime.datetime(2026, 2, 25, 22, 59, 41, 279000))
[2026-02-25 17:59:41,285] DEBUG djongo.sql2mongo.query sql_command: SELECT "execution_engine_trade"."id", "execution_engine_trade"."trade_id", "execution_engine_trade"."symbol", "execution_engine_trade"."side", "execution_engine_trade"."quantity", "execution_engine_trade"."order_type", "execution_engine_trade"."status", "execution_engine_trade"."requested_price", "execution_engine_trade"."fill_price", "execution_engine_trade"."cost_basis", "execution_engine_trade"."realized_pnl", "execution_engine_trade"."commission", "execution_engine_trade"."strategy", "execution_engine_trade"."webhook_id", "execution_engine_trade"."broker_order_id", "execution_engine_trade"."broker_type", "execution_engine_trade"."broker_account_id", "execution_engine_trade"."error_message", "execution_engine_trade"."risk_approved", "execution_engine_trade"."risk_reason", "execution_engine_trade"."user_id", "execution_engine_trade"."organization_id", "execution_engine_trade"."created_at", "execution_engine_trade"."updated_at" FROM "execution_engine_trade" WHERE "execution_engine_trade"."created_at" >= %(0)s ORDER BY "execution_engine_trade"."created_at" DESC
params: (datetime.datetime(2026, 2, 25, 0, 0),)
[2026-02-25 17:59:41,286] DEBUG djongo.sql2mongo.query Find query: {'filter': {'created_at': {'$gte': datetime.datetime(2026, 2, 25, 0, 0)}}, 'projection': ['id', 'trade_id', 'symbol', 'side', 'quantity', 'order_type', 'status', 'requested_price', 'fill_price', 'cost_basis', 'realized_pnl', 'commission', 'strategy', 'webhook_id', 'broker_order_id', 'broker_type', 'broker_account_id', 'error_message', 'risk_approved', 'risk_reason', 'user_id', 'organization_id', 'created_at', 'updated_at'], 'sort': [('created_at', -1)]}
[2026-02-25 17:59:41,287] DEBUG djongo.sql2mongo.query sql_command: SELECT "execution_engine_trade"."symbol" FROM "execution_engine_trade" WHERE ("execution_engine_trade"."side" = %(0)s AND "execution_engine_trade"."status" = %(1)s) ORDER BY "execution_engine_trade"."created_at" DESC
params: ('buy', 'filled')
[2026-02-25 17:59:41,288] DEBUG djongo.sql2mongo.query Find query: {'filter': {'$and': [{'side': {'$eq': 'buy'}}, {'status': {'$eq': 'filled'}}]}, 'projection': ['symbol'], 'sort': [('created_at', -1)]}
[2026-02-25 17:59:41,289] DEBUG djongo.sql2mongo.query sql_command: SELECT "execution_engine_trade"."symbol" FROM "execution_engine_trade" WHERE ("execution_engine_trade"."side" = %(0)s AND "execution_engine_trade"."status" = %(1)s) ORDER BY "execution_engine_trade"."created_at" DESC
params: ('sell', 'filled')
[2026-02-25 17:59:41,290] DEBUG djongo.sql2mongo.query Find query: {'filter': {'$and': [{'side': {'$eq': 'sell'}}, {'status': {'$eq': 'filled'}}]}, 'projection': ['symbol'], 'sort': [('created_at', -1)]}
[2026-02-25 17:59:41,290] DEBUG djongo.sql2mongo.query sql_command: SELECT "risk_management_riskconfig"."id", "risk_management_riskconfig"."name", "risk_management_riskconfig"."is_active", "risk_management_riskconfig"."max_daily_drawdown_pct", "risk_management_riskconfig"."max_total_drawdown_pct", "risk_management_riskconfig"."max_position_size_pct", "risk_management_riskconfig"."max_open_positions", "risk_management_riskconfig"."max_daily_trades", "risk_management_riskconfig"."daily_loss_limit", "risk_management_riskconfig"."kill_switch_active", "risk_management_riskconfig"."organization_id", "risk_management_riskconfig"."created_at", "risk_management_riskconfig"."updated_at" FROM "risk_management_riskconfig" WHERE "risk_management_riskconfig"."name" = %(0)s LIMIT 21
params: ('default',)
[2026-02-25 17:59:41,292] DEBUG djongo.sql2mongo.query Find query: {'filter': {'name': {'$eq': 'default'}}, 'projection': ['id', 'name', 'is_active', 'max_daily_drawdown_pct', 'max_total_drawdown_pct', 'max_position_size_pct', 'max_open_positions', 'max_daily_trades', 'daily_loss_limit', 'kill_switch_active', 'organization_id', 'created_at', 'updated_at'], 'limit': 21}
[2026-02-25 17:59:41,292] DEBUG djongo.sql2mongo.query Result: (6, 'default', True, Decimal128('5.00'), Decimal128('10.00'), Decimal128('5.00'), 10, 50, Decimal128('1000.00'), False, None, datetime.datetime(2026, 2, 25, 22, 59, 41, 279000), datetime.datetime(2026, 2, 25, 22, 59, 41, 279000))
[2026-02-25 17:59:41,294] DEBUG djongo.sql2mongo.query sql_command: SELECT "execution_engine_trade"."id", "execution_engine_trade"."trade_id", "execution_engine_trade"."symbol", "execution_engine_trade"."side", "execution_engine_trade"."quantity", "execution_engine_trade"."order_type", "execution_engine_trade"."status", "execution_engine_trade"."requested_price", "execution_engine_trade"."fill_price", "execution_engine_trade"."cost_basis", "execution_engine_trade"."realized_pnl", "execution_engine_trade"."commission", "execution_engine_trade"."strategy", "execution_engine_trade"."webhook_id", "execution_engine_trade"."broker_order_id", "execution_engine_trade"."broker_type", "execution_engine_trade"."broker_account_id", "execution_engine_trade"."error_message", "execution_engine_trade"."risk_approved", "execution_engine_trade"."risk_reason", "execution_engine_trade"."user_id", "execution_engine_trade"."organization_id", "execution_engine_trade"."created_at", "execution_engine_trade"."updated_at" FROM "execution_engine_trade" ORDER BY "execution_engine_trade"."created_at" DESC LIMIT 10
params: ()
[2026-02-25 17:59:41,296] DEBUG djongo.sql2mongo.query Find query: {'projection': ['id', 'trade_id', 'symbol', 'side', 'quantity', 'order_type', 'status', 'requested_price', 'fill_price', 'cost_basis', 'realized_pnl', 'commission', 'strategy', 'webhook_id', 'broker_order_id', 'broker_type', 'broker_account_id', 'error_message', 'risk_approved', 'risk_reason', 'user_id', 'organization_id', 'created_at', 'updated_at'], 'limit': 10, 'sort': [('created_at', -1)]}
.[2026-02-25 17:59:41,298] DEBUG djongo.sql2mongo.query sql_command: ALTER TABLE "webhooks_webhookevent" FLUSH
params: None
[2026-02-25 17:59:41,299] DEBUG djongo.sql2mongo.query sql_command: ALTER TABLE "risk_management_propfirmaccount" FLUSH
params: None
[2026-02-25 17:59:41,300] DEBUG djongo.sql2mongo.query sql_command: ALTER TABLE "risk_management_riskconfig" FLUSH
params: None
[2026-02-25 17:59:41,301] DEBUG djongo.sql2mongo.query sql_command: ALTER TABLE "broker_connector_brokeraccount" FLUSH
params: None
[2026-02-25 17:59:41,302] DEBUG djongo.sql2mongo.query sql_command: ALTER TABLE "auth_group" FLUSH
params: None
[2026-02-25 17:59:41,302] DEBUG djongo.sql2mongo.query sql_command: ALTER TABLE "execution_engine_trade" FLUSH
params: None
[2026-02-25 17:59:41,303] DEBUG djongo.sql2mongo.query sql_command: ALTER TABLE "auth_permission" FLUSH
params: None
[2026-02-25 17:59:41,306] DEBUG djongo.sql2mongo.query sql_command: ALTER TABLE "market_data_ohlcvbar" FLUSH
params: None
[2026-02-25 17:59:41,307] DEBUG djongo.sql2mongo.query sql_command: ALTER TABLE "dashboard_aimodel" FLUSH
params: None
[2026-02-25 17:59:41,308] DEBUG djongo.sql2mongo.query sql_command: ALTER TABLE "dashboard_strategy" FLUSH
params: None
[2026-02-25 17:59:41,308] DEBUG djongo.sql2mongo.query sql_command: ALTER TABLE "django_session" FLUSH
params: None
[2026-02-25 17:59:41,309] DEBUG djongo.sql2mongo.query sql_command: ALTER TABLE "auth_group_permissions" FLUSH
params: None
[2026-02-25 17:59:41,309] DEBUG djongo.sql2mongo.query sql_command: ALTER TABLE "auth_user_user_permissions" FLUSH
params: None
[2026-02-25 17:59:41,310] DEBUG djongo.sql2mongo.query sql_command: ALTER TABLE "auth_user" FLUSH
params: None
[2026-02-25 17:59:41,310] DEBUG djongo.sql2mongo.query sql_command: ALTER TABLE "django_content_type" FLUSH
params: None
[2026-02-25 17:59:41,311] DEBUG djongo.sql2mongo.query sql_command: ALTER TABLE "auth_user_groups" FLUSH
params: None
[2026-02-25 17:59:41,312] DEBUG djongo.sql2mongo.query sql_command: ALTER TABLE "django_admin_log" FLUSH
params: None
[2026-02-25 17:59:41,313] DEBUG djongo.sql2mongo.query sql_command: SELECT "django_content_type"."id", "django_content_type"."app_label", "django_content_type"."model" FROM "django_content_type" WHERE "django_content_type"."app_label" = %(0)s
params: ('admin',)
[2026-02-25 17:59:41,314] DEBUG djongo.sql2mongo.query Find query: {'filter': {'app_label': {'$eq': 'admin'}}, 'projection': ['id', 'app_label', 'model']}
[2026-02-25 17:59:41,315] DEBUG djongo.sql2mongo.query sql_command: INSERT INTO "django_content_type" ("app_label", "model") VALUES (%(0)s, %(1)s)
params: ('admin', 'logentry')
[2026-02-25 17:59:41,316] DEBUG djongo.sql2mongo.query inserted ids [ObjectId('699f7edd421deff2f70ed8c2')]
[2026-02-25 17:59:41,317] DEBUG djongo.sql2mongo.query sql_command: SELECT "django_content_type"."id", "django_content_type"."app_label", "django_content_type"."model" FROM "django_content_type" WHERE ("django_content_type"."app_label" = %(0)s AND "django_content_type"."model" = %(1)s) LIMIT 21
params: ('admin', 'logentry')
[2026-02-25 17:59:41,317] DEBUG djongo.sql2mongo.query Find query: {'filter': {'$and': [{'app_label': {'$eq': 'admin'}}, {'model': {'$eq': 'logentry'}}]}, 'projection': ['id', 'app_label', 'model'], 'limit': 21}
[2026-02-25 17:59:41,318] DEBUG djongo.sql2mongo.query Result: (85, 'admin', 'logentry')
[2026-02-25 17:59:41,319] DEBUG djongo.sql2mongo.query sql_command: SELECT "auth_permission"."content_type_id", "auth_permission"."codename" FROM "auth_permission" INNER JOIN "django_content_type" ON ("auth_permission"."content_type_id" = "django_content_type"."id") WHERE "auth_permission"."content_type_id" IN (%(0)s) ORDER BY "django_content_type"."app_label" ASC, "django_content_type"."model" ASC, "auth_permission"."codename" ASC
params: (85,)
[2026-02-25 17:59:41,322] DEBUG djongo.sql2mongo.query Aggregation query: [{'$match': {'content_type_id': {'$ne': None, '$exists': True}}}, {'$lookup': {'from': 'django_content_type', 'localField': 'content_type_id', 'foreignField': 'id', 'as': 'django_content_type'}}, {'$unwind': '$django_content_type'}, {'$match': {'content_type_id': {'$in': [85]}}}, {'$sort': OrderedDict({'django_content_type.app_label': 1, 'django_content_type.model': 1, 'codename': 1})}, {'$project': {'content_type_id': True, 'codename': True}}]
[2026-02-25 17:59:41,322] DEBUG djongo.sql2mongo.query sql_command: INSERT INTO "auth_permission" ("name", "content_type_id", "codename") VALUES (%(0)s, %(1)s, %(2)s) VALUES (%(3)s, %(4)s, %(5)s) VALUES (%(6)s, %(7)s, %(8)s) VALUES (%(9)s, %(10)s, %(11)s)
params: ('Can add log entry', 85, 'add_logentry', 'Can change log entry', 85, 'change_logentry', 'Can delete log entry', 85, 'delete_logentry', 'Can view log entry', 85, 'view_logentry')
[2026-02-25 17:59:41,324] DEBUG djongo.sql2mongo.query inserted ids [ObjectId('699f7edd421deff2f70ed8c3'), ObjectId('699f7edd421deff2f70ed8c4'), ObjectId('699f7edd421deff2f70ed8c5'), ObjectId('699f7edd421deff2f70ed8c6')]
[2026-02-25 17:59:41,324] DEBUG djongo.sql2mongo.query sql_command: SELECT "django_content_type"."id", "django_content_type"."app_label", "django_content_type"."model" FROM "django_content_type" WHERE "django_content_type"."app_label" = %(0)s
params: ('admin',)
[2026-02-25 17:59:41,325] DEBUG djongo.sql2mongo.query Find query: {'filter': {'app_label': {'$eq': 'admin'}}, 'projection': ['id', 'app_label', 'model']}
[2026-02-25 17:59:41,325] DEBUG djongo.sql2mongo.query Result: (85, 'admin', 'logentry')
[2026-02-25 17:59:41,326] DEBUG djongo.sql2mongo.query sql_command: SELECT "django_content_type"."id", "django_content_type"."app_label", "django_content_type"."model" FROM "django_content_type" WHERE "django_content_type"."app_label" = %(0)s
params: ('auth',)
[2026-02-25 17:59:41,326] DEBUG djongo.sql2mongo.query Find query: {'filter': {'app_label': {'$eq': 'auth'}}, 'projection': ['id', 'app_label', 'model']}
[2026-02-25 17:59:41,327] DEBUG djongo.sql2mongo.query sql_command: INSERT INTO "django_content_type" ("app_label", "model") VALUES (%(0)s, %(1)s) VALUES (%(2)s, %(3)s) VALUES (%(4)s, %(5)s)
params: ('auth', 'permission', 'auth', 'group', 'auth', 'user')
[2026-02-25 17:59:41,329] DEBUG djongo.sql2mongo.query inserted ids [ObjectId('699f7edd421deff2f70ed8c7'), ObjectId('699f7edd421deff2f70ed8c8'), ObjectId('699f7edd421deff2f70ed8c9')]
[2026-02-25 17:59:41,329] DEBUG djongo.sql2mongo.query sql_command: SELECT "django_content_type"."id", "django_content_type"."app_label", "django_content_type"."model" FROM "django_content_type" WHERE ("django_content_type"."app_label" = %(0)s AND "django_content_type"."model" = %(1)s) LIMIT 21
params: ('auth', 'permission')
[2026-02-25 17:59:41,330] DEBUG djongo.sql2mongo.query Find query: {'filter': {'$and': [{'app_label': {'$eq': 'auth'}}, {'model': {'$eq': 'permission'}}]}, 'projection': ['id', 'app_label', 'model'], 'limit': 21}
[2026-02-25 17:59:41,330] DEBUG djongo.sql2mongo.query Result: (86, 'auth', 'permission')
[2026-02-25 17:59:41,330] DEBUG djongo.sql2mongo.query sql_command: SELECT "django_content_type"."id", "django_content_type"."app_label", "django_content_type"."model" FROM "django_content_type" WHERE ("django_content_type"."app_label" = %(0)s AND "django_content_type"."model" = %(1)s) LIMIT 21
params: ('auth', 'group')
[2026-02-25 17:59:41,331] DEBUG djongo.sql2mongo.query Find query: {'filter': {'$and': [{'app_label': {'$eq': 'auth'}}, {'model': {'$eq': 'group'}}]}, 'projection': ['id', 'app_label', 'model'], 'limit': 21}
[2026-02-25 17:59:41,332] DEBUG djongo.sql2mongo.query Result: (87, 'auth', 'group')
[2026-02-25 17:59:41,332] DEBUG djongo.sql2mongo.query sql_command: SELECT "django_content_type"."id", "django_content_type"."app_label", "django_content_type"."model" FROM "django_content_type" WHERE ("django_content_type"."app_label" = %(0)s AND "django_content_type"."model" = %(1)s) LIMIT 21
params: ('auth', 'user')
[2026-02-25 17:59:41,333] DEBUG djongo.sql2mongo.query Find query: {'filter': {'$and': [{'app_label': {'$eq': 'auth'}}, {'model': {'$eq': 'user'}}]}, 'projection': ['id', 'app_label', 'model'], 'limit': 21}
[2026-02-25 17:59:41,334] DEBUG djongo.sql2mongo.query Result: (88, 'auth', 'user')
[2026-02-25 17:59:41,334] DEBUG djongo.sql2mongo.query sql_command: SELECT "auth_permission"."content_type_id", "auth_permission"."codename" FROM "auth_permission" INNER JOIN "django_content_type" ON ("auth_permission"."content_type_id" = "django_content_type"."id") WHERE "auth_permission"."content_type_id" IN (%(0)s, %(1)s, %(2)s) ORDER BY "django_content_type"."app_label" ASC, "django_content_type"."model" ASC, "auth_permission"."codename" ASC
params: (88, 86, 87)
[2026-02-25 17:59:41,337] DEBUG djongo.sql2mongo.query Aggregation query: [{'$match': {'content_type_id': {'$ne': None, '$exists': True}}}, {'$lookup': {'from': 'django_content_type', 'localField': 'content_type_id', 'foreignField': 'id', 'as': 'django_content_type'}}, {'$unwind': '$django_content_type'}, {'$match': {'content_type_id': {'$in': [88, 86, 87]}}}, {'$sort': OrderedDict({'django_content_type.app_label': 1, 'django_content_type.model': 1, 'codename': 1})}, {'$project': {'content_type_id': True, 'codename': True}}]
[2026-02-25 17:59:41,337] DEBUG djongo.sql2mongo.query sql_command: INSERT INTO "auth_permission" ("name", "content_type_id", "codename") VALUES (%(0)s, %(1)s, %(2)s) VALUES (%(3)s, %(4)s, %(5)s) VALUES (%(6)s, %(7)s, %(8)s) VALUES (%(9)s, %(10)s, %(11)s) VALUES (%(12)s, %(13)s, %(14)s) VALUES (%(15)s, %(16)s, %(17)s) VALUES (%(18)s, %(19)s, %(20)s) VALUES (%(21)s, %(22)s, %(23)s) VALUES (%(24)s, %(25)s, %(26)s) VALUES (%(27)s, %(28)s, %(29)s) VALUES (%(30)s, %(31)s, %(32)s) VALUES (%(33)s, %(34)s, %(35)s)
params: ('Can add permission', 86, 'add_permission', 'Can change permission', 86, 'change_permission', 'Can delete permission', 86, 'delete_permission', 'Can view permission', 86, 'view_permission', 'Can add group', 87, 'add_group', 'Can change group', 87, 'change_group', 'Can delete group', 87, 'delete_group', 'Can view group', 87, 'view_group', 'Can add user', 88, 'add_user', 'Can change user', 88, 'change_user', 'Can delete user', 88, 'delete_user', 'Can view user', 88, 'view_user')
[2026-02-25 17:59:41,341] DEBUG djongo.sql2mongo.query inserted ids [ObjectId('699f7edd421deff2f70ed8ca'), ObjectId('699f7edd421deff2f70ed8cb'), ObjectId('699f7edd421deff2f70ed8cc'), ObjectId('699f7edd421deff2f70ed8cd'), ObjectId('699f7edd421deff2f70ed8ce'), ObjectId('699f7edd421deff2f70ed8cf'), ObjectId('699f7edd421deff2f70ed8d0'), ObjectId('699f7edd421deff2f70ed8d1'), ObjectId('699f7edd421deff2f70ed8d2'), ObjectId('699f7edd421deff2f70ed8d3'), ObjectId('699f7edd421deff2f70ed8d4'), ObjectId('699f7edd421deff2f70ed8d5')]
[2026-02-25 17:59:41,341] DEBUG djongo.sql2mongo.query sql_command: SELECT "django_content_type"."id", "django_content_type"."app_label", "django_content_type"."model" FROM "django_content_type" WHERE "django_content_type"."app_label" = %(0)s
params: ('auth',)
[2026-02-25 17:59:41,342] DEBUG djongo.sql2mongo.query Find query: {'filter': {'app_label': {'$eq': 'auth'}}, 'projection': ['id', 'app_label', 'model']}
[2026-02-25 17:59:41,343] DEBUG djongo.sql2mongo.query Result: (87, 'auth', 'group')
[2026-02-25 17:59:41,347] DEBUG djongo.sql2mongo.query Result: (86, 'auth', 'permission')
[2026-02-25 17:59:41,347] DEBUG djongo.sql2mongo.query Result: (88, 'auth', 'user')
[2026-02-25 17:59:41,347] DEBUG djongo.sql2mongo.query sql_command: SELECT "django_content_type"."id", "django_content_type"."app_label", "django_content_type"."model" FROM "django_content_type" WHERE "django_content_type"."app_label" = %(0)s
params: ('contenttypes',)
[2026-02-25 17:59:41,347] DEBUG djongo.sql2mongo.query Find query: {'filter': {'app_label': {'$eq': 'contenttypes'}}, 'projection': ['id', 'app_label', 'model']}
[2026-02-25 17:59:41,348] DEBUG djongo.sql2mongo.query sql_command: INSERT INTO "django_content_type" ("app_label", "model") VALUES (%(0)s, %(1)s)
params: ('contenttypes', 'contenttype')
[2026-02-25 17:59:41,350] DEBUG djongo.sql2mongo.query inserted ids [ObjectId('699f7edd421deff2f70ed8d6')]
[2026-02-25 17:59:41,351] DEBUG djongo.sql2mongo.query sql_command: SELECT "django_content_type"."id", "django_content_type"."app_label", "django_content_type"."model" FROM "django_content_type" WHERE ("django_content_type"."app_label" = %(0)s AND "django_content_type"."model" = %(1)s) LIMIT 21
params: ('contenttypes', 'contenttype')
[2026-02-25 17:59:41,351] DEBUG djongo.sql2mongo.query Find query: {'filter': {'$and': [{'app_label': {'$eq': 'contenttypes'}}, {'model': {'$eq': 'contenttype'}}]}, 'projection': ['id', 'app_label', 'model'], 'limit': 21}
[2026-02-25 17:59:41,352] DEBUG djongo.sql2mongo.query Result: (89, 'contenttypes', 'contenttype')
[2026-02-25 17:59:41,353] DEBUG djongo.sql2mongo.query sql_command: SELECT "auth_permission"."content_type_id", "auth_permission"."codename" FROM "auth_permission" INNER JOIN "django_content_type" ON ("auth_permission"."content_type_id" = "django_content_type"."id") WHERE "auth_permission"."content_type_id" IN (%(0)s) ORDER BY "django_content_type"."app_label" ASC, "django_content_type"."model" ASC, "auth_permission"."codename" ASC
params: (89,)
[2026-02-25 17:59:41,355] DEBUG djongo.sql2mongo.query Aggregation query: [{'$match': {'content_type_id': {'$ne': None, '$exists': True}}}, {'$lookup': {'from': 'django_content_type', 'localField': 'content_type_id', 'foreignField': 'id', 'as': 'django_content_type'}}, {'$unwind': '$django_content_type'}, {'$match': {'content_type_id': {'$in': [89]}}}, {'$sort': OrderedDict({'django_content_type.app_label': 1, 'django_content_type.model': 1, 'codename': 1})}, {'$project': {'content_type_id': True, 'codename': True}}]
[2026-02-25 17:59:41,355] DEBUG djongo.sql2mongo.query sql_command: INSERT INTO "auth_permission" ("name", "content_type_id", "codename") VALUES (%(0)s, %(1)s, %(2)s) VALUES (%(3)s, %(4)s, %(5)s) VALUES (%(6)s, %(7)s, %(8)s) VALUES (%(9)s, %(10)s, %(11)s)
params: ('Can add content type', 89, 'add_contenttype', 'Can change content type', 89, 'change_contenttype', 'Can delete content type', 89, 'delete_contenttype', 'Can view content type', 89, 'view_contenttype')
[2026-02-25 17:59:41,358] DEBUG djongo.sql2mongo.query inserted ids [ObjectId('699f7edd421deff2f70ed8d7'), ObjectId('699f7edd421deff2f70ed8d8'), ObjectId('699f7edd421deff2f70ed8d9'), ObjectId('699f7edd421deff2f70ed8da')]
[2026-02-25 17:59:41,358] DEBUG djongo.sql2mongo.query sql_command: SELECT "django_content_type"."id", "django_content_type"."app_label", "django_content_type"."model" FROM "django_content_type" WHERE "django_content_type"."app_label" = %(0)s
params: ('contenttypes',)
[2026-02-25 17:59:41,358] DEBUG djongo.sql2mongo.query Find query: {'filter': {'app_label': {'$eq': 'contenttypes'}}, 'projection': ['id', 'app_label', 'model']}
[2026-02-25 17:59:41,359] DEBUG djongo.sql2mongo.query Result: (89, 'contenttypes', 'contenttype')
[2026-02-25 17:59:41,359] DEBUG djongo.sql2mongo.query sql_command: SELECT "django_content_type"."id", "django_content_type"."app_label", "django_content_type"."model" FROM "django_content_type" WHERE "django_content_type"."app_label" = %(0)s
params: ('sessions',)
[2026-02-25 17:59:41,360] DEBUG djongo.sql2mongo.query Find query: {'filter': {'app_label': {'$eq': 'sessions'}}, 'projection': ['id', 'app_label', 'model']}
[2026-02-25 17:59:41,360] DEBUG djongo.sql2mongo.query sql_command: INSERT INTO "django_content_type" ("app_label", "model") VALUES (%(0)s, %(1)s)
params: ('sessions', 'session')
[2026-02-25 17:59:41,362] DEBUG djongo.sql2mongo.query inserted ids [ObjectId('699f7edd421deff2f70ed8db')]
[2026-02-25 17:59:41,362] DEBUG djongo.sql2mongo.query sql_command: SELECT "django_content_type"."id", "django_content_type"."app_label", "django_content_type"."model" FROM "django_content_type" WHERE ("django_content_type"."app_label" = %(0)s AND "django_content_type"."model" = %(1)s) LIMIT 21
params: ('sessions', 'session')
[2026-02-25 17:59:41,363] DEBUG djongo.sql2mongo.query Find query: {'filter': {'$and': [{'app_label': {'$eq': 'sessions'}}, {'model': {'$eq': 'session'}}]}, 'projection': ['id', 'app_label', 'model'], 'limit': 21}
[2026-02-25 17:59:41,363] DEBUG djongo.sql2mongo.query Result: (90, 'sessions', 'session')
[2026-02-25 17:59:41,364] DEBUG djongo.sql2mongo.query sql_command: SELECT "auth_permission"."content_type_id", "auth_permission"."codename" FROM "auth_permission" INNER JOIN "django_content_type" ON ("auth_permission"."content_type_id" = "django_content_type"."id") WHERE "auth_permission"."content_type_id" IN (%(0)s) ORDER BY "django_content_type"."app_label" ASC, "django_content_type"."model" ASC, "auth_permission"."codename" ASC
params: (90,)
[2026-02-25 17:59:41,367] DEBUG djongo.sql2mongo.query Aggregation query: [{'$match': {'content_type_id': {'$ne': None, '$exists': True}}}, {'$lookup': {'from': 'django_content_type', 'localField': 'content_type_id', 'foreignField': 'id', 'as': 'django_content_type'}}, {'$unwind': '$django_content_type'}, {'$match': {'content_type_id': {'$in': [90]}}}, {'$sort': OrderedDict({'django_content_type.app_label': 1, 'django_content_type.model': 1, 'codename': 1})}, {'$project': {'content_type_id': True, 'codename': True}}]
[2026-02-25 17:59:41,367] DEBUG djongo.sql2mongo.query sql_command: INSERT INTO "auth_permission" ("name", "content_type_id", "codename") VALUES (%(0)s, %(1)s, %(2)s) VALUES (%(3)s, %(4)s, %(5)s) VALUES (%(6)s, %(7)s, %(8)s) VALUES (%(9)s, %(10)s, %(11)s)
params: ('Can add session', 90, 'add_session', 'Can change session', 90, 'change_session', 'Can delete session', 90, 'delete_session', 'Can view session', 90, 'view_session')
[2026-02-25 17:59:41,370] DEBUG djongo.sql2mongo.query inserted ids [ObjectId('699f7edd421deff2f70ed8dc'), ObjectId('699f7edd421deff2f70ed8dd'), ObjectId('699f7edd421deff2f70ed8de'), ObjectId('699f7edd421deff2f70ed8df')]
[2026-02-25 17:59:41,370] DEBUG djongo.sql2mongo.query sql_command: SELECT "django_content_type"."id", "django_content_type"."app_label", "django_content_type"."model" FROM "django_content_type" WHERE "django_content_type"."app_label" = %(0)s
params: ('sessions',)
[2026-02-25 17:59:41,370] DEBUG djongo.sql2mongo.query Find query: {'filter': {'app_label': {'$eq': 'sessions'}}, 'projection': ['id', 'app_label', 'model']}
[2026-02-25 17:59:41,371] DEBUG djongo.sql2mongo.query Result: (90, 'sessions', 'session')
[2026-02-25 17:59:41,372] DEBUG djongo.sql2mongo.query sql_command: SELECT "django_content_type"."id", "django_content_type"."app_label", "django_content_type"."model" FROM "django_content_type" WHERE "django_content_type"."app_label" = %(0)s
params: ('webhooks',)
[2026-02-25 17:59:41,372] DEBUG djongo.sql2mongo.query Find query: {'filter': {'app_label': {'$eq': 'webhooks'}}, 'projection': ['id', 'app_label', 'model']}
[2026-02-25 17:59:41,373] DEBUG djongo.sql2mongo.query sql_command: INSERT INTO "django_content_type" ("app_label", "model") VALUES (%(0)s, %(1)s)
params: ('webhooks', 'webhookevent')
[2026-02-25 17:59:41,375] DEBUG djongo.sql2mongo.query inserted ids [ObjectId('699f7edd421deff2f70ed8e0')]
[2026-02-25 17:59:41,375] DEBUG djongo.sql2mongo.query sql_command: SELECT "django_content_type"."id", "django_content_type"."app_label", "django_content_type"."model" FROM "django_content_type" WHERE ("django_content_type"."app_label" = %(0)s AND "django_content_type"."model" = %(1)s) LIMIT 21
params: ('webhooks', 'webhookevent')
[2026-02-25 17:59:41,376] DEBUG djongo.sql2mongo.query Find query: {'filter': {'$and': [{'app_label': {'$eq': 'webhooks'}}, {'model': {'$eq': 'webhookevent'}}]}, 'projection': ['id', 'app_label', 'model'], 'limit': 21}
[2026-02-25 17:59:41,376] DEBUG djongo.sql2mongo.query Result: (91, 'webhooks', 'webhookevent')
[2026-02-25 17:59:41,377] DEBUG djongo.sql2mongo.query sql_command: SELECT "auth_permission"."content_type_id", "auth_permission"."codename" FROM "auth_permission" INNER JOIN "django_content_type" ON ("auth_permission"."content_type_id" = "django_content_type"."id") WHERE "auth_permission"."content_type_id" IN (%(0)s) ORDER BY "django_content_type"."app_label" ASC, "django_content_type"."model" ASC, "auth_permission"."codename" ASC
params: (91,)
[2026-02-25 17:59:41,379] DEBUG djongo.sql2mongo.query Aggregation query: [{'$match': {'content_type_id': {'$ne': None, '$exists': True}}}, {'$lookup': {'from': 'django_content_type', 'localField': 'content_type_id', 'foreignField': 'id', 'as': 'django_content_type'}}, {'$unwind': '$django_content_type'}, {'$match': {'content_type_id': {'$in': [91]}}}, {'$sort': OrderedDict({'django_content_type.app_label': 1, 'django_content_type.model': 1, 'codename': 1})}, {'$project': {'content_type_id': True, 'codename': True}}]
[2026-02-25 17:59:41,379] DEBUG djongo.sql2mongo.query sql_command: INSERT INTO "auth_permission" ("name", "content_type_id", "codename") VALUES (%(0)s, %(1)s, %(2)s) VALUES (%(3)s, %(4)s, %(5)s) VALUES (%(6)s, %(7)s, %(8)s) VALUES (%(9)s, %(10)s, %(11)s)
params: ('Can add Webhook Event', 91, 'add_webhookevent', 'Can change Webhook Event', 91, 'change_webhookevent', 'Can delete Webhook Event', 91, 'delete_webhookevent', 'Can view Webhook Event', 91, 'view_webhookevent')
[2026-02-25 17:59:41,381] DEBUG djongo.sql2mongo.query inserted ids [ObjectId('699f7edd421deff2f70ed8e1'), ObjectId('699f7edd421deff2f70ed8e2'), ObjectId('699f7edd421deff2f70ed8e3'), ObjectId('699f7edd421deff2f70ed8e4')]
[2026-02-25 17:59:41,382] DEBUG djongo.sql2mongo.query sql_command: SELECT "django_content_type"."id", "django_content_type"."app_label", "django_content_type"."model" FROM "django_content_type" WHERE "django_content_type"."app_label" = %(0)s
params: ('webhooks',)
[2026-02-25 17:59:41,382] DEBUG djongo.sql2mongo.query Find query: {'filter': {'app_label': {'$eq': 'webhooks'}}, 'projection': ['id', 'app_label', 'model']}
[2026-02-25 17:59:41,383] DEBUG djongo.sql2mongo.query Result: (91, 'webhooks', 'webhookevent')
[2026-02-25 17:59:41,383] DEBUG djongo.sql2mongo.query sql_command: SELECT "django_content_type"."id", "django_content_type"."app_label", "django_content_type"."model" FROM "django_content_type" WHERE "django_content_type"."app_label" = %(0)s
params: ('broker_connector',)
[2026-02-25 17:59:41,384] DEBUG djongo.sql2mongo.query Find query: {'filter': {'app_label': {'$eq': 'broker_connector'}}, 'projection': ['id', 'app_label', 'model']}
[2026-02-25 17:59:41,385] DEBUG djongo.sql2mongo.query sql_command: INSERT INTO "django_content_type" ("app_label", "model") VALUES (%(0)s, %(1)s)
params: ('broker_connector', 'brokeraccount')
[2026-02-25 17:59:41,387] DEBUG djongo.sql2mongo.query inserted ids [ObjectId('699f7edd421deff2f70ed8e5')]
[2026-02-25 17:59:41,387] DEBUG djongo.sql2mongo.query sql_command: SELECT "django_content_type"."id", "django_content_type"."app_label", "django_content_type"."model" FROM "django_content_type" WHERE ("django_content_type"."app_label" = %(0)s AND "django_content_type"."model" = %(1)s) LIMIT 21
params: ('broker_connector', 'brokeraccount')
[2026-02-25 17:59:41,388] DEBUG djongo.sql2mongo.query Find query: {'filter': {'$and': [{'app_label': {'$eq': 'broker_connector'}}, {'model': {'$eq': 'brokeraccount'}}]}, 'projection': ['id', 'app_label', 'model'], 'limit': 21}
[2026-02-25 17:59:41,389] DEBUG djongo.sql2mongo.query Result: (92, 'broker_connector', 'brokeraccount')
[2026-02-25 17:59:41,389] DEBUG djongo.sql2mongo.query sql_command: SELECT "auth_permission"."content_type_id", "auth_permission"."codename" FROM "auth_permission" INNER JOIN "django_content_type" ON ("auth_permission"."content_type_id" = "django_content_type"."id") WHERE "auth_permission"."content_type_id" IN (%(0)s) ORDER BY "django_content_type"."app_label" ASC, "django_content_type"."model" ASC, "auth_permission"."codename" ASC
params: (92,)
[2026-02-25 17:59:41,392] DEBUG djongo.sql2mongo.query Aggregation query: [{'$match': {'content_type_id': {'$ne': None, '$exists': True}}}, {'$lookup': {'from': 'django_content_type', 'localField': 'content_type_id', 'foreignField': 'id', 'as': 'django_content_type'}}, {'$unwind': '$django_content_type'}, {'$match': {'content_type_id': {'$in': [92]}}}, {'$sort': OrderedDict({'django_content_type.app_label': 1, 'django_content_type.model': 1, 'codename': 1})}, {'$project': {'content_type_id': True, 'codename': True}}]
[2026-02-25 17:59:41,392] DEBUG djongo.sql2mongo.query sql_command: INSERT INTO "auth_permission" ("name", "content_type_id", "codename") VALUES (%(0)s, %(1)s, %(2)s) VALUES (%(3)s, %(4)s, %(5)s) VALUES (%(6)s, %(7)s, %(8)s) VALUES (%(9)s, %(10)s, %(11)s)
params: ('Can add Broker Account', 92, 'add_brokeraccount', 'Can change Broker Account', 92, 'change_brokeraccount', 'Can delete Broker Account', 92, 'delete_brokeraccount', 'Can view Broker Account', 92, 'view_brokeraccount')
[2026-02-25 17:59:41,395] DEBUG djongo.sql2mongo.query inserted ids [ObjectId('699f7edd421deff2f70ed8e6'), ObjectId('699f7edd421deff2f70ed8e7'), ObjectId('699f7edd421deff2f70ed8e8'), ObjectId('699f7edd421deff2f70ed8e9')]
[2026-02-25 17:59:41,395] DEBUG djongo.sql2mongo.query sql_command: SELECT "django_content_type"."id", "django_content_type"."app_label", "django_content_type"."model" FROM "django_content_type" WHERE "django_content_type"."app_label" = %(0)s
params: ('broker_connector',)
[2026-02-25 17:59:41,396] DEBUG djongo.sql2mongo.query Find query: {'filter': {'app_label': {'$eq': 'broker_connector'}}, 'projection': ['id', 'app_label', 'model']}
[2026-02-25 17:59:41,397] DEBUG djongo.sql2mongo.query Result: (92, 'broker_connector', 'brokeraccount')
[2026-02-25 17:59:41,397] DEBUG djongo.sql2mongo.query sql_command: SELECT "django_content_type"."id", "django_content_type"."app_label", "django_content_type"."model" FROM "django_content_type" WHERE "django_content_type"."app_label" = %(0)s
params: ('execution_engine',)
[2026-02-25 17:59:41,397] DEBUG djongo.sql2mongo.query Find query: {'filter': {'app_label': {'$eq': 'execution_engine'}}, 'projection': ['id', 'app_label', 'model']}
[2026-02-25 17:59:41,398] DEBUG djongo.sql2mongo.query sql_command: INSERT INTO "django_content_type" ("app_label", "model") VALUES (%(0)s, %(1)s)
params: ('execution_engine', 'trade')
[2026-02-25 17:59:41,401] DEBUG djongo.sql2mongo.query inserted ids [ObjectId('699f7edd421deff2f70ed8ea')]
[2026-02-25 17:59:41,401] DEBUG djongo.sql2mongo.query sql_command: SELECT "django_content_type"."id", "django_content_type"."app_label", "django_content_type"."model" FROM "django_content_type" WHERE ("django_content_type"."app_label" = %(0)s AND "django_content_type"."model" = %(1)s) LIMIT 21
params: ('execution_engine', 'trade')
[2026-02-25 17:59:41,402] DEBUG djongo.sql2mongo.query Find query: {'filter': {'$and': [{'app_label': {'$eq': 'execution_engine'}}, {'model': {'$eq': 'trade'}}]}, 'projection': ['id', 'app_label', 'model'], 'limit': 21}
[2026-02-25 17:59:41,403] DEBUG djongo.sql2mongo.query Result: (93, 'execution_engine', 'trade')
[2026-02-25 17:59:41,403] DEBUG djongo.sql2mongo.query sql_command: SELECT "auth_permission"."content_type_id", "auth_permission"."codename" FROM "auth_permission" INNER JOIN "django_content_type" ON ("auth_permission"."content_type_id" = "django_content_type"."id") WHERE "auth_permission"."content_type_id" IN (%(0)s) ORDER BY "django_content_type"."app_label" ASC, "django_content_type"."model" ASC, "auth_permission"."codename" ASC
params: (93,)
[2026-02-25 17:59:41,406] DEBUG djongo.sql2mongo.query Aggregation query: [{'$match': {'content_type_id': {'$ne': None, '$exists': True}}}, {'$lookup': {'from': 'django_content_type', 'localField': 'content_type_id', 'foreignField': 'id', 'as': 'django_content_type'}}, {'$unwind': '$django_content_type'}, {'$match': {'content_type_id': {'$in': [93]}}}, {'$sort': OrderedDict({'django_content_type.app_label': 1, 'django_content_type.model': 1, 'codename': 1})}, {'$project': {'content_type_id': True, 'codename': True}}]
[2026-02-25 17:59:41,406] DEBUG djongo.sql2mongo.query sql_command: INSERT INTO "auth_permission" ("name", "content_type_id", "codename") VALUES (%(0)s, %(1)s, %(2)s) VALUES (%(3)s, %(4)s, %(5)s) VALUES (%(6)s, %(7)s, %(8)s) VALUES (%(9)s, %(10)s, %(11)s)
params: ('Can add Trade', 93, 'add_trade', 'Can change Trade', 93, 'change_trade', 'Can delete Trade', 93, 'delete_trade', 'Can view Trade', 93, 'view_trade')
[2026-02-25 17:59:41,409] DEBUG djongo.sql2mongo.query inserted ids [ObjectId('699f7edd421deff2f70ed8eb'), ObjectId('699f7edd421deff2f70ed8ec'), ObjectId('699f7edd421deff2f70ed8ed'), ObjectId('699f7edd421deff2f70ed8ee')]
[2026-02-25 17:59:41,409] DEBUG djongo.sql2mongo.query sql_command: SELECT "django_content_type"."id", "django_content_type"."app_label", "django_content_type"."model" FROM "django_content_type" WHERE "django_content_type"."app_label" = %(0)s
params: ('execution_engine',)
[2026-02-25 17:59:41,409] DEBUG djongo.sql2mongo.query Find query: {'filter': {'app_label': {'$eq': 'execution_engine'}}, 'projection': ['id', 'app_label', 'model']}
[2026-02-25 17:59:41,410] DEBUG djongo.sql2mongo.query Result: (93, 'execution_engine', 'trade')
[2026-02-25 17:59:41,410] DEBUG djongo.sql2mongo.query sql_command: SELECT "django_content_type"."id", "django_content_type"."app_label", "django_content_type"."model" FROM "django_content_type" WHERE "django_content_type"."app_label" = %(0)s
params: ('risk_management',)
[2026-02-25 17:59:41,410] DEBUG djongo.sql2mongo.query Find query: {'filter': {'app_label': {'$eq': 'risk_management'}}, 'projection': ['id', 'app_label', 'model']}
[2026-02-25 17:59:41,411] DEBUG djongo.sql2mongo.query sql_command: INSERT INTO "django_content_type" ("app_label", "model") VALUES (%(0)s, %(1)s) VALUES (%(2)s, %(3)s)
params: ('risk_management', 'riskconfig', 'risk_management', 'propfirmaccount')
[2026-02-25 17:59:41,413] DEBUG djongo.sql2mongo.query inserted ids [ObjectId('699f7edd421deff2f70ed8ef'), ObjectId('699f7edd421deff2f70ed8f0')]
[2026-02-25 17:59:41,413] DEBUG djongo.sql2mongo.query sql_command: SELECT "django_content_type"."id", "django_content_type"."app_label", "django_content_type"."model" FROM "django_content_type" WHERE ("django_content_type"."app_label" = %(0)s AND "django_content_type"."model" = %(1)s) LIMIT 21
params: ('risk_management', 'riskconfig')
[2026-02-25 17:59:41,413] DEBUG djongo.sql2mongo.query Find query: {'filter': {'$and': [{'app_label': {'$eq': 'risk_management'}}, {'model': {'$eq': 'riskconfig'}}]}, 'projection': ['id', 'app_label', 'model'], 'limit': 21}
[2026-02-25 17:59:41,414] DEBUG djongo.sql2mongo.query Result: (94, 'risk_management', 'riskconfig')
[2026-02-25 17:59:41,414] DEBUG djongo.sql2mongo.query sql_command: SELECT "django_content_type"."id", "django_content_type"."app_label", "django_content_type"."model" FROM "django_content_type" WHERE ("django_content_type"."app_label" = %(0)s AND "django_content_type"."model" = %(1)s) LIMIT 21
params: ('risk_management', 'propfirmaccount')
[2026-02-25 17:59:41,415] DEBUG djongo.sql2mongo.query Find query: {'filter': {'$and': [{'app_label': {'$eq': 'risk_management'}}, {'model': {'$eq': 'propfirmaccount'}}]}, 'projection': ['id', 'app_label', 'model'], 'limit': 21}
[2026-02-25 17:59:41,415] DEBUG djongo.sql2mongo.query Result: (95, 'risk_management', 'propfirmaccount')
[2026-02-25 17:59:41,416] DEBUG djongo.sql2mongo.query sql_command: SELECT "auth_permission"."content_type_id", "auth_permission"."codename" FROM "auth_permission" INNER JOIN "django_content_type" ON ("auth_permission"."content_type_id" = "django_content_type"."id") WHERE "auth_permission"."content_type_id" IN (%(0)s, %(1)s) ORDER BY "django_content_type"."app_label" ASC, "django_content_type"."model" ASC, "auth_permission"."codename" ASC
params: (94, 95)
[2026-02-25 17:59:41,418] DEBUG djongo.sql2mongo.query Aggregation query: [{'$match': {'content_type_id': {'$ne': None, '$exists': True}}}, {'$lookup': {'from': 'django_content_type', 'localField': 'content_type_id', 'foreignField': 'id', 'as': 'django_content_type'}}, {'$unwind': '$django_content_type'}, {'$match': {'content_type_id': {'$in': [94, 95]}}}, {'$sort': OrderedDict({'django_content_type.app_label': 1, 'django_content_type.model': 1, 'codename': 1})}, {'$project': {'content_type_id': True, 'codename': True}}]
[2026-02-25 17:59:41,418] DEBUG djongo.sql2mongo.query sql_command: INSERT INTO "auth_permission" ("name", "content_type_id", "codename") VALUES (%(0)s, %(1)s, %(2)s) VALUES (%(3)s, %(4)s, %(5)s) VALUES (%(6)s, %(7)s, %(8)s) VALUES (%(9)s, %(10)s, %(11)s) VALUES (%(12)s, %(13)s, %(14)s) VALUES (%(15)s, %(16)s, %(17)s) VALUES (%(18)s, %(19)s, %(20)s) VALUES (%(21)s, %(22)s, %(23)s)
params: ('Can add Risk Configuration', 94, 'add_riskconfig', 'Can change Risk Configuration', 94, 'change_riskconfig', 'Can delete Risk Configuration', 94, 'delete_riskconfig', 'Can view Risk Configuration', 94, 'view_riskconfig', 'Can add Prop Firm Account', 95, 'add_propfirmaccount', 'Can change Prop Firm Account', 95, 'change_propfirmaccount', 'Can delete Prop Firm Account', 95, 'delete_propfirmaccount', 'Can view Prop Firm Account', 95, 'view_propfirmaccount')
[2026-02-25 17:59:41,421] DEBUG djongo.sql2mongo.query inserted ids [ObjectId('699f7edd421deff2f70ed8f1'), ObjectId('699f7edd421deff2f70ed8f2'), ObjectId('699f7edd421deff2f70ed8f3'), ObjectId('699f7edd421deff2f70ed8f4'), ObjectId('699f7edd421deff2f70ed8f5'), ObjectId('699f7edd421deff2f70ed8f6'), ObjectId('699f7edd421deff2f70ed8f7'), ObjectId('699f7edd421deff2f70ed8f8')]
[2026-02-25 17:59:41,421] DEBUG djongo.sql2mongo.query sql_command: SELECT "django_content_type"."id", "django_content_type"."app_label", "django_content_type"."model" FROM "django_content_type" WHERE "django_content_type"."app_label" = %(0)s
params: ('risk_management',)
[2026-02-25 17:59:41,422] DEBUG djongo.sql2mongo.query Find query: {'filter': {'app_label': {'$eq': 'risk_management'}}, 'projection': ['id', 'app_label', 'model']}
[2026-02-25 17:59:41,423] DEBUG djongo.sql2mongo.query Result: (95, 'risk_management', 'propfirmaccount')
[2026-02-25 17:59:41,423] DEBUG djongo.sql2mongo.query Result: (94, 'risk_management', 'riskconfig')
[2026-02-25 17:59:41,423] DEBUG djongo.sql2mongo.query sql_command: SELECT "django_content_type"."id", "django_content_type"."app_label", "django_content_type"."model" FROM "django_content_type" WHERE "django_content_type"."app_label" = %(0)s
params: ('market_data',)
[2026-02-25 17:59:41,423] DEBUG djongo.sql2mongo.query Find query: {'filter': {'app_label': {'$eq': 'market_data'}}, 'projection': ['id', 'app_label', 'model']}
[2026-02-25 17:59:41,424] DEBUG djongo.sql2mongo.query sql_command: INSERT INTO "django_content_type" ("app_label", "model") VALUES (%(0)s, %(1)s)
params: ('market_data', 'ohlcvbar')
[2026-02-25 17:59:41,425] DEBUG djongo.sql2mongo.query inserted ids [ObjectId('699f7edd421deff2f70ed8f9')]
[2026-02-25 17:59:41,426] DEBUG djongo.sql2mongo.query sql_command: SELECT "django_content_type"."id", "django_content_type"."app_label", "django_content_type"."model" FROM "django_content_type" WHERE ("django_content_type"."app_label" = %(0)s AND "django_content_type"."model" = %(1)s) LIMIT 21
params: ('market_data', 'ohlcvbar')
[2026-02-25 17:59:41,426] DEBUG djongo.sql2mongo.query Find query: {'filter': {'$and': [{'app_label': {'$eq': 'market_data'}}, {'model': {'$eq': 'ohlcvbar'}}]}, 'projection': ['id', 'app_label', 'model'], 'limit': 21}
[2026-02-25 17:59:41,427] DEBUG djongo.sql2mongo.query Result: (96, 'market_data', 'ohlcvbar')
[2026-02-25 17:59:41,427] DEBUG djongo.sql2mongo.query sql_command: SELECT "auth_permission"."content_type_id", "auth_permission"."codename" FROM "auth_permission" INNER JOIN "django_content_type" ON ("auth_permission"."content_type_id" = "django_content_type"."id") WHERE "auth_permission"."content_type_id" IN (%(0)s) ORDER BY "django_content_type"."app_label" ASC, "django_content_type"."model" ASC, "auth_permission"."codename" ASC
params: (96,)
[2026-02-25 17:59:41,429] DEBUG djongo.sql2mongo.query Aggregation query: [{'$match': {'content_type_id': {'$ne': None, '$exists': True}}}, {'$lookup': {'from': 'django_content_type', 'localField': 'content_type_id', 'foreignField': 'id', 'as': 'django_content_type'}}, {'$unwind': '$django_content_type'}, {'$match': {'content_type_id': {'$in': [96]}}}, {'$sort': OrderedDict({'django_content_type.app_label': 1, 'django_content_type.model': 1, 'codename': 1})}, {'$project': {'content_type_id': True, 'codename': True}}]
[2026-02-25 17:59:41,429] DEBUG djongo.sql2mongo.query sql_command: INSERT INTO "auth_permission" ("name", "content_type_id", "codename") VALUES (%(0)s, %(1)s, %(2)s) VALUES (%(3)s, %(4)s, %(5)s) VALUES (%(6)s, %(7)s, %(8)s) VALUES (%(9)s, %(10)s, %(11)s)
params: ('Can add OHLCV Bar', 96, 'add_ohlcvbar', 'Can change OHLCV Bar', 96, 'change_ohlcvbar', 'Can delete OHLCV Bar', 96, 'delete_ohlcvbar', 'Can view OHLCV Bar', 96, 'view_ohlcvbar')
[2026-02-25 17:59:41,432] DEBUG djongo.sql2mongo.query inserted ids [ObjectId('699f7edd421deff2f70ed8fa'), ObjectId('699f7edd421deff2f70ed8fb'), ObjectId('699f7edd421deff2f70ed8fc'), ObjectId('699f7edd421deff2f70ed8fd')]
[2026-02-25 17:59:41,432] DEBUG djongo.sql2mongo.query sql_command: SELECT "django_content_type"."id", "django_content_type"."app_label", "django_content_type"."model" FROM "django_content_type" WHERE "django_content_type"."app_label" = %(0)s
params: ('market_data',)
[2026-02-25 17:59:41,432] DEBUG djongo.sql2mongo.query Find query: {'filter': {'app_label': {'$eq': 'market_data'}}, 'projection': ['id', 'app_label', 'model']}
[2026-02-25 17:59:41,433] DEBUG djongo.sql2mongo.query Result: (96, 'market_data', 'ohlcvbar')
[2026-02-25 17:59:41,433] DEBUG djongo.sql2mongo.query sql_command: SELECT "django_content_type"."id", "django_content_type"."app_label", "django_content_type"."model" FROM "django_content_type" WHERE "django_content_type"."app_label" = %(0)s
params: ('dashboard',)
[2026-02-25 17:59:41,434] DEBUG djongo.sql2mongo.query Find query: {'filter': {'app_label': {'$eq': 'dashboard'}}, 'projection': ['id', 'app_label', 'model']}
[2026-02-25 17:59:41,435] DEBUG djongo.sql2mongo.query sql_command: INSERT INTO "django_content_type" ("app_label", "model") VALUES (%(0)s, %(1)s) VALUES (%(2)s, %(3)s)
params: ('dashboard', 'strategy', 'dashboard', 'aimodel')
[2026-02-25 17:59:41,437] DEBUG djongo.sql2mongo.query inserted ids [ObjectId('699f7edd421deff2f70ed8fe'), ObjectId('699f7edd421deff2f70ed8ff')]
[2026-02-25 17:59:41,437] DEBUG djongo.sql2mongo.query sql_command: SELECT "django_content_type"."id", "django_content_type"."app_label", "django_content_type"."model" FROM "django_content_type" WHERE ("django_content_type"."app_label" = %(0)s AND "django_content_type"."model" = %(1)s) LIMIT 21
params: ('dashboard', 'strategy')
[2026-02-25 17:59:41,438] DEBUG djongo.sql2mongo.query Find query: {'filter': {'$and': [{'app_label': {'$eq': 'dashboard'}}, {'model': {'$eq': 'strategy'}}]}, 'projection': ['id', 'app_label', 'model'], 'limit': 21}
[2026-02-25 17:59:41,438] DEBUG djongo.sql2mongo.query Result: (97, 'dashboard', 'strategy')
[2026-02-25 17:59:41,439] DEBUG djongo.sql2mongo.query sql_command: SELECT "django_content_type"."id", "django_content_type"."app_label", "django_content_type"."model" FROM "django_content_type" WHERE ("django_content_type"."app_label" = %(0)s AND "django_content_type"."model" = %(1)s) LIMIT 21
params: ('dashboard', 'aimodel')
[2026-02-25 17:59:41,439] DEBUG djongo.sql2mongo.query Find query: {'filter': {'$and': [{'app_label': {'$eq': 'dashboard'}}, {'model': {'$eq': 'aimodel'}}]}, 'projection': ['id', 'app_label', 'model'], 'limit': 21}
[2026-02-25 17:59:41,440] DEBUG djongo.sql2mongo.query Result: (98, 'dashboard', 'aimodel')
[2026-02-25 17:59:41,440] DEBUG djongo.sql2mongo.query sql_command: SELECT "auth_permission"."content_type_id", "auth_permission"."codename" FROM "auth_permission" INNER JOIN "django_content_type" ON ("auth_permission"."content_type_id" = "django_content_type"."id") WHERE "auth_permission"."content_type_id" IN (%(0)s, %(1)s) ORDER BY "django_content_type"."app_label" ASC, "django_content_type"."model" ASC, "auth_permission"."codename" ASC
params: (97, 98)
[2026-02-25 17:59:41,442] DEBUG djongo.sql2mongo.query Aggregation query: [{'$match': {'content_type_id': {'$ne': None, '$exists': True}}}, {'$lookup': {'from': 'django_content_type', 'localField': 'content_type_id', 'foreignField': 'id', 'as': 'django_content_type'}}, {'$unwind': '$django_content_type'}, {'$match': {'content_type_id': {'$in': [97, 98]}}}, {'$sort': OrderedDict({'django_content_type.app_label': 1, 'django_content_type.model': 1, 'codename': 1})}, {'$project': {'content_type_id': True, 'codename': True}}]
[2026-02-25 17:59:41,442] DEBUG djongo.sql2mongo.query sql_command: INSERT INTO "auth_permission" ("name", "content_type_id", "codename") VALUES (%(0)s, %(1)s, %(2)s) VALUES (%(3)s, %(4)s, %(5)s) VALUES (%(6)s, %(7)s, %(8)s) VALUES (%(9)s, %(10)s, %(11)s) VALUES (%(12)s, %(13)s, %(14)s) VALUES (%(15)s, %(16)s, %(17)s) VALUES (%(18)s, %(19)s, %(20)s) VALUES (%(21)s, %(22)s, %(23)s)
params: ('Can add Strategy', 97, 'add_strategy', 'Can change Strategy', 97, 'change_strategy', 'Can delete Strategy', 97, 'delete_strategy', 'Can view Strategy', 97, 'view_strategy', 'Can add AI Model', 98, 'add_aimodel', 'Can change AI Model', 98, 'change_aimodel', 'Can delete AI Model', 98, 'delete_aimodel', 'Can view AI Model', 98, 'view_aimodel')
[2026-02-25 17:59:41,445] DEBUG djongo.sql2mongo.query inserted ids [ObjectId('699f7edd421deff2f70ed900'), ObjectId('699f7edd421deff2f70ed901'), ObjectId('699f7edd421deff2f70ed902'), ObjectId('699f7edd421deff2f70ed903'), ObjectId('699f7edd421deff2f70ed904'), ObjectId('699f7edd421deff2f70ed905'), ObjectId('699f7edd421deff2f70ed906'), ObjectId('699f7edd421deff2f70ed907')]
[2026-02-25 17:59:41,445] DEBUG djongo.sql2mongo.query sql_command: SELECT "django_content_type"."id", "django_content_type"."app_label", "django_content_type"."model" FROM "django_content_type" WHERE "django_content_type"."app_label" = %(0)s
params: ('dashboard',)
[2026-02-25 17:59:41,445] DEBUG djongo.sql2mongo.query Find query: {'filter': {'app_label': {'$eq': 'dashboard'}}, 'projection': ['id', 'app_label', 'model']}
[2026-02-25 17:59:41,446] DEBUG djongo.sql2mongo.query Result: (98, 'dashboard', 'aimodel')
[2026-02-25 17:59:41,446] DEBUG djongo.sql2mongo.query Result: (97, 'dashboard', 'strategy')
[2026-02-25 17:59:41,446] DEBUG djongo.base MongoClient connection closed
[2026-02-25 17:59:41,447] DEBUG djongo.base Existing MongoClient connection closed
[2026-02-25 17:59:41,447] DEBUG djongo.base New Database connection
[2026-02-25 17:59:41,447] DEBUG djongo.sql2mongo.query sql_command: SELECT "risk_management_riskconfig"."id", "risk_management_riskconfig"."name", "risk_management_riskconfig"."is_active", "risk_management_riskconfig"."max_daily_drawdown_pct", "risk_management_riskconfig"."max_total_drawdown_pct", "risk_management_riskconfig"."max_position_size_pct", "risk_management_riskconfig"."max_open_positions", "risk_management_riskconfig"."max_daily_trades", "risk_management_riskconfig"."daily_loss_limit", "risk_management_riskconfig"."kill_switch_active", "risk_management_riskconfig"."organization_id", "risk_management_riskconfig"."created_at", "risk_management_riskconfig"."updated_at" FROM "risk_management_riskconfig" WHERE "risk_management_riskconfig"."name" = %(0)s LIMIT 21
params: ('default',)
[2026-02-25 17:59:41,448] DEBUG djongo.sql2mongo.query Find query: {'filter': {'name': {'$eq': 'default'}}, 'projection': ['id', 'name', 'is_active', 'max_daily_drawdown_pct', 'max_total_drawdown_pct', 'max_position_size_pct', 'max_open_positions', 'max_daily_trades', 'daily_loss_limit', 'kill_switch_active', 'organization_id', 'created_at', 'updated_at'], 'limit': 21}
[2026-02-25 17:59:41,784] DEBUG djongo.sql2mongo.query sql_command: INSERT INTO "risk_management_riskconfig" ("name", "is_active", "max_daily_drawdown_pct", "max_total_drawdown_pct", "max_position_size_pct", "max_open_positions", "max_daily_trades", "daily_loss_limit", "kill_switch_active", "organization_id", "created_at", "updated_at") VALUES (%(0)s, %(1)s, %(2)s, %(3)s, %(4)s, %(5)s, %(6)s, %(7)s, %(8)s, %(9)s, %(10)s, %(11)s)
params: ['default', True, Decimal128('5.00'), Decimal128('10.00'), Decimal128('5.00'), 10, 50, Decimal128('1000.00'), False, None, datetime.datetime(2026, 2, 25, 22, 59, 41, 784164), datetime.datetime(2026, 2, 25, 22, 59, 41, 784198)]
[2026-02-25 17:59:41,793] DEBUG djongo.sql2mongo.query inserted ids [ObjectId('699f7edd421deff2f70ed908')]
[2026-02-25 17:59:41,795] DEBUG djongo.sql2mongo.query sql_command: SELECT "risk_management_riskconfig"."id", "risk_management_riskconfig"."name", "risk_management_riskconfig"."is_active", "risk_management_riskconfig"."max_daily_drawdown_pct", "risk_management_riskconfig"."max_total_drawdown_pct", "risk_management_riskconfig"."max_position_size_pct", "risk_management_riskconfig"."max_open_positions", "risk_management_riskconfig"."max_daily_trades", "risk_management_riskconfig"."daily_loss_limit", "risk_management_riskconfig"."kill_switch_active", "risk_management_riskconfig"."organization_id", "risk_management_riskconfig"."created_at", "risk_management_riskconfig"."updated_at" FROM "risk_management_riskconfig" WHERE "risk_management_riskconfig"."name" = %(0)s LIMIT 21
params: ('default',)
[2026-02-25 17:59:41,799] DEBUG djongo.sql2mongo.query Find query: {'filter': {'name': {'$eq': 'default'}}, 'projection': ['id', 'name', 'is_active', 'max_daily_drawdown_pct', 'max_total_drawdown_pct', 'max_position_size_pct', 'max_open_positions', 'max_daily_trades', 'daily_loss_limit', 'kill_switch_active', 'organization_id', 'created_at', 'updated_at'], 'limit': 21}
[2026-02-25 17:59:41,801] DEBUG djongo.sql2mongo.query Result: (7, 'default', True, Decimal128('5.00'), Decimal128('10.00'), Decimal128('5.00'), 10, 50, Decimal128('1000.00'), False, None, datetime.datetime(2026, 2, 25, 22, 59, 41, 784000), datetime.datetime(2026, 2, 25, 22, 59, 41, 784000))
[2026-02-25 17:59:41,804] DEBUG djongo.sql2mongo.query sql_command: SELECT "dashboard_strategy"."id", "dashboard_strategy"."strategy_id", "dashboard_strategy"."name", "dashboard_strategy"."description", "dashboard_strategy"."is_active", "dashboard_strategy"."asset_class", "dashboard_strategy"."timeframe", "dashboard_strategy"."symbols", "dashboard_strategy"."account_numbers", "dashboard_strategy"."position_size_pct", "dashboard_strategy"."max_positions", "dashboard_strategy"."stop_loss_pct", "dashboard_strategy"."take_profit_pct", "dashboard_strategy"."ai_model", "dashboard_strategy"."ai_confidence_threshold", "dashboard_strategy"."ai_retrain_freq", "dashboard_strategy"."custom_params", "dashboard_strategy"."organization_id", "dashboard_strategy"."created_at", "dashboard_strategy"."updated_at" FROM "dashboard_strategy" ORDER BY "dashboard_strategy"."created_at" DESC
params: ()
[2026-02-25 17:59:41,808] DEBUG djongo.sql2mongo.query Find query: {'projection': ['id', 'strategy_id', 'name', 'description', 'is_active', 'asset_class', 'timeframe', 'symbols', 'account_numbers', 'position_size_pct', 'max_positions', 'stop_loss_pct', 'take_profit_pct', 'ai_model', 'ai_confidence_threshold', 'ai_retrain_freq', 'custom_params', 'organization_id', 'created_at', 'updated_at'], 'sort': [('created_at', -1)]}
[2026-02-25 17:59:41,809] DEBUG djongo.sql2mongo.query sql_command: SELECT "dashboard_aimodel"."id", "dashboard_aimodel"."name", "dashboard_aimodel"."model_type", "dashboard_aimodel"."version", "dashboard_aimodel"."status", "dashboard_aimodel"."description", "dashboard_aimodel"."last_trained", "dashboard_aimodel"."accuracy", "dashboard_aimodel"."sharpe_ratio", "dashboard_aimodel"."created_at", "dashboard_aimodel"."updated_at" FROM "dashboard_aimodel" ORDER BY "dashboard_aimodel"."updated_at" DESC
params: ()
[2026-02-25 17:59:41,811] DEBUG djongo.sql2mongo.query Find query: {'projection': ['id', 'name', 'model_type', 'version', 'status', 'description', 'last_trained', 'accuracy', 'sharpe_ratio', 'created_at', 'updated_at'], 'sort': [('updated_at', -1)]}
.[2026-02-25 17:59:41,814] DEBUG djongo.sql2mongo.query sql_command: ALTER TABLE "webhooks_webhookevent" FLUSH
params: None
[2026-02-25 17:59:41,815] DEBUG djongo.sql2mongo.query sql_command: ALTER TABLE "risk_management_propfirmaccount" FLUSH
params: None
[2026-02-25 17:59:41,816] DEBUG djongo.sql2mongo.query sql_command: ALTER TABLE "risk_management_riskconfig" FLUSH
params: None
[2026-02-25 17:59:41,817] DEBUG djongo.sql2mongo.query sql_command: ALTER TABLE "broker_connector_brokeraccount" FLUSH
params: None
[2026-02-25 17:59:41,817] DEBUG djongo.sql2mongo.query sql_command: ALTER TABLE "auth_group" FLUSH
params: None
[2026-02-25 17:59:41,818] DEBUG djongo.sql2mongo.query sql_command: ALTER TABLE "execution_engine_trade" FLUSH
params: None
[2026-02-25 17:59:41,818] DEBUG djongo.sql2mongo.query sql_command: ALTER TABLE "auth_permission" FLUSH
params: None
[2026-02-25 17:59:41,822] DEBUG djongo.sql2mongo.query sql_command: ALTER TABLE "market_data_ohlcvbar" FLUSH
params: None
[2026-02-25 17:59:41,823] DEBUG djongo.sql2mongo.query sql_command: ALTER TABLE "dashboard_aimodel" FLUSH
params: None
[2026-02-25 17:59:41,824] DEBUG djongo.sql2mongo.query sql_command: ALTER TABLE "dashboard_strategy" FLUSH
params: None
[2026-02-25 17:59:41,825] DEBUG djongo.sql2mongo.query sql_command: ALTER TABLE "django_session" FLUSH
params: None
[2026-02-25 17:59:41,826] DEBUG djongo.sql2mongo.query sql_command: ALTER TABLE "auth_group_permissions" FLUSH
params: None
[2026-02-25 17:59:41,827] DEBUG djongo.sql2mongo.query sql_command: ALTER TABLE "auth_user_user_permissions" FLUSH
params: None
[2026-02-25 17:59:41,828] DEBUG djongo.sql2mongo.query sql_command: ALTER TABLE "auth_user" FLUSH
params: None
[2026-02-25 17:59:41,829] DEBUG djongo.sql2mongo.query sql_command: ALTER TABLE "django_content_type" FLUSH
params: None
[2026-02-25 17:59:41,830] DEBUG djongo.sql2mongo.query sql_command: ALTER TABLE "auth_user_groups" FLUSH
params: None
[2026-02-25 17:59:41,831] DEBUG djongo.sql2mongo.query sql_command: ALTER TABLE "django_admin_log" FLUSH
params: None
[2026-02-25 17:59:41,832] DEBUG djongo.sql2mongo.query sql_command: SELECT "django_content_type"."id", "django_content_type"."app_label", "django_content_type"."model" FROM "django_content_type" WHERE "django_content_type"."app_label" = %(0)s
params: ('admin',)
[2026-02-25 17:59:41,833] DEBUG djongo.sql2mongo.query Find query: {'filter': {'app_label': {'$eq': 'admin'}}, 'projection': ['id', 'app_label', 'model']}
[2026-02-25 17:59:41,834] DEBUG djongo.sql2mongo.query sql_command: INSERT INTO "django_content_type" ("app_label", "model") VALUES (%(0)s, %(1)s)
params: ('admin', 'logentry')
[2026-02-25 17:59:41,835] DEBUG djongo.sql2mongo.query inserted ids [ObjectId('699f7edd421deff2f70ed909')]
[2026-02-25 17:59:41,836] DEBUG djongo.sql2mongo.query sql_command: SELECT "django_content_type"."id", "django_content_type"."app_label", "django_content_type"."model" FROM "django_content_type" WHERE ("django_content_type"."app_label" = %(0)s AND "django_content_type"."model" = %(1)s) LIMIT 21
params: ('admin', 'logentry')
[2026-02-25 17:59:41,837] DEBUG djongo.sql2mongo.query Find query: {'filter': {'$and': [{'app_label': {'$eq': 'admin'}}, {'model': {'$eq': 'logentry'}}]}, 'projection': ['id', 'app_label', 'model'], 'limit': 21}
[2026-02-25 17:59:41,837] DEBUG djongo.sql2mongo.query Result: (99, 'admin', 'logentry')
[2026-02-25 17:59:41,838] DEBUG djongo.sql2mongo.query sql_command: SELECT "auth_permission"."content_type_id", "auth_permission"."codename" FROM "auth_permission" INNER JOIN "django_content_type" ON ("auth_permission"."content_type_id" = "django_content_type"."id") WHERE "auth_permission"."content_type_id" IN (%(0)s) ORDER BY "django_content_type"."app_label" ASC, "django_content_type"."model" ASC, "auth_permission"."codename" ASC
params: (99,)
[2026-02-25 17:59:41,840] DEBUG djongo.sql2mongo.query Aggregation query: [{'$match': {'content_type_id': {'$ne': None, '$exists': True}}}, {'$lookup': {'from': 'django_content_type', 'localField': 'content_type_id', 'foreignField': 'id', 'as': 'django_content_type'}}, {'$unwind': '$django_content_type'}, {'$match': {'content_type_id': {'$in': [99]}}}, {'$sort': OrderedDict({'django_content_type.app_label': 1, 'django_content_type.model': 1, 'codename': 1})}, {'$project': {'content_type_id': True, 'codename': True}}]
[2026-02-25 17:59:41,840] DEBUG djongo.sql2mongo.query sql_command: INSERT INTO "auth_permission" ("name", "content_type_id", "codename") VALUES (%(0)s, %(1)s, %(2)s) VALUES (%(3)s, %(4)s, %(5)s) VALUES (%(6)s, %(7)s, %(8)s) VALUES (%(9)s, %(10)s, %(11)s)
params: ('Can add log entry', 99, 'add_logentry', 'Can change log entry', 99, 'change_logentry', 'Can delete log entry', 99, 'delete_logentry', 'Can view log entry', 99, 'view_logentry')
[2026-02-25 17:59:41,842] DEBUG djongo.sql2mongo.query inserted ids [ObjectId('699f7edd421deff2f70ed90a'), ObjectId('699f7edd421deff2f70ed90b'), ObjectId('699f7edd421deff2f70ed90c'), ObjectId('699f7edd421deff2f70ed90d')]
[2026-02-25 17:59:41,843] DEBUG djongo.sql2mongo.query sql_command: SELECT "django_content_type"."id", "django_content_type"."app_label", "django_content_type"."model" FROM "django_content_type" WHERE "django_content_type"."app_label" = %(0)s
params: ('admin',)
[2026-02-25 17:59:41,843] DEBUG djongo.sql2mongo.query Find query: {'filter': {'app_label': {'$eq': 'admin'}}, 'projection': ['id', 'app_label', 'model']}
[2026-02-25 17:59:41,843] DEBUG djongo.sql2mongo.query Result: (99, 'admin', 'logentry')
[2026-02-25 17:59:41,844] DEBUG djongo.sql2mongo.query sql_command: SELECT "django_content_type"."id", "django_content_type"."app_label", "django_content_type"."model" FROM "django_content_type" WHERE "django_content_type"."app_label" = %(0)s
params: ('auth',)
[2026-02-25 17:59:41,844] DEBUG djongo.sql2mongo.query Find query: {'filter': {'app_label': {'$eq': 'auth'}}, 'projection': ['id', 'app_label', 'model']}
[2026-02-25 17:59:41,844] DEBUG djongo.sql2mongo.query sql_command: INSERT INTO "django_content_type" ("app_label", "model") VALUES (%(0)s, %(1)s) VALUES (%(2)s, %(3)s) VALUES (%(4)s, %(5)s)
params: ('auth', 'permission', 'auth', 'group', 'auth', 'user')
[2026-02-25 17:59:41,846] DEBUG djongo.sql2mongo.query inserted ids [ObjectId('699f7edd421deff2f70ed90e'), ObjectId('699f7edd421deff2f70ed90f'), ObjectId('699f7edd421deff2f70ed910')]
[2026-02-25 17:59:41,846] DEBUG djongo.sql2mongo.query sql_command: SELECT "django_content_type"."id", "django_content_type"."app_label", "django_content_type"."model" FROM "django_content_type" WHERE ("django_content_type"."app_label" = %(0)s AND "django_content_type"."model" = %(1)s) LIMIT 21
params: ('auth', 'permission')
[2026-02-25 17:59:41,847] DEBUG djongo.sql2mongo.query Find query: {'filter': {'$and': [{'app_label': {'$eq': 'auth'}}, {'model': {'$eq': 'permission'}}]}, 'projection': ['id', 'app_label', 'model'], 'limit': 21}
[2026-02-25 17:59:41,847] DEBUG djongo.sql2mongo.query Result: (100, 'auth', 'permission')
[2026-02-25 17:59:41,848] DEBUG djongo.sql2mongo.query sql_command: SELECT "django_content_type"."id", "django_content_type"."app_label", "django_content_type"."model" FROM "django_content_type" WHERE ("django_content_type"."app_label" = %(0)s AND "django_content_type"."model" = %(1)s) LIMIT 21
params: ('auth', 'group')
[2026-02-25 17:59:41,848] DEBUG djongo.sql2mongo.query Find query: {'filter': {'$and': [{'app_label': {'$eq': 'auth'}}, {'model': {'$eq': 'group'}}]}, 'projection': ['id', 'app_label', 'model'], 'limit': 21}
[2026-02-25 17:59:41,849] DEBUG djongo.sql2mongo.query Result: (101, 'auth', 'group')
[2026-02-25 17:59:41,849] DEBUG djongo.sql2mongo.query sql_command: SELECT "django_content_type"."id", "django_content_type"."app_label", "django_content_type"."model" FROM "django_content_type" WHERE ("django_content_type"."app_label" = %(0)s AND "django_content_type"."model" = %(1)s) LIMIT 21
params: ('auth', 'user')
[2026-02-25 17:59:41,850] DEBUG djongo.sql2mongo.query Find query: {'filter': {'$and': [{'app_label': {'$eq': 'auth'}}, {'model': {'$eq': 'user'}}]}, 'projection': ['id', 'app_label', 'model'], 'limit': 21}
[2026-02-25 17:59:41,850] DEBUG djongo.sql2mongo.query Result: (102, 'auth', 'user')
[2026-02-25 17:59:41,851] DEBUG djongo.sql2mongo.query sql_command: SELECT "auth_permission"."content_type_id", "auth_permission"."codename" FROM "auth_permission" INNER JOIN "django_content_type" ON ("auth_permission"."content_type_id" = "django_content_type"."id") WHERE "auth_permission"."content_type_id" IN (%(0)s, %(1)s, %(2)s) ORDER BY "django_content_type"."app_label" ASC, "django_content_type"."model" ASC, "auth_permission"."codename" ASC
params: (100, 101, 102)
[2026-02-25 17:59:41,853] DEBUG djongo.sql2mongo.query Aggregation query: [{'$match': {'content_type_id': {'$ne': None, '$exists': True}}}, {'$lookup': {'from': 'django_content_type', 'localField': 'content_type_id', 'foreignField': 'id', 'as': 'django_content_type'}}, {'$unwind': '$django_content_type'}, {'$match': {'content_type_id': {'$in': [100, 101, 102]}}}, {'$sort': OrderedDict({'django_content_type.app_label': 1, 'django_content_type.model': 1, 'codename': 1})}, {'$project': {'content_type_id': True, 'codename': True}}]
[2026-02-25 17:59:41,853] DEBUG djongo.sql2mongo.query sql_command: INSERT INTO "auth_permission" ("name", "content_type_id", "codename") VALUES (%(0)s, %(1)s, %(2)s) VALUES (%(3)s, %(4)s, %(5)s) VALUES (%(6)s, %(7)s, %(8)s) VALUES (%(9)s, %(10)s, %(11)s) VALUES (%(12)s, %(13)s, %(14)s) VALUES (%(15)s, %(16)s, %(17)s) VALUES (%(18)s, %(19)s, %(20)s) VALUES (%(21)s, %(22)s, %(23)s) VALUES (%(24)s, %(25)s, %(26)s) VALUES (%(27)s, %(28)s, %(29)s) VALUES (%(30)s, %(31)s, %(32)s) VALUES (%(33)s, %(34)s, %(35)s)
params: ('Can add permission', 100, 'add_permission', 'Can change permission', 100, 'change_permission', 'Can delete permission', 100, 'delete_permission', 'Can view permission', 100, 'view_permission', 'Can add group', 101, 'add_group', 'Can change group', 101, 'change_group', 'Can delete group', 101, 'delete_group', 'Can view group', 101, 'view_group', 'Can add user', 102, 'add_user', 'Can change user', 102, 'change_user', 'Can delete user', 102, 'delete_user', 'Can view user', 102, 'view_user')
[2026-02-25 17:59:41,857] DEBUG djongo.sql2mongo.query inserted ids [ObjectId('699f7edd421deff2f70ed911'), ObjectId('699f7edd421deff2f70ed912'), ObjectId('699f7edd421deff2f70ed913'), ObjectId('699f7edd421deff2f70ed914'), ObjectId('699f7edd421deff2f70ed915'), ObjectId('699f7edd421deff2f70ed916'), ObjectId('699f7edd421deff2f70ed917'), ObjectId('699f7edd421deff2f70ed918'), ObjectId('699f7edd421deff2f70ed919'), ObjectId('699f7edd421deff2f70ed91a'), ObjectId('699f7edd421deff2f70ed91b'), ObjectId('699f7edd421deff2f70ed91c')]
[2026-02-25 17:59:41,857] DEBUG djongo.sql2mongo.query sql_command: SELECT "django_content_type"."id", "django_content_type"."app_label", "django_content_type"."model" FROM "django_content_type" WHERE "django_content_type"."app_label" = %(0)s
params: ('auth',)
[2026-02-25 17:59:41,858] DEBUG djongo.sql2mongo.query Find query: {'filter': {'app_label': {'$eq': 'auth'}}, 'projection': ['id', 'app_label', 'model']}
[2026-02-25 17:59:41,858] DEBUG djongo.sql2mongo.query Result: (101, 'auth', 'group')
[2026-02-25 17:59:41,858] DEBUG djongo.sql2mongo.query Result: (100, 'auth', 'permission')
[2026-02-25 17:59:41,858] DEBUG djongo.sql2mongo.query Result: (102, 'auth', 'user')
[2026-02-25 17:59:41,859] DEBUG djongo.sql2mongo.query sql_command: SELECT "django_content_type"."id", "django_content_type"."app_label", "django_content_type"."model" FROM "django_content_type" WHERE "django_content_type"."app_label" = %(0)s
params: ('contenttypes',)
[2026-02-25 17:59:41,859] DEBUG djongo.sql2mongo.query Find query: {'filter': {'app_label': {'$eq': 'contenttypes'}}, 'projection': ['id', 'app_label', 'model']}
[2026-02-25 17:59:41,860] DEBUG djongo.sql2mongo.query sql_command: INSERT INTO "django_content_type" ("app_label", "model") VALUES (%(0)s, %(1)s)
params: ('contenttypes', 'contenttype')
[2026-02-25 17:59:41,862] DEBUG djongo.sql2mongo.query inserted ids [ObjectId('699f7edd421deff2f70ed91d')]
[2026-02-25 17:59:41,862] DEBUG djongo.sql2mongo.query sql_command: SELECT "django_content_type"."id", "django_content_type"."app_label", "django_content_type"."model" FROM "django_content_type" WHERE ("django_content_type"."app_label" = %(0)s AND "django_content_type"."model" = %(1)s) LIMIT 21
params: ('contenttypes', 'contenttype')
[2026-02-25 17:59:41,863] DEBUG djongo.sql2mongo.query Find query: {'filter': {'$and': [{'app_label': {'$eq': 'contenttypes'}}, {'model': {'$eq': 'contenttype'}}]}, 'projection': ['id', 'app_label', 'model'], 'limit': 21}
[2026-02-25 17:59:41,864] DEBUG djongo.sql2mongo.query Result: (103, 'contenttypes', 'contenttype')
[2026-02-25 17:59:41,864] DEBUG djongo.sql2mongo.query sql_command: SELECT "auth_permission"."content_type_id", "auth_permission"."codename" FROM "auth_permission" INNER JOIN "django_content_type" ON ("auth_permission"."content_type_id" = "django_content_type"."id") WHERE "auth_permission"."content_type_id" IN (%(0)s) ORDER BY "django_content_type"."app_label" ASC, "django_content_type"."model" ASC, "auth_permission"."codename" ASC
params: (103,)
[2026-02-25 17:59:41,871] DEBUG djongo.sql2mongo.query Aggregation query: [{'$match': {'content_type_id': {'$ne': None, '$exists': True}}}, {'$lookup': {'from': 'django_content_type', 'localField': 'content_type_id', 'foreignField': 'id', 'as': 'django_content_type'}}, {'$unwind': '$django_content_type'}, {'$match': {'content_type_id': {'$in': [103]}}}, {'$sort': OrderedDict({'django_content_type.app_label': 1, 'django_content_type.model': 1, 'codename': 1})}, {'$project': {'content_type_id': True, 'codename': True}}]
[2026-02-25 17:59:41,871] DEBUG djongo.sql2mongo.query sql_command: INSERT INTO "auth_permission" ("name", "content_type_id", "codename") VALUES (%(0)s, %(1)s, %(2)s) VALUES (%(3)s, %(4)s, %(5)s) VALUES (%(6)s, %(7)s, %(8)s) VALUES (%(9)s, %(10)s, %(11)s)
params: ('Can add content type', 103, 'add_contenttype', 'Can change content type', 103, 'change_contenttype', 'Can delete content type', 103, 'delete_contenttype', 'Can view content type', 103, 'view_contenttype')
[2026-02-25 17:59:41,874] DEBUG djongo.sql2mongo.query inserted ids [ObjectId('699f7edd421deff2f70ed91e'), ObjectId('699f7edd421deff2f70ed91f'), ObjectId('699f7edd421deff2f70ed920'), ObjectId('699f7edd421deff2f70ed921')]
[2026-02-25 17:59:41,874] DEBUG djongo.sql2mongo.query sql_command: SELECT "django_content_type"."id", "django_content_type"."app_label", "django_content_type"."model" FROM "django_content_type" WHERE "django_content_type"."app_label" = %(0)s
params: ('contenttypes',)
[2026-02-25 17:59:41,875] DEBUG djongo.sql2mongo.query Find query: {'filter': {'app_label': {'$eq': 'contenttypes'}}, 'projection': ['id', 'app_label', 'model']}
[2026-02-25 17:59:41,875] DEBUG djongo.sql2mongo.query Result: (103, 'contenttypes', 'contenttype')
[2026-02-25 17:59:41,876] DEBUG djongo.sql2mongo.query sql_command: SELECT "django_content_type"."id", "django_content_type"."app_label", "django_content_type"."model" FROM "django_content_type" WHERE "django_content_type"."app_label" = %(0)s
params: ('sessions',)
[2026-02-25 17:59:41,876] DEBUG djongo.sql2mongo.query Find query: {'filter': {'app_label': {'$eq': 'sessions'}}, 'projection': ['id', 'app_label', 'model']}
[2026-02-25 17:59:41,877] DEBUG djongo.sql2mongo.query sql_command: INSERT INTO "django_content_type" ("app_label", "model") VALUES (%(0)s, %(1)s)
params: ('sessions', 'session')
[2026-02-25 17:59:41,878] DEBUG djongo.sql2mongo.query inserted ids [ObjectId('699f7edd421deff2f70ed922')]
[2026-02-25 17:59:41,879] DEBUG djongo.sql2mongo.query sql_command: SELECT "django_content_type"."id", "django_content_type"."app_label", "django_content_type"."model" FROM "django_content_type" WHERE ("django_content_type"."app_label" = %(0)s AND "django_content_type"."model" = %(1)s) LIMIT 21
params: ('sessions', 'session')
[2026-02-25 17:59:41,880] DEBUG djongo.sql2mongo.query Find query: {'filter': {'$and': [{'app_label': {'$eq': 'sessions'}}, {'model': {'$eq': 'session'}}]}, 'projection': ['id', 'app_label', 'model'], 'limit': 21}
[2026-02-25 17:59:41,880] DEBUG djongo.sql2mongo.query Result: (104, 'sessions', 'session')
[2026-02-25 17:59:41,880] DEBUG djongo.sql2mongo.query sql_command: SELECT "auth_permission"."content_type_id", "auth_permission"."codename" FROM "auth_permission" INNER JOIN "django_content_type" ON ("auth_permission"."content_type_id" = "django_content_type"."id") WHERE "auth_permission"."content_type_id" IN (%(0)s) ORDER BY "django_content_type"."app_label" ASC, "django_content_type"."model" ASC, "auth_permission"."codename" ASC
params: (104,)
[2026-02-25 17:59:41,883] DEBUG djongo.sql2mongo.query Aggregation query: [{'$match': {'content_type_id': {'$ne': None, '$exists': True}}}, {'$lookup': {'from': 'django_content_type', 'localField': 'content_type_id', 'foreignField': 'id', 'as': 'django_content_type'}}, {'$unwind': '$django_content_type'}, {'$match': {'content_type_id': {'$in': [104]}}}, {'$sort': OrderedDict({'django_content_type.app_label': 1, 'django_content_type.model': 1, 'codename': 1})}, {'$project': {'content_type_id': True, 'codename': True}}]
[2026-02-25 17:59:41,883] DEBUG djongo.sql2mongo.query sql_command: INSERT INTO "auth_permission" ("name", "content_type_id", "codename") VALUES (%(0)s, %(1)s, %(2)s) VALUES (%(3)s, %(4)s, %(5)s) VALUES (%(6)s, %(7)s, %(8)s) VALUES (%(9)s, %(10)s, %(11)s)
params: ('Can add session', 104, 'add_session', 'Can change session', 104, 'change_session', 'Can delete session', 104, 'delete_session', 'Can view session', 104, 'view_session')
[2026-02-25 17:59:41,885] DEBUG djongo.sql2mongo.query inserted ids [ObjectId('699f7edd421deff2f70ed923'), ObjectId('699f7edd421deff2f70ed924'), ObjectId('699f7edd421deff2f70ed925'), ObjectId('699f7edd421deff2f70ed926')]
[2026-02-25 17:59:41,885] DEBUG djongo.sql2mongo.query sql_command: SELECT "django_content_type"."id", "django_content_type"."app_label", "django_content_type"."model" FROM "django_content_type" WHERE "django_content_type"."app_label" = %(0)s
params: ('sessions',)
[2026-02-25 17:59:41,886] DEBUG djongo.sql2mongo.query Find query: {'filter': {'app_label': {'$eq': 'sessions'}}, 'projection': ['id', 'app_label', 'model']}
[2026-02-25 17:59:41,887] DEBUG djongo.sql2mongo.query Result: (104, 'sessions', 'session')
[2026-02-25 17:59:41,887] DEBUG djongo.sql2mongo.query sql_command: SELECT "django_content_type"."id", "django_content_type"."app_label", "django_content_type"."model" FROM "django_content_type" WHERE "django_content_type"."app_label" = %(0)s
params: ('webhooks',)
[2026-02-25 17:59:41,887] DEBUG djongo.sql2mongo.query Find query: {'filter': {'app_label': {'$eq': 'webhooks'}}, 'projection': ['id', 'app_label', 'model']}
[2026-02-25 17:59:41,888] DEBUG djongo.sql2mongo.query sql_command: INSERT INTO "django_content_type" ("app_label", "model") VALUES (%(0)s, %(1)s)
params: ('webhooks', 'webhookevent')
[2026-02-25 17:59:41,889] DEBUG djongo.sql2mongo.query inserted ids [ObjectId('699f7edd421deff2f70ed927')]
[2026-02-25 17:59:41,890] DEBUG djongo.sql2mongo.query sql_command: SELECT "django_content_type"."id", "django_content_type"."app_label", "django_content_type"."model" FROM "django_content_type" WHERE ("django_content_type"."app_label" = %(0)s AND "django_content_type"."model" = %(1)s) LIMIT 21
params: ('webhooks', 'webhookevent')
[2026-02-25 17:59:41,890] DEBUG djongo.sql2mongo.query Find query: {'filter': {'$and': [{'app_label': {'$eq': 'webhooks'}}, {'model': {'$eq': 'webhookevent'}}]}, 'projection': ['id', 'app_label', 'model'], 'limit': 21}
[2026-02-25 17:59:41,891] DEBUG djongo.sql2mongo.query Result: (105, 'webhooks', 'webhookevent')
[2026-02-25 17:59:41,891] DEBUG djongo.sql2mongo.query sql_command: SELECT "auth_permission"."content_type_id", "auth_permission"."codename" FROM "auth_permission" INNER JOIN "django_content_type" ON ("auth_permission"."content_type_id" = "django_content_type"."id") WHERE "auth_permission"."content_type_id" IN (%(0)s) ORDER BY "django_content_type"."app_label" ASC, "django_content_type"."model" ASC, "auth_permission"."codename" ASC
params: (105,)
[2026-02-25 17:59:41,894] DEBUG djongo.sql2mongo.query Aggregation query: [{'$match': {'content_type_id': {'$ne': None, '$exists': True}}}, {'$lookup': {'from': 'django_content_type', 'localField': 'content_type_id', 'foreignField': 'id', 'as': 'django_content_type'}}, {'$unwind': '$django_content_type'}, {'$match': {'content_type_id': {'$in': [105]}}}, {'$sort': OrderedDict({'django_content_type.app_label': 1, 'django_content_type.model': 1, 'codename': 1})}, {'$project': {'content_type_id': True, 'codename': True}}]
[2026-02-25 17:59:41,894] DEBUG djongo.sql2mongo.query sql_command: INSERT INTO "auth_permission" ("name", "content_type_id", "codename") VALUES (%(0)s, %(1)s, %(2)s) VALUES (%(3)s, %(4)s, %(5)s) VALUES (%(6)s, %(7)s, %(8)s) VALUES (%(9)s, %(10)s, %(11)s)
params: ('Can add Webhook Event', 105, 'add_webhookevent', 'Can change Webhook Event', 105, 'change_webhookevent', 'Can delete Webhook Event', 105, 'delete_webhookevent', 'Can view Webhook Event', 105, 'view_webhookevent')
[2026-02-25 17:59:41,896] DEBUG djongo.sql2mongo.query inserted ids [ObjectId('699f7edd421deff2f70ed928'), ObjectId('699f7edd421deff2f70ed929'), ObjectId('699f7edd421deff2f70ed92a'), ObjectId('699f7edd421deff2f70ed92b')]
[2026-02-25 17:59:41,896] DEBUG djongo.sql2mongo.query sql_command: SELECT "django_content_type"."id", "django_content_type"."app_label", "django_content_type"."model" FROM "django_content_type" WHERE "django_content_type"."app_label" = %(0)s
params: ('webhooks',)
[2026-02-25 17:59:41,897] DEBUG djongo.sql2mongo.query Find query: {'filter': {'app_label': {'$eq': 'webhooks'}}, 'projection': ['id', 'app_label', 'model']}
[2026-02-25 17:59:41,898] DEBUG djongo.sql2mongo.query Result: (105, 'webhooks', 'webhookevent')
[2026-02-25 17:59:41,898] DEBUG djongo.sql2mongo.query sql_command: SELECT "django_content_type"."id", "django_content_type"."app_label", "django_content_type"."model" FROM "django_content_type" WHERE "django_content_type"."app_label" = %(0)s
params: ('broker_connector',)
[2026-02-25 17:59:41,899] DEBUG djongo.sql2mongo.query Find query: {'filter': {'app_label': {'$eq': 'broker_connector'}}, 'projection': ['id', 'app_label', 'model']}
[2026-02-25 17:59:41,899] DEBUG djongo.sql2mongo.query sql_command: INSERT INTO "django_content_type" ("app_label", "model") VALUES (%(0)s, %(1)s)
params: ('broker_connector', 'brokeraccount')
[2026-02-25 17:59:41,902] DEBUG djongo.sql2mongo.query inserted ids [ObjectId('699f7edd421deff2f70ed92c')]
[2026-02-25 17:59:41,902] DEBUG djongo.sql2mongo.query sql_command: SELECT "django_content_type"."id", "django_content_type"."app_label", "django_content_type"."model" FROM "django_content_type" WHERE ("django_content_type"."app_label" = %(0)s AND "django_content_type"."model" = %(1)s) LIMIT 21
params: ('broker_connector', 'brokeraccount')
[2026-02-25 17:59:41,903] DEBUG djongo.sql2mongo.query Find query: {'filter': {'$and': [{'app_label': {'$eq': 'broker_connector'}}, {'model': {'$eq': 'brokeraccount'}}]}, 'projection': ['id', 'app_label', 'model'], 'limit': 21}
[2026-02-25 17:59:41,904] DEBUG djongo.sql2mongo.query Result: (106, 'broker_connector', 'brokeraccount')
[2026-02-25 17:59:41,904] DEBUG djongo.sql2mongo.query sql_command: SELECT "auth_permission"."content_type_id", "auth_permission"."codename" FROM "auth_permission" INNER JOIN "django_content_type" ON ("auth_permission"."content_type_id" = "django_content_type"."id") WHERE "auth_permission"."content_type_id" IN (%(0)s) ORDER BY "django_content_type"."app_label" ASC, "django_content_type"."model" ASC, "auth_permission"."codename" ASC
params: (106,)
[2026-02-25 17:59:41,907] DEBUG djongo.sql2mongo.query Aggregation query: [{'$match': {'content_type_id': {'$ne': None, '$exists': True}}}, {'$lookup': {'from': 'django_content_type', 'localField': 'content_type_id', 'foreignField': 'id', 'as': 'django_content_type'}}, {'$unwind': '$django_content_type'}, {'$match': {'content_type_id': {'$in': [106]}}}, {'$sort': OrderedDict({'django_content_type.app_label': 1, 'django_content_type.model': 1, 'codename': 1})}, {'$project': {'content_type_id': True, 'codename': True}}]
[2026-02-25 17:59:41,907] DEBUG djongo.sql2mongo.query sql_command: INSERT INTO "auth_permission" ("name", "content_type_id", "codename") VALUES (%(0)s, %(1)s, %(2)s) VALUES (%(3)s, %(4)s, %(5)s) VALUES (%(6)s, %(7)s, %(8)s) VALUES (%(9)s, %(10)s, %(11)s)
params: ('Can add Broker Account', 106, 'add_brokeraccount', 'Can change Broker Account', 106, 'change_brokeraccount', 'Can delete Broker Account', 106, 'delete_brokeraccount', 'Can view Broker Account', 106, 'view_brokeraccount')
[2026-02-25 17:59:41,909] DEBUG djongo.sql2mongo.query inserted ids [ObjectId('699f7edd421deff2f70ed92d'), ObjectId('699f7edd421deff2f70ed92e'), ObjectId('699f7edd421deff2f70ed92f'), ObjectId('699f7edd421deff2f70ed930')]
[2026-02-25 17:59:41,909] DEBUG djongo.sql2mongo.query sql_command: SELECT "django_content_type"."id", "django_content_type"."app_label", "django_content_type"."model" FROM "django_content_type" WHERE "django_content_type"."app_label" = %(0)s
params: ('broker_connector',)
[2026-02-25 17:59:41,909] DEBUG djongo.sql2mongo.query Find query: {'filter': {'app_label': {'$eq': 'broker_connector'}}, 'projection': ['id', 'app_label', 'model']}
[2026-02-25 17:59:41,910] DEBUG djongo.sql2mongo.query Result: (106, 'broker_connector', 'brokeraccount')
[2026-02-25 17:59:41,910] DEBUG djongo.sql2mongo.query sql_command: SELECT "django_content_type"."id", "django_content_type"."app_label", "django_content_type"."model" FROM "django_content_type" WHERE "django_content_type"."app_label" = %(0)s
params: ('execution_engine',)
[2026-02-25 17:59:41,911] DEBUG djongo.sql2mongo.query Find query: {'filter': {'app_label': {'$eq': 'execution_engine'}}, 'projection': ['id', 'app_label', 'model']}
[2026-02-25 17:59:41,911] DEBUG djongo.sql2mongo.query sql_command: INSERT INTO "django_content_type" ("app_label", "model") VALUES (%(0)s, %(1)s)
params: ('execution_engine', 'trade')
[2026-02-25 17:59:41,913] DEBUG djongo.sql2mongo.query inserted ids [ObjectId('699f7edd421deff2f70ed931')]
[2026-02-25 17:59:41,913] DEBUG djongo.sql2mongo.query sql_command: SELECT "django_content_type"."id", "django_content_type"."app_label", "django_content_type"."model" FROM "django_content_type" WHERE ("django_content_type"."app_label" = %(0)s AND "django_content_type"."model" = %(1)s) LIMIT 21
params: ('execution_engine', 'trade')
[2026-02-25 17:59:41,914] DEBUG djongo.sql2mongo.query Find query: {'filter': {'$and': [{'app_label': {'$eq': 'execution_engine'}}, {'model': {'$eq': 'trade'}}]}, 'projection': ['id', 'app_label', 'model'], 'limit': 21}
[2026-02-25 17:59:41,914] DEBUG djongo.sql2mongo.query Result: (107, 'execution_engine', 'trade')
[2026-02-25 17:59:41,914] DEBUG djongo.sql2mongo.query sql_command: SELECT "auth_permission"."content_type_id", "auth_permission"."codename" FROM "auth_permission" INNER JOIN "django_content_type" ON ("auth_permission"."content_type_id" = "django_content_type"."id") WHERE "auth_permission"."content_type_id" IN (%(0)s) ORDER BY "django_content_type"."app_label" ASC, "django_content_type"."model" ASC, "auth_permission"."codename" ASC
params: (107,)
[2026-02-25 17:59:41,916] DEBUG djongo.sql2mongo.query Aggregation query: [{'$match': {'content_type_id': {'$ne': None, '$exists': True}}}, {'$lookup': {'from': 'django_content_type', 'localField': 'content_type_id', 'foreignField': 'id', 'as': 'django_content_type'}}, {'$unwind': '$django_content_type'}, {'$match': {'content_type_id': {'$in': [107]}}}, {'$sort': OrderedDict({'django_content_type.app_label': 1, 'django_content_type.model': 1, 'codename': 1})}, {'$project': {'content_type_id': True, 'codename': True}}]
[2026-02-25 17:59:41,916] DEBUG djongo.sql2mongo.query sql_command: INSERT INTO "auth_permission" ("name", "content_type_id", "codename") VALUES (%(0)s, %(1)s, %(2)s) VALUES (%(3)s, %(4)s, %(5)s) VALUES (%(6)s, %(7)s, %(8)s) VALUES (%(9)s, %(10)s, %(11)s)
params: ('Can add Trade', 107, 'add_trade', 'Can change Trade', 107, 'change_trade', 'Can delete Trade', 107, 'delete_trade', 'Can view Trade', 107, 'view_trade')
[2026-02-25 17:59:41,918] DEBUG djongo.sql2mongo.query inserted ids [ObjectId('699f7edd421deff2f70ed932'), ObjectId('699f7edd421deff2f70ed933'), ObjectId('699f7edd421deff2f70ed934'), ObjectId('699f7edd421deff2f70ed935')]
[2026-02-25 17:59:41,918] DEBUG djongo.sql2mongo.query sql_command: SELECT "django_content_type"."id", "django_content_type"."app_label", "django_content_type"."model" FROM "django_content_type" WHERE "django_content_type"."app_label" = %(0)s
params: ('execution_engine',)
[2026-02-25 17:59:41,919] DEBUG djongo.sql2mongo.query Find query: {'filter': {'app_label': {'$eq': 'execution_engine'}}, 'projection': ['id', 'app_label', 'model']}
[2026-02-25 17:59:41,919] DEBUG djongo.sql2mongo.query Result: (107, 'execution_engine', 'trade')
[2026-02-25 17:59:41,920] DEBUG djongo.sql2mongo.query sql_command: SELECT "django_content_type"."id", "django_content_type"."app_label", "django_content_type"."model" FROM "django_content_type" WHERE "django_content_type"."app_label" = %(0)s
params: ('risk_management',)
[2026-02-25 17:59:41,920] DEBUG djongo.sql2mongo.query Find query: {'filter': {'app_label': {'$eq': 'risk_management'}}, 'projection': ['id', 'app_label', 'model']}
[2026-02-25 17:59:41,920] DEBUG djongo.sql2mongo.query sql_command: INSERT INTO "django_content_type" ("app_label", "model") VALUES (%(0)s, %(1)s) VALUES (%(2)s, %(3)s)
params: ('risk_management', 'riskconfig', 'risk_management', 'propfirmaccount')
[2026-02-25 17:59:41,923] DEBUG djongo.sql2mongo.query inserted ids [ObjectId('699f7edd421deff2f70ed936'), ObjectId('699f7edd421deff2f70ed937')]
[2026-02-25 17:59:41,923] DEBUG djongo.sql2mongo.query sql_command: SELECT "django_content_type"."id", "django_content_type"."app_label", "django_content_type"."model" FROM "django_content_type" WHERE ("django_content_type"."app_label" = %(0)s AND "django_content_type"."model" = %(1)s) LIMIT 21
params: ('risk_management', 'riskconfig')
[2026-02-25 17:59:41,924] DEBUG djongo.sql2mongo.query Find query: {'filter': {'$and': [{'app_label': {'$eq': 'risk_management'}}, {'model': {'$eq': 'riskconfig'}}]}, 'projection': ['id', 'app_label', 'model'], 'limit': 21}
[2026-02-25 17:59:41,924] DEBUG djongo.sql2mongo.query Result: (108, 'risk_management', 'riskconfig')
[2026-02-25 17:59:41,924] DEBUG djongo.sql2mongo.query sql_command: SELECT "django_content_type"."id", "django_content_type"."app_label", "django_content_type"."model" FROM "django_content_type" WHERE ("django_content_type"."app_label" = %(0)s AND "django_content_type"."model" = %(1)s) LIMIT 21
params: ('risk_management', 'propfirmaccount')
[2026-02-25 17:59:41,925] DEBUG djongo.sql2mongo.query Find query: {'filter': {'$and': [{'app_label': {'$eq': 'risk_management'}}, {'model': {'$eq': 'propfirmaccount'}}]}, 'projection': ['id', 'app_label', 'model'], 'limit': 21}
[2026-02-25 17:59:41,926] DEBUG djongo.sql2mongo.query Result: (109, 'risk_management', 'propfirmaccount')
[2026-02-25 17:59:41,926] DEBUG djongo.sql2mongo.query sql_command: SELECT "auth_permission"."content_type_id", "auth_permission"."codename" FROM "auth_permission" INNER JOIN "django_content_type" ON ("auth_permission"."content_type_id" = "django_content_type"."id") WHERE "auth_permission"."content_type_id" IN (%(0)s, %(1)s) ORDER BY "django_content_type"."app_label" ASC, "django_content_type"."model" ASC, "auth_permission"."codename" ASC
params: (108, 109)
[2026-02-25 17:59:41,928] DEBUG djongo.sql2mongo.query Aggregation query: [{'$match': {'content_type_id': {'$ne': None, '$exists': True}}}, {'$lookup': {'from': 'django_content_type', 'localField': 'content_type_id', 'foreignField': 'id', 'as': 'django_content_type'}}, {'$unwind': '$django_content_type'}, {'$match': {'content_type_id': {'$in': [108, 109]}}}, {'$sort': OrderedDict({'django_content_type.app_label': 1, 'django_content_type.model': 1, 'codename': 1})}, {'$project': {'content_type_id': True, 'codename': True}}]
[2026-02-25 17:59:41,928] DEBUG djongo.sql2mongo.query sql_command: INSERT INTO "auth_permission" ("name", "content_type_id", "codename") VALUES (%(0)s, %(1)s, %(2)s) VALUES (%(3)s, %(4)s, %(5)s) VALUES (%(6)s, %(7)s, %(8)s) VALUES (%(9)s, %(10)s, %(11)s) VALUES (%(12)s, %(13)s, %(14)s) VALUES (%(15)s, %(16)s, %(17)s) VALUES (%(18)s, %(19)s, %(20)s) VALUES (%(21)s, %(22)s, %(23)s)
params: ('Can add Risk Configuration', 108, 'add_riskconfig', 'Can change Risk Configuration', 108, 'change_riskconfig', 'Can delete Risk Configuration', 108, 'delete_riskconfig', 'Can view Risk Configuration', 108, 'view_riskconfig', 'Can add Prop Firm Account', 109, 'add_propfirmaccount', 'Can change Prop Firm Account', 109, 'change_propfirmaccount', 'Can delete Prop Firm Account', 109, 'delete_propfirmaccount', 'Can view Prop Firm Account', 109, 'view_propfirmaccount')
[2026-02-25 17:59:41,931] DEBUG djongo.sql2mongo.query inserted ids [ObjectId('699f7edd421deff2f70ed938'), ObjectId('699f7edd421deff2f70ed939'), ObjectId('699f7edd421deff2f70ed93a'), ObjectId('699f7edd421deff2f70ed93b'), ObjectId('699f7edd421deff2f70ed93c'), ObjectId('699f7edd421deff2f70ed93d'), ObjectId('699f7edd421deff2f70ed93e'), ObjectId('699f7edd421deff2f70ed93f')]
[2026-02-25 17:59:41,931] DEBUG djongo.sql2mongo.query sql_command: SELECT "django_content_type"."id", "django_content_type"."app_label", "django_content_type"."model" FROM "django_content_type" WHERE "django_content_type"."app_label" = %(0)s
params: ('risk_management',)
[2026-02-25 17:59:41,931] DEBUG djongo.sql2mongo.query Find query: {'filter': {'app_label': {'$eq': 'risk_management'}}, 'projection': ['id', 'app_label', 'model']}
[2026-02-25 17:59:41,932] DEBUG djongo.sql2mongo.query Result: (109, 'risk_management', 'propfirmaccount')
[2026-02-25 17:59:41,932] DEBUG djongo.sql2mongo.query Result: (108, 'risk_management', 'riskconfig')
[2026-02-25 17:59:41,932] DEBUG djongo.sql2mongo.query sql_command: SELECT "django_content_type"."id", "django_content_type"."app_label", "django_content_type"."model" FROM "django_content_type" WHERE "django_content_type"."app_label" = %(0)s
params: ('market_data',)
[2026-02-25 17:59:41,933] DEBUG djongo.sql2mongo.query Find query: {'filter': {'app_label': {'$eq': 'market_data'}}, 'projection': ['id', 'app_label', 'model']}
[2026-02-25 17:59:41,934] DEBUG djongo.sql2mongo.query sql_command: INSERT INTO "django_content_type" ("app_label", "model") VALUES (%(0)s, %(1)s)
params: ('market_data', 'ohlcvbar')
[2026-02-25 17:59:41,936] DEBUG djongo.sql2mongo.query inserted ids [ObjectId('699f7edd421deff2f70ed940')]
[2026-02-25 17:59:41,936] DEBUG djongo.sql2mongo.query sql_command: SELECT "django_content_type"."id", "django_content_type"."app_label", "django_content_type"."model" FROM "django_content_type" WHERE ("django_content_type"."app_label" = %(0)s AND "django_content_type"."model" = %(1)s) LIMIT 21
params: ('market_data', 'ohlcvbar')
[2026-02-25 17:59:41,936] DEBUG djongo.sql2mongo.query Find query: {'filter': {'$and': [{'app_label': {'$eq': 'market_data'}}, {'model': {'$eq': 'ohlcvbar'}}]}, 'projection': ['id', 'app_label', 'model'], 'limit': 21}
[2026-02-25 17:59:41,937] DEBUG djongo.sql2mongo.query Result: (110, 'market_data', 'ohlcvbar')
[2026-02-25 17:59:41,937] DEBUG djongo.sql2mongo.query sql_command: SELECT "auth_permission"."content_type_id", "auth_permission"."codename" FROM "auth_permission" INNER JOIN "django_content_type" ON ("auth_permission"."content_type_id" = "django_content_type"."id") WHERE "auth_permission"."content_type_id" IN (%(0)s) ORDER BY "django_content_type"."app_label" ASC, "django_content_type"."model" ASC, "auth_permission"."codename" ASC
params: (110,)
[2026-02-25 17:59:41,940] DEBUG djongo.sql2mongo.query Aggregation query: [{'$match': {'content_type_id': {'$ne': None, '$exists': True}}}, {'$lookup': {'from': 'django_content_type', 'localField': 'content_type_id', 'foreignField': 'id', 'as': 'django_content_type'}}, {'$unwind': '$django_content_type'}, {'$match': {'content_type_id': {'$in': [110]}}}, {'$sort': OrderedDict({'django_content_type.app_label': 1, 'django_content_type.model': 1, 'codename': 1})}, {'$project': {'content_type_id': True, 'codename': True}}]
[2026-02-25 17:59:41,940] DEBUG djongo.sql2mongo.query sql_command: INSERT INTO "auth_permission" ("name", "content_type_id", "codename") VALUES (%(0)s, %(1)s, %(2)s) VALUES (%(3)s, %(4)s, %(5)s) VALUES (%(6)s, %(7)s, %(8)s) VALUES (%(9)s, %(10)s, %(11)s)
params: ('Can add OHLCV Bar', 110, 'add_ohlcvbar', 'Can change OHLCV Bar', 110, 'change_ohlcvbar', 'Can delete OHLCV Bar', 110, 'delete_ohlcvbar', 'Can view OHLCV Bar', 110, 'view_ohlcvbar')
[2026-02-25 17:59:41,942] DEBUG djongo.sql2mongo.query inserted ids [ObjectId('699f7edd421deff2f70ed941'), ObjectId('699f7edd421deff2f70ed942'), ObjectId('699f7edd421deff2f70ed943'), ObjectId('699f7edd421deff2f70ed944')]
[2026-02-25 17:59:41,942] DEBUG djongo.sql2mongo.query sql_command: SELECT "django_content_type"."id", "django_content_type"."app_label", "django_content_type"."model" FROM "django_content_type" WHERE "django_content_type"."app_label" = %(0)s
params: ('market_data',)
[2026-02-25 17:59:41,942] DEBUG djongo.sql2mongo.query Find query: {'filter': {'app_label': {'$eq': 'market_data'}}, 'projection': ['id', 'app_label', 'model']}
[2026-02-25 17:59:41,943] DEBUG djongo.sql2mongo.query Result: (110, 'market_data', 'ohlcvbar')
[2026-02-25 17:59:41,943] DEBUG djongo.sql2mongo.query sql_command: SELECT "django_content_type"."id", "django_content_type"."app_label", "django_content_type"."model" FROM "django_content_type" WHERE "django_content_type"."app_label" = %(0)s
params: ('dashboard',)
[2026-02-25 17:59:41,943] DEBUG djongo.sql2mongo.query Find query: {'filter': {'app_label': {'$eq': 'dashboard'}}, 'projection': ['id', 'app_label', 'model']}
[2026-02-25 17:59:41,944] DEBUG djongo.sql2mongo.query sql_command: INSERT INTO "django_content_type" ("app_label", "model") VALUES (%(0)s, %(1)s) VALUES (%(2)s, %(3)s)
params: ('dashboard', 'strategy', 'dashboard', 'aimodel')
[2026-02-25 17:59:41,946] DEBUG djongo.sql2mongo.query inserted ids [ObjectId('699f7edd421deff2f70ed945'), ObjectId('699f7edd421deff2f70ed946')]
[2026-02-25 17:59:41,946] DEBUG djongo.sql2mongo.query sql_command: SELECT "django_content_type"."id", "django_content_type"."app_label", "django_content_type"."model" FROM "django_content_type" WHERE ("django_content_type"."app_label" = %(0)s AND "django_content_type"."model" = %(1)s) LIMIT 21
params: ('dashboard', 'strategy')
[2026-02-25 17:59:41,946] DEBUG djongo.sql2mongo.query Find query: {'filter': {'$and': [{'app_label': {'$eq': 'dashboard'}}, {'model': {'$eq': 'strategy'}}]}, 'projection': ['id', 'app_label', 'model'], 'limit': 21}
[2026-02-25 17:59:41,947] DEBUG djongo.sql2mongo.query Result: (111, 'dashboard', 'strategy')
[2026-02-25 17:59:41,947] DEBUG djongo.sql2mongo.query sql_command: SELECT "django_content_type"."id", "django_content_type"."app_label", "django_content_type"."model" FROM "django_content_type" WHERE ("django_content_type"."app_label" = %(0)s AND "django_content_type"."model" = %(1)s) LIMIT 21
params: ('dashboard', 'aimodel')
[2026-02-25 17:59:41,948] DEBUG djongo.sql2mongo.query Find query: {'filter': {'$and': [{'app_label': {'$eq': 'dashboard'}}, {'model': {'$eq': 'aimodel'}}]}, 'projection': ['id', 'app_label', 'model'], 'limit': 21}
[2026-02-25 17:59:41,949] DEBUG djongo.sql2mongo.query Result: (112, 'dashboard', 'aimodel')
[2026-02-25 17:59:41,949] DEBUG djongo.sql2mongo.query sql_command: SELECT "auth_permission"."content_type_id", "auth_permission"."codename" FROM "auth_permission" INNER JOIN "django_content_type" ON ("auth_permission"."content_type_id" = "django_content_type"."id") WHERE "auth_permission"."content_type_id" IN (%(0)s, %(1)s) ORDER BY "django_content_type"."app_label" ASC, "django_content_type"."model" ASC, "auth_permission"."codename" ASC
params: (112, 111)
[2026-02-25 17:59:41,951] DEBUG djongo.sql2mongo.query Aggregation query: [{'$match': {'content_type_id': {'$ne': None, '$exists': True}}}, {'$lookup': {'from': 'django_content_type', 'localField': 'content_type_id', 'foreignField': 'id', 'as': 'django_content_type'}}, {'$unwind': '$django_content_type'}, {'$match': {'content_type_id': {'$in': [112, 111]}}}, {'$sort': OrderedDict({'django_content_type.app_label': 1, 'django_content_type.model': 1, 'codename': 1})}, {'$project': {'content_type_id': True, 'codename': True}}]
[2026-02-25 17:59:41,951] DEBUG djongo.sql2mongo.query sql_command: INSERT INTO "auth_permission" ("name", "content_type_id", "codename") VALUES (%(0)s, %(1)s, %(2)s) VALUES (%(3)s, %(4)s, %(5)s) VALUES (%(6)s, %(7)s, %(8)s) VALUES (%(9)s, %(10)s, %(11)s) VALUES (%(12)s, %(13)s, %(14)s) VALUES (%(15)s, %(16)s, %(17)s) VALUES (%(18)s, %(19)s, %(20)s) VALUES (%(21)s, %(22)s, %(23)s)
params: ('Can add Strategy', 111, 'add_strategy', 'Can change Strategy', 111, 'change_strategy', 'Can delete Strategy', 111, 'delete_strategy', 'Can view Strategy', 111, 'view_strategy', 'Can add AI Model', 112, 'add_aimodel', 'Can change AI Model', 112, 'change_aimodel', 'Can delete AI Model', 112, 'delete_aimodel', 'Can view AI Model', 112, 'view_aimodel')
[2026-02-25 17:59:41,953] DEBUG djongo.sql2mongo.query inserted ids [ObjectId('699f7edd421deff2f70ed947'), ObjectId('699f7edd421deff2f70ed948'), ObjectId('699f7edd421deff2f70ed949'), ObjectId('699f7edd421deff2f70ed94a'), ObjectId('699f7edd421deff2f70ed94b'), ObjectId('699f7edd421deff2f70ed94c'), ObjectId('699f7edd421deff2f70ed94d'), ObjectId('699f7edd421deff2f70ed94e')]
[2026-02-25 17:59:41,954] DEBUG djongo.sql2mongo.query sql_command: SELECT "django_content_type"."id", "django_content_type"."app_label", "django_content_type"."model" FROM "django_content_type" WHERE "django_content_type"."app_label" = %(0)s
params: ('dashboard',)
[2026-02-25 17:59:41,954] DEBUG djongo.sql2mongo.query Find query: {'filter': {'app_label': {'$eq': 'dashboard'}}, 'projection': ['id', 'app_label', 'model']}
[2026-02-25 17:59:41,954] DEBUG djongo.sql2mongo.query Result: (112, 'dashboard', 'aimodel')
[2026-02-25 17:59:41,954] DEBUG djongo.sql2mongo.query Result: (111, 'dashboard', 'strategy')
[2026-02-25 17:59:41,955] DEBUG djongo.base MongoClient connection closed
[2026-02-25 17:59:41,955] DEBUG djongo.base Existing MongoClient connection closed
[2026-02-25 17:59:41,955] DEBUG djongo.base New Database connection
[2026-02-25 17:59:41,955] DEBUG djongo.sql2mongo.query sql_command: SELECT "risk_management_riskconfig"."id", "risk_management_riskconfig"."name", "risk_management_riskconfig"."is_active", "risk_management_riskconfig"."max_daily_drawdown_pct", "risk_management_riskconfig"."max_total_drawdown_pct", "risk_management_riskconfig"."max_position_size_pct", "risk_management_riskconfig"."max_open_positions", "risk_management_riskconfig"."max_daily_trades", "risk_management_riskconfig"."daily_loss_limit", "risk_management_riskconfig"."kill_switch_active", "risk_management_riskconfig"."organization_id", "risk_management_riskconfig"."created_at", "risk_management_riskconfig"."updated_at" FROM "risk_management_riskconfig" WHERE "risk_management_riskconfig"."name" = %(0)s LIMIT 21
params: ('default',)
[2026-02-25 17:59:41,956] DEBUG djongo.sql2mongo.query Find query: {'filter': {'name': {'$eq': 'default'}}, 'projection': ['id', 'name', 'is_active', 'max_daily_drawdown_pct', 'max_total_drawdown_pct', 'max_position_size_pct', 'max_open_positions', 'max_daily_trades', 'daily_loss_limit', 'kill_switch_active', 'organization_id', 'created_at', 'updated_at'], 'limit': 21}
[2026-02-25 17:59:42,286] DEBUG djongo.sql2mongo.query sql_command: INSERT INTO "risk_management_riskconfig" ("name", "is_active", "max_daily_drawdown_pct", "max_total_drawdown_pct", "max_position_size_pct", "max_open_positions", "max_daily_trades", "daily_loss_limit", "kill_switch_active", "organization_id", "created_at", "updated_at") VALUES (%(0)s, %(1)s, %(2)s, %(3)s, %(4)s, %(5)s, %(6)s, %(7)s, %(8)s, %(9)s, %(10)s, %(11)s)
params: ['default', True, Decimal128('5.00'), Decimal128('10.00'), Decimal128('5.00'), 10, 50, Decimal128('1000.00'), False, None, datetime.datetime(2026, 2, 25, 22, 59, 42, 286246), datetime.datetime(2026, 2, 25, 22, 59, 42, 286256)]
[2026-02-25 17:59:42,289] DEBUG djongo.sql2mongo.query inserted ids [ObjectId('699f7ede421deff2f70ed94f')]
[2026-02-25 17:59:42,289] DEBUG djongo.sql2mongo.query sql_command: SELECT "webhooks_webhookevent"."id", "webhooks_webhookevent"."webhook_id", "webhooks_webhookevent"."source", "webhooks_webhookevent"."payload", "webhooks_webhookevent"."status", "webhooks_webhookevent"."error_message", "webhooks_webhookevent"."ticker", "webhooks_webhookevent"."action", "webhooks_webhookevent"."quantity", "webhooks_webhookevent"."strategy", "webhooks_webhookevent"."created_at", "webhooks_webhookevent"."ip_address" FROM "webhooks_webhookevent" WHERE "webhooks_webhookevent"."created_at" >= %(0)s ORDER BY "webhooks_webhookevent"."created_at" DESC
params: (datetime.datetime(2026, 2, 24, 22, 59, 42, 289556),)
[2026-02-25 17:59:42,290] DEBUG djongo.sql2mongo.query Find query: {'filter': {'created_at': {'$gte': datetime.datetime(2026, 2, 24, 22, 59, 42, 289556)}}, 'projection': ['id', 'webhook_id', 'source', 'payload', 'status', 'error_message', 'ticker', 'action', 'quantity', 'strategy', 'created_at', 'ip_address'], 'sort': [('created_at', -1)]}
[2026-02-25 17:59:42,291] DEBUG djongo.sql2mongo.query sql_command: SELECT "risk_management_riskconfig"."id", "risk_management_riskconfig"."name", "risk_management_riskconfig"."is_active", "risk_management_riskconfig"."max_daily_drawdown_pct", "risk_management_riskconfig"."max_total_drawdown_pct", "risk_management_riskconfig"."max_position_size_pct", "risk_management_riskconfig"."max_open_positions", "risk_management_riskconfig"."max_daily_trades", "risk_management_riskconfig"."daily_loss_limit", "risk_management_riskconfig"."kill_switch_active", "risk_management_riskconfig"."organization_id", "risk_management_riskconfig"."created_at", "risk_management_riskconfig"."updated_at" FROM "risk_management_riskconfig" WHERE "risk_management_riskconfig"."name" = %(0)s LIMIT 21
params: ('default',)
[2026-02-25 17:59:42,292] DEBUG djongo.sql2mongo.query Find query: {'filter': {'name': {'$eq': 'default'}}, 'projection': ['id', 'name', 'is_active', 'max_daily_drawdown_pct', 'max_total_drawdown_pct', 'max_position_size_pct', 'max_open_positions', 'max_daily_trades', 'daily_loss_limit', 'kill_switch_active', 'organization_id', 'created_at', 'updated_at'], 'limit': 21}
[2026-02-25 17:59:42,293] DEBUG djongo.sql2mongo.query Result: (8, 'default', True, Decimal128('5.00'), Decimal128('10.00'), Decimal128('5.00'), 10, 50, Decimal128('1000.00'), False, None, datetime.datetime(2026, 2, 25, 22, 59, 42, 286000), datetime.datetime(2026, 2, 25, 22, 59, 42, 286000))
[2026-02-25 17:59:42,294] DEBUG djongo.sql2mongo.query sql_command: SELECT "broker_connector_brokeraccount"."id", "broker_connector_brokeraccount"."account_id", "broker_connector_brokeraccount"."broker_type", "broker_connector_brokeraccount"."display_name", "broker_connector_brokeraccount"."mode", "broker_connector_brokeraccount"."status", "broker_connector_brokeraccount"."encrypted_api_key", "broker_connector_brokeraccount"."encrypted_secret_key", "broker_connector_brokeraccount"."base_url", "broker_connector_brokeraccount"."buying_power", "broker_connector_brokeraccount"."equity", "broker_connector_brokeraccount"."cash", "broker_connector_brokeraccount"."last_synced_at", "broker_connector_brokeraccount"."user_id", "broker_connector_brokeraccount"."organization_id", "broker_connector_brokeraccount"."created_at", "broker_connector_brokeraccount"."updated_at" FROM "broker_connector_brokeraccount" ORDER BY "broker_connector_brokeraccount"."created_at" DESC
params: ()
[2026-02-25 17:59:42,296] DEBUG djongo.sql2mongo.query Find query: {'projection': ['id', 'account_id', 'broker_type', 'display_name', 'mode', 'status', 'encrypted_api_key', 'encrypted_secret_key', 'base_url', 'buying_power', 'equity', 'cash', 'last_synced_at', 'user_id', 'organization_id', 'created_at', 'updated_at'], 'sort': [('created_at', -1)]}
.[2026-02-25 17:59:42,298] DEBUG djongo.sql2mongo.query sql_command: ALTER TABLE "webhooks_webhookevent" FLUSH
params: None
[2026-02-25 17:59:42,301] DEBUG djongo.sql2mongo.query sql_command: ALTER TABLE "risk_management_propfirmaccount" FLUSH
params: None
[2026-02-25 17:59:42,302] DEBUG djongo.sql2mongo.query sql_command: ALTER TABLE "risk_management_riskconfig" FLUSH
params: None
[2026-02-25 17:59:42,303] DEBUG djongo.sql2mongo.query sql_command: ALTER TABLE "broker_connector_brokeraccount" FLUSH
params: None
[2026-02-25 17:59:42,304] DEBUG djongo.sql2mongo.query sql_command: ALTER TABLE "auth_group" FLUSH
params: None
[2026-02-25 17:59:42,304] DEBUG djongo.sql2mongo.query sql_command: ALTER TABLE "execution_engine_trade" FLUSH
params: None
[2026-02-25 17:59:42,305] DEBUG djongo.sql2mongo.query sql_command: ALTER TABLE "auth_permission" FLUSH
params: None
[2026-02-25 17:59:42,308] DEBUG djongo.sql2mongo.query sql_command: ALTER TABLE "market_data_ohlcvbar" FLUSH
params: None
[2026-02-25 17:59:42,308] DEBUG djongo.sql2mongo.query sql_command: ALTER TABLE "dashboard_aimodel" FLUSH
params: None
[2026-02-25 17:59:42,309] DEBUG djongo.sql2mongo.query sql_command: ALTER TABLE "dashboard_strategy" FLUSH
params: None
[2026-02-25 17:59:42,310] DEBUG djongo.sql2mongo.query sql_command: ALTER TABLE "django_session" FLUSH
params: None
[2026-02-25 17:59:42,310] DEBUG djongo.sql2mongo.query sql_command: ALTER TABLE "auth_group_permissions" FLUSH
params: None
[2026-02-25 17:59:42,311] DEBUG djongo.sql2mongo.query sql_command: ALTER TABLE "auth_user_user_permissions" FLUSH
params: None
[2026-02-25 17:59:42,312] DEBUG djongo.sql2mongo.query sql_command: ALTER TABLE "auth_user" FLUSH
params: None
[2026-02-25 17:59:42,312] DEBUG djongo.sql2mongo.query sql_command: ALTER TABLE "django_content_type" FLUSH
params: None
[2026-02-25 17:59:42,313] DEBUG djongo.sql2mongo.query sql_command: ALTER TABLE "auth_user_groups" FLUSH
params: None
[2026-02-25 17:59:42,314] DEBUG djongo.sql2mongo.query sql_command: ALTER TABLE "django_admin_log" FLUSH
params: None
[2026-02-25 17:59:42,315] DEBUG djongo.sql2mongo.query sql_command: SELECT "django_content_type"."id", "django_content_type"."app_label", "django_content_type"."model" FROM "django_content_type" WHERE "django_content_type"."app_label" = %(0)s
params: ('admin',)
[2026-02-25 17:59:42,315] DEBUG djongo.sql2mongo.query Find query: {'filter': {'app_label': {'$eq': 'admin'}}, 'projection': ['id', 'app_label', 'model']}
[2026-02-25 17:59:42,316] DEBUG djongo.sql2mongo.query sql_command: INSERT INTO "django_content_type" ("app_label", "model") VALUES (%(0)s, %(1)s)
params: ('admin', 'logentry')
[2026-02-25 17:59:42,318] DEBUG djongo.sql2mongo.query inserted ids [ObjectId('699f7ede421deff2f70ed950')]
[2026-02-25 17:59:42,319] DEBUG djongo.sql2mongo.query sql_command: SELECT "django_content_type"."id", "django_content_type"."app_label", "django_content_type"."model" FROM "django_content_type" WHERE ("django_content_type"."app_label" = %(0)s AND "django_content_type"."model" = %(1)s) LIMIT 21
params: ('admin', 'logentry')
[2026-02-25 17:59:42,320] DEBUG djongo.sql2mongo.query Find query: {'filter': {'$and': [{'app_label': {'$eq': 'admin'}}, {'model': {'$eq': 'logentry'}}]}, 'projection': ['id', 'app_label', 'model'], 'limit': 21}
[2026-02-25 17:59:42,320] DEBUG djongo.sql2mongo.query Result: (113, 'admin', 'logentry')
[2026-02-25 17:59:42,321] DEBUG djongo.sql2mongo.query sql_command: SELECT "auth_permission"."content_type_id", "auth_permission"."codename" FROM "auth_permission" INNER JOIN "django_content_type" ON ("auth_permission"."content_type_id" = "django_content_type"."id") WHERE "auth_permission"."content_type_id" IN (%(0)s) ORDER BY "django_content_type"."app_label" ASC, "django_content_type"."model" ASC, "auth_permission"."codename" ASC
params: (113,)
[2026-02-25 17:59:42,324] DEBUG djongo.sql2mongo.query Aggregation query: [{'$match': {'content_type_id': {'$ne': None, '$exists': True}}}, {'$lookup': {'from': 'django_content_type', 'localField': 'content_type_id', 'foreignField': 'id', 'as': 'django_content_type'}}, {'$unwind': '$django_content_type'}, {'$match': {'content_type_id': {'$in': [113]}}}, {'$sort': OrderedDict({'django_content_type.app_label': 1, 'django_content_type.model': 1, 'codename': 1})}, {'$project': {'content_type_id': True, 'codename': True}}]
[2026-02-25 17:59:42,325] DEBUG djongo.sql2mongo.query sql_command: INSERT INTO "auth_permission" ("name", "content_type_id", "codename") VALUES (%(0)s, %(1)s, %(2)s) VALUES (%(3)s, %(4)s, %(5)s) VALUES (%(6)s, %(7)s, %(8)s) VALUES (%(9)s, %(10)s, %(11)s)
params: ('Can add log entry', 113, 'add_logentry', 'Can change log entry', 113, 'change_logentry', 'Can delete log entry', 113, 'delete_logentry', 'Can view log entry', 113, 'view_logentry')
[2026-02-25 17:59:42,327] DEBUG djongo.sql2mongo.query inserted ids [ObjectId('699f7ede421deff2f70ed951'), ObjectId('699f7ede421deff2f70ed952'), ObjectId('699f7ede421deff2f70ed953'), ObjectId('699f7ede421deff2f70ed954')]
[2026-02-25 17:59:42,327] DEBUG djongo.sql2mongo.query sql_command: SELECT "django_content_type"."id", "django_content_type"."app_label", "django_content_type"."model" FROM "django_content_type" WHERE "django_content_type"."app_label" = %(0)s
params: ('admin',)
[2026-02-25 17:59:42,328] DEBUG djongo.sql2mongo.query Find query: {'filter': {'app_label': {'$eq': 'admin'}}, 'projection': ['id', 'app_label', 'model']}
[2026-02-25 17:59:42,329] DEBUG djongo.sql2mongo.query Result: (113, 'admin', 'logentry')
[2026-02-25 17:59:42,329] DEBUG djongo.sql2mongo.query sql_command: SELECT "django_content_type"."id", "django_content_type"."app_label", "django_content_type"."model" FROM "django_content_type" WHERE "django_content_type"."app_label" = %(0)s
params: ('auth',)
[2026-02-25 17:59:42,330] DEBUG djongo.sql2mongo.query Find query: {'filter': {'app_label': {'$eq': 'auth'}}, 'projection': ['id', 'app_label', 'model']}
[2026-02-25 17:59:42,331] DEBUG djongo.sql2mongo.query sql_command: INSERT INTO "django_content_type" ("app_label", "model") VALUES (%(0)s, %(1)s) VALUES (%(2)s, %(3)s) VALUES (%(4)s, %(5)s)
params: ('auth', 'permission', 'auth', 'group', 'auth', 'user')
[2026-02-25 17:59:42,333] DEBUG djongo.sql2mongo.query inserted ids [ObjectId('699f7ede421deff2f70ed955'), ObjectId('699f7ede421deff2f70ed956'), ObjectId('699f7ede421deff2f70ed957')]
[2026-02-25 17:59:42,333] DEBUG djongo.sql2mongo.query sql_command: SELECT "django_content_type"."id", "django_content_type"."app_label", "django_content_type"."model" FROM "django_content_type" WHERE ("django_content_type"."app_label" = %(0)s AND "django_content_type"."model" = %(1)s) LIMIT 21
params: ('auth', 'permission')
[2026-02-25 17:59:42,334] DEBUG djongo.sql2mongo.query Find query: {'filter': {'$and': [{'app_label': {'$eq': 'auth'}}, {'model': {'$eq': 'permission'}}]}, 'projection': ['id', 'app_label', 'model'], 'limit': 21}
[2026-02-25 17:59:42,335] DEBUG djongo.sql2mongo.query Result: (114, 'auth', 'permission')
[2026-02-25 17:59:42,336] DEBUG djongo.sql2mongo.query sql_command: SELECT "django_content_type"."id", "django_content_type"."app_label", "django_content_type"."model" FROM "django_content_type" WHERE ("django_content_type"."app_label" = %(0)s AND "django_content_type"."model" = %(1)s) LIMIT 21
params: ('auth', 'group')
[2026-02-25 17:59:42,337] DEBUG djongo.sql2mongo.query Find query: {'filter': {'$and': [{'app_label': {'$eq': 'auth'}}, {'model': {'$eq': 'group'}}]}, 'projection': ['id', 'app_label', 'model'], 'limit': 21}
[2026-02-25 17:59:42,337] DEBUG djongo.sql2mongo.query Result: (115, 'auth', 'group')
[2026-02-25 17:59:42,338] DEBUG djongo.sql2mongo.query sql_command: SELECT "django_content_type"."id", "django_content_type"."app_label", "django_content_type"."model" FROM "django_content_type" WHERE ("django_content_type"."app_label" = %(0)s AND "django_content_type"."model" = %(1)s) LIMIT 21
params: ('auth', 'user')
[2026-02-25 17:59:42,339] DEBUG djongo.sql2mongo.query Find query: {'filter': {'$and': [{'app_label': {'$eq': 'auth'}}, {'model': {'$eq': 'user'}}]}, 'projection': ['id', 'app_label', 'model'], 'limit': 21}
[2026-02-25 17:59:42,340] DEBUG djongo.sql2mongo.query Result: (116, 'auth', 'user')
[2026-02-25 17:59:42,340] DEBUG djongo.sql2mongo.query sql_command: SELECT "auth_permission"."content_type_id", "auth_permission"."codename" FROM "auth_permission" INNER JOIN "django_content_type" ON ("auth_permission"."content_type_id" = "django_content_type"."id") WHERE "auth_permission"."content_type_id" IN (%(0)s, %(1)s, %(2)s) ORDER BY "django_content_type"."app_label" ASC, "django_content_type"."model" ASC, "auth_permission"."codename" ASC
params: (114, 115, 116)
[2026-02-25 17:59:42,344] DEBUG djongo.sql2mongo.query Aggregation query: [{'$match': {'content_type_id': {'$ne': None, '$exists': True}}}, {'$lookup': {'from': 'django_content_type', 'localField': 'content_type_id', 'foreignField': 'id', 'as': 'django_content_type'}}, {'$unwind': '$django_content_type'}, {'$match': {'content_type_id': {'$in': [114, 115, 116]}}}, {'$sort': OrderedDict({'django_content_type.app_label': 1, 'django_content_type.model': 1, 'codename': 1})}, {'$project': {'content_type_id': True, 'codename': True}}]
[2026-02-25 17:59:42,344] DEBUG djongo.sql2mongo.query sql_command: INSERT INTO "auth_permission" ("name", "content_type_id", "codename") VALUES (%(0)s, %(1)s, %(2)s) VALUES (%(3)s, %(4)s, %(5)s) VALUES (%(6)s, %(7)s, %(8)s) VALUES (%(9)s, %(10)s, %(11)s) VALUES (%(12)s, %(13)s, %(14)s) VALUES (%(15)s, %(16)s, %(17)s) VALUES (%(18)s, %(19)s, %(20)s) VALUES (%(21)s, %(22)s, %(23)s) VALUES (%(24)s, %(25)s, %(26)s) VALUES (%(27)s, %(28)s, %(29)s) VALUES (%(30)s, %(31)s, %(32)s) VALUES (%(33)s, %(34)s, %(35)s)
params: ('Can add permission', 114, 'add_permission', 'Can change permission', 114, 'change_permission', 'Can delete permission', 114, 'delete_permission', 'Can view permission', 114, 'view_permission', 'Can add group', 115, 'add_group', 'Can change group', 115, 'change_group', 'Can delete group', 115, 'delete_group', 'Can view group', 115, 'view_group', 'Can add user', 116, 'add_user', 'Can change user', 116, 'change_user', 'Can delete user', 116, 'delete_user', 'Can view user', 116, 'view_user')
[2026-02-25 17:59:42,348] DEBUG djongo.sql2mongo.query inserted ids [ObjectId('699f7ede421deff2f70ed958'), ObjectId('699f7ede421deff2f70ed959'), ObjectId('699f7ede421deff2f70ed95a'), ObjectId('699f7ede421deff2f70ed95b'), ObjectId('699f7ede421deff2f70ed95c'), ObjectId('699f7ede421deff2f70ed95d'), ObjectId('699f7ede421deff2f70ed95e'), ObjectId('699f7ede421deff2f70ed95f'), ObjectId('699f7ede421deff2f70ed960'), ObjectId('699f7ede421deff2f70ed961'), ObjectId('699f7ede421deff2f70ed962'), ObjectId('699f7ede421deff2f70ed963')]
[2026-02-25 17:59:42,348] DEBUG djongo.sql2mongo.query sql_command: SELECT "django_content_type"."id", "django_content_type"."app_label", "django_content_type"."model" FROM "django_content_type" WHERE "django_content_type"."app_label" = %(0)s
params: ('auth',)
[2026-02-25 17:59:42,349] DEBUG djongo.sql2mongo.query Find query: {'filter': {'app_label': {'$eq': 'auth'}}, 'projection': ['id', 'app_label', 'model']}
[2026-02-25 17:59:42,350] DEBUG djongo.sql2mongo.query Result: (115, 'auth', 'group')
[2026-02-25 17:59:42,350] DEBUG djongo.sql2mongo.query Result: (114, 'auth', 'permission')
[2026-02-25 17:59:42,350] DEBUG djongo.sql2mongo.query Result: (116, 'auth', 'user')
[2026-02-25 17:59:42,350] DEBUG djongo.sql2mongo.query sql_command: SELECT "django_content_type"."id", "django_content_type"."app_label", "django_content_type"."model" FROM "django_content_type" WHERE "django_content_type"."app_label" = %(0)s
params: ('contenttypes',)
[2026-02-25 17:59:42,351] DEBUG djongo.sql2mongo.query Find query: {'filter': {'app_label': {'$eq': 'contenttypes'}}, 'projection': ['id', 'app_label', 'model']}
[2026-02-25 17:59:42,351] DEBUG djongo.sql2mongo.query sql_command: INSERT INTO "django_content_type" ("app_label", "model") VALUES (%(0)s, %(1)s)
params: ('contenttypes', 'contenttype')
[2026-02-25 17:59:42,353] DEBUG djongo.sql2mongo.query inserted ids [ObjectId('699f7ede421deff2f70ed964')]
[2026-02-25 17:59:42,354] DEBUG djongo.sql2mongo.query sql_command: SELECT "django_content_type"."id", "django_content_type"."app_label", "django_content_type"."model" FROM "django_content_type" WHERE ("django_content_type"."app_label" = %(0)s AND "django_content_type"."model" = %(1)s) LIMIT 21
params: ('contenttypes', 'contenttype')
[2026-02-25 17:59:42,355] DEBUG djongo.sql2mongo.query Find query: {'filter': {'$and': [{'app_label': {'$eq': 'contenttypes'}}, {'model': {'$eq': 'contenttype'}}]}, 'projection': ['id', 'app_label', 'model'], 'limit': 21}
[2026-02-25 17:59:42,356] DEBUG djongo.sql2mongo.query Result: (117, 'contenttypes', 'contenttype')
[2026-02-25 17:59:42,356] DEBUG djongo.sql2mongo.query sql_command: SELECT "auth_permission"."content_type_id", "auth_permission"."codename" FROM "auth_permission" INNER JOIN "django_content_type" ON ("auth_permission"."content_type_id" = "django_content_type"."id") WHERE "auth_permission"."content_type_id" IN (%(0)s) ORDER BY "django_content_type"."app_label" ASC, "django_content_type"."model" ASC, "auth_permission"."codename" ASC
params: (117,)
[2026-02-25 17:59:42,359] DEBUG djongo.sql2mongo.query Aggregation query: [{'$match': {'content_type_id': {'$ne': None, '$exists': True}}}, {'$lookup': {'from': 'django_content_type', 'localField': 'content_type_id', 'foreignField': 'id', 'as': 'django_content_type'}}, {'$unwind': '$django_content_type'}, {'$match': {'content_type_id': {'$in': [117]}}}, {'$sort': OrderedDict({'django_content_type.app_label': 1, 'django_content_type.model': 1, 'codename': 1})}, {'$project': {'content_type_id': True, 'codename': True}}]
[2026-02-25 17:59:42,359] DEBUG djongo.sql2mongo.query sql_command: INSERT INTO "auth_permission" ("name", "content_type_id", "codename") VALUES (%(0)s, %(1)s, %(2)s) VALUES (%(3)s, %(4)s, %(5)s) VALUES (%(6)s, %(7)s, %(8)s) VALUES (%(9)s, %(10)s, %(11)s)
params: ('Can add content type', 117, 'add_contenttype', 'Can change content type', 117, 'change_contenttype', 'Can delete content type', 117, 'delete_contenttype', 'Can view content type', 117, 'view_contenttype')
[2026-02-25 17:59:42,362] DEBUG djongo.sql2mongo.query inserted ids [ObjectId('699f7ede421deff2f70ed965'), ObjectId('699f7ede421deff2f70ed966'), ObjectId('699f7ede421deff2f70ed967'), ObjectId('699f7ede421deff2f70ed968')]
[2026-02-25 17:59:42,363] DEBUG djongo.sql2mongo.query sql_command: SELECT "django_content_type"."id", "django_content_type"."app_label", "django_content_type"."model" FROM "django_content_type" WHERE "django_content_type"."app_label" = %(0)s
params: ('contenttypes',)
[2026-02-25 17:59:42,363] DEBUG djongo.sql2mongo.query Find query: {'filter': {'app_label': {'$eq': 'contenttypes'}}, 'projection': ['id', 'app_label', 'model']}
[2026-02-25 17:59:42,365] DEBUG djongo.sql2mongo.query Result: (117, 'contenttypes', 'contenttype')
[2026-02-25 17:59:42,365] DEBUG djongo.sql2mongo.query sql_command: SELECT "django_content_type"."id", "django_content_type"."app_label", "django_content_type"."model" FROM "django_content_type" WHERE "django_content_type"."app_label" = %(0)s
params: ('sessions',)
[2026-02-25 17:59:42,365] DEBUG djongo.sql2mongo.query Find query: {'filter': {'app_label': {'$eq': 'sessions'}}, 'projection': ['id', 'app_label', 'model']}
[2026-02-25 17:59:42,366] DEBUG djongo.sql2mongo.query sql_command: INSERT INTO "django_content_type" ("app_label", "model") VALUES (%(0)s, %(1)s)
params: ('sessions', 'session')
[2026-02-25 17:59:42,369] DEBUG djongo.sql2mongo.query inserted ids [ObjectId('699f7ede421deff2f70ed969')]
[2026-02-25 17:59:42,369] DEBUG djongo.sql2mongo.query sql_command: SELECT "django_content_type"."id", "django_content_type"."app_label", "django_content_type"."model" FROM "django_content_type" WHERE ("django_content_type"."app_label" = %(0)s AND "django_content_type"."model" = %(1)s) LIMIT 21
params: ('sessions', 'session')
[2026-02-25 17:59:42,369] DEBUG djongo.sql2mongo.query Find query: {'filter': {'$and': [{'app_label': {'$eq': 'sessions'}}, {'model': {'$eq': 'session'}}]}, 'projection': ['id', 'app_label', 'model'], 'limit': 21}
[2026-02-25 17:59:42,371] DEBUG djongo.sql2mongo.query Result: (118, 'sessions', 'session')
[2026-02-25 17:59:42,371] DEBUG djongo.sql2mongo.query sql_command: SELECT "auth_permission"."content_type_id", "auth_permission"."codename" FROM "auth_permission" INNER JOIN "django_content_type" ON ("auth_permission"."content_type_id" = "django_content_type"."id") WHERE "auth_permission"."content_type_id" IN (%(0)s) ORDER BY "django_content_type"."app_label" ASC, "django_content_type"."model" ASC, "auth_permission"."codename" ASC
params: (118,)
[2026-02-25 17:59:42,373] DEBUG djongo.sql2mongo.query Aggregation query: [{'$match': {'content_type_id': {'$ne': None, '$exists': True}}}, {'$lookup': {'from': 'django_content_type', 'localField': 'content_type_id', 'foreignField': 'id', 'as': 'django_content_type'}}, {'$unwind': '$django_content_type'}, {'$match': {'content_type_id': {'$in': [118]}}}, {'$sort': OrderedDict({'django_content_type.app_label': 1, 'django_content_type.model': 1, 'codename': 1})}, {'$project': {'content_type_id': True, 'codename': True}}]
[2026-02-25 17:59:42,374] DEBUG djongo.sql2mongo.query sql_command: INSERT INTO "auth_permission" ("name", "content_type_id", "codename") VALUES (%(0)s, %(1)s, %(2)s) VALUES (%(3)s, %(4)s, %(5)s) VALUES (%(6)s, %(7)s, %(8)s) VALUES (%(9)s, %(10)s, %(11)s)
params: ('Can add session', 118, 'add_session', 'Can change session', 118, 'change_session', 'Can delete session', 118, 'delete_session', 'Can view session', 118, 'view_session')
[2026-02-25 17:59:42,376] DEBUG djongo.sql2mongo.query inserted ids [ObjectId('699f7ede421deff2f70ed96a'), ObjectId('699f7ede421deff2f70ed96b'), ObjectId('699f7ede421deff2f70ed96c'), ObjectId('699f7ede421deff2f70ed96d')]
[2026-02-25 17:59:42,376] DEBUG djongo.sql2mongo.query sql_command: SELECT "django_content_type"."id", "django_content_type"."app_label", "django_content_type"."model" FROM "django_content_type" WHERE "django_content_type"."app_label" = %(0)s
params: ('sessions',)
[2026-02-25 17:59:42,376] DEBUG djongo.sql2mongo.query Find query: {'filter': {'app_label': {'$eq': 'sessions'}}, 'projection': ['id', 'app_label', 'model']}
[2026-02-25 17:59:42,377] DEBUG djongo.sql2mongo.query Result: (118, 'sessions', 'session')
[2026-02-25 17:59:42,377] DEBUG djongo.sql2mongo.query sql_command: SELECT "django_content_type"."id", "django_content_type"."app_label", "django_content_type"."model" FROM "django_content_type" WHERE "django_content_type"."app_label" = %(0)s
params: ('webhooks',)
[2026-02-25 17:59:42,377] DEBUG djongo.sql2mongo.query Find query: {'filter': {'app_label': {'$eq': 'webhooks'}}, 'projection': ['id', 'app_label', 'model']}
[2026-02-25 17:59:42,378] DEBUG djongo.sql2mongo.query sql_command: INSERT INTO "django_content_type" ("app_label", "model") VALUES (%(0)s, %(1)s)
params: ('webhooks', 'webhookevent')
[2026-02-25 17:59:42,379] DEBUG djongo.sql2mongo.query inserted ids [ObjectId('699f7ede421deff2f70ed96e')]
[2026-02-25 17:59:42,380] DEBUG djongo.sql2mongo.query sql_command: SELECT "django_content_type"."id", "django_content_type"."app_label", "django_content_type"."model" FROM "django_content_type" WHERE ("django_content_type"."app_label" = %(0)s AND "django_content_type"."model" = %(1)s) LIMIT 21
params: ('webhooks', 'webhookevent')
[2026-02-25 17:59:42,380] DEBUG djongo.sql2mongo.query Find query: {'filter': {'$and': [{'app_label': {'$eq': 'webhooks'}}, {'model': {'$eq': 'webhookevent'}}]}, 'projection': ['id', 'app_label', 'model'], 'limit': 21}
[2026-02-25 17:59:42,381] DEBUG djongo.sql2mongo.query Result: (119, 'webhooks', 'webhookevent')
[2026-02-25 17:59:42,381] DEBUG djongo.sql2mongo.query sql_command: SELECT "auth_permission"."content_type_id", "auth_permission"."codename" FROM "auth_permission" INNER JOIN "django_content_type" ON ("auth_permission"."content_type_id" = "django_content_type"."id") WHERE "auth_permission"."content_type_id" IN (%(0)s) ORDER BY "django_content_type"."app_label" ASC, "django_content_type"."model" ASC, "auth_permission"."codename" ASC
params: (119,)
[2026-02-25 17:59:42,383] DEBUG djongo.sql2mongo.query Aggregation query: [{'$match': {'content_type_id': {'$ne': None, '$exists': True}}}, {'$lookup': {'from': 'django_content_type', 'localField': 'content_type_id', 'foreignField': 'id', 'as': 'django_content_type'}}, {'$unwind': '$django_content_type'}, {'$match': {'content_type_id': {'$in': [119]}}}, {'$sort': OrderedDict({'django_content_type.app_label': 1, 'django_content_type.model': 1, 'codename': 1})}, {'$project': {'content_type_id': True, 'codename': True}}]
[2026-02-25 17:59:42,383] DEBUG djongo.sql2mongo.query sql_command: INSERT INTO "auth_permission" ("name", "content_type_id", "codename") VALUES (%(0)s, %(1)s, %(2)s) VALUES (%(3)s, %(4)s, %(5)s) VALUES (%(6)s, %(7)s, %(8)s) VALUES (%(9)s, %(10)s, %(11)s)
params: ('Can add Webhook Event', 119, 'add_webhookevent', 'Can change Webhook Event', 119, 'change_webhookevent', 'Can delete Webhook Event', 119, 'delete_webhookevent', 'Can view Webhook Event', 119, 'view_webhookevent')
[2026-02-25 17:59:42,385] DEBUG djongo.sql2mongo.query inserted ids [ObjectId('699f7ede421deff2f70ed96f'), ObjectId('699f7ede421deff2f70ed970'), ObjectId('699f7ede421deff2f70ed971'), ObjectId('699f7ede421deff2f70ed972')]
[2026-02-25 17:59:42,385] DEBUG djongo.sql2mongo.query sql_command: SELECT "django_content_type"."id", "django_content_type"."app_label", "django_content_type"."model" FROM "django_content_type" WHERE "django_content_type"."app_label" = %(0)s
params: ('webhooks',)
[2026-02-25 17:59:42,385] DEBUG djongo.sql2mongo.query Find query: {'filter': {'app_label': {'$eq': 'webhooks'}}, 'projection': ['id', 'app_label', 'model']}
[2026-02-25 17:59:42,386] DEBUG djongo.sql2mongo.query Result: (119, 'webhooks', 'webhookevent')
[2026-02-25 17:59:42,386] DEBUG djongo.sql2mongo.query sql_command: SELECT "django_content_type"."id", "django_content_type"."app_label", "django_content_type"."model" FROM "django_content_type" WHERE "django_content_type"."app_label" = %(0)s
params: ('broker_connector',)
[2026-02-25 17:59:42,387] DEBUG djongo.sql2mongo.query Find query: {'filter': {'app_label': {'$eq': 'broker_connector'}}, 'projection': ['id', 'app_label', 'model']}
[2026-02-25 17:59:42,387] DEBUG djongo.sql2mongo.query sql_command: INSERT INTO "django_content_type" ("app_label", "model") VALUES (%(0)s, %(1)s)
params: ('broker_connector', 'brokeraccount')
[2026-02-25 17:59:42,389] DEBUG djongo.sql2mongo.query inserted ids [ObjectId('699f7ede421deff2f70ed973')]
[2026-02-25 17:59:42,389] DEBUG djongo.sql2mongo.query sql_command: SELECT "django_content_type"."id", "django_content_type"."app_label", "django_content_type"."model" FROM "django_content_type" WHERE ("django_content_type"."app_label" = %(0)s AND "django_content_type"."model" = %(1)s) LIMIT 21
params: ('broker_connector', 'brokeraccount')
[2026-02-25 17:59:42,389] DEBUG djongo.sql2mongo.query Find query: {'filter': {'$and': [{'app_label': {'$eq': 'broker_connector'}}, {'model': {'$eq': 'brokeraccount'}}]}, 'projection': ['id', 'app_label', 'model'], 'limit': 21}
[2026-02-25 17:59:42,390] DEBUG djongo.sql2mongo.query Result: (120, 'broker_connector', 'brokeraccount')
[2026-02-25 17:59:42,390] DEBUG djongo.sql2mongo.query sql_command: SELECT "auth_permission"."content_type_id", "auth_permission"."codename" FROM "auth_permission" INNER JOIN "django_content_type" ON ("auth_permission"."content_type_id" = "django_content_type"."id") WHERE "auth_permission"."content_type_id" IN (%(0)s) ORDER BY "django_content_type"."app_label" ASC, "django_content_type"."model" ASC, "auth_permission"."codename" ASC
params: (120,)
[2026-02-25 17:59:42,393] DEBUG djongo.sql2mongo.query Aggregation query: [{'$match': {'content_type_id': {'$ne': None, '$exists': True}}}, {'$lookup': {'from': 'django_content_type', 'localField': 'content_type_id', 'foreignField': 'id', 'as': 'django_content_type'}}, {'$unwind': '$django_content_type'}, {'$match': {'content_type_id': {'$in': [120]}}}, {'$sort': OrderedDict({'django_content_type.app_label': 1, 'django_content_type.model': 1, 'codename': 1})}, {'$project': {'content_type_id': True, 'codename': True}}]
[2026-02-25 17:59:42,393] DEBUG djongo.sql2mongo.query sql_command: INSERT INTO "auth_permission" ("name", "content_type_id", "codename") VALUES (%(0)s, %(1)s, %(2)s) VALUES (%(3)s, %(4)s, %(5)s) VALUES (%(6)s, %(7)s, %(8)s) VALUES (%(9)s, %(10)s, %(11)s)
params: ('Can add Broker Account', 120, 'add_brokeraccount', 'Can change Broker Account', 120, 'change_brokeraccount', 'Can delete Broker Account', 120, 'delete_brokeraccount', 'Can view Broker Account', 120, 'view_brokeraccount')
[2026-02-25 17:59:42,395] DEBUG djongo.sql2mongo.query inserted ids [ObjectId('699f7ede421deff2f70ed974'), ObjectId('699f7ede421deff2f70ed975'), ObjectId('699f7ede421deff2f70ed976'), ObjectId('699f7ede421deff2f70ed977')]
[2026-02-25 17:59:42,395] DEBUG djongo.sql2mongo.query sql_command: SELECT "django_content_type"."id", "django_content_type"."app_label", "django_content_type"."model" FROM "django_content_type" WHERE "django_content_type"."app_label" = %(0)s
params: ('broker_connector',)
[2026-02-25 17:59:42,396] DEBUG djongo.sql2mongo.query Find query: {'filter': {'app_label': {'$eq': 'broker_connector'}}, 'projection': ['id', 'app_label', 'model']}
[2026-02-25 17:59:42,396] DEBUG djongo.sql2mongo.query Result: (120, 'broker_connector', 'brokeraccount')
[2026-02-25 17:59:42,396] DEBUG djongo.sql2mongo.query sql_command: SELECT "django_content_type"."id", "django_content_type"."app_label", "django_content_type"."model" FROM "django_content_type" WHERE "django_content_type"."app_label" = %(0)s
params: ('execution_engine',)
[2026-02-25 17:59:42,397] DEBUG djongo.sql2mongo.query Find query: {'filter': {'app_label': {'$eq': 'execution_engine'}}, 'projection': ['id', 'app_label', 'model']}
[2026-02-25 17:59:42,398] DEBUG djongo.sql2mongo.query sql_command: INSERT INTO "django_content_type" ("app_label", "model") VALUES (%(0)s, %(1)s)
params: ('execution_engine', 'trade')
[2026-02-25 17:59:42,400] DEBUG djongo.sql2mongo.query inserted ids [ObjectId('699f7ede421deff2f70ed978')]
[2026-02-25 17:59:42,400] DEBUG djongo.sql2mongo.query sql_command: SELECT "django_content_type"."id", "django_content_type"."app_label", "django_content_type"."model" FROM "django_content_type" WHERE ("django_content_type"."app_label" = %(0)s AND "django_content_type"."model" = %(1)s) LIMIT 21
params: ('execution_engine', 'trade')
[2026-02-25 17:59:42,400] DEBUG djongo.sql2mongo.query Find query: {'filter': {'$and': [{'app_label': {'$eq': 'execution_engine'}}, {'model': {'$eq': 'trade'}}]}, 'projection': ['id', 'app_label', 'model'], 'limit': 21}
[2026-02-25 17:59:42,402] DEBUG djongo.sql2mongo.query Result: (121, 'execution_engine', 'trade')
[2026-02-25 17:59:42,402] DEBUG djongo.sql2mongo.query sql_command: SELECT "auth_permission"."content_type_id", "auth_permission"."codename" FROM "auth_permission" INNER JOIN "django_content_type" ON ("auth_permission"."content_type_id" = "django_content_type"."id") WHERE "auth_permission"."content_type_id" IN (%(0)s) ORDER BY "django_content_type"."app_label" ASC, "django_content_type"."model" ASC, "auth_permission"."codename" ASC
params: (121,)
[2026-02-25 17:59:42,405] DEBUG djongo.sql2mongo.query Aggregation query: [{'$match': {'content_type_id': {'$ne': None, '$exists': True}}}, {'$lookup': {'from': 'django_content_type', 'localField': 'content_type_id', 'foreignField': 'id', 'as': 'django_content_type'}}, {'$unwind': '$django_content_type'}, {'$match': {'content_type_id': {'$in': [121]}}}, {'$sort': OrderedDict({'django_content_type.app_label': 1, 'django_content_type.model': 1, 'codename': 1})}, {'$project': {'content_type_id': True, 'codename': True}}]
[2026-02-25 17:59:42,405] DEBUG djongo.sql2mongo.query sql_command: INSERT INTO "auth_permission" ("name", "content_type_id", "codename") VALUES (%(0)s, %(1)s, %(2)s) VALUES (%(3)s, %(4)s, %(5)s) VALUES (%(6)s, %(7)s, %(8)s) VALUES (%(9)s, %(10)s, %(11)s)
params: ('Can add Trade', 121, 'add_trade', 'Can change Trade', 121, 'change_trade', 'Can delete Trade', 121, 'delete_trade', 'Can view Trade', 121, 'view_trade')
[2026-02-25 17:59:42,407] DEBUG djongo.sql2mongo.query inserted ids [ObjectId('699f7ede421deff2f70ed979'), ObjectId('699f7ede421deff2f70ed97a'), ObjectId('699f7ede421deff2f70ed97b'), ObjectId('699f7ede421deff2f70ed97c')]
[2026-02-25 17:59:42,407] DEBUG djongo.sql2mongo.query sql_command: SELECT "django_content_type"."id", "django_content_type"."app_label", "django_content_type"."model" FROM "django_content_type" WHERE "django_content_type"."app_label" = %(0)s
params: ('execution_engine',)
[2026-02-25 17:59:42,408] DEBUG djongo.sql2mongo.query Find query: {'filter': {'app_label': {'$eq': 'execution_engine'}}, 'projection': ['id', 'app_label', 'model']}
[2026-02-25 17:59:42,408] DEBUG djongo.sql2mongo.query Result: (121, 'execution_engine', 'trade')
[2026-02-25 17:59:42,408] DEBUG djongo.sql2mongo.query sql_command: SELECT "django_content_type"."id", "django_content_type"."app_label", "django_content_type"."model" FROM "django_content_type" WHERE "django_content_type"."app_label" = %(0)s
params: ('risk_management',)
[2026-02-25 17:59:42,409] DEBUG djongo.sql2mongo.query Find query: {'filter': {'app_label': {'$eq': 'risk_management'}}, 'projection': ['id', 'app_label', 'model']}
[2026-02-25 17:59:42,409] DEBUG djongo.sql2mongo.query sql_command: INSERT INTO "django_content_type" ("app_label", "model") VALUES (%(0)s, %(1)s) VALUES (%(2)s, %(3)s)
params: ('risk_management', 'riskconfig', 'risk_management', 'propfirmaccount')
[2026-02-25 17:59:42,411] DEBUG djongo.sql2mongo.query inserted ids [ObjectId('699f7ede421deff2f70ed97d'), ObjectId('699f7ede421deff2f70ed97e')]
[2026-02-25 17:59:42,411] DEBUG djongo.sql2mongo.query sql_command: SELECT "django_content_type"."id", "django_content_type"."app_label", "django_content_type"."model" FROM "django_content_type" WHERE ("django_content_type"."app_label" = %(0)s AND "django_content_type"."model" = %(1)s) LIMIT 21
params: ('risk_management', 'riskconfig')
[2026-02-25 17:59:42,412] DEBUG djongo.sql2mongo.query Find query: {'filter': {'$and': [{'app_label': {'$eq': 'risk_management'}}, {'model': {'$eq': 'riskconfig'}}]}, 'projection': ['id', 'app_label', 'model'], 'limit': 21}
[2026-02-25 17:59:42,412] DEBUG djongo.sql2mongo.query Result: (122, 'risk_management', 'riskconfig')
[2026-02-25 17:59:42,412] DEBUG djongo.sql2mongo.query sql_command: SELECT "django_content_type"."id", "django_content_type"."app_label", "django_content_type"."model" FROM "django_content_type" WHERE ("django_content_type"."app_label" = %(0)s AND "django_content_type"."model" = %(1)s) LIMIT 21
params: ('risk_management', 'propfirmaccount')
[2026-02-25 17:59:42,413] DEBUG djongo.sql2mongo.query Find query: {'filter': {'$and': [{'app_label': {'$eq': 'risk_management'}}, {'model': {'$eq': 'propfirmaccount'}}]}, 'projection': ['id', 'app_label', 'model'], 'limit': 21}
[2026-02-25 17:59:42,414] DEBUG djongo.sql2mongo.query Result: (123, 'risk_management', 'propfirmaccount')
[2026-02-25 17:59:42,414] DEBUG djongo.sql2mongo.query sql_command: SELECT "auth_permission"."content_type_id", "auth_permission"."codename" FROM "auth_permission" INNER JOIN "django_content_type" ON ("auth_permission"."content_type_id" = "django_content_type"."id") WHERE "auth_permission"."content_type_id" IN (%(0)s, %(1)s) ORDER BY "django_content_type"."app_label" ASC, "django_content_type"."model" ASC, "auth_permission"."codename" ASC
params: (122, 123)
[2026-02-25 17:59:42,416] DEBUG djongo.sql2mongo.query Aggregation query: [{'$match': {'content_type_id': {'$ne': None, '$exists': True}}}, {'$lookup': {'from': 'django_content_type', 'localField': 'content_type_id', 'foreignField': 'id', 'as': 'django_content_type'}}, {'$unwind': '$django_content_type'}, {'$match': {'content_type_id': {'$in': [122, 123]}}}, {'$sort': OrderedDict({'django_content_type.app_label': 1, 'django_content_type.model': 1, 'codename': 1})}, {'$project': {'content_type_id': True, 'codename': True}}]
[2026-02-25 17:59:42,416] DEBUG djongo.sql2mongo.query sql_command: INSERT INTO "auth_permission" ("name", "content_type_id", "codename") VALUES (%(0)s, %(1)s, %(2)s) VALUES (%(3)s, %(4)s, %(5)s) VALUES (%(6)s, %(7)s, %(8)s) VALUES (%(9)s, %(10)s, %(11)s) VALUES (%(12)s, %(13)s, %(14)s) VALUES (%(15)s, %(16)s, %(17)s) VALUES (%(18)s, %(19)s, %(20)s) VALUES (%(21)s, %(22)s, %(23)s)
params: ('Can add Risk Configuration', 122, 'add_riskconfig', 'Can change Risk Configuration', 122, 'change_riskconfig', 'Can delete Risk Configuration', 122, 'delete_riskconfig', 'Can view Risk Configuration', 122, 'view_riskconfig', 'Can add Prop Firm Account', 123, 'add_propfirmaccount', 'Can change Prop Firm Account', 123, 'change_propfirmaccount', 'Can delete Prop Firm Account', 123, 'delete_propfirmaccount', 'Can view Prop Firm Account', 123, 'view_propfirmaccount')
[2026-02-25 17:59:42,419] DEBUG djongo.sql2mongo.query inserted ids [ObjectId('699f7ede421deff2f70ed97f'), ObjectId('699f7ede421deff2f70ed980'), ObjectId('699f7ede421deff2f70ed981'), ObjectId('699f7ede421deff2f70ed982'), ObjectId('699f7ede421deff2f70ed983'), ObjectId('699f7ede421deff2f70ed984'), ObjectId('699f7ede421deff2f70ed985'), ObjectId('699f7ede421deff2f70ed986')]
[2026-02-25 17:59:42,419] DEBUG djongo.sql2mongo.query sql_command: SELECT "django_content_type"."id", "django_content_type"."app_label", "django_content_type"."model" FROM "django_content_type" WHERE "django_content_type"."app_label" = %(0)s
params: ('risk_management',)
[2026-02-25 17:59:42,419] DEBUG djongo.sql2mongo.query Find query: {'filter': {'app_label': {'$eq': 'risk_management'}}, 'projection': ['id', 'app_label', 'model']}
[2026-02-25 17:59:42,420] DEBUG djongo.sql2mongo.query Result: (123, 'risk_management', 'propfirmaccount')
[2026-02-25 17:59:42,420] DEBUG djongo.sql2mongo.query Result: (122, 'risk_management', 'riskconfig')
[2026-02-25 17:59:42,420] DEBUG djongo.sql2mongo.query sql_command: SELECT "django_content_type"."id", "django_content_type"."app_label", "django_content_type"."model" FROM "django_content_type" WHERE "django_content_type"."app_label" = %(0)s
params: ('market_data',)
[2026-02-25 17:59:42,420] DEBUG djongo.sql2mongo.query Find query: {'filter': {'app_label': {'$eq': 'market_data'}}, 'projection': ['id', 'app_label', 'model']}
[2026-02-25 17:59:42,421] DEBUG djongo.sql2mongo.query sql_command: INSERT INTO "django_content_type" ("app_label", "model") VALUES (%(0)s, %(1)s)
params: ('market_data', 'ohlcvbar')
[2026-02-25 17:59:42,422] DEBUG djongo.sql2mongo.query inserted ids [ObjectId('699f7ede421deff2f70ed987')]
[2026-02-25 17:59:42,422] DEBUG djongo.sql2mongo.query sql_command: SELECT "django_content_type"."id", "django_content_type"."app_label", "django_content_type"."model" FROM "django_content_type" WHERE ("django_content_type"."app_label" = %(0)s AND "django_content_type"."model" = %(1)s) LIMIT 21
params: ('market_data', 'ohlcvbar')
[2026-02-25 17:59:42,423] DEBUG djongo.sql2mongo.query Find query: {'filter': {'$and': [{'app_label': {'$eq': 'market_data'}}, {'model': {'$eq': 'ohlcvbar'}}]}, 'projection': ['id', 'app_label', 'model'], 'limit': 21}
[2026-02-25 17:59:42,424] DEBUG djongo.sql2mongo.query Result: (124, 'market_data', 'ohlcvbar')
[2026-02-25 17:59:42,424] DEBUG djongo.sql2mongo.query sql_command: SELECT "auth_permission"."content_type_id", "auth_permission"."codename" FROM "auth_permission" INNER JOIN "django_content_type" ON ("auth_permission"."content_type_id" = "django_content_type"."id") WHERE "auth_permission"."content_type_id" IN (%(0)s) ORDER BY "django_content_type"."app_label" ASC, "django_content_type"."model" ASC, "auth_permission"."codename" ASC
params: (124,)
[2026-02-25 17:59:42,426] DEBUG djongo.sql2mongo.query Aggregation query: [{'$match': {'content_type_id': {'$ne': None, '$exists': True}}}, {'$lookup': {'from': 'django_content_type', 'localField': 'content_type_id', 'foreignField': 'id', 'as': 'django_content_type'}}, {'$unwind': '$django_content_type'}, {'$match': {'content_type_id': {'$in': [124]}}}, {'$sort': OrderedDict({'django_content_type.app_label': 1, 'django_content_type.model': 1, 'codename': 1})}, {'$project': {'content_type_id': True, 'codename': True}}]
[2026-02-25 17:59:42,426] DEBUG djongo.sql2mongo.query sql_command: INSERT INTO "auth_permission" ("name", "content_type_id", "codename") VALUES (%(0)s, %(1)s, %(2)s) VALUES (%(3)s, %(4)s, %(5)s) VALUES (%(6)s, %(7)s, %(8)s) VALUES (%(9)s, %(10)s, %(11)s)
params: ('Can add OHLCV Bar', 124, 'add_ohlcvbar', 'Can change OHLCV Bar', 124, 'change_ohlcvbar', 'Can delete OHLCV Bar', 124, 'delete_ohlcvbar', 'Can view OHLCV Bar', 124, 'view_ohlcvbar')
[2026-02-25 17:59:42,427] DEBUG djongo.sql2mongo.query inserted ids [ObjectId('699f7ede421deff2f70ed988'), ObjectId('699f7ede421deff2f70ed989'), ObjectId('699f7ede421deff2f70ed98a'), ObjectId('699f7ede421deff2f70ed98b')]
[2026-02-25 17:59:42,428] DEBUG djongo.sql2mongo.query sql_command: SELECT "django_content_type"."id", "django_content_type"."app_label", "django_content_type"."model" FROM "django_content_type" WHERE "django_content_type"."app_label" = %(0)s
params: ('market_data',)
[2026-02-25 17:59:42,428] DEBUG djongo.sql2mongo.query Find query: {'filter': {'app_label': {'$eq': 'market_data'}}, 'projection': ['id', 'app_label', 'model']}
[2026-02-25 17:59:42,429] DEBUG djongo.sql2mongo.query Result: (124, 'market_data', 'ohlcvbar')
[2026-02-25 17:59:42,429] DEBUG djongo.sql2mongo.query sql_command: SELECT "django_content_type"."id", "django_content_type"."app_label", "django_content_type"."model" FROM "django_content_type" WHERE "django_content_type"."app_label" = %(0)s
params: ('dashboard',)
[2026-02-25 17:59:42,429] DEBUG djongo.sql2mongo.query Find query: {'filter': {'app_label': {'$eq': 'dashboard'}}, 'projection': ['id', 'app_label', 'model']}
[2026-02-25 17:59:42,430] DEBUG djongo.sql2mongo.query sql_command: INSERT INTO "django_content_type" ("app_label", "model") VALUES (%(0)s, %(1)s) VALUES (%(2)s, %(3)s)
params: ('dashboard', 'strategy', 'dashboard', 'aimodel')
[2026-02-25 17:59:42,431] DEBUG djongo.sql2mongo.query inserted ids [ObjectId('699f7ede421deff2f70ed98c'), ObjectId('699f7ede421deff2f70ed98d')]
[2026-02-25 17:59:42,431] DEBUG djongo.sql2mongo.query sql_command: SELECT "django_content_type"."id", "django_content_type"."app_label", "django_content_type"."model" FROM "django_content_type" WHERE ("django_content_type"."app_label" = %(0)s AND "django_content_type"."model" = %(1)s) LIMIT 21
params: ('dashboard', 'strategy')
[2026-02-25 17:59:42,432] DEBUG djongo.sql2mongo.query Find query: {'filter': {'$and': [{'app_label': {'$eq': 'dashboard'}}, {'model': {'$eq': 'strategy'}}]}, 'projection': ['id', 'app_label', 'model'], 'limit': 21}
[2026-02-25 17:59:42,433] DEBUG djongo.sql2mongo.query Result: (125, 'dashboard', 'strategy')
[2026-02-25 17:59:42,433] DEBUG djongo.sql2mongo.query sql_command: SELECT "django_content_type"."id", "django_content_type"."app_label", "django_content_type"."model" FROM "django_content_type" WHERE ("django_content_type"."app_label" = %(0)s AND "django_content_type"."model" = %(1)s) LIMIT 21
params: ('dashboard', 'aimodel')
[2026-02-25 17:59:42,433] DEBUG djongo.sql2mongo.query Find query: {'filter': {'$and': [{'app_label': {'$eq': 'dashboard'}}, {'model': {'$eq': 'aimodel'}}]}, 'projection': ['id', 'app_label', 'model'], 'limit': 21}
[2026-02-25 17:59:42,434] DEBUG djongo.sql2mongo.query Result: (126, 'dashboard', 'aimodel')
[2026-02-25 17:59:42,434] DEBUG djongo.sql2mongo.query sql_command: SELECT "auth_permission"."content_type_id", "auth_permission"."codename" FROM "auth_permission" INNER JOIN "django_content_type" ON ("auth_permission"."content_type_id" = "django_content_type"."id") WHERE "auth_permission"."content_type_id" IN (%(0)s, %(1)s) ORDER BY "django_content_type"."app_label" ASC, "django_content_type"."model" ASC, "auth_permission"."codename" ASC
params: (125, 126)
[2026-02-25 17:59:42,436] DEBUG djongo.sql2mongo.query Aggregation query: [{'$match': {'content_type_id': {'$ne': None, '$exists': True}}}, {'$lookup': {'from': 'django_content_type', 'localField': 'content_type_id', 'foreignField': 'id', 'as': 'django_content_type'}}, {'$unwind': '$django_content_type'}, {'$match': {'content_type_id': {'$in': [125, 126]}}}, {'$sort': OrderedDict({'django_content_type.app_label': 1, 'django_content_type.model': 1, 'codename': 1})}, {'$project': {'content_type_id': True, 'codename': True}}]
[2026-02-25 17:59:42,436] DEBUG djongo.sql2mongo.query sql_command: INSERT INTO "auth_permission" ("name", "content_type_id", "codename") VALUES (%(0)s, %(1)s, %(2)s) VALUES (%(3)s, %(4)s, %(5)s) VALUES (%(6)s, %(7)s, %(8)s) VALUES (%(9)s, %(10)s, %(11)s) VALUES (%(12)s, %(13)s, %(14)s) VALUES (%(15)s, %(16)s, %(17)s) VALUES (%(18)s, %(19)s, %(20)s) VALUES (%(21)s, %(22)s, %(23)s)
params: ('Can add Strategy', 125, 'add_strategy', 'Can change Strategy', 125, 'change_strategy', 'Can delete Strategy', 125, 'delete_strategy', 'Can view Strategy', 125, 'view_strategy', 'Can add AI Model', 126, 'add_aimodel', 'Can change AI Model', 126, 'change_aimodel', 'Can delete AI Model', 126, 'delete_aimodel', 'Can view AI Model', 126, 'view_aimodel')
[2026-02-25 17:59:42,439] DEBUG djongo.sql2mongo.query inserted ids [ObjectId('699f7ede421deff2f70ed98e'), ObjectId('699f7ede421deff2f70ed98f'), ObjectId('699f7ede421deff2f70ed990'), ObjectId('699f7ede421deff2f70ed991'), ObjectId('699f7ede421deff2f70ed992'), ObjectId('699f7ede421deff2f70ed993'), ObjectId('699f7ede421deff2f70ed994'), ObjectId('699f7ede421deff2f70ed995')]
[2026-02-25 17:59:42,439] DEBUG djongo.sql2mongo.query sql_command: SELECT "django_content_type"."id", "django_content_type"."app_label", "django_content_type"."model" FROM "django_content_type" WHERE "django_content_type"."app_label" = %(0)s
params: ('dashboard',)
[2026-02-25 17:59:42,439] DEBUG djongo.sql2mongo.query Find query: {'filter': {'app_label': {'$eq': 'dashboard'}}, 'projection': ['id', 'app_label', 'model']}
[2026-02-25 17:59:42,440] DEBUG djongo.sql2mongo.query Result: (126, 'dashboard', 'aimodel')
[2026-02-25 17:59:42,440] DEBUG djongo.sql2mongo.query Result: (125, 'dashboard', 'strategy')
[2026-02-25 17:59:42,440] DEBUG djongo.base MongoClient connection closed
[2026-02-25 17:59:42,440] DEBUG djongo.base Existing MongoClient connection closed
[2026-02-25 17:59:42,440] DEBUG djongo.base New Database connection
[2026-02-25 17:59:42,440] DEBUG djongo.sql2mongo.query sql_command: SELECT "risk_management_riskconfig"."id", "risk_management_riskconfig"."name", "risk_management_riskconfig"."is_active", "risk_management_riskconfig"."max_daily_drawdown_pct", "risk_management_riskconfig"."max_total_drawdown_pct", "risk_management_riskconfig"."max_position_size_pct", "risk_management_riskconfig"."max_open_positions", "risk_management_riskconfig"."max_daily_trades", "risk_management_riskconfig"."daily_loss_limit", "risk_management_riskconfig"."kill_switch_active", "risk_management_riskconfig"."organization_id", "risk_management_riskconfig"."created_at", "risk_management_riskconfig"."updated_at" FROM "risk_management_riskconfig" WHERE "risk_management_riskconfig"."name" = %(0)s LIMIT 21
params: ('default',)
[2026-02-25 17:59:42,442] DEBUG djongo.sql2mongo.query Find query: {'filter': {'name': {'$eq': 'default'}}, 'projection': ['id', 'name', 'is_active', 'max_daily_drawdown_pct', 'max_total_drawdown_pct', 'max_position_size_pct', 'max_open_positions', 'max_daily_trades', 'daily_loss_limit', 'kill_switch_active', 'organization_id', 'created_at', 'updated_at'], 'limit': 21}
[2026-02-25 17:59:42,791] DEBUG djongo.sql2mongo.query sql_command: INSERT INTO "risk_management_riskconfig" ("name", "is_active", "max_daily_drawdown_pct", "max_total_drawdown_pct", "max_position_size_pct", "max_open_positions", "max_daily_trades", "daily_loss_limit", "kill_switch_active", "organization_id", "created_at", "updated_at") VALUES (%(0)s, %(1)s, %(2)s, %(3)s, %(4)s, %(5)s, %(6)s, %(7)s, %(8)s, %(9)s, %(10)s, %(11)s)
params: ['default', True, Decimal128('5.00'), Decimal128('10.00'), Decimal128('5.00'), 10, 50, Decimal128('1000.00'), False, None, datetime.datetime(2026, 2, 25, 22, 59, 42, 791703), datetime.datetime(2026, 2, 25, 22, 59, 42, 791728)]
[2026-02-25 17:59:42,799] DEBUG djongo.sql2mongo.query inserted ids [ObjectId('699f7ede421deff2f70ed996')]
[2026-02-25 17:59:42,800] DEBUG djongo.sql2mongo.query sql_command: SELECT COUNT(*) AS "__count" FROM "execution_engine_trade"
params: ()
[2026-02-25 17:59:42,803] DEBUG djongo.sql2mongo.query Aggregation query: [{'$group': {'_id': None, '__count': {'$sum': 1}}}, {'$project': {'_id': False, '__count': True}}]
[2026-02-25 17:59:42,804] DEBUG djongo.sql2mongo.query sql_command: SELECT "risk_management_riskconfig"."id", "risk_management_riskconfig"."name", "risk_management_riskconfig"."is_active", "risk_management_riskconfig"."max_daily_drawdown_pct", "risk_management_riskconfig"."max_total_drawdown_pct", "risk_management_riskconfig"."max_position_size_pct", "risk_management_riskconfig"."max_open_positions", "risk_management_riskconfig"."max_daily_trades", "risk_management_riskconfig"."daily_loss_limit", "risk_management_riskconfig"."kill_switch_active", "risk_management_riskconfig"."organization_id", "risk_management_riskconfig"."created_at", "risk_management_riskconfig"."updated_at" FROM "risk_management_riskconfig" WHERE "risk_management_riskconfig"."name" = %(0)s LIMIT 21
params: ('default',)
[2026-02-25 17:59:42,807] DEBUG djongo.sql2mongo.query Find query: {'filter': {'name': {'$eq': 'default'}}, 'projection': ['id', 'name', 'is_active', 'max_daily_drawdown_pct', 'max_total_drawdown_pct', 'max_position_size_pct', 'max_open_positions', 'max_daily_trades', 'daily_loss_limit', 'kill_switch_active', 'organization_id', 'created_at', 'updated_at'], 'limit': 21}
[2026-02-25 17:59:42,808] DEBUG djongo.sql2mongo.query Result: (9, 'default', True, Decimal128('5.00'), Decimal128('10.00'), Decimal128('5.00'), 10, 50, Decimal128('1000.00'), False, None, datetime.datetime(2026, 2, 25, 22, 59, 42, 791000), datetime.datetime(2026, 2, 25, 22, 59, 42, 791000))
.[2026-02-25 17:59:42,814] DEBUG djongo.sql2mongo.query sql_command: ALTER TABLE "webhooks_webhookevent" FLUSH
params: None
[2026-02-25 17:59:42,814] DEBUG djongo.sql2mongo.query sql_command: ALTER TABLE "risk_management_propfirmaccount" FLUSH
params: None
[2026-02-25 17:59:42,818] DEBUG djongo.sql2mongo.query sql_command: ALTER TABLE "risk_management_riskconfig" FLUSH
params: None
[2026-02-25 17:59:42,818] DEBUG djongo.sql2mongo.query sql_command: ALTER TABLE "broker_connector_brokeraccount" FLUSH
params: None
[2026-02-25 17:59:42,819] DEBUG djongo.sql2mongo.query sql_command: ALTER TABLE "auth_group" FLUSH
params: None
[2026-02-25 17:59:42,820] DEBUG djongo.sql2mongo.query sql_command: ALTER TABLE "execution_engine_trade" FLUSH
params: None
[2026-02-25 17:59:42,820] DEBUG djongo.sql2mongo.query sql_command: ALTER TABLE "auth_permission" FLUSH
params: None
[2026-02-25 17:59:42,822] DEBUG djongo.sql2mongo.query sql_command: ALTER TABLE "market_data_ohlcvbar" FLUSH
params: None
[2026-02-25 17:59:42,823] DEBUG djongo.sql2mongo.query sql_command: ALTER TABLE "dashboard_aimodel" FLUSH
params: None
[2026-02-25 17:59:42,824] DEBUG djongo.sql2mongo.query sql_command: ALTER TABLE "dashboard_strategy" FLUSH
params: None
[2026-02-25 17:59:42,825] DEBUG djongo.sql2mongo.query sql_command: ALTER TABLE "django_session" FLUSH
params: None
[2026-02-25 17:59:42,826] DEBUG djongo.sql2mongo.query sql_command: ALTER TABLE "auth_group_permissions" FLUSH
params: None
[2026-02-25 17:59:42,826] DEBUG djongo.sql2mongo.query sql_command: ALTER TABLE "auth_user_user_permissions" FLUSH
params: None
[2026-02-25 17:59:42,827] DEBUG djongo.sql2mongo.query sql_command: ALTER TABLE "auth_user" FLUSH
params: None
[2026-02-25 17:59:42,828] DEBUG djongo.sql2mongo.query sql_command: ALTER TABLE "django_content_type" FLUSH
params: None
[2026-02-25 17:59:42,829] DEBUG djongo.sql2mongo.query sql_command: ALTER TABLE "auth_user_groups" FLUSH
params: None
[2026-02-25 17:59:42,830] DEBUG djongo.sql2mongo.query sql_command: ALTER TABLE "django_admin_log" FLUSH
params: None
[2026-02-25 17:59:42,831] DEBUG djongo.sql2mongo.query sql_command: SELECT "django_content_type"."id", "django_content_type"."app_label", "django_content_type"."model" FROM "django_content_type" WHERE "django_content_type"."app_label" = %(0)s
params: ('admin',)
[2026-02-25 17:59:42,832] DEBUG djongo.sql2mongo.query Find query: {'filter': {'app_label': {'$eq': 'admin'}}, 'projection': ['id', 'app_label', 'model']}
[2026-02-25 17:59:42,833] DEBUG djongo.sql2mongo.query sql_command: INSERT INTO "django_content_type" ("app_label", "model") VALUES (%(0)s, %(1)s)
params: ('admin', 'logentry')
[2026-02-25 17:59:42,834] DEBUG djongo.sql2mongo.query inserted ids [ObjectId('699f7ede421deff2f70ed997')]
[2026-02-25 17:59:42,834] DEBUG djongo.sql2mongo.query sql_command: SELECT "django_content_type"."id", "django_content_type"."app_label", "django_content_type"."model" FROM "django_content_type" WHERE ("django_content_type"."app_label" = %(0)s AND "django_content_type"."model" = %(1)s) LIMIT 21
params: ('admin', 'logentry')
[2026-02-25 17:59:42,835] DEBUG djongo.sql2mongo.query Find query: {'filter': {'$and': [{'app_label': {'$eq': 'admin'}}, {'model': {'$eq': 'logentry'}}]}, 'projection': ['id', 'app_label', 'model'], 'limit': 21}
[2026-02-25 17:59:42,836] DEBUG djongo.sql2mongo.query Result: (127, 'admin', 'logentry')
[2026-02-25 17:59:42,836] DEBUG djongo.sql2mongo.query sql_command: SELECT "auth_permission"."content_type_id", "auth_permission"."codename" FROM "auth_permission" INNER JOIN "django_content_type" ON ("auth_permission"."content_type_id" = "django_content_type"."id") WHERE "auth_permission"."content_type_id" IN (%(0)s) ORDER BY "django_content_type"."app_label" ASC, "django_content_type"."model" ASC, "auth_permission"."codename" ASC
params: (127,)
[2026-02-25 17:59:42,838] DEBUG djongo.sql2mongo.query Aggregation query: [{'$match': {'content_type_id': {'$ne': None, '$exists': True}}}, {'$lookup': {'from': 'django_content_type', 'localField': 'content_type_id', 'foreignField': 'id', 'as': 'django_content_type'}}, {'$unwind': '$django_content_type'}, {'$match': {'content_type_id': {'$in': [127]}}}, {'$sort': OrderedDict({'django_content_type.app_label': 1, 'django_content_type.model': 1, 'codename': 1})}, {'$project': {'content_type_id': True, 'codename': True}}]
[2026-02-25 17:59:42,838] DEBUG djongo.sql2mongo.query sql_command: INSERT INTO "auth_permission" ("name", "content_type_id", "codename") VALUES (%(0)s, %(1)s, %(2)s) VALUES (%(3)s, %(4)s, %(5)s) VALUES (%(6)s, %(7)s, %(8)s) VALUES (%(9)s, %(10)s, %(11)s)
params: ('Can add log entry', 127, 'add_logentry', 'Can change log entry', 127, 'change_logentry', 'Can delete log entry', 127, 'delete_logentry', 'Can view log entry', 127, 'view_logentry')
[2026-02-25 17:59:42,840] DEBUG djongo.sql2mongo.query inserted ids [ObjectId('699f7ede421deff2f70ed998'), ObjectId('699f7ede421deff2f70ed999'), ObjectId('699f7ede421deff2f70ed99a'), ObjectId('699f7ede421deff2f70ed99b')]
[2026-02-25 17:59:42,840] DEBUG djongo.sql2mongo.query sql_command: SELECT "django_content_type"."id", "django_content_type"."app_label", "django_content_type"."model" FROM "django_content_type" WHERE "django_content_type"."app_label" = %(0)s
params: ('admin',)
[2026-02-25 17:59:42,841] DEBUG djongo.sql2mongo.query Find query: {'filter': {'app_label': {'$eq': 'admin'}}, 'projection': ['id', 'app_label', 'model']}
[2026-02-25 17:59:42,842] DEBUG djongo.sql2mongo.query Result: (127, 'admin', 'logentry')
[2026-02-25 17:59:42,842] DEBUG djongo.sql2mongo.query sql_command: SELECT "django_content_type"."id", "django_content_type"."app_label", "django_content_type"."model" FROM "django_content_type" WHERE "django_content_type"."app_label" = %(0)s
params: ('auth',)
[2026-02-25 17:59:42,842] DEBUG djongo.sql2mongo.query Find query: {'filter': {'app_label': {'$eq': 'auth'}}, 'projection': ['id', 'app_label', 'model']}
[2026-02-25 17:59:42,843] DEBUG djongo.sql2mongo.query sql_command: INSERT INTO "django_content_type" ("app_label", "model") VALUES (%(0)s, %(1)s) VALUES (%(2)s, %(3)s) VALUES (%(4)s, %(5)s)
params: ('auth', 'permission', 'auth', 'group', 'auth', 'user')
[2026-02-25 17:59:42,845] DEBUG djongo.sql2mongo.query inserted ids [ObjectId('699f7ede421deff2f70ed99c'), ObjectId('699f7ede421deff2f70ed99d'), ObjectId('699f7ede421deff2f70ed99e')]
[2026-02-25 17:59:42,845] DEBUG djongo.sql2mongo.query sql_command: SELECT "django_content_type"."id", "django_content_type"."app_label", "django_content_type"."model" FROM "django_content_type" WHERE ("django_content_type"."app_label" = %(0)s AND "django_content_type"."model" = %(1)s) LIMIT 21
params: ('auth', 'permission')
[2026-02-25 17:59:42,846] DEBUG djongo.sql2mongo.query Find query: {'filter': {'$and': [{'app_label': {'$eq': 'auth'}}, {'model': {'$eq': 'permission'}}]}, 'projection': ['id', 'app_label', 'model'], 'limit': 21}
[2026-02-25 17:59:42,847] DEBUG djongo.sql2mongo.query Result: (128, 'auth', 'permission')
[2026-02-25 17:59:42,848] DEBUG djongo.sql2mongo.query sql_command: SELECT "django_content_type"."id", "django_content_type"."app_label", "django_content_type"."model" FROM "django_content_type" WHERE ("django_content_type"."app_label" = %(0)s AND "django_content_type"."model" = %(1)s) LIMIT 21
params: ('auth', 'group')
[2026-02-25 17:59:42,849] DEBUG djongo.sql2mongo.query Find query: {'filter': {'$and': [{'app_label': {'$eq': 'auth'}}, {'model': {'$eq': 'group'}}]}, 'projection': ['id', 'app_label', 'model'], 'limit': 21}
[2026-02-25 17:59:42,849] DEBUG djongo.sql2mongo.query Result: (129, 'auth', 'group')
[2026-02-25 17:59:42,850] DEBUG djongo.sql2mongo.query sql_command: SELECT "django_content_type"."id", "django_content_type"."app_label", "django_content_type"."model" FROM "django_content_type" WHERE ("django_content_type"."app_label" = %(0)s AND "django_content_type"."model" = %(1)s) LIMIT 21
params: ('auth', 'user')
[2026-02-25 17:59:42,851] DEBUG djongo.sql2mongo.query Find query: {'filter': {'$and': [{'app_label': {'$eq': 'auth'}}, {'model': {'$eq': 'user'}}]}, 'projection': ['id', 'app_label', 'model'], 'limit': 21}
[2026-02-25 17:59:42,851] DEBUG djongo.sql2mongo.query Result: (130, 'auth', 'user')
[2026-02-25 17:59:42,852] DEBUG djongo.sql2mongo.query sql_command: SELECT "auth_permission"."content_type_id", "auth_permission"."codename" FROM "auth_permission" INNER JOIN "django_content_type" ON ("auth_permission"."content_type_id" = "django_content_type"."id") WHERE "auth_permission"."content_type_id" IN (%(0)s, %(1)s, %(2)s) ORDER BY "django_content_type"."app_label" ASC, "django_content_type"."model" ASC, "auth_permission"."codename" ASC
params: (128, 129, 130)
[2026-02-25 17:59:42,854] DEBUG djongo.sql2mongo.query Aggregation query: [{'$match': {'content_type_id': {'$ne': None, '$exists': True}}}, {'$lookup': {'from': 'django_content_type', 'localField': 'content_type_id', 'foreignField': 'id', 'as': 'django_content_type'}}, {'$unwind': '$django_content_type'}, {'$match': {'content_type_id': {'$in': [128, 129, 130]}}}, {'$sort': OrderedDict({'django_content_type.app_label': 1, 'django_content_type.model': 1, 'codename': 1})}, {'$project': {'content_type_id': True, 'codename': True}}]
[2026-02-25 17:59:42,855] DEBUG djongo.sql2mongo.query sql_command: INSERT INTO "auth_permission" ("name", "content_type_id", "codename") VALUES (%(0)s, %(1)s, %(2)s) VALUES (%(3)s, %(4)s, %(5)s) VALUES (%(6)s, %(7)s, %(8)s) VALUES (%(9)s, %(10)s, %(11)s) VALUES (%(12)s, %(13)s, %(14)s) VALUES (%(15)s, %(16)s, %(17)s) VALUES (%(18)s, %(19)s, %(20)s) VALUES (%(21)s, %(22)s, %(23)s) VALUES (%(24)s, %(25)s, %(26)s) VALUES (%(27)s, %(28)s, %(29)s) VALUES (%(30)s, %(31)s, %(32)s) VALUES (%(33)s, %(34)s, %(35)s)
params: ('Can add permission', 128, 'add_permission', 'Can change permission', 128, 'change_permission', 'Can delete permission', 128, 'delete_permission', 'Can view permission', 128, 'view_permission', 'Can add group', 129, 'add_group', 'Can change group', 129, 'change_group', 'Can delete group', 129, 'delete_group', 'Can view group', 129, 'view_group', 'Can add user', 130, 'add_user', 'Can change user', 130, 'change_user', 'Can delete user', 130, 'delete_user', 'Can view user', 130, 'view_user')
[2026-02-25 17:59:42,859] DEBUG djongo.sql2mongo.query inserted ids [ObjectId('699f7ede421deff2f70ed99f'), ObjectId('699f7ede421deff2f70ed9a0'), ObjectId('699f7ede421deff2f70ed9a1'), ObjectId('699f7ede421deff2f70ed9a2'), ObjectId('699f7ede421deff2f70ed9a3'), ObjectId('699f7ede421deff2f70ed9a4'), ObjectId('699f7ede421deff2f70ed9a5'), ObjectId('699f7ede421deff2f70ed9a6'), ObjectId('699f7ede421deff2f70ed9a7'), ObjectId('699f7ede421deff2f70ed9a8'), ObjectId('699f7ede421deff2f70ed9a9'), ObjectId('699f7ede421deff2f70ed9aa')]
[2026-02-25 17:59:42,859] DEBUG djongo.sql2mongo.query sql_command: SELECT "django_content_type"."id", "django_content_type"."app_label", "django_content_type"."model" FROM "django_content_type" WHERE "django_content_type"."app_label" = %(0)s
params: ('auth',)
[2026-02-25 17:59:42,860] DEBUG djongo.sql2mongo.query Find query: {'filter': {'app_label': {'$eq': 'auth'}}, 'projection': ['id', 'app_label', 'model']}
[2026-02-25 17:59:42,860] DEBUG djongo.sql2mongo.query Result: (129, 'auth', 'group')
[2026-02-25 17:59:42,860] DEBUG djongo.sql2mongo.query Result: (128, 'auth', 'permission')
[2026-02-25 17:59:42,860] DEBUG djongo.sql2mongo.query Result: (130, 'auth', 'user')
[2026-02-25 17:59:42,861] DEBUG djongo.sql2mongo.query sql_command: SELECT "django_content_type"."id", "django_content_type"."app_label", "django_content_type"."model" FROM "django_content_type" WHERE "django_content_type"."app_label" = %(0)s
params: ('contenttypes',)
[2026-02-25 17:59:42,861] DEBUG djongo.sql2mongo.query Find query: {'filter': {'app_label': {'$eq': 'contenttypes'}}, 'projection': ['id', 'app_label', 'model']}
[2026-02-25 17:59:42,862] DEBUG djongo.sql2mongo.query sql_command: INSERT INTO "django_content_type" ("app_label", "model") VALUES (%(0)s, %(1)s)
params: ('contenttypes', 'contenttype')
[2026-02-25 17:59:42,864] DEBUG djongo.sql2mongo.query inserted ids [ObjectId('699f7ede421deff2f70ed9ab')]
[2026-02-25 17:59:42,864] DEBUG djongo.sql2mongo.query sql_command: SELECT "django_content_type"."id", "django_content_type"."app_label", "django_content_type"."model" FROM "django_content_type" WHERE ("django_content_type"."app_label" = %(0)s AND "django_content_type"."model" = %(1)s) LIMIT 21
params: ('contenttypes', 'contenttype')
[2026-02-25 17:59:42,865] DEBUG djongo.sql2mongo.query Find query: {'filter': {'$and': [{'app_label': {'$eq': 'contenttypes'}}, {'model': {'$eq': 'contenttype'}}]}, 'projection': ['id', 'app_label', 'model'], 'limit': 21}
[2026-02-25 17:59:42,867] DEBUG djongo.sql2mongo.query Result: (131, 'contenttypes', 'contenttype')
[2026-02-25 17:59:42,867] DEBUG djongo.sql2mongo.query sql_command: SELECT "auth_permission"."content_type_id", "auth_permission"."codename" FROM "auth_permission" INNER JOIN "django_content_type" ON ("auth_permission"."content_type_id" = "django_content_type"."id") WHERE "auth_permission"."content_type_id" IN (%(0)s) ORDER BY "django_content_type"."app_label" ASC, "django_content_type"."model" ASC, "auth_permission"."codename" ASC
params: (131,)
[2026-02-25 17:59:42,870] DEBUG djongo.sql2mongo.query Aggregation query: [{'$match': {'content_type_id': {'$ne': None, '$exists': True}}}, {'$lookup': {'from': 'django_content_type', 'localField': 'content_type_id', 'foreignField': 'id', 'as': 'django_content_type'}}, {'$unwind': '$django_content_type'}, {'$match': {'content_type_id': {'$in': [131]}}}, {'$sort': OrderedDict({'django_content_type.app_label': 1, 'django_content_type.model': 1, 'codename': 1})}, {'$project': {'content_type_id': True, 'codename': True}}]
[2026-02-25 17:59:42,870] DEBUG djongo.sql2mongo.query sql_command: INSERT INTO "auth_permission" ("name", "content_type_id", "codename") VALUES (%(0)s, %(1)s, %(2)s) VALUES (%(3)s, %(4)s, %(5)s) VALUES (%(6)s, %(7)s, %(8)s) VALUES (%(9)s, %(10)s, %(11)s)
params: ('Can add content type', 131, 'add_contenttype', 'Can change content type', 131, 'change_contenttype', 'Can delete content type', 131, 'delete_contenttype', 'Can view content type', 131, 'view_contenttype')
[2026-02-25 17:59:42,873] DEBUG djongo.sql2mongo.query inserted ids [ObjectId('699f7ede421deff2f70ed9ac'), ObjectId('699f7ede421deff2f70ed9ad'), ObjectId('699f7ede421deff2f70ed9ae'), ObjectId('699f7ede421deff2f70ed9af')]
[2026-02-25 17:59:42,873] DEBUG djongo.sql2mongo.query sql_command: SELECT "django_content_type"."id", "django_content_type"."app_label", "django_content_type"."model" FROM "django_content_type" WHERE "django_content_type"."app_label" = %(0)s
params: ('contenttypes',)
[2026-02-25 17:59:42,874] DEBUG djongo.sql2mongo.query Find query: {'filter': {'app_label': {'$eq': 'contenttypes'}}, 'projection': ['id', 'app_label', 'model']}
[2026-02-25 17:59:42,875] DEBUG djongo.sql2mongo.query Result: (131, 'contenttypes', 'contenttype')
[2026-02-25 17:59:42,875] DEBUG djongo.sql2mongo.query sql_command: SELECT "django_content_type"."id", "django_content_type"."app_label", "django_content_type"."model" FROM "django_content_type" WHERE "django_content_type"."app_label" = %(0)s
params: ('sessions',)
[2026-02-25 17:59:42,875] DEBUG djongo.sql2mongo.query Find query: {'filter': {'app_label': {'$eq': 'sessions'}}, 'projection': ['id', 'app_label', 'model']}
[2026-02-25 17:59:42,876] DEBUG djongo.sql2mongo.query sql_command: INSERT INTO "django_content_type" ("app_label", "model") VALUES (%(0)s, %(1)s)
params: ('sessions', 'session')
[2026-02-25 17:59:42,877] DEBUG djongo.sql2mongo.query inserted ids [ObjectId('699f7ede421deff2f70ed9b0')]
[2026-02-25 17:59:42,877] DEBUG djongo.sql2mongo.query sql_command: SELECT "django_content_type"."id", "django_content_type"."app_label", "django_content_type"."model" FROM "django_content_type" WHERE ("django_content_type"."app_label" = %(0)s AND "django_content_type"."model" = %(1)s) LIMIT 21
params: ('sessions', 'session')
[2026-02-25 17:59:42,878] DEBUG djongo.sql2mongo.query Find query: {'filter': {'$and': [{'app_label': {'$eq': 'sessions'}}, {'model': {'$eq': 'session'}}]}, 'projection': ['id', 'app_label', 'model'], 'limit': 21}
[2026-02-25 17:59:42,878] DEBUG djongo.sql2mongo.query Result: (132, 'sessions', 'session')
[2026-02-25 17:59:42,879] DEBUG djongo.sql2mongo.query sql_command: SELECT "auth_permission"."content_type_id", "auth_permission"."codename" FROM "auth_permission" INNER JOIN "django_content_type" ON ("auth_permission"."content_type_id" = "django_content_type"."id") WHERE "auth_permission"."content_type_id" IN (%(0)s) ORDER BY "django_content_type"."app_label" ASC, "django_content_type"."model" ASC, "auth_permission"."codename" ASC
params: (132,)
[2026-02-25 17:59:42,881] DEBUG djongo.sql2mongo.query Aggregation query: [{'$match': {'content_type_id': {'$ne': None, '$exists': True}}}, {'$lookup': {'from': 'django_content_type', 'localField': 'content_type_id', 'foreignField': 'id', 'as': 'django_content_type'}}, {'$unwind': '$django_content_type'}, {'$match': {'content_type_id': {'$in': [132]}}}, {'$sort': OrderedDict({'django_content_type.app_label': 1, 'django_content_type.model': 1, 'codename': 1})}, {'$project': {'content_type_id': True, 'codename': True}}]
[2026-02-25 17:59:42,881] DEBUG djongo.sql2mongo.query sql_command: INSERT INTO "auth_permission" ("name", "content_type_id", "codename") VALUES (%(0)s, %(1)s, %(2)s) VALUES (%(3)s, %(4)s, %(5)s) VALUES (%(6)s, %(7)s, %(8)s) VALUES (%(9)s, %(10)s, %(11)s)
params: ('Can add session', 132, 'add_session', 'Can change session', 132, 'change_session', 'Can delete session', 132, 'delete_session', 'Can view session', 132, 'view_session')
[2026-02-25 17:59:42,883] DEBUG djongo.sql2mongo.query inserted ids [ObjectId('699f7ede421deff2f70ed9b1'), ObjectId('699f7ede421deff2f70ed9b2'), ObjectId('699f7ede421deff2f70ed9b3'), ObjectId('699f7ede421deff2f70ed9b4')]
[2026-02-25 17:59:42,883] DEBUG djongo.sql2mongo.query sql_command: SELECT "django_content_type"."id", "django_content_type"."app_label", "django_content_type"."model" FROM "django_content_type" WHERE "django_content_type"."app_label" = %(0)s
params: ('sessions',)
[2026-02-25 17:59:42,883] DEBUG djongo.sql2mongo.query Find query: {'filter': {'app_label': {'$eq': 'sessions'}}, 'projection': ['id', 'app_label', 'model']}
[2026-02-25 17:59:42,884] DEBUG djongo.sql2mongo.query Result: (132, 'sessions', 'session')
[2026-02-25 17:59:42,884] DEBUG djongo.sql2mongo.query sql_command: SELECT "django_content_type"."id", "django_content_type"."app_label", "django_content_type"."model" FROM "django_content_type" WHERE "django_content_type"."app_label" = %(0)s
params: ('webhooks',)
[2026-02-25 17:59:42,885] DEBUG djongo.sql2mongo.query Find query: {'filter': {'app_label': {'$eq': 'webhooks'}}, 'projection': ['id', 'app_label', 'model']}
[2026-02-25 17:59:42,886] DEBUG djongo.sql2mongo.query sql_command: INSERT INTO "django_content_type" ("app_label", "model") VALUES (%(0)s, %(1)s)
params: ('webhooks', 'webhookevent')
[2026-02-25 17:59:42,887] DEBUG djongo.sql2mongo.query inserted ids [ObjectId('699f7ede421deff2f70ed9b5')]
[2026-02-25 17:59:42,887] DEBUG djongo.sql2mongo.query sql_command: SELECT "django_content_type"."id", "django_content_type"."app_label", "django_content_type"."model" FROM "django_content_type" WHERE ("django_content_type"."app_label" = %(0)s AND "django_content_type"."model" = %(1)s) LIMIT 21
params: ('webhooks', 'webhookevent')
[2026-02-25 17:59:42,888] DEBUG djongo.sql2mongo.query Find query: {'filter': {'$and': [{'app_label': {'$eq': 'webhooks'}}, {'model': {'$eq': 'webhookevent'}}]}, 'projection': ['id', 'app_label', 'model'], 'limit': 21}
[2026-02-25 17:59:42,889] DEBUG djongo.sql2mongo.query Result: (133, 'webhooks', 'webhookevent')
[2026-02-25 17:59:42,889] DEBUG djongo.sql2mongo.query sql_command: SELECT "auth_permission"."content_type_id", "auth_permission"."codename" FROM "auth_permission" INNER JOIN "django_content_type" ON ("auth_permission"."content_type_id" = "django_content_type"."id") WHERE "auth_permission"."content_type_id" IN (%(0)s) ORDER BY "django_content_type"."app_label" ASC, "django_content_type"."model" ASC, "auth_permission"."codename" ASC
params: (133,)
[2026-02-25 17:59:42,891] DEBUG djongo.sql2mongo.query Aggregation query: [{'$match': {'content_type_id': {'$ne': None, '$exists': True}}}, {'$lookup': {'from': 'django_content_type', 'localField': 'content_type_id', 'foreignField': 'id', 'as': 'django_content_type'}}, {'$unwind': '$django_content_type'}, {'$match': {'content_type_id': {'$in': [133]}}}, {'$sort': OrderedDict({'django_content_type.app_label': 1, 'django_content_type.model': 1, 'codename': 1})}, {'$project': {'content_type_id': True, 'codename': True}}]
[2026-02-25 17:59:42,891] DEBUG djongo.sql2mongo.query sql_command: INSERT INTO "auth_permission" ("name", "content_type_id", "codename") VALUES (%(0)s, %(1)s, %(2)s) VALUES (%(3)s, %(4)s, %(5)s) VALUES (%(6)s, %(7)s, %(8)s) VALUES (%(9)s, %(10)s, %(11)s)
params: ('Can add Webhook Event', 133, 'add_webhookevent', 'Can change Webhook Event', 133, 'change_webhookevent', 'Can delete Webhook Event', 133, 'delete_webhookevent', 'Can view Webhook Event', 133, 'view_webhookevent')
[2026-02-25 17:59:42,893] DEBUG djongo.sql2mongo.query inserted ids [ObjectId('699f7ede421deff2f70ed9b6'), ObjectId('699f7ede421deff2f70ed9b7'), ObjectId('699f7ede421deff2f70ed9b8'), ObjectId('699f7ede421deff2f70ed9b9')]
[2026-02-25 17:59:42,893] DEBUG djongo.sql2mongo.query sql_command: SELECT "django_content_type"."id", "django_content_type"."app_label", "django_content_type"."model" FROM "django_content_type" WHERE "django_content_type"."app_label" = %(0)s
params: ('webhooks',)
[2026-02-25 17:59:42,893] DEBUG djongo.sql2mongo.query Find query: {'filter': {'app_label': {'$eq': 'webhooks'}}, 'projection': ['id', 'app_label', 'model']}
[2026-02-25 17:59:42,894] DEBUG djongo.sql2mongo.query Result: (133, 'webhooks', 'webhookevent')
[2026-02-25 17:59:42,894] DEBUG djongo.sql2mongo.query sql_command: SELECT "django_content_type"."id", "django_content_type"."app_label", "django_content_type"."model" FROM "django_content_type" WHERE "django_content_type"."app_label" = %(0)s
params: ('broker_connector',)
[2026-02-25 17:59:42,894] DEBUG djongo.sql2mongo.query Find query: {'filter': {'app_label': {'$eq': 'broker_connector'}}, 'projection': ['id', 'app_label', 'model']}
[2026-02-25 17:59:42,895] DEBUG djongo.sql2mongo.query sql_command: INSERT INTO "django_content_type" ("app_label", "model") VALUES (%(0)s, %(1)s)
params: ('broker_connector', 'brokeraccount')
[2026-02-25 17:59:42,897] DEBUG djongo.sql2mongo.query inserted ids [ObjectId('699f7ede421deff2f70ed9ba')]
[2026-02-25 17:59:42,897] DEBUG djongo.sql2mongo.query sql_command: SELECT "django_content_type"."id", "django_content_type"."app_label", "django_content_type"."model" FROM "django_content_type" WHERE ("django_content_type"."app_label" = %(0)s AND "django_content_type"."model" = %(1)s) LIMIT 21
params: ('broker_connector', 'brokeraccount')
[2026-02-25 17:59:42,898] DEBUG djongo.sql2mongo.query Find query: {'filter': {'$and': [{'app_label': {'$eq': 'broker_connector'}}, {'model': {'$eq': 'brokeraccount'}}]}, 'projection': ['id', 'app_label', 'model'], 'limit': 21}
[2026-02-25 17:59:42,899] DEBUG djongo.sql2mongo.query Result: (134, 'broker_connector', 'brokeraccount')
[2026-02-25 17:59:42,899] DEBUG djongo.sql2mongo.query sql_command: SELECT "auth_permission"."content_type_id", "auth_permission"."codename" FROM "auth_permission" INNER JOIN "django_content_type" ON ("auth_permission"."content_type_id" = "django_content_type"."id") WHERE "auth_permission"."content_type_id" IN (%(0)s) ORDER BY "django_content_type"."app_label" ASC, "django_content_type"."model" ASC, "auth_permission"."codename" ASC
params: (134,)
[2026-02-25 17:59:42,901] DEBUG djongo.sql2mongo.query Aggregation query: [{'$match': {'content_type_id': {'$ne': None, '$exists': True}}}, {'$lookup': {'from': 'django_content_type', 'localField': 'content_type_id', 'foreignField': 'id', 'as': 'django_content_type'}}, {'$unwind': '$django_content_type'}, {'$match': {'content_type_id': {'$in': [134]}}}, {'$sort': OrderedDict({'django_content_type.app_label': 1, 'django_content_type.model': 1, 'codename': 1})}, {'$project': {'content_type_id': True, 'codename': True}}]
[2026-02-25 17:59:42,901] DEBUG djongo.sql2mongo.query sql_command: INSERT INTO "auth_permission" ("name", "content_type_id", "codename") VALUES (%(0)s, %(1)s, %(2)s) VALUES (%(3)s, %(4)s, %(5)s) VALUES (%(6)s, %(7)s, %(8)s) VALUES (%(9)s, %(10)s, %(11)s)
params: ('Can add Broker Account', 134, 'add_brokeraccount', 'Can change Broker Account', 134, 'change_brokeraccount', 'Can delete Broker Account', 134, 'delete_brokeraccount', 'Can view Broker Account', 134, 'view_brokeraccount')
[2026-02-25 17:59:42,903] DEBUG djongo.sql2mongo.query inserted ids [ObjectId('699f7ede421deff2f70ed9bb'), ObjectId('699f7ede421deff2f70ed9bc'), ObjectId('699f7ede421deff2f70ed9bd'), ObjectId('699f7ede421deff2f70ed9be')]
[2026-02-25 17:59:42,903] DEBUG djongo.sql2mongo.query sql_command: SELECT "django_content_type"."id", "django_content_type"."app_label", "django_content_type"."model" FROM "django_content_type" WHERE "django_content_type"."app_label" = %(0)s
params: ('broker_connector',)
[2026-02-25 17:59:42,904] DEBUG djongo.sql2mongo.query Find query: {'filter': {'app_label': {'$eq': 'broker_connector'}}, 'projection': ['id', 'app_label', 'model']}
[2026-02-25 17:59:42,904] DEBUG djongo.sql2mongo.query Result: (134, 'broker_connector', 'brokeraccount')
[2026-02-25 17:59:42,905] DEBUG djongo.sql2mongo.query sql_command: SELECT "django_content_type"."id", "django_content_type"."app_label", "django_content_type"."model" FROM "django_content_type" WHERE "django_content_type"."app_label" = %(0)s
params: ('execution_engine',)
[2026-02-25 17:59:42,905] DEBUG djongo.sql2mongo.query Find query: {'filter': {'app_label': {'$eq': 'execution_engine'}}, 'projection': ['id', 'app_label', 'model']}
[2026-02-25 17:59:42,906] DEBUG djongo.sql2mongo.query sql_command: INSERT INTO "django_content_type" ("app_label", "model") VALUES (%(0)s, %(1)s)
params: ('execution_engine', 'trade')
[2026-02-25 17:59:42,907] DEBUG djongo.sql2mongo.query inserted ids [ObjectId('699f7ede421deff2f70ed9bf')]
[2026-02-25 17:59:42,907] DEBUG djongo.sql2mongo.query sql_command: SELECT "django_content_type"."id", "django_content_type"."app_label", "django_content_type"."model" FROM "django_content_type" WHERE ("django_content_type"."app_label" = %(0)s AND "django_content_type"."model" = %(1)s) LIMIT 21
params: ('execution_engine', 'trade')
[2026-02-25 17:59:42,908] DEBUG djongo.sql2mongo.query Find query: {'filter': {'$and': [{'app_label': {'$eq': 'execution_engine'}}, {'model': {'$eq': 'trade'}}]}, 'projection': ['id', 'app_label', 'model'], 'limit': 21}
[2026-02-25 17:59:42,908] DEBUG djongo.sql2mongo.query Result: (135, 'execution_engine', 'trade')
[2026-02-25 17:59:42,909] DEBUG djongo.sql2mongo.query sql_command: SELECT "auth_permission"."content_type_id", "auth_permission"."codename" FROM "auth_permission" INNER JOIN "django_content_type" ON ("auth_permission"."content_type_id" = "django_content_type"."id") WHERE "auth_permission"."content_type_id" IN (%(0)s) ORDER BY "django_content_type"."app_label" ASC, "django_content_type"."model" ASC, "auth_permission"."codename" ASC
params: (135,)
[2026-02-25 17:59:42,910] DEBUG djongo.sql2mongo.query Aggregation query: [{'$match': {'content_type_id': {'$ne': None, '$exists': True}}}, {'$lookup': {'from': 'django_content_type', 'localField': 'content_type_id', 'foreignField': 'id', 'as': 'django_content_type'}}, {'$unwind': '$django_content_type'}, {'$match': {'content_type_id': {'$in': [135]}}}, {'$sort': OrderedDict({'django_content_type.app_label': 1, 'django_content_type.model': 1, 'codename': 1})}, {'$project': {'content_type_id': True, 'codename': True}}]
[2026-02-25 17:59:42,911] DEBUG djongo.sql2mongo.query sql_command: INSERT INTO "auth_permission" ("name", "content_type_id", "codename") VALUES (%(0)s, %(1)s, %(2)s) VALUES (%(3)s, %(4)s, %(5)s) VALUES (%(6)s, %(7)s, %(8)s) VALUES (%(9)s, %(10)s, %(11)s)
params: ('Can add Trade', 135, 'add_trade', 'Can change Trade', 135, 'change_trade', 'Can delete Trade', 135, 'delete_trade', 'Can view Trade', 135, 'view_trade')
[2026-02-25 17:59:42,912] DEBUG djongo.sql2mongo.query inserted ids [ObjectId('699f7ede421deff2f70ed9c0'), ObjectId('699f7ede421deff2f70ed9c1'), ObjectId('699f7ede421deff2f70ed9c2'), ObjectId('699f7ede421deff2f70ed9c3')]
[2026-02-25 17:59:42,913] DEBUG djongo.sql2mongo.query sql_command: SELECT "django_content_type"."id", "django_content_type"."app_label", "django_content_type"."model" FROM "django_content_type" WHERE "django_content_type"."app_label" = %(0)s
params: ('execution_engine',)
[2026-02-25 17:59:42,913] DEBUG djongo.sql2mongo.query Find query: {'filter': {'app_label': {'$eq': 'execution_engine'}}, 'projection': ['id', 'app_label', 'model']}
[2026-02-25 17:59:42,913] DEBUG djongo.sql2mongo.query Result: (135, 'execution_engine', 'trade')
[2026-02-25 17:59:42,914] DEBUG djongo.sql2mongo.query sql_command: SELECT "django_content_type"."id", "django_content_type"."app_label", "django_content_type"."model" FROM "django_content_type" WHERE "django_content_type"."app_label" = %(0)s
params: ('risk_management',)
[2026-02-25 17:59:42,914] DEBUG djongo.sql2mongo.query Find query: {'filter': {'app_label': {'$eq': 'risk_management'}}, 'projection': ['id', 'app_label', 'model']}
[2026-02-25 17:59:42,914] DEBUG djongo.sql2mongo.query sql_command: INSERT INTO "django_content_type" ("app_label", "model") VALUES (%(0)s, %(1)s) VALUES (%(2)s, %(3)s)
params: ('risk_management', 'riskconfig', 'risk_management', 'propfirmaccount')
[2026-02-25 17:59:42,916] DEBUG djongo.sql2mongo.query inserted ids [ObjectId('699f7ede421deff2f70ed9c4'), ObjectId('699f7ede421deff2f70ed9c5')]
[2026-02-25 17:59:42,916] DEBUG djongo.sql2mongo.query sql_command: SELECT "django_content_type"."id", "django_content_type"."app_label", "django_content_type"."model" FROM "django_content_type" WHERE ("django_content_type"."app_label" = %(0)s AND "django_content_type"."model" = %(1)s) LIMIT 21
params: ('risk_management', 'riskconfig')
[2026-02-25 17:59:42,916] DEBUG djongo.sql2mongo.query Find query: {'filter': {'$and': [{'app_label': {'$eq': 'risk_management'}}, {'model': {'$eq': 'riskconfig'}}]}, 'projection': ['id', 'app_label', 'model'], 'limit': 21}
[2026-02-25 17:59:42,917] DEBUG djongo.sql2mongo.query Result: (136, 'risk_management', 'riskconfig')
[2026-02-25 17:59:42,917] DEBUG djongo.sql2mongo.query sql_command: SELECT "django_content_type"."id", "django_content_type"."app_label", "django_content_type"."model" FROM "django_content_type" WHERE ("django_content_type"."app_label" = %(0)s AND "django_content_type"."model" = %(1)s) LIMIT 21
params: ('risk_management', 'propfirmaccount')
[2026-02-25 17:59:42,918] DEBUG djongo.sql2mongo.query Find query: {'filter': {'$and': [{'app_label': {'$eq': 'risk_management'}}, {'model': {'$eq': 'propfirmaccount'}}]}, 'projection': ['id', 'app_label', 'model'], 'limit': 21}
[2026-02-25 17:59:42,918] DEBUG djongo.sql2mongo.query Result: (137, 'risk_management', 'propfirmaccount')
[2026-02-25 17:59:42,918] DEBUG djongo.sql2mongo.query sql_command: SELECT "auth_permission"."content_type_id", "auth_permission"."codename" FROM "auth_permission" INNER JOIN "django_content_type" ON ("auth_permission"."content_type_id" = "django_content_type"."id") WHERE "auth_permission"."content_type_id" IN (%(0)s, %(1)s) ORDER BY "django_content_type"."app_label" ASC, "django_content_type"."model" ASC, "auth_permission"."codename" ASC
params: (136, 137)
[2026-02-25 17:59:42,920] DEBUG djongo.sql2mongo.query Aggregation query: [{'$match': {'content_type_id': {'$ne': None, '$exists': True}}}, {'$lookup': {'from': 'django_content_type', 'localField': 'content_type_id', 'foreignField': 'id', 'as': 'django_content_type'}}, {'$unwind': '$django_content_type'}, {'$match': {'content_type_id': {'$in': [136, 137]}}}, {'$sort': OrderedDict({'django_content_type.app_label': 1, 'django_content_type.model': 1, 'codename': 1})}, {'$project': {'content_type_id': True, 'codename': True}}]
[2026-02-25 17:59:42,920] DEBUG djongo.sql2mongo.query sql_command: INSERT INTO "auth_permission" ("name", "content_type_id", "codename") VALUES (%(0)s, %(1)s, %(2)s) VALUES (%(3)s, %(4)s, %(5)s) VALUES (%(6)s, %(7)s, %(8)s) VALUES (%(9)s, %(10)s, %(11)s) VALUES (%(12)s, %(13)s, %(14)s) VALUES (%(15)s, %(16)s, %(17)s) VALUES (%(18)s, %(19)s, %(20)s) VALUES (%(21)s, %(22)s, %(23)s)
params: ('Can add Risk Configuration', 136, 'add_riskconfig', 'Can change Risk Configuration', 136, 'change_riskconfig', 'Can delete Risk Configuration', 136, 'delete_riskconfig', 'Can view Risk Configuration', 136, 'view_riskconfig', 'Can add Prop Firm Account', 137, 'add_propfirmaccount', 'Can change Prop Firm Account', 137, 'change_propfirmaccount', 'Can delete Prop Firm Account', 137, 'delete_propfirmaccount', 'Can view Prop Firm Account', 137, 'view_propfirmaccount')
[2026-02-25 17:59:42,922] DEBUG djongo.sql2mongo.query inserted ids [ObjectId('699f7ede421deff2f70ed9c6'), ObjectId('699f7ede421deff2f70ed9c7'), ObjectId('699f7ede421deff2f70ed9c8'), ObjectId('699f7ede421deff2f70ed9c9'), ObjectId('699f7ede421deff2f70ed9ca'), ObjectId('699f7ede421deff2f70ed9cb'), ObjectId('699f7ede421deff2f70ed9cc'), ObjectId('699f7ede421deff2f70ed9cd')]
[2026-02-25 17:59:42,922] DEBUG djongo.sql2mongo.query sql_command: SELECT "django_content_type"."id", "django_content_type"."app_label", "django_content_type"."model" FROM "django_content_type" WHERE "django_content_type"."app_label" = %(0)s
params: ('risk_management',)
[2026-02-25 17:59:42,923] DEBUG djongo.sql2mongo.query Find query: {'filter': {'app_label': {'$eq': 'risk_management'}}, 'projection': ['id', 'app_label', 'model']}
[2026-02-25 17:59:42,923] DEBUG djongo.sql2mongo.query Result: (137, 'risk_management', 'propfirmaccount')
[2026-02-25 17:59:42,923] DEBUG djongo.sql2mongo.query Result: (136, 'risk_management', 'riskconfig')
[2026-02-25 17:59:42,923] DEBUG djongo.sql2mongo.query sql_command: SELECT "django_content_type"."id", "django_content_type"."app_label", "django_content_type"."model" FROM "django_content_type" WHERE "django_content_type"."app_label" = %(0)s
params: ('market_data',)
[2026-02-25 17:59:42,924] DEBUG djongo.sql2mongo.query Find query: {'filter': {'app_label': {'$eq': 'market_data'}}, 'projection': ['id', 'app_label', 'model']}
[2026-02-25 17:59:42,924] DEBUG djongo.sql2mongo.query sql_command: INSERT INTO "django_content_type" ("app_label", "model") VALUES (%(0)s, %(1)s)
params: ('market_data', 'ohlcvbar')
[2026-02-25 17:59:42,925] DEBUG djongo.sql2mongo.query inserted ids [ObjectId('699f7ede421deff2f70ed9ce')]
[2026-02-25 17:59:42,926] DEBUG djongo.sql2mongo.query sql_command: SELECT "django_content_type"."id", "django_content_type"."app_label", "django_content_type"."model" FROM "django_content_type" WHERE ("django_content_type"."app_label" = %(0)s AND "django_content_type"."model" = %(1)s) LIMIT 21
params: ('market_data', 'ohlcvbar')
[2026-02-25 17:59:42,926] DEBUG djongo.sql2mongo.query Find query: {'filter': {'$and': [{'app_label': {'$eq': 'market_data'}}, {'model': {'$eq': 'ohlcvbar'}}]}, 'projection': ['id', 'app_label', 'model'], 'limit': 21}
[2026-02-25 17:59:42,926] DEBUG djongo.sql2mongo.query Result: (138, 'market_data', 'ohlcvbar')
[2026-02-25 17:59:42,927] DEBUG djongo.sql2mongo.query sql_command: SELECT "auth_permission"."content_type_id", "auth_permission"."codename" FROM "auth_permission" INNER JOIN "django_content_type" ON ("auth_permission"."content_type_id" = "django_content_type"."id") WHERE "auth_permission"."content_type_id" IN (%(0)s) ORDER BY "django_content_type"."app_label" ASC, "django_content_type"."model" ASC, "auth_permission"."codename" ASC
params: (138,)
[2026-02-25 17:59:42,928] DEBUG djongo.sql2mongo.query Aggregation query: [{'$match': {'content_type_id': {'$ne': None, '$exists': True}}}, {'$lookup': {'from': 'django_content_type', 'localField': 'content_type_id', 'foreignField': 'id', 'as': 'django_content_type'}}, {'$unwind': '$django_content_type'}, {'$match': {'content_type_id': {'$in': [138]}}}, {'$sort': OrderedDict({'django_content_type.app_label': 1, 'django_content_type.model': 1, 'codename': 1})}, {'$project': {'content_type_id': True, 'codename': True}}]
[2026-02-25 17:59:42,928] DEBUG djongo.sql2mongo.query sql_command: INSERT INTO "auth_permission" ("name", "content_type_id", "codename") VALUES (%(0)s, %(1)s, %(2)s) VALUES (%(3)s, %(4)s, %(5)s) VALUES (%(6)s, %(7)s, %(8)s) VALUES (%(9)s, %(10)s, %(11)s)
params: ('Can add OHLCV Bar', 138, 'add_ohlcvbar', 'Can change OHLCV Bar', 138, 'change_ohlcvbar', 'Can delete OHLCV Bar', 138, 'delete_ohlcvbar', 'Can view OHLCV Bar', 138, 'view_ohlcvbar')
[2026-02-25 17:59:42,930] DEBUG djongo.sql2mongo.query inserted ids [ObjectId('699f7ede421deff2f70ed9cf'), ObjectId('699f7ede421deff2f70ed9d0'), ObjectId('699f7ede421deff2f70ed9d1'), ObjectId('699f7ede421deff2f70ed9d2')]
[2026-02-25 17:59:42,930] DEBUG djongo.sql2mongo.query sql_command: SELECT "django_content_type"."id", "django_content_type"."app_label", "django_content_type"."model" FROM "django_content_type" WHERE "django_content_type"."app_label" = %(0)s
params: ('market_data',)
[2026-02-25 17:59:42,931] DEBUG djongo.sql2mongo.query Find query: {'filter': {'app_label': {'$eq': 'market_data'}}, 'projection': ['id', 'app_label', 'model']}
[2026-02-25 17:59:42,931] DEBUG djongo.sql2mongo.query Result: (138, 'market_data', 'ohlcvbar')
[2026-02-25 17:59:42,931] DEBUG djongo.sql2mongo.query sql_command: SELECT "django_content_type"."id", "django_content_type"."app_label", "django_content_type"."model" FROM "django_content_type" WHERE "django_content_type"."app_label" = %(0)s
params: ('dashboard',)
[2026-02-25 17:59:42,932] DEBUG djongo.sql2mongo.query Find query: {'filter': {'app_label': {'$eq': 'dashboard'}}, 'projection': ['id', 'app_label', 'model']}
[2026-02-25 17:59:42,932] DEBUG djongo.sql2mongo.query sql_command: INSERT INTO "django_content_type" ("app_label", "model") VALUES (%(0)s, %(1)s) VALUES (%(2)s, %(3)s)
params: ('dashboard', 'strategy', 'dashboard', 'aimodel')
[2026-02-25 17:59:42,934] DEBUG djongo.sql2mongo.query inserted ids [ObjectId('699f7ede421deff2f70ed9d3'), ObjectId('699f7ede421deff2f70ed9d4')]
[2026-02-25 17:59:42,934] DEBUG djongo.sql2mongo.query sql_command: SELECT "django_content_type"."id", "django_content_type"."app_label", "django_content_type"."model" FROM "django_content_type" WHERE ("django_content_type"."app_label" = %(0)s AND "django_content_type"."model" = %(1)s) LIMIT 21
params: ('dashboard', 'strategy')
[2026-02-25 17:59:42,935] DEBUG djongo.sql2mongo.query Find query: {'filter': {'$and': [{'app_label': {'$eq': 'dashboard'}}, {'model': {'$eq': 'strategy'}}]}, 'projection': ['id', 'app_label', 'model'], 'limit': 21}
[2026-02-25 17:59:42,935] DEBUG djongo.sql2mongo.query Result: (139, 'dashboard', 'strategy')
[2026-02-25 17:59:42,936] DEBUG djongo.sql2mongo.query sql_command: SELECT "django_content_type"."id", "django_content_type"."app_label", "django_content_type"."model" FROM "django_content_type" WHERE ("django_content_type"."app_label" = %(0)s AND "django_content_type"."model" = %(1)s) LIMIT 21
params: ('dashboard', 'aimodel')
[2026-02-25 17:59:42,936] DEBUG djongo.sql2mongo.query Find query: {'filter': {'$and': [{'app_label': {'$eq': 'dashboard'}}, {'model': {'$eq': 'aimodel'}}]}, 'projection': ['id', 'app_label', 'model'], 'limit': 21}
[2026-02-25 17:59:42,937] DEBUG djongo.sql2mongo.query Result: (140, 'dashboard', 'aimodel')
[2026-02-25 17:59:42,937] DEBUG djongo.sql2mongo.query sql_command: SELECT "auth_permission"."content_type_id", "auth_permission"."codename" FROM "auth_permission" INNER JOIN "django_content_type" ON ("auth_permission"."content_type_id" = "django_content_type"."id") WHERE "auth_permission"."content_type_id" IN (%(0)s, %(1)s) ORDER BY "django_content_type"."app_label" ASC, "django_content_type"."model" ASC, "auth_permission"."codename" ASC
params: (139, 140)
[2026-02-25 17:59:42,940] DEBUG djongo.sql2mongo.query Aggregation query: [{'$match': {'content_type_id': {'$ne': None, '$exists': True}}}, {'$lookup': {'from': 'django_content_type', 'localField': 'content_type_id', 'foreignField': 'id', 'as': 'django_content_type'}}, {'$unwind': '$django_content_type'}, {'$match': {'content_type_id': {'$in': [139, 140]}}}, {'$sort': OrderedDict({'django_content_type.app_label': 1, 'django_content_type.model': 1, 'codename': 1})}, {'$project': {'content_type_id': True, 'codename': True}}]
[2026-02-25 17:59:42,941] DEBUG djongo.sql2mongo.query sql_command: INSERT INTO "auth_permission" ("name", "content_type_id", "codename") VALUES (%(0)s, %(1)s, %(2)s) VALUES (%(3)s, %(4)s, %(5)s) VALUES (%(6)s, %(7)s, %(8)s) VALUES (%(9)s, %(10)s, %(11)s) VALUES (%(12)s, %(13)s, %(14)s) VALUES (%(15)s, %(16)s, %(17)s) VALUES (%(18)s, %(19)s, %(20)s) VALUES (%(21)s, %(22)s, %(23)s)
params: ('Can add Strategy', 139, 'add_strategy', 'Can change Strategy', 139, 'change_strategy', 'Can delete Strategy', 139, 'delete_strategy', 'Can view Strategy', 139, 'view_strategy', 'Can add AI Model', 140, 'add_aimodel', 'Can change AI Model', 140, 'change_aimodel', 'Can delete AI Model', 140, 'delete_aimodel', 'Can view AI Model', 140, 'view_aimodel')
[2026-02-25 17:59:42,944] DEBUG djongo.sql2mongo.query inserted ids [ObjectId('699f7ede421deff2f70ed9d5'), ObjectId('699f7ede421deff2f70ed9d6'), ObjectId('699f7ede421deff2f70ed9d7'), ObjectId('699f7ede421deff2f70ed9d8'), ObjectId('699f7ede421deff2f70ed9d9'), ObjectId('699f7ede421deff2f70ed9da'), ObjectId('699f7ede421deff2f70ed9db'), ObjectId('699f7ede421deff2f70ed9dc')]
[2026-02-25 17:59:42,944] DEBUG djongo.sql2mongo.query sql_command: SELECT "django_content_type"."id", "django_content_type"."app_label", "django_content_type"."model" FROM "django_content_type" WHERE "django_content_type"."app_label" = %(0)s
params: ('dashboard',)
[2026-02-25 17:59:42,945] DEBUG djongo.sql2mongo.query Find query: {'filter': {'app_label': {'$eq': 'dashboard'}}, 'projection': ['id', 'app_label', 'model']}
[2026-02-25 17:59:42,947] DEBUG djongo.sql2mongo.query Result: (140, 'dashboard', 'aimodel')
[2026-02-25 17:59:42,947] DEBUG djongo.sql2mongo.query Result: (139, 'dashboard', 'strategy')
[2026-02-25 17:59:42,947] DEBUG djongo.base MongoClient connection closed
[2026-02-25 17:59:42,947] DEBUG djongo.base Existing MongoClient connection closed
[2026-02-25 17:59:42,947] DEBUG djongo.base New Database connection
[2026-02-25 17:59:42,948] DEBUG djongo.sql2mongo.query sql_command: SELECT "risk_management_riskconfig"."id", "risk_management_riskconfig"."name", "risk_management_riskconfig"."is_active", "risk_management_riskconfig"."max_daily_drawdown_pct", "risk_management_riskconfig"."max_total_drawdown_pct", "risk_management_riskconfig"."max_position_size_pct", "risk_management_riskconfig"."max_open_positions", "risk_management_riskconfig"."max_daily_trades", "risk_management_riskconfig"."daily_loss_limit", "risk_management_riskconfig"."kill_switch_active", "risk_management_riskconfig"."organization_id", "risk_management_riskconfig"."created_at", "risk_management_riskconfig"."updated_at" FROM "risk_management_riskconfig" WHERE "risk_management_riskconfig"."name" = %(0)s LIMIT 21
params: ('default',)
[2026-02-25 17:59:42,949] DEBUG djongo.sql2mongo.query Find query: {'filter': {'name': {'$eq': 'default'}}, 'projection': ['id', 'name', 'is_active', 'max_daily_drawdown_pct', 'max_total_drawdown_pct', 'max_position_size_pct', 'max_open_positions', 'max_daily_trades', 'daily_loss_limit', 'kill_switch_active', 'organization_id', 'created_at', 'updated_at'], 'limit': 21}
[2026-02-25 17:59:43,292] DEBUG djongo.sql2mongo.query sql_command: INSERT INTO "risk_management_riskconfig" ("name", "is_active", "max_daily_drawdown_pct", "max_total_drawdown_pct", "max_position_size_pct", "max_open_positions", "max_daily_trades", "daily_loss_limit", "kill_switch_active", "organization_id", "created_at", "updated_at") VALUES (%(0)s, %(1)s, %(2)s, %(3)s, %(4)s, %(5)s, %(6)s, %(7)s, %(8)s, %(9)s, %(10)s, %(11)s)
params: ['default', True, Decimal128('5.00'), Decimal128('10.00'), Decimal128('5.00'), 10, 50, Decimal128('1000.00'), False, None, datetime.datetime(2026, 2, 25, 22, 59, 43, 292233), datetime.datetime(2026, 2, 25, 22, 59, 43, 292244)]
[2026-02-25 17:59:43,295] DEBUG djongo.sql2mongo.query inserted ids [ObjectId('699f7edf421deff2f70ed9dd')]
[2026-02-25 17:59:43,295] DEBUG djongo.sql2mongo.query sql_command: SELECT "webhooks_webhookevent"."id", "webhooks_webhookevent"."webhook_id", "webhooks_webhookevent"."source", "webhooks_webhookevent"."payload", "webhooks_webhookevent"."status", "webhooks_webhookevent"."error_message", "webhooks_webhookevent"."ticker", "webhooks_webhookevent"."action", "webhooks_webhookevent"."quantity", "webhooks_webhookevent"."strategy", "webhooks_webhookevent"."created_at", "webhooks_webhookevent"."ip_address" FROM "webhooks_webhookevent" ORDER BY "webhooks_webhookevent"."created_at" DESC LIMIT 10
params: ()
[2026-02-25 17:59:43,296] DEBUG djongo.sql2mongo.query Find query: {'projection': ['id', 'webhook_id', 'source', 'payload', 'status', 'error_message', 'ticker', 'action', 'quantity', 'strategy', 'created_at', 'ip_address'], 'limit': 10, 'sort': [('created_at', -1)]}
.[2026-02-25 17:59:43,299] DEBUG djongo.sql2mongo.query sql_command: ALTER TABLE "webhooks_webhookevent" FLUSH
params: None
[2026-02-25 17:59:43,299] DEBUG djongo.sql2mongo.query sql_command: ALTER TABLE "risk_management_propfirmaccount" FLUSH
params: None
[2026-02-25 17:59:43,300] DEBUG djongo.sql2mongo.query sql_command: ALTER TABLE "risk_management_riskconfig" FLUSH
params: None
[2026-02-25 17:59:43,301] DEBUG djongo.sql2mongo.query sql_command: ALTER TABLE "broker_connector_brokeraccount" FLUSH
params: None
[2026-02-25 17:59:43,302] DEBUG djongo.sql2mongo.query sql_command: ALTER TABLE "auth_group" FLUSH
params: None
[2026-02-25 17:59:43,302] DEBUG djongo.sql2mongo.query sql_command: ALTER TABLE "execution_engine_trade" FLUSH
params: None
[2026-02-25 17:59:43,303] DEBUG djongo.sql2mongo.query sql_command: ALTER TABLE "auth_permission" FLUSH
params: None
[2026-02-25 17:59:43,304] DEBUG djongo.sql2mongo.query sql_command: ALTER TABLE "market_data_ohlcvbar" FLUSH
params: None
[2026-02-25 17:59:43,305] DEBUG djongo.sql2mongo.query sql_command: ALTER TABLE "dashboard_aimodel" FLUSH
params: None
[2026-02-25 17:59:43,305] DEBUG djongo.sql2mongo.query sql_command: ALTER TABLE "dashboard_strategy" FLUSH
params: None
[2026-02-25 17:59:43,306] DEBUG djongo.sql2mongo.query sql_command: ALTER TABLE "django_session" FLUSH
params: None
[2026-02-25 17:59:43,306] DEBUG djongo.sql2mongo.query sql_command: ALTER TABLE "auth_group_permissions" FLUSH
params: None
[2026-02-25 17:59:43,307] DEBUG djongo.sql2mongo.query sql_command: ALTER TABLE "auth_user_user_permissions" FLUSH
params: None
[2026-02-25 17:59:43,307] DEBUG djongo.sql2mongo.query sql_command: ALTER TABLE "auth_user" FLUSH
params: None
[2026-02-25 17:59:43,307] DEBUG djongo.sql2mongo.query sql_command: ALTER TABLE "django_content_type" FLUSH
params: None
[2026-02-25 17:59:43,308] DEBUG djongo.sql2mongo.query sql_command: ALTER TABLE "auth_user_groups" FLUSH
params: None
[2026-02-25 17:59:43,308] DEBUG djongo.sql2mongo.query sql_command: ALTER TABLE "django_admin_log" FLUSH
params: None
[2026-02-25 17:59:43,309] DEBUG djongo.sql2mongo.query sql_command: SELECT "django_content_type"."id", "django_content_type"."app_label", "django_content_type"."model" FROM "django_content_type" WHERE "django_content_type"."app_label" = %(0)s
params: ('admin',)
[2026-02-25 17:59:43,310] DEBUG djongo.sql2mongo.query Find query: {'filter': {'app_label': {'$eq': 'admin'}}, 'projection': ['id', 'app_label', 'model']}
[2026-02-25 17:59:43,310] DEBUG djongo.sql2mongo.query sql_command: INSERT INTO "django_content_type" ("app_label", "model") VALUES (%(0)s, %(1)s)
params: ('admin', 'logentry')
[2026-02-25 17:59:43,312] DEBUG djongo.sql2mongo.query inserted ids [ObjectId('699f7edf421deff2f70ed9de')]
[2026-02-25 17:59:43,312] DEBUG djongo.sql2mongo.query sql_command: SELECT "django_content_type"."id", "django_content_type"."app_label", "django_content_type"."model" FROM "django_content_type" WHERE ("django_content_type"."app_label" = %(0)s AND "django_content_type"."model" = %(1)s) LIMIT 21
params: ('admin', 'logentry')
[2026-02-25 17:59:43,312] DEBUG djongo.sql2mongo.query Find query: {'filter': {'$and': [{'app_label': {'$eq': 'admin'}}, {'model': {'$eq': 'logentry'}}]}, 'projection': ['id', 'app_label', 'model'], 'limit': 21}
[2026-02-25 17:59:43,313] DEBUG djongo.sql2mongo.query Result: (141, 'admin', 'logentry')
[2026-02-25 17:59:43,314] DEBUG djongo.sql2mongo.query sql_command: SELECT "auth_permission"."content_type_id", "auth_permission"."codename" FROM "auth_permission" INNER JOIN "django_content_type" ON ("auth_permission"."content_type_id" = "django_content_type"."id") WHERE "auth_permission"."content_type_id" IN (%(0)s) ORDER BY "django_content_type"."app_label" ASC, "django_content_type"."model" ASC, "auth_permission"."codename" ASC
params: (141,)
[2026-02-25 17:59:43,316] DEBUG djongo.sql2mongo.query Aggregation query: [{'$match': {'content_type_id': {'$ne': None, '$exists': True}}}, {'$lookup': {'from': 'django_content_type', 'localField': 'content_type_id', 'foreignField': 'id', 'as': 'django_content_type'}}, {'$unwind': '$django_content_type'}, {'$match': {'content_type_id': {'$in': [141]}}}, {'$sort': OrderedDict({'django_content_type.app_label': 1, 'django_content_type.model': 1, 'codename': 1})}, {'$project': {'content_type_id': True, 'codename': True}}]
[2026-02-25 17:59:43,318] DEBUG djongo.sql2mongo.query sql_command: INSERT INTO "auth_permission" ("name", "content_type_id", "codename") VALUES (%(0)s, %(1)s, %(2)s) VALUES (%(3)s, %(4)s, %(5)s) VALUES (%(6)s, %(7)s, %(8)s) VALUES (%(9)s, %(10)s, %(11)s)
params: ('Can add log entry', 141, 'add_logentry', 'Can change log entry', 141, 'change_logentry', 'Can delete log entry', 141, 'delete_logentry', 'Can view log entry', 141, 'view_logentry')
[2026-02-25 17:59:43,320] DEBUG djongo.sql2mongo.query inserted ids [ObjectId('699f7edf421deff2f70ed9df'), ObjectId('699f7edf421deff2f70ed9e0'), ObjectId('699f7edf421deff2f70ed9e1'), ObjectId('699f7edf421deff2f70ed9e2')]
[2026-02-25 17:59:43,320] DEBUG djongo.sql2mongo.query sql_command: SELECT "django_content_type"."id", "django_content_type"."app_label", "django_content_type"."model" FROM "django_content_type" WHERE "django_content_type"."app_label" = %(0)s
params: ('admin',)
[2026-02-25 17:59:43,321] DEBUG djongo.sql2mongo.query Find query: {'filter': {'app_label': {'$eq': 'admin'}}, 'projection': ['id', 'app_label', 'model']}
[2026-02-25 17:59:43,321] DEBUG djongo.sql2mongo.query Result: (141, 'admin', 'logentry')
[2026-02-25 17:59:43,321] DEBUG djongo.sql2mongo.query sql_command: SELECT "django_content_type"."id", "django_content_type"."app_label", "django_content_type"."model" FROM "django_content_type" WHERE "django_content_type"."app_label" = %(0)s
params: ('auth',)
[2026-02-25 17:59:43,322] DEBUG djongo.sql2mongo.query Find query: {'filter': {'app_label': {'$eq': 'auth'}}, 'projection': ['id', 'app_label', 'model']}
[2026-02-25 17:59:43,323] DEBUG djongo.sql2mongo.query sql_command: INSERT INTO "django_content_type" ("app_label", "model") VALUES (%(0)s, %(1)s) VALUES (%(2)s, %(3)s) VALUES (%(4)s, %(5)s)
params: ('auth', 'permission', 'auth', 'group', 'auth', 'user')
[2026-02-25 17:59:43,324] DEBUG djongo.sql2mongo.query inserted ids [ObjectId('699f7edf421deff2f70ed9e3'), ObjectId('699f7edf421deff2f70ed9e4'), ObjectId('699f7edf421deff2f70ed9e5')]
[2026-02-25 17:59:43,325] DEBUG djongo.sql2mongo.query sql_command: SELECT "django_content_type"."id", "django_content_type"."app_label", "django_content_type"."model" FROM "django_content_type" WHERE ("django_content_type"."app_label" = %(0)s AND "django_content_type"."model" = %(1)s) LIMIT 21
params: ('auth', 'permission')
[2026-02-25 17:59:43,339] DEBUG djongo.sql2mongo.query Find query: {'filter': {'$and': [{'app_label': {'$eq': 'auth'}}, {'model': {'$eq': 'permission'}}]}, 'projection': ['id', 'app_label', 'model'], 'limit': 21}
[2026-02-25 17:59:43,341] DEBUG djongo.sql2mongo.query Result: (142, 'auth', 'permission')
[2026-02-25 17:59:43,341] DEBUG djongo.sql2mongo.query sql_command: SELECT "django_content_type"."id", "django_content_type"."app_label", "django_content_type"."model" FROM "django_content_type" WHERE ("django_content_type"."app_label" = %(0)s AND "django_content_type"."model" = %(1)s) LIMIT 21
params: ('auth', 'group')
[2026-02-25 17:59:43,342] DEBUG djongo.sql2mongo.query Find query: {'filter': {'$and': [{'app_label': {'$eq': 'auth'}}, {'model': {'$eq': 'group'}}]}, 'projection': ['id', 'app_label', 'model'], 'limit': 21}
[2026-02-25 17:59:43,342] DEBUG djongo.sql2mongo.query Result: (143, 'auth', 'group')
[2026-02-25 17:59:43,343] DEBUG djongo.sql2mongo.query sql_command: SELECT "django_content_type"."id", "django_content_type"."app_label", "django_content_type"."model" FROM "django_content_type" WHERE ("django_content_type"."app_label" = %(0)s AND "django_content_type"."model" = %(1)s) LIMIT 21
params: ('auth', 'user')
[2026-02-25 17:59:43,343] DEBUG djongo.sql2mongo.query Find query: {'filter': {'$and': [{'app_label': {'$eq': 'auth'}}, {'model': {'$eq': 'user'}}]}, 'projection': ['id', 'app_label', 'model'], 'limit': 21}
[2026-02-25 17:59:43,344] DEBUG djongo.sql2mongo.query Result: (144, 'auth', 'user')
[2026-02-25 17:59:43,344] DEBUG djongo.sql2mongo.query sql_command: SELECT "auth_permission"."content_type_id", "auth_permission"."codename" FROM "auth_permission" INNER JOIN "django_content_type" ON ("auth_permission"."content_type_id" = "django_content_type"."id") WHERE "auth_permission"."content_type_id" IN (%(0)s, %(1)s, %(2)s) ORDER BY "django_content_type"."app_label" ASC, "django_content_type"."model" ASC, "auth_permission"."codename" ASC
params: (144, 142, 143)
[2026-02-25 17:59:43,346] DEBUG djongo.sql2mongo.query Aggregation query: [{'$match': {'content_type_id': {'$ne': None, '$exists': True}}}, {'$lookup': {'from': 'django_content_type', 'localField': 'content_type_id', 'foreignField': 'id', 'as': 'django_content_type'}}, {'$unwind': '$django_content_type'}, {'$match': {'content_type_id': {'$in': [144, 142, 143]}}}, {'$sort': OrderedDict({'django_content_type.app_label': 1, 'django_content_type.model': 1, 'codename': 1})}, {'$project': {'content_type_id': True, 'codename': True}}]
[2026-02-25 17:59:43,346] DEBUG djongo.sql2mongo.query sql_command: INSERT INTO "auth_permission" ("name", "content_type_id", "codename") VALUES (%(0)s, %(1)s, %(2)s) VALUES (%(3)s, %(4)s, %(5)s) VALUES (%(6)s, %(7)s, %(8)s) VALUES (%(9)s, %(10)s, %(11)s) VALUES (%(12)s, %(13)s, %(14)s) VALUES (%(15)s, %(16)s, %(17)s) VALUES (%(18)s, %(19)s, %(20)s) VALUES (%(21)s, %(22)s, %(23)s) VALUES (%(24)s, %(25)s, %(26)s) VALUES (%(27)s, %(28)s, %(29)s) VALUES (%(30)s, %(31)s, %(32)s) VALUES (%(33)s, %(34)s, %(35)s)
params: ('Can add permission', 142, 'add_permission', 'Can change permission', 142, 'change_permission', 'Can delete permission', 142, 'delete_permission', 'Can view permission', 142, 'view_permission', 'Can add group', 143, 'add_group', 'Can change group', 143, 'change_group', 'Can delete group', 143, 'delete_group', 'Can view group', 143, 'view_group', 'Can add user', 144, 'add_user', 'Can change user', 144, 'change_user', 'Can delete user', 144, 'delete_user', 'Can view user', 144, 'view_user')
[2026-02-25 17:59:43,349] DEBUG djongo.sql2mongo.query inserted ids [ObjectId('699f7edf421deff2f70ed9e6'), ObjectId('699f7edf421deff2f70ed9e7'), ObjectId('699f7edf421deff2f70ed9e8'), ObjectId('699f7edf421deff2f70ed9e9'), ObjectId('699f7edf421deff2f70ed9ea'), ObjectId('699f7edf421deff2f70ed9eb'), ObjectId('699f7edf421deff2f70ed9ec'), ObjectId('699f7edf421deff2f70ed9ed'), ObjectId('699f7edf421deff2f70ed9ee'), ObjectId('699f7edf421deff2f70ed9ef'), ObjectId('699f7edf421deff2f70ed9f0'), ObjectId('699f7edf421deff2f70ed9f1')]
[2026-02-25 17:59:43,349] DEBUG djongo.sql2mongo.query sql_command: SELECT "django_content_type"."id", "django_content_type"."app_label", "django_content_type"."model" FROM "django_content_type" WHERE "django_content_type"."app_label" = %(0)s
params: ('auth',)
[2026-02-25 17:59:43,350] DEBUG djongo.sql2mongo.query Find query: {'filter': {'app_label': {'$eq': 'auth'}}, 'projection': ['id', 'app_label', 'model']}
[2026-02-25 17:59:43,350] DEBUG djongo.sql2mongo.query Result: (143, 'auth', 'group')
[2026-02-25 17:59:43,350] DEBUG djongo.sql2mongo.query Result: (142, 'auth', 'permission')
[2026-02-25 17:59:43,350] DEBUG djongo.sql2mongo.query Result: (144, 'auth', 'user')
[2026-02-25 17:59:43,350] DEBUG djongo.sql2mongo.query sql_command: SELECT "django_content_type"."id", "django_content_type"."app_label", "django_content_type"."model" FROM "django_content_type" WHERE "django_content_type"."app_label" = %(0)s
params: ('contenttypes',)
[2026-02-25 17:59:43,351] DEBUG djongo.sql2mongo.query Find query: {'filter': {'app_label': {'$eq': 'contenttypes'}}, 'projection': ['id', 'app_label', 'model']}
[2026-02-25 17:59:43,351] DEBUG djongo.sql2mongo.query sql_command: INSERT INTO "django_content_type" ("app_label", "model") VALUES (%(0)s, %(1)s)
params: ('contenttypes', 'contenttype')
[2026-02-25 17:59:43,353] DEBUG djongo.sql2mongo.query inserted ids [ObjectId('699f7edf421deff2f70ed9f2')]
[2026-02-25 17:59:43,353] DEBUG djongo.sql2mongo.query sql_command: SELECT "django_content_type"."id", "django_content_type"."app_label", "django_content_type"."model" FROM "django_content_type" WHERE ("django_content_type"."app_label" = %(0)s AND "django_content_type"."model" = %(1)s) LIMIT 21
params: ('contenttypes', 'contenttype')
[2026-02-25 17:59:43,353] DEBUG djongo.sql2mongo.query Find query: {'filter': {'$and': [{'app_label': {'$eq': 'contenttypes'}}, {'model': {'$eq': 'contenttype'}}]}, 'projection': ['id', 'app_label', 'model'], 'limit': 21}
[2026-02-25 17:59:43,354] DEBUG djongo.sql2mongo.query Result: (145, 'contenttypes', 'contenttype')
[2026-02-25 17:59:43,354] DEBUG djongo.sql2mongo.query sql_command: SELECT "auth_permission"."content_type_id", "auth_permission"."codename" FROM "auth_permission" INNER JOIN "django_content_type" ON ("auth_permission"."content_type_id" = "django_content_type"."id") WHERE "auth_permission"."content_type_id" IN (%(0)s) ORDER BY "django_content_type"."app_label" ASC, "django_content_type"."model" ASC, "auth_permission"."codename" ASC
params: (145,)
[2026-02-25 17:59:43,356] DEBUG djongo.sql2mongo.query Aggregation query: [{'$match': {'content_type_id': {'$ne': None, '$exists': True}}}, {'$lookup': {'from': 'django_content_type', 'localField': 'content_type_id', 'foreignField': 'id', 'as': 'django_content_type'}}, {'$unwind': '$django_content_type'}, {'$match': {'content_type_id': {'$in': [145]}}}, {'$sort': OrderedDict({'django_content_type.app_label': 1, 'django_content_type.model': 1, 'codename': 1})}, {'$project': {'content_type_id': True, 'codename': True}}]
[2026-02-25 17:59:43,356] DEBUG djongo.sql2mongo.query sql_command: INSERT INTO "auth_permission" ("name", "content_type_id", "codename") VALUES (%(0)s, %(1)s, %(2)s) VALUES (%(3)s, %(4)s, %(5)s) VALUES (%(6)s, %(7)s, %(8)s) VALUES (%(9)s, %(10)s, %(11)s)
params: ('Can add content type', 145, 'add_contenttype', 'Can change content type', 145, 'change_contenttype', 'Can delete content type', 145, 'delete_contenttype', 'Can view content type', 145, 'view_contenttype')
[2026-02-25 17:59:43,358] DEBUG djongo.sql2mongo.query inserted ids [ObjectId('699f7edf421deff2f70ed9f3'), ObjectId('699f7edf421deff2f70ed9f4'), ObjectId('699f7edf421deff2f70ed9f5'), ObjectId('699f7edf421deff2f70ed9f6')]
[2026-02-25 17:59:43,358] DEBUG djongo.sql2mongo.query sql_command: SELECT "django_content_type"."id", "django_content_type"."app_label", "django_content_type"."model" FROM "django_content_type" WHERE "django_content_type"."app_label" = %(0)s
params: ('contenttypes',)
[2026-02-25 17:59:43,358] DEBUG djongo.sql2mongo.query Find query: {'filter': {'app_label': {'$eq': 'contenttypes'}}, 'projection': ['id', 'app_label', 'model']}
[2026-02-25 17:59:43,359] DEBUG djongo.sql2mongo.query Result: (145, 'contenttypes', 'contenttype')
[2026-02-25 17:59:43,359] DEBUG djongo.sql2mongo.query sql_command: SELECT "django_content_type"."id", "django_content_type"."app_label", "django_content_type"."model" FROM "django_content_type" WHERE "django_content_type"."app_label" = %(0)s
params: ('sessions',)
[2026-02-25 17:59:43,359] DEBUG djongo.sql2mongo.query Find query: {'filter': {'app_label': {'$eq': 'sessions'}}, 'projection': ['id', 'app_label', 'model']}
[2026-02-25 17:59:43,360] DEBUG djongo.sql2mongo.query sql_command: INSERT INTO "django_content_type" ("app_label", "model") VALUES (%(0)s, %(1)s)
params: ('sessions', 'session')
[2026-02-25 17:59:43,361] DEBUG djongo.sql2mongo.query inserted ids [ObjectId('699f7edf421deff2f70ed9f7')]
[2026-02-25 17:59:43,361] DEBUG djongo.sql2mongo.query sql_command: SELECT "django_content_type"."id", "django_content_type"."app_label", "django_content_type"."model" FROM "django_content_type" WHERE ("django_content_type"."app_label" = %(0)s AND "django_content_type"."model" = %(1)s) LIMIT 21
params: ('sessions', 'session')
[2026-02-25 17:59:43,362] DEBUG djongo.sql2mongo.query Find query: {'filter': {'$and': [{'app_label': {'$eq': 'sessions'}}, {'model': {'$eq': 'session'}}]}, 'projection': ['id', 'app_label', 'model'], 'limit': 21}
[2026-02-25 17:59:43,362] DEBUG djongo.sql2mongo.query Result: (146, 'sessions', 'session')
[2026-02-25 17:59:43,363] DEBUG djongo.sql2mongo.query sql_command: SELECT "auth_permission"."content_type_id", "auth_permission"."codename" FROM "auth_permission" INNER JOIN "django_content_type" ON ("auth_permission"."content_type_id" = "django_content_type"."id") WHERE "auth_permission"."content_type_id" IN (%(0)s) ORDER BY "django_content_type"."app_label" ASC, "django_content_type"."model" ASC, "auth_permission"."codename" ASC
params: (146,)
[2026-02-25 17:59:43,364] DEBUG djongo.sql2mongo.query Aggregation query: [{'$match': {'content_type_id': {'$ne': None, '$exists': True}}}, {'$lookup': {'from': 'django_content_type', 'localField': 'content_type_id', 'foreignField': 'id', 'as': 'django_content_type'}}, {'$unwind': '$django_content_type'}, {'$match': {'content_type_id': {'$in': [146]}}}, {'$sort': OrderedDict({'django_content_type.app_label': 1, 'django_content_type.model': 1, 'codename': 1})}, {'$project': {'content_type_id': True, 'codename': True}}]
[2026-02-25 17:59:43,365] DEBUG djongo.sql2mongo.query sql_command: INSERT INTO "auth_permission" ("name", "content_type_id", "codename") VALUES (%(0)s, %(1)s, %(2)s) VALUES (%(3)s, %(4)s, %(5)s) VALUES (%(6)s, %(7)s, %(8)s) VALUES (%(9)s, %(10)s, %(11)s)
params: ('Can add session', 146, 'add_session', 'Can change session', 146, 'change_session', 'Can delete session', 146, 'delete_session', 'Can view session', 146, 'view_session')
[2026-02-25 17:59:43,367] DEBUG djongo.sql2mongo.query inserted ids [ObjectId('699f7edf421deff2f70ed9f8'), ObjectId('699f7edf421deff2f70ed9f9'), ObjectId('699f7edf421deff2f70ed9fa'), ObjectId('699f7edf421deff2f70ed9fb')]
[2026-02-25 17:59:43,367] DEBUG djongo.sql2mongo.query sql_command: SELECT "django_content_type"."id", "django_content_type"."app_label", "django_content_type"."model" FROM "django_content_type" WHERE "django_content_type"."app_label" = %(0)s
params: ('sessions',)
[2026-02-25 17:59:43,367] DEBUG djongo.sql2mongo.query Find query: {'filter': {'app_label': {'$eq': 'sessions'}}, 'projection': ['id', 'app_label', 'model']}
[2026-02-25 17:59:43,368] DEBUG djongo.sql2mongo.query Result: (146, 'sessions', 'session')
[2026-02-25 17:59:43,368] DEBUG djongo.sql2mongo.query sql_command: SELECT "django_content_type"."id", "django_content_type"."app_label", "django_content_type"."model" FROM "django_content_type" WHERE "django_content_type"."app_label" = %(0)s
params: ('webhooks',)
[2026-02-25 17:59:43,369] DEBUG djongo.sql2mongo.query Find query: {'filter': {'app_label': {'$eq': 'webhooks'}}, 'projection': ['id', 'app_label', 'model']}
[2026-02-25 17:59:43,369] DEBUG djongo.sql2mongo.query sql_command: INSERT INTO "django_content_type" ("app_label", "model") VALUES (%(0)s, %(1)s)
params: ('webhooks', 'webhookevent')
[2026-02-25 17:59:43,370] DEBUG djongo.sql2mongo.query inserted ids [ObjectId('699f7edf421deff2f70ed9fc')]
[2026-02-25 17:59:43,370] DEBUG djongo.sql2mongo.query sql_command: SELECT "django_content_type"."id", "django_content_type"."app_label", "django_content_type"."model" FROM "django_content_type" WHERE ("django_content_type"."app_label" = %(0)s AND "django_content_type"."model" = %(1)s) LIMIT 21
params: ('webhooks', 'webhookevent')
[2026-02-25 17:59:43,371] DEBUG djongo.sql2mongo.query Find query: {'filter': {'$and': [{'app_label': {'$eq': 'webhooks'}}, {'model': {'$eq': 'webhookevent'}}]}, 'projection': ['id', 'app_label', 'model'], 'limit': 21}
[2026-02-25 17:59:43,372] DEBUG djongo.sql2mongo.query Result: (147, 'webhooks', 'webhookevent')
[2026-02-25 17:59:43,372] DEBUG djongo.sql2mongo.query sql_command: SELECT "auth_permission"."content_type_id", "auth_permission"."codename" FROM "auth_permission" INNER JOIN "django_content_type" ON ("auth_permission"."content_type_id" = "django_content_type"."id") WHERE "auth_permission"."content_type_id" IN (%(0)s) ORDER BY "django_content_type"."app_label" ASC, "django_content_type"."model" ASC, "auth_permission"."codename" ASC
params: (147,)
[2026-02-25 17:59:43,373] DEBUG djongo.sql2mongo.query Aggregation query: [{'$match': {'content_type_id': {'$ne': None, '$exists': True}}}, {'$lookup': {'from': 'django_content_type', 'localField': 'content_type_id', 'foreignField': 'id', 'as': 'django_content_type'}}, {'$unwind': '$django_content_type'}, {'$match': {'content_type_id': {'$in': [147]}}}, {'$sort': OrderedDict({'django_content_type.app_label': 1, 'django_content_type.model': 1, 'codename': 1})}, {'$project': {'content_type_id': True, 'codename': True}}]
[2026-02-25 17:59:43,373] DEBUG djongo.sql2mongo.query sql_command: INSERT INTO "auth_permission" ("name", "content_type_id", "codename") VALUES (%(0)s, %(1)s, %(2)s) VALUES (%(3)s, %(4)s, %(5)s) VALUES (%(6)s, %(7)s, %(8)s) VALUES (%(9)s, %(10)s, %(11)s)
params: ('Can add Webhook Event', 147, 'add_webhookevent', 'Can change Webhook Event', 147, 'change_webhookevent', 'Can delete Webhook Event', 147, 'delete_webhookevent', 'Can view Webhook Event', 147, 'view_webhookevent')
[2026-02-25 17:59:43,375] DEBUG djongo.sql2mongo.query inserted ids [ObjectId('699f7edf421deff2f70ed9fd'), ObjectId('699f7edf421deff2f70ed9fe'), ObjectId('699f7edf421deff2f70ed9ff'), ObjectId('699f7edf421deff2f70eda00')]
[2026-02-25 17:59:43,375] DEBUG djongo.sql2mongo.query sql_command: SELECT "django_content_type"."id", "django_content_type"."app_label", "django_content_type"."model" FROM "django_content_type" WHERE "django_content_type"."app_label" = %(0)s
params: ('webhooks',)
[2026-02-25 17:59:43,376] DEBUG djongo.sql2mongo.query Find query: {'filter': {'app_label': {'$eq': 'webhooks'}}, 'projection': ['id', 'app_label', 'model']}
[2026-02-25 17:59:43,376] DEBUG djongo.sql2mongo.query Result: (147, 'webhooks', 'webhookevent')
[2026-02-25 17:59:43,376] DEBUG djongo.sql2mongo.query sql_command: SELECT "django_content_type"."id", "django_content_type"."app_label", "django_content_type"."model" FROM "django_content_type" WHERE "django_content_type"."app_label" = %(0)s
params: ('broker_connector',)
[2026-02-25 17:59:43,377] DEBUG djongo.sql2mongo.query Find query: {'filter': {'app_label': {'$eq': 'broker_connector'}}, 'projection': ['id', 'app_label', 'model']}
[2026-02-25 17:59:43,377] DEBUG djongo.sql2mongo.query sql_command: INSERT INTO "django_content_type" ("app_label", "model") VALUES (%(0)s, %(1)s)
params: ('broker_connector', 'brokeraccount')
[2026-02-25 17:59:43,378] DEBUG djongo.sql2mongo.query inserted ids [ObjectId('699f7edf421deff2f70eda01')]
[2026-02-25 17:59:43,379] DEBUG djongo.sql2mongo.query sql_command: SELECT "django_content_type"."id", "django_content_type"."app_label", "django_content_type"."model" FROM "django_content_type" WHERE ("django_content_type"."app_label" = %(0)s AND "django_content_type"."model" = %(1)s) LIMIT 21
params: ('broker_connector', 'brokeraccount')
[2026-02-25 17:59:43,379] DEBUG djongo.sql2mongo.query Find query: {'filter': {'$and': [{'app_label': {'$eq': 'broker_connector'}}, {'model': {'$eq': 'brokeraccount'}}]}, 'projection': ['id', 'app_label', 'model'], 'limit': 21}
[2026-02-25 17:59:43,380] DEBUG djongo.sql2mongo.query Result: (148, 'broker_connector', 'brokeraccount')
[2026-02-25 17:59:43,380] DEBUG djongo.sql2mongo.query sql_command: SELECT "auth_permission"."content_type_id", "auth_permission"."codename" FROM "auth_permission" INNER JOIN "django_content_type" ON ("auth_permission"."content_type_id" = "django_content_type"."id") WHERE "auth_permission"."content_type_id" IN (%(0)s) ORDER BY "django_content_type"."app_label" ASC, "django_content_type"."model" ASC, "auth_permission"."codename" ASC
params: (148,)
[2026-02-25 17:59:43,382] DEBUG djongo.sql2mongo.query Aggregation query: [{'$match': {'content_type_id': {'$ne': None, '$exists': True}}}, {'$lookup': {'from': 'django_content_type', 'localField': 'content_type_id', 'foreignField': 'id', 'as': 'django_content_type'}}, {'$unwind': '$django_content_type'}, {'$match': {'content_type_id': {'$in': [148]}}}, {'$sort': OrderedDict({'django_content_type.app_label': 1, 'django_content_type.model': 1, 'codename': 1})}, {'$project': {'content_type_id': True, 'codename': True}}]
[2026-02-25 17:59:43,382] DEBUG djongo.sql2mongo.query sql_command: INSERT INTO "auth_permission" ("name", "content_type_id", "codename") VALUES (%(0)s, %(1)s, %(2)s) VALUES (%(3)s, %(4)s, %(5)s) VALUES (%(6)s, %(7)s, %(8)s) VALUES (%(9)s, %(10)s, %(11)s)
params: ('Can add Broker Account', 148, 'add_brokeraccount', 'Can change Broker Account', 148, 'change_brokeraccount', 'Can delete Broker Account', 148, 'delete_brokeraccount', 'Can view Broker Account', 148, 'view_brokeraccount')
[2026-02-25 17:59:43,384] DEBUG djongo.sql2mongo.query inserted ids [ObjectId('699f7edf421deff2f70eda02'), ObjectId('699f7edf421deff2f70eda03'), ObjectId('699f7edf421deff2f70eda04'), ObjectId('699f7edf421deff2f70eda05')]
[2026-02-25 17:59:43,384] DEBUG djongo.sql2mongo.query sql_command: SELECT "django_content_type"."id", "django_content_type"."app_label", "django_content_type"."model" FROM "django_content_type" WHERE "django_content_type"."app_label" = %(0)s
params: ('broker_connector',)
[2026-02-25 17:59:43,385] DEBUG djongo.sql2mongo.query Find query: {'filter': {'app_label': {'$eq': 'broker_connector'}}, 'projection': ['id', 'app_label', 'model']}
[2026-02-25 17:59:43,385] DEBUG djongo.sql2mongo.query Result: (148, 'broker_connector', 'brokeraccount')
[2026-02-25 17:59:43,385] DEBUG djongo.sql2mongo.query sql_command: SELECT "django_content_type"."id", "django_content_type"."app_label", "django_content_type"."model" FROM "django_content_type" WHERE "django_content_type"."app_label" = %(0)s
params: ('execution_engine',)
[2026-02-25 17:59:43,386] DEBUG djongo.sql2mongo.query Find query: {'filter': {'app_label': {'$eq': 'execution_engine'}}, 'projection': ['id', 'app_label', 'model']}
[2026-02-25 17:59:43,387] DEBUG djongo.sql2mongo.query sql_command: INSERT INTO "django_content_type" ("app_label", "model") VALUES (%(0)s, %(1)s)
params: ('execution_engine', 'trade')
[2026-02-25 17:59:43,388] DEBUG djongo.sql2mongo.query inserted ids [ObjectId('699f7edf421deff2f70eda06')]
[2026-02-25 17:59:43,388] DEBUG djongo.sql2mongo.query sql_command: SELECT "django_content_type"."id", "django_content_type"."app_label", "django_content_type"."model" FROM "django_content_type" WHERE ("django_content_type"."app_label" = %(0)s AND "django_content_type"."model" = %(1)s) LIMIT 21
params: ('execution_engine', 'trade')
[2026-02-25 17:59:43,389] DEBUG djongo.sql2mongo.query Find query: {'filter': {'$and': [{'app_label': {'$eq': 'execution_engine'}}, {'model': {'$eq': 'trade'}}]}, 'projection': ['id', 'app_label', 'model'], 'limit': 21}
[2026-02-25 17:59:43,389] DEBUG djongo.sql2mongo.query Result: (149, 'execution_engine', 'trade')
[2026-02-25 17:59:43,390] DEBUG djongo.sql2mongo.query sql_command: SELECT "auth_permission"."content_type_id", "auth_permission"."codename" FROM "auth_permission" INNER JOIN "django_content_type" ON ("auth_permission"."content_type_id" = "django_content_type"."id") WHERE "auth_permission"."content_type_id" IN (%(0)s) ORDER BY "django_content_type"."app_label" ASC, "django_content_type"."model" ASC, "auth_permission"."codename" ASC
params: (149,)
[2026-02-25 17:59:43,391] DEBUG djongo.sql2mongo.query Aggregation query: [{'$match': {'content_type_id': {'$ne': None, '$exists': True}}}, {'$lookup': {'from': 'django_content_type', 'localField': 'content_type_id', 'foreignField': 'id', 'as': 'django_content_type'}}, {'$unwind': '$django_content_type'}, {'$match': {'content_type_id': {'$in': [149]}}}, {'$sort': OrderedDict({'django_content_type.app_label': 1, 'django_content_type.model': 1, 'codename': 1})}, {'$project': {'content_type_id': True, 'codename': True}}]
[2026-02-25 17:59:43,391] DEBUG djongo.sql2mongo.query sql_command: INSERT INTO "auth_permission" ("name", "content_type_id", "codename") VALUES (%(0)s, %(1)s, %(2)s) VALUES (%(3)s, %(4)s, %(5)s) VALUES (%(6)s, %(7)s, %(8)s) VALUES (%(9)s, %(10)s, %(11)s)
params: ('Can add Trade', 149, 'add_trade', 'Can change Trade', 149, 'change_trade', 'Can delete Trade', 149, 'delete_trade', 'Can view Trade', 149, 'view_trade')
[2026-02-25 17:59:43,393] DEBUG djongo.sql2mongo.query inserted ids [ObjectId('699f7edf421deff2f70eda07'), ObjectId('699f7edf421deff2f70eda08'), ObjectId('699f7edf421deff2f70eda09'), ObjectId('699f7edf421deff2f70eda0a')]
[2026-02-25 17:59:43,393] DEBUG djongo.sql2mongo.query sql_command: SELECT "django_content_type"."id", "django_content_type"."app_label", "django_content_type"."model" FROM "django_content_type" WHERE "django_content_type"."app_label" = %(0)s
params: ('execution_engine',)
[2026-02-25 17:59:43,393] DEBUG djongo.sql2mongo.query Find query: {'filter': {'app_label': {'$eq': 'execution_engine'}}, 'projection': ['id', 'app_label', 'model']}
[2026-02-25 17:59:43,394] DEBUG djongo.sql2mongo.query Result: (149, 'execution_engine', 'trade')
[2026-02-25 17:59:43,394] DEBUG djongo.sql2mongo.query sql_command: SELECT "django_content_type"."id", "django_content_type"."app_label", "django_content_type"."model" FROM "django_content_type" WHERE "django_content_type"."app_label" = %(0)s
params: ('risk_management',)
[2026-02-25 17:59:43,394] DEBUG djongo.sql2mongo.query Find query: {'filter': {'app_label': {'$eq': 'risk_management'}}, 'projection': ['id', 'app_label', 'model']}
[2026-02-25 17:59:43,395] DEBUG djongo.sql2mongo.query sql_command: INSERT INTO "django_content_type" ("app_label", "model") VALUES (%(0)s, %(1)s) VALUES (%(2)s, %(3)s)
params: ('risk_management', 'riskconfig', 'risk_management', 'propfirmaccount')
[2026-02-25 17:59:43,396] DEBUG djongo.sql2mongo.query inserted ids [ObjectId('699f7edf421deff2f70eda0b'), ObjectId('699f7edf421deff2f70eda0c')]
[2026-02-25 17:59:43,396] DEBUG djongo.sql2mongo.query sql_command: SELECT "django_content_type"."id", "django_content_type"."app_label", "django_content_type"."model" FROM "django_content_type" WHERE ("django_content_type"."app_label" = %(0)s AND "django_content_type"."model" = %(1)s) LIMIT 21
params: ('risk_management', 'riskconfig')
[2026-02-25 17:59:43,397] DEBUG djongo.sql2mongo.query Find query: {'filter': {'$and': [{'app_label': {'$eq': 'risk_management'}}, {'model': {'$eq': 'riskconfig'}}]}, 'projection': ['id', 'app_label', 'model'], 'limit': 21}
[2026-02-25 17:59:43,398] DEBUG djongo.sql2mongo.query Result: (150, 'risk_management', 'riskconfig')
[2026-02-25 17:59:43,398] DEBUG djongo.sql2mongo.query sql_command: SELECT "django_content_type"."id", "django_content_type"."app_label", "django_content_type"."model" FROM "django_content_type" WHERE ("django_content_type"."app_label" = %(0)s AND "django_content_type"."model" = %(1)s) LIMIT 21
params: ('risk_management', 'propfirmaccount')
[2026-02-25 17:59:43,399] DEBUG djongo.sql2mongo.query Find query: {'filter': {'$and': [{'app_label': {'$eq': 'risk_management'}}, {'model': {'$eq': 'propfirmaccount'}}]}, 'projection': ['id', 'app_label', 'model'], 'limit': 21}
[2026-02-25 17:59:43,399] DEBUG djongo.sql2mongo.query Result: (151, 'risk_management', 'propfirmaccount')
[2026-02-25 17:59:43,399] DEBUG djongo.sql2mongo.query sql_command: SELECT "auth_permission"."content_type_id", "auth_permission"."codename" FROM "auth_permission" INNER JOIN "django_content_type" ON ("auth_permission"."content_type_id" = "django_content_type"."id") WHERE "auth_permission"."content_type_id" IN (%(0)s, %(1)s) ORDER BY "django_content_type"."app_label" ASC, "django_content_type"."model" ASC, "auth_permission"."codename" ASC
params: (150, 151)
[2026-02-25 17:59:43,401] DEBUG djongo.sql2mongo.query Aggregation query: [{'$match': {'content_type_id': {'$ne': None, '$exists': True}}}, {'$lookup': {'from': 'django_content_type', 'localField': 'content_type_id', 'foreignField': 'id', 'as': 'django_content_type'}}, {'$unwind': '$django_content_type'}, {'$match': {'content_type_id': {'$in': [150, 151]}}}, {'$sort': OrderedDict({'django_content_type.app_label': 1, 'django_content_type.model': 1, 'codename': 1})}, {'$project': {'content_type_id': True, 'codename': True}}]
[2026-02-25 17:59:43,402] DEBUG djongo.sql2mongo.query sql_command: INSERT INTO "auth_permission" ("name", "content_type_id", "codename") VALUES (%(0)s, %(1)s, %(2)s) VALUES (%(3)s, %(4)s, %(5)s) VALUES (%(6)s, %(7)s, %(8)s) VALUES (%(9)s, %(10)s, %(11)s) VALUES (%(12)s, %(13)s, %(14)s) VALUES (%(15)s, %(16)s, %(17)s) VALUES (%(18)s, %(19)s, %(20)s) VALUES (%(21)s, %(22)s, %(23)s)
params: ('Can add Risk Configuration', 150, 'add_riskconfig', 'Can change Risk Configuration', 150, 'change_riskconfig', 'Can delete Risk Configuration', 150, 'delete_riskconfig', 'Can view Risk Configuration', 150, 'view_riskconfig', 'Can add Prop Firm Account', 151, 'add_propfirmaccount', 'Can change Prop Firm Account', 151, 'change_propfirmaccount', 'Can delete Prop Firm Account', 151, 'delete_propfirmaccount', 'Can view Prop Firm Account', 151, 'view_propfirmaccount')
[2026-02-25 17:59:43,404] DEBUG djongo.sql2mongo.query inserted ids [ObjectId('699f7edf421deff2f70eda0d'), ObjectId('699f7edf421deff2f70eda0e'), ObjectId('699f7edf421deff2f70eda0f'), ObjectId('699f7edf421deff2f70eda10'), ObjectId('699f7edf421deff2f70eda11'), ObjectId('699f7edf421deff2f70eda12'), ObjectId('699f7edf421deff2f70eda13'), ObjectId('699f7edf421deff2f70eda14')]
[2026-02-25 17:59:43,404] DEBUG djongo.sql2mongo.query sql_command: SELECT "django_content_type"."id", "django_content_type"."app_label", "django_content_type"."model" FROM "django_content_type" WHERE "django_content_type"."app_label" = %(0)s
params: ('risk_management',)
[2026-02-25 17:59:43,404] DEBUG djongo.sql2mongo.query Find query: {'filter': {'app_label': {'$eq': 'risk_management'}}, 'projection': ['id', 'app_label', 'model']}
[2026-02-25 17:59:43,405] DEBUG djongo.sql2mongo.query Result: (151, 'risk_management', 'propfirmaccount')
[2026-02-25 17:59:43,405] DEBUG djongo.sql2mongo.query Result: (150, 'risk_management', 'riskconfig')
[2026-02-25 17:59:43,405] DEBUG djongo.sql2mongo.query sql_command: SELECT "django_content_type"."id", "django_content_type"."app_label", "django_content_type"."model" FROM "django_content_type" WHERE "django_content_type"."app_label" = %(0)s
params: ('market_data',)
[2026-02-25 17:59:43,405] DEBUG djongo.sql2mongo.query Find query: {'filter': {'app_label': {'$eq': 'market_data'}}, 'projection': ['id', 'app_label', 'model']}
[2026-02-25 17:59:43,406] DEBUG djongo.sql2mongo.query sql_command: INSERT INTO "django_content_type" ("app_label", "model") VALUES (%(0)s, %(1)s)
params: ('market_data', 'ohlcvbar')
[2026-02-25 17:59:43,407] DEBUG djongo.sql2mongo.query inserted ids [ObjectId('699f7edf421deff2f70eda15')]
[2026-02-25 17:59:43,407] DEBUG djongo.sql2mongo.query sql_command: SELECT "django_content_type"."id", "django_content_type"."app_label", "django_content_type"."model" FROM "django_content_type" WHERE ("django_content_type"."app_label" = %(0)s AND "django_content_type"."model" = %(1)s) LIMIT 21
params: ('market_data', 'ohlcvbar')
[2026-02-25 17:59:43,408] DEBUG djongo.sql2mongo.query Find query: {'filter': {'$and': [{'app_label': {'$eq': 'market_data'}}, {'model': {'$eq': 'ohlcvbar'}}]}, 'projection': ['id', 'app_label', 'model'], 'limit': 21}
[2026-02-25 17:59:43,409] DEBUG djongo.sql2mongo.query Result: (152, 'market_data', 'ohlcvbar')
[2026-02-25 17:59:43,409] DEBUG djongo.sql2mongo.query sql_command: SELECT "auth_permission"."content_type_id", "auth_permission"."codename" FROM "auth_permission" INNER JOIN "django_content_type" ON ("auth_permission"."content_type_id" = "django_content_type"."id") WHERE "auth_permission"."content_type_id" IN (%(0)s) ORDER BY "django_content_type"."app_label" ASC, "django_content_type"."model" ASC, "auth_permission"."codename" ASC
params: (152,)
[2026-02-25 17:59:43,411] DEBUG djongo.sql2mongo.query Aggregation query: [{'$match': {'content_type_id': {'$ne': None, '$exists': True}}}, {'$lookup': {'from': 'django_content_type', 'localField': 'content_type_id', 'foreignField': 'id', 'as': 'django_content_type'}}, {'$unwind': '$django_content_type'}, {'$match': {'content_type_id': {'$in': [152]}}}, {'$sort': OrderedDict({'django_content_type.app_label': 1, 'django_content_type.model': 1, 'codename': 1})}, {'$project': {'content_type_id': True, 'codename': True}}]
[2026-02-25 17:59:43,411] DEBUG djongo.sql2mongo.query sql_command: INSERT INTO "auth_permission" ("name", "content_type_id", "codename") VALUES (%(0)s, %(1)s, %(2)s) VALUES (%(3)s, %(4)s, %(5)s) VALUES (%(6)s, %(7)s, %(8)s) VALUES (%(9)s, %(10)s, %(11)s)
params: ('Can add OHLCV Bar', 152, 'add_ohlcvbar', 'Can change OHLCV Bar', 152, 'change_ohlcvbar', 'Can delete OHLCV Bar', 152, 'delete_ohlcvbar', 'Can view OHLCV Bar', 152, 'view_ohlcvbar')
[2026-02-25 17:59:43,412] DEBUG djongo.sql2mongo.query inserted ids [ObjectId('699f7edf421deff2f70eda16'), ObjectId('699f7edf421deff2f70eda17'), ObjectId('699f7edf421deff2f70eda18'), ObjectId('699f7edf421deff2f70eda19')]
[2026-02-25 17:59:43,412] DEBUG djongo.sql2mongo.query sql_command: SELECT "django_content_type"."id", "django_content_type"."app_label", "django_content_type"."model" FROM "django_content_type" WHERE "django_content_type"."app_label" = %(0)s
params: ('market_data',)
[2026-02-25 17:59:43,413] DEBUG djongo.sql2mongo.query Find query: {'filter': {'app_label': {'$eq': 'market_data'}}, 'projection': ['id', 'app_label', 'model']}
[2026-02-25 17:59:43,413] DEBUG djongo.sql2mongo.query Result: (152, 'market_data', 'ohlcvbar')
[2026-02-25 17:59:43,413] DEBUG djongo.sql2mongo.query sql_command: SELECT "django_content_type"."id", "django_content_type"."app_label", "django_content_type"."model" FROM "django_content_type" WHERE "django_content_type"."app_label" = %(0)s
params: ('dashboard',)
[2026-02-25 17:59:43,414] DEBUG djongo.sql2mongo.query Find query: {'filter': {'app_label': {'$eq': 'dashboard'}}, 'projection': ['id', 'app_label', 'model']}
[2026-02-25 17:59:43,414] DEBUG djongo.sql2mongo.query sql_command: INSERT INTO "django_content_type" ("app_label", "model") VALUES (%(0)s, %(1)s) VALUES (%(2)s, %(3)s)
params: ('dashboard', 'strategy', 'dashboard', 'aimodel')
[2026-02-25 17:59:43,416] DEBUG djongo.sql2mongo.query inserted ids [ObjectId('699f7edf421deff2f70eda1a'), ObjectId('699f7edf421deff2f70eda1b')]
[2026-02-25 17:59:43,416] DEBUG djongo.sql2mongo.query sql_command: SELECT "django_content_type"."id", "django_content_type"."app_label", "django_content_type"."model" FROM "django_content_type" WHERE ("django_content_type"."app_label" = %(0)s AND "django_content_type"."model" = %(1)s) LIMIT 21
params: ('dashboard', 'strategy')
[2026-02-25 17:59:43,416] DEBUG djongo.sql2mongo.query Find query: {'filter': {'$and': [{'app_label': {'$eq': 'dashboard'}}, {'model': {'$eq': 'strategy'}}]}, 'projection': ['id', 'app_label', 'model'], 'limit': 21}
[2026-02-25 17:59:43,417] DEBUG djongo.sql2mongo.query Result: (153, 'dashboard', 'strategy')
[2026-02-25 17:59:43,417] DEBUG djongo.sql2mongo.query sql_command: SELECT "django_content_type"."id", "django_content_type"."app_label", "django_content_type"."model" FROM "django_content_type" WHERE ("django_content_type"."app_label" = %(0)s AND "django_content_type"."model" = %(1)s) LIMIT 21
params: ('dashboard', 'aimodel')
[2026-02-25 17:59:43,418] DEBUG djongo.sql2mongo.query Find query: {'filter': {'$and': [{'app_label': {'$eq': 'dashboard'}}, {'model': {'$eq': 'aimodel'}}]}, 'projection': ['id', 'app_label', 'model'], 'limit': 21}
[2026-02-25 17:59:43,418] DEBUG djongo.sql2mongo.query Result: (154, 'dashboard', 'aimodel')
[2026-02-25 17:59:43,419] DEBUG djongo.sql2mongo.query sql_command: SELECT "auth_permission"."content_type_id", "auth_permission"."codename" FROM "auth_permission" INNER JOIN "django_content_type" ON ("auth_permission"."content_type_id" = "django_content_type"."id") WHERE "auth_permission"."content_type_id" IN (%(0)s, %(1)s) ORDER BY "django_content_type"."app_label" ASC, "django_content_type"."model" ASC, "auth_permission"."codename" ASC
params: (153, 154)
[2026-02-25 17:59:43,420] DEBUG djongo.sql2mongo.query Aggregation query: [{'$match': {'content_type_id': {'$ne': None, '$exists': True}}}, {'$lookup': {'from': 'django_content_type', 'localField': 'content_type_id', 'foreignField': 'id', 'as': 'django_content_type'}}, {'$unwind': '$django_content_type'}, {'$match': {'content_type_id': {'$in': [153, 154]}}}, {'$sort': OrderedDict({'django_content_type.app_label': 1, 'django_content_type.model': 1, 'codename': 1})}, {'$project': {'content_type_id': True, 'codename': True}}]
[2026-02-25 17:59:43,420] DEBUG djongo.sql2mongo.query sql_command: INSERT INTO "auth_permission" ("name", "content_type_id", "codename") VALUES (%(0)s, %(1)s, %(2)s) VALUES (%(3)s, %(4)s, %(5)s) VALUES (%(6)s, %(7)s, %(8)s) VALUES (%(9)s, %(10)s, %(11)s) VALUES (%(12)s, %(13)s, %(14)s) VALUES (%(15)s, %(16)s, %(17)s) VALUES (%(18)s, %(19)s, %(20)s) VALUES (%(21)s, %(22)s, %(23)s)
params: ('Can add Strategy', 153, 'add_strategy', 'Can change Strategy', 153, 'change_strategy', 'Can delete Strategy', 153, 'delete_strategy', 'Can view Strategy', 153, 'view_strategy', 'Can add AI Model', 154, 'add_aimodel', 'Can change AI Model', 154, 'change_aimodel', 'Can delete AI Model', 154, 'delete_aimodel', 'Can view AI Model', 154, 'view_aimodel')
[2026-02-25 17:59:43,423] DEBUG djongo.sql2mongo.query inserted ids [ObjectId('699f7edf421deff2f70eda1c'), ObjectId('699f7edf421deff2f70eda1d'), ObjectId('699f7edf421deff2f70eda1e'), ObjectId('699f7edf421deff2f70eda1f'), ObjectId('699f7edf421deff2f70eda20'), ObjectId('699f7edf421deff2f70eda21'), ObjectId('699f7edf421deff2f70eda22'), ObjectId('699f7edf421deff2f70eda23')]
[2026-02-25 17:59:43,423] DEBUG djongo.sql2mongo.query sql_command: SELECT "django_content_type"."id", "django_content_type"."app_label", "django_content_type"."model" FROM "django_content_type" WHERE "django_content_type"."app_label" = %(0)s
params: ('dashboard',)
[2026-02-25 17:59:43,423] DEBUG djongo.sql2mongo.query Find query: {'filter': {'app_label': {'$eq': 'dashboard'}}, 'projection': ['id', 'app_label', 'model']}
[2026-02-25 17:59:43,424] DEBUG djongo.sql2mongo.query Result: (154, 'dashboard', 'aimodel')
[2026-02-25 17:59:43,424] DEBUG djongo.sql2mongo.query Result: (153, 'dashboard', 'strategy')
[2026-02-25 17:59:43,424] DEBUG djongo.base MongoClient connection closed
[2026-02-25 17:59:43,424] DEBUG djongo.base Existing MongoClient connection closed
[2026-02-25 17:59:43,424] DEBUG djongo.base New Database connection
[2026-02-25 17:59:43,425] DEBUG djongo.sql2mongo.query sql_command: SELECT "risk_management_riskconfig"."id", "risk_management_riskconfig"."name", "risk_management_riskconfig"."is_active", "risk_management_riskconfig"."max_daily_drawdown_pct", "risk_management_riskconfig"."max_total_drawdown_pct", "risk_management_riskconfig"."max_position_size_pct", "risk_management_riskconfig"."max_open_positions", "risk_management_riskconfig"."max_daily_trades", "risk_management_riskconfig"."daily_loss_limit", "risk_management_riskconfig"."kill_switch_active", "risk_management_riskconfig"."organization_id", "risk_management_riskconfig"."created_at", "risk_management_riskconfig"."updated_at" FROM "risk_management_riskconfig" WHERE "risk_management_riskconfig"."name" = %(0)s LIMIT 21
params: ('default',)
[2026-02-25 17:59:43,426] DEBUG djongo.sql2mongo.query Find query: {'filter': {'name': {'$eq': 'default'}}, 'projection': ['id', 'name', 'is_active', 'max_daily_drawdown_pct', 'max_total_drawdown_pct', 'max_position_size_pct', 'max_open_positions', 'max_daily_trades', 'daily_loss_limit', 'kill_switch_active', 'organization_id', 'created_at', 'updated_at'], 'limit': 21}
[2026-02-25 17:59:43,796] DEBUG djongo.sql2mongo.query sql_command: INSERT INTO "risk_management_riskconfig" ("name", "is_active", "max_daily_drawdown_pct", "max_total_drawdown_pct", "max_position_size_pct", "max_open_positions", "max_daily_trades", "daily_loss_limit", "kill_switch_active", "organization_id", "created_at", "updated_at") VALUES (%(0)s, %(1)s, %(2)s, %(3)s, %(4)s, %(5)s, %(6)s, %(7)s, %(8)s, %(9)s, %(10)s, %(11)s)
params: ['default', True, Decimal128('5.00'), Decimal128('10.00'), Decimal128('5.00'), 10, 50, Decimal128('1000.00'), False, None, datetime.datetime(2026, 2, 25, 22, 59, 43, 796352), datetime.datetime(2026, 2, 25, 22, 59, 43, 796370)]
[2026-02-25 17:59:43,800] DEBUG djongo.sql2mongo.query inserted ids [ObjectId('699f7edf421deff2f70eda24')]
[2026-02-25 17:59:43,801] DEBUG djongo.sql2mongo.query sql_command: SELECT "execution_engine_trade"."id", "execution_engine_trade"."trade_id", "execution_engine_trade"."symbol", "execution_engine_trade"."side", "execution_engine_trade"."quantity", "execution_engine_trade"."order_type", "execution_engine_trade"."status", "execution_engine_trade"."requested_price", "execution_engine_trade"."fill_price", "execution_engine_trade"."cost_basis", "execution_engine_trade"."realized_pnl", "execution_engine_trade"."commission", "execution_engine_trade"."strategy", "execution_engine_trade"."webhook_id", "execution_engine_trade"."broker_order_id", "execution_engine_trade"."broker_type", "execution_engine_trade"."broker_account_id", "execution_engine_trade"."error_message", "execution_engine_trade"."risk_approved", "execution_engine_trade"."risk_reason", "execution_engine_trade"."user_id", "execution_engine_trade"."organization_id", "execution_engine_trade"."created_at", "execution_engine_trade"."updated_at" FROM "execution_engine_trade" WHERE "execution_engine_trade"."created_at" >= %(0)s ORDER BY "execution_engine_trade"."created_at" DESC
params: (datetime.datetime(2026, 2, 25, 0, 0),)
[2026-02-25 17:59:43,804] DEBUG djongo.sql2mongo.query Find query: {'filter': {'created_at': {'$gte': datetime.datetime(2026, 2, 25, 0, 0)}}, 'projection': ['id', 'trade_id', 'symbol', 'side', 'quantity', 'order_type', 'status', 'requested_price', 'fill_price', 'cost_basis', 'realized_pnl', 'commission', 'strategy', 'webhook_id', 'broker_order_id', 'broker_type', 'broker_account_id', 'error_message', 'risk_approved', 'risk_reason', 'user_id', 'organization_id', 'created_at', 'updated_at'], 'sort': [('created_at', -1)]}
[2026-02-25 17:59:43,804] DEBUG djongo.sql2mongo.query sql_command: SELECT "execution_engine_trade"."id", "execution_engine_trade"."trade_id", "execution_engine_trade"."symbol", "execution_engine_trade"."side", "execution_engine_trade"."quantity", "execution_engine_trade"."order_type", "execution_engine_trade"."status", "execution_engine_trade"."requested_price", "execution_engine_trade"."fill_price", "execution_engine_trade"."cost_basis", "execution_engine_trade"."realized_pnl", "execution_engine_trade"."commission", "execution_engine_trade"."strategy", "execution_engine_trade"."webhook_id", "execution_engine_trade"."broker_order_id", "execution_engine_trade"."broker_type", "execution_engine_trade"."broker_account_id", "execution_engine_trade"."error_message", "execution_engine_trade"."risk_approved", "execution_engine_trade"."risk_reason", "execution_engine_trade"."user_id", "execution_engine_trade"."organization_id", "execution_engine_trade"."created_at", "execution_engine_trade"."updated_at" FROM "execution_engine_trade" WHERE "execution_engine_trade"."status" = %(0)s ORDER BY "execution_engine_trade"."created_at" DESC
params: ('filled',)
[2026-02-25 17:59:43,806] DEBUG djongo.sql2mongo.query Find query: {'filter': {'status': {'$eq': 'filled'}}, 'projection': ['id', 'trade_id', 'symbol', 'side', 'quantity', 'order_type', 'status', 'requested_price', 'fill_price', 'cost_basis', 'realized_pnl', 'commission', 'strategy', 'webhook_id', 'broker_order_id', 'broker_type', 'broker_account_id', 'error_message', 'risk_approved', 'risk_reason', 'user_id', 'organization_id', 'created_at', 'updated_at'], 'sort': [('created_at', -1)]}
[2026-02-25 17:59:43,807] DEBUG djongo.sql2mongo.query sql_command: SELECT "risk_management_riskconfig"."id", "risk_management_riskconfig"."name", "risk_management_riskconfig"."is_active", "risk_management_riskconfig"."max_daily_drawdown_pct", "risk_management_riskconfig"."max_total_drawdown_pct", "risk_management_riskconfig"."max_position_size_pct", "risk_management_riskconfig"."max_open_positions", "risk_management_riskconfig"."max_daily_trades", "risk_management_riskconfig"."daily_loss_limit", "risk_management_riskconfig"."kill_switch_active", "risk_management_riskconfig"."organization_id", "risk_management_riskconfig"."created_at", "risk_management_riskconfig"."updated_at" FROM "risk_management_riskconfig" WHERE "risk_management_riskconfig"."name" = %(0)s LIMIT 21
params: ('default',)
[2026-02-25 17:59:43,808] DEBUG djongo.sql2mongo.query Find query: {'filter': {'name': {'$eq': 'default'}}, 'projection': ['id', 'name', 'is_active', 'max_daily_drawdown_pct', 'max_total_drawdown_pct', 'max_position_size_pct', 'max_open_positions', 'max_daily_trades', 'daily_loss_limit', 'kill_switch_active', 'organization_id', 'created_at', 'updated_at'], 'limit': 21}
[2026-02-25 17:59:43,808] DEBUG djongo.sql2mongo.query Result: (11, 'default', True, Decimal128('5.00'), Decimal128('10.00'), Decimal128('5.00'), 10, 50, Decimal128('1000.00'), False, None, datetime.datetime(2026, 2, 25, 22, 59, 43, 796000), datetime.datetime(2026, 2, 25, 22, 59, 43, 796000))
[2026-02-25 17:59:43,809] DEBUG djongo.sql2mongo.query sql_command: SELECT "dashboard_strategy"."id", "dashboard_strategy"."strategy_id", "dashboard_strategy"."name", "dashboard_strategy"."description", "dashboard_strategy"."is_active", "dashboard_strategy"."asset_class", "dashboard_strategy"."timeframe", "dashboard_strategy"."symbols", "dashboard_strategy"."account_numbers", "dashboard_strategy"."position_size_pct", "dashboard_strategy"."max_positions", "dashboard_strategy"."stop_loss_pct", "dashboard_strategy"."take_profit_pct", "dashboard_strategy"."ai_model", "dashboard_strategy"."ai_confidence_threshold", "dashboard_strategy"."ai_retrain_freq", "dashboard_strategy"."custom_params", "dashboard_strategy"."organization_id", "dashboard_strategy"."created_at", "dashboard_strategy"."updated_at" FROM "dashboard_strategy" ORDER BY "dashboard_strategy"."created_at" DESC
params: ()
[2026-02-25 17:59:43,810] DEBUG djongo.sql2mongo.query Find query: {'projection': ['id', 'strategy_id', 'name', 'description', 'is_active', 'asset_class', 'timeframe', 'symbols', 'account_numbers', 'position_size_pct', 'max_positions', 'stop_loss_pct', 'take_profit_pct', 'ai_model', 'ai_confidence_threshold', 'ai_retrain_freq', 'custom_params', 'organization_id', 'created_at', 'updated_at'], 'sort': [('created_at', -1)]}
.[2026-02-25 17:59:43,812] DEBUG djongo.sql2mongo.query sql_command: ALTER TABLE "webhooks_webhookevent" FLUSH
params: None
[2026-02-25 17:59:43,813] DEBUG djongo.sql2mongo.query sql_command: ALTER TABLE "risk_management_propfirmaccount" FLUSH
params: None
[2026-02-25 17:59:43,813] DEBUG djongo.sql2mongo.query sql_command: ALTER TABLE "risk_management_riskconfig" FLUSH
params: None
[2026-02-25 17:59:43,814] DEBUG djongo.sql2mongo.query sql_command: ALTER TABLE "broker_connector_brokeraccount" FLUSH
params: None
[2026-02-25 17:59:43,815] DEBUG djongo.sql2mongo.query sql_command: ALTER TABLE "auth_group" FLUSH
params: None
[2026-02-25 17:59:43,815] DEBUG djongo.sql2mongo.query sql_command: ALTER TABLE "execution_engine_trade" FLUSH
params: None
[2026-02-25 17:59:43,816] DEBUG djongo.sql2mongo.query sql_command: ALTER TABLE "auth_permission" FLUSH
params: None
[2026-02-25 17:59:43,818] DEBUG djongo.sql2mongo.query sql_command: ALTER TABLE "market_data_ohlcvbar" FLUSH
params: None
[2026-02-25 17:59:43,819] DEBUG djongo.sql2mongo.query sql_command: ALTER TABLE "dashboard_aimodel" FLUSH
params: None
[2026-02-25 17:59:43,819] DEBUG djongo.sql2mongo.query sql_command: ALTER TABLE "dashboard_strategy" FLUSH
params: None
[2026-02-25 17:59:43,820] DEBUG djongo.sql2mongo.query sql_command: ALTER TABLE "django_session" FLUSH
params: None
[2026-02-25 17:59:43,821] DEBUG djongo.sql2mongo.query sql_command: ALTER TABLE "auth_group_permissions" FLUSH
params: None
[2026-02-25 17:59:43,821] DEBUG djongo.sql2mongo.query sql_command: ALTER TABLE "auth_user_user_permissions" FLUSH
params: None
[2026-02-25 17:59:43,822] DEBUG djongo.sql2mongo.query sql_command: ALTER TABLE "auth_user" FLUSH
params: None
[2026-02-25 17:59:43,822] DEBUG djongo.sql2mongo.query sql_command: ALTER TABLE "django_content_type" FLUSH
params: None
[2026-02-25 17:59:43,823] DEBUG djongo.sql2mongo.query sql_command: ALTER TABLE "auth_user_groups" FLUSH
params: None
[2026-02-25 17:59:43,824] DEBUG djongo.sql2mongo.query sql_command: ALTER TABLE "django_admin_log" FLUSH
params: None
[2026-02-25 17:59:43,824] DEBUG djongo.sql2mongo.query sql_command: SELECT "django_content_type"."id", "django_content_type"."app_label", "django_content_type"."model" FROM "django_content_type" WHERE "django_content_type"."app_label" = %(0)s
params: ('admin',)
[2026-02-25 17:59:43,825] DEBUG djongo.sql2mongo.query Find query: {'filter': {'app_label': {'$eq': 'admin'}}, 'projection': ['id', 'app_label', 'model']}
[2026-02-25 17:59:43,827] DEBUG djongo.sql2mongo.query sql_command: INSERT INTO "django_content_type" ("app_label", "model") VALUES (%(0)s, %(1)s)
params: ('admin', 'logentry')
[2026-02-25 17:59:43,829] DEBUG djongo.sql2mongo.query inserted ids [ObjectId('699f7edf421deff2f70eda25')]
[2026-02-25 17:59:43,830] DEBUG djongo.sql2mongo.query sql_command: SELECT "django_content_type"."id", "django_content_type"."app_label", "django_content_type"."model" FROM "django_content_type" WHERE ("django_content_type"."app_label" = %(0)s AND "django_content_type"."model" = %(1)s) LIMIT 21
params: ('admin', 'logentry')
[2026-02-25 17:59:43,831] DEBUG djongo.sql2mongo.query Find query: {'filter': {'$and': [{'app_label': {'$eq': 'admin'}}, {'model': {'$eq': 'logentry'}}]}, 'projection': ['id', 'app_label', 'model'], 'limit': 21}
[2026-02-25 17:59:43,831] DEBUG djongo.sql2mongo.query Result: (155, 'admin', 'logentry')
[2026-02-25 17:59:43,832] DEBUG djongo.sql2mongo.query sql_command: SELECT "auth_permission"."content_type_id", "auth_permission"."codename" FROM "auth_permission" INNER JOIN "django_content_type" ON ("auth_permission"."content_type_id" = "django_content_type"."id") WHERE "auth_permission"."content_type_id" IN (%(0)s) ORDER BY "django_content_type"."app_label" ASC, "django_content_type"."model" ASC, "auth_permission"."codename" ASC
params: (155,)
[2026-02-25 17:59:43,834] DEBUG djongo.sql2mongo.query Aggregation query: [{'$match': {'content_type_id': {'$ne': None, '$exists': True}}}, {'$lookup': {'from': 'django_content_type', 'localField': 'content_type_id', 'foreignField': 'id', 'as': 'django_content_type'}}, {'$unwind': '$django_content_type'}, {'$match': {'content_type_id': {'$in': [155]}}}, {'$sort': OrderedDict({'django_content_type.app_label': 1, 'django_content_type.model': 1, 'codename': 1})}, {'$project': {'content_type_id': True, 'codename': True}}]
[2026-02-25 17:59:43,834] DEBUG djongo.sql2mongo.query sql_command: INSERT INTO "auth_permission" ("name", "content_type_id", "codename") VALUES (%(0)s, %(1)s, %(2)s) VALUES (%(3)s, %(4)s, %(5)s) VALUES (%(6)s, %(7)s, %(8)s) VALUES (%(9)s, %(10)s, %(11)s)
params: ('Can add log entry', 155, 'add_logentry', 'Can change log entry', 155, 'change_logentry', 'Can delete log entry', 155, 'delete_logentry', 'Can view log entry', 155, 'view_logentry')
[2026-02-25 17:59:43,836] DEBUG djongo.sql2mongo.query inserted ids [ObjectId('699f7edf421deff2f70eda26'), ObjectId('699f7edf421deff2f70eda27'), ObjectId('699f7edf421deff2f70eda28'), ObjectId('699f7edf421deff2f70eda29')]
[2026-02-25 17:59:43,836] DEBUG djongo.sql2mongo.query sql_command: SELECT "django_content_type"."id", "django_content_type"."app_label", "django_content_type"."model" FROM "django_content_type" WHERE "django_content_type"."app_label" = %(0)s
params: ('admin',)
[2026-02-25 17:59:43,837] DEBUG djongo.sql2mongo.query Find query: {'filter': {'app_label': {'$eq': 'admin'}}, 'projection': ['id', 'app_label', 'model']}
[2026-02-25 17:59:43,838] DEBUG djongo.sql2mongo.query Result: (155, 'admin', 'logentry')
[2026-02-25 17:59:43,838] DEBUG djongo.sql2mongo.query sql_command: SELECT "django_content_type"."id", "django_content_type"."app_label", "django_content_type"."model" FROM "django_content_type" WHERE "django_content_type"."app_label" = %(0)s
params: ('auth',)
[2026-02-25 17:59:43,838] DEBUG djongo.sql2mongo.query Find query: {'filter': {'app_label': {'$eq': 'auth'}}, 'projection': ['id', 'app_label', 'model']}
[2026-02-25 17:59:43,839] DEBUG djongo.sql2mongo.query sql_command: INSERT INTO "django_content_type" ("app_label", "model") VALUES (%(0)s, %(1)s) VALUES (%(2)s, %(3)s) VALUES (%(4)s, %(5)s)
params: ('auth', 'permission', 'auth', 'group', 'auth', 'user')
[2026-02-25 17:59:43,840] DEBUG djongo.sql2mongo.query inserted ids [ObjectId('699f7edf421deff2f70eda2a'), ObjectId('699f7edf421deff2f70eda2b'), ObjectId('699f7edf421deff2f70eda2c')]
[2026-02-25 17:59:43,840] DEBUG djongo.sql2mongo.query sql_command: SELECT "django_content_type"."id", "django_content_type"."app_label", "django_content_type"."model" FROM "django_content_type" WHERE ("django_content_type"."app_label" = %(0)s AND "django_content_type"."model" = %(1)s) LIMIT 21
params: ('auth', 'permission')
[2026-02-25 17:59:43,841] DEBUG djongo.sql2mongo.query Find query: {'filter': {'$and': [{'app_label': {'$eq': 'auth'}}, {'model': {'$eq': 'permission'}}]}, 'projection': ['id', 'app_label', 'model'], 'limit': 21}
[2026-02-25 17:59:43,841] DEBUG djongo.sql2mongo.query Result: (156, 'auth', 'permission')
[2026-02-25 17:59:43,842] DEBUG djongo.sql2mongo.query sql_command: SELECT "django_content_type"."id", "django_content_type"."app_label", "django_content_type"."model" FROM "django_content_type" WHERE ("django_content_type"."app_label" = %(0)s AND "django_content_type"."model" = %(1)s) LIMIT 21
params: ('auth', 'group')
[2026-02-25 17:59:43,842] DEBUG djongo.sql2mongo.query Find query: {'filter': {'$and': [{'app_label': {'$eq': 'auth'}}, {'model': {'$eq': 'group'}}]}, 'projection': ['id', 'app_label', 'model'], 'limit': 21}
[2026-02-25 17:59:43,843] DEBUG djongo.sql2mongo.query Result: (157, 'auth', 'group')
[2026-02-25 17:59:43,843] DEBUG djongo.sql2mongo.query sql_command: SELECT "django_content_type"."id", "django_content_type"."app_label", "django_content_type"."model" FROM "django_content_type" WHERE ("django_content_type"."app_label" = %(0)s AND "django_content_type"."model" = %(1)s) LIMIT 21
params: ('auth', 'user')
[2026-02-25 17:59:43,843] DEBUG djongo.sql2mongo.query Find query: {'filter': {'$and': [{'app_label': {'$eq': 'auth'}}, {'model': {'$eq': 'user'}}]}, 'projection': ['id', 'app_label', 'model'], 'limit': 21}
[2026-02-25 17:59:43,844] DEBUG djongo.sql2mongo.query Result: (158, 'auth', 'user')
[2026-02-25 17:59:43,844] DEBUG djongo.sql2mongo.query sql_command: SELECT "auth_permission"."content_type_id", "auth_permission"."codename" FROM "auth_permission" INNER JOIN "django_content_type" ON ("auth_permission"."content_type_id" = "django_content_type"."id") WHERE "auth_permission"."content_type_id" IN (%(0)s, %(1)s, %(2)s) ORDER BY "django_content_type"."app_label" ASC, "django_content_type"."model" ASC, "auth_permission"."codename" ASC
params: (156, 157, 158)
[2026-02-25 17:59:43,846] DEBUG djongo.sql2mongo.query Aggregation query: [{'$match': {'content_type_id': {'$ne': None, '$exists': True}}}, {'$lookup': {'from': 'django_content_type', 'localField': 'content_type_id', 'foreignField': 'id', 'as': 'django_content_type'}}, {'$unwind': '$django_content_type'}, {'$match': {'content_type_id': {'$in': [156, 157, 158]}}}, {'$sort': OrderedDict({'django_content_type.app_label': 1, 'django_content_type.model': 1, 'codename': 1})}, {'$project': {'content_type_id': True, 'codename': True}}]
[2026-02-25 17:59:43,846] DEBUG djongo.sql2mongo.query sql_command: INSERT INTO "auth_permission" ("name", "content_type_id", "codename") VALUES (%(0)s, %(1)s, %(2)s) VALUES (%(3)s, %(4)s, %(5)s) VALUES (%(6)s, %(7)s, %(8)s) VALUES (%(9)s, %(10)s, %(11)s) VALUES (%(12)s, %(13)s, %(14)s) VALUES (%(15)s, %(16)s, %(17)s) VALUES (%(18)s, %(19)s, %(20)s) VALUES (%(21)s, %(22)s, %(23)s) VALUES (%(24)s, %(25)s, %(26)s) VALUES (%(27)s, %(28)s, %(29)s) VALUES (%(30)s, %(31)s, %(32)s) VALUES (%(33)s, %(34)s, %(35)s)
params: ('Can add permission', 156, 'add_permission', 'Can change permission', 156, 'change_permission', 'Can delete permission', 156, 'delete_permission', 'Can view permission', 156, 'view_permission', 'Can add group', 157, 'add_group', 'Can change group', 157, 'change_group', 'Can delete group', 157, 'delete_group', 'Can view group', 157, 'view_group', 'Can add user', 158, 'add_user', 'Can change user', 158, 'change_user', 'Can delete user', 158, 'delete_user', 'Can view user', 158, 'view_user')
[2026-02-25 17:59:43,849] DEBUG djongo.sql2mongo.query inserted ids [ObjectId('699f7edf421deff2f70eda2d'), ObjectId('699f7edf421deff2f70eda2e'), ObjectId('699f7edf421deff2f70eda2f'), ObjectId('699f7edf421deff2f70eda30'), ObjectId('699f7edf421deff2f70eda31'), ObjectId('699f7edf421deff2f70eda32'), ObjectId('699f7edf421deff2f70eda33'), ObjectId('699f7edf421deff2f70eda34'), ObjectId('699f7edf421deff2f70eda35'), ObjectId('699f7edf421deff2f70eda36'), ObjectId('699f7edf421deff2f70eda37'), ObjectId('699f7edf421deff2f70eda38')]
[2026-02-25 17:59:43,849] DEBUG djongo.sql2mongo.query sql_command: SELECT "django_content_type"."id", "django_content_type"."app_label", "django_content_type"."model" FROM "django_content_type" WHERE "django_content_type"."app_label" = %(0)s
params: ('auth',)
[2026-02-25 17:59:43,850] DEBUG djongo.sql2mongo.query Find query: {'filter': {'app_label': {'$eq': 'auth'}}, 'projection': ['id', 'app_label', 'model']}
[2026-02-25 17:59:43,850] DEBUG djongo.sql2mongo.query Result: (157, 'auth', 'group')
[2026-02-25 17:59:43,850] DEBUG djongo.sql2mongo.query Result: (156, 'auth', 'permission')
[2026-02-25 17:59:43,850] DEBUG djongo.sql2mongo.query Result: (158, 'auth', 'user')
[2026-02-25 17:59:43,850] DEBUG djongo.sql2mongo.query sql_command: SELECT "django_content_type"."id", "django_content_type"."app_label", "django_content_type"."model" FROM "django_content_type" WHERE "django_content_type"."app_label" = %(0)s
params: ('contenttypes',)
[2026-02-25 17:59:43,851] DEBUG djongo.sql2mongo.query Find query: {'filter': {'app_label': {'$eq': 'contenttypes'}}, 'projection': ['id', 'app_label', 'model']}
[2026-02-25 17:59:43,851] DEBUG djongo.sql2mongo.query sql_command: INSERT INTO "django_content_type" ("app_label", "model") VALUES (%(0)s, %(1)s)
params: ('contenttypes', 'contenttype')
[2026-02-25 17:59:43,852] DEBUG djongo.sql2mongo.query inserted ids [ObjectId('699f7edf421deff2f70eda39')]
[2026-02-25 17:59:43,852] DEBUG djongo.sql2mongo.query sql_command: SELECT "django_content_type"."id", "django_content_type"."app_label", "django_content_type"."model" FROM "django_content_type" WHERE ("django_content_type"."app_label" = %(0)s AND "django_content_type"."model" = %(1)s) LIMIT 21
params: ('contenttypes', 'contenttype')
[2026-02-25 17:59:43,853] DEBUG djongo.sql2mongo.query Find query: {'filter': {'$and': [{'app_label': {'$eq': 'contenttypes'}}, {'model': {'$eq': 'contenttype'}}]}, 'projection': ['id', 'app_label', 'model'], 'limit': 21}
[2026-02-25 17:59:43,854] DEBUG djongo.sql2mongo.query Result: (159, 'contenttypes', 'contenttype')
[2026-02-25 17:59:43,854] DEBUG djongo.sql2mongo.query sql_command: SELECT "auth_permission"."content_type_id", "auth_permission"."codename" FROM "auth_permission" INNER JOIN "django_content_type" ON ("auth_permission"."content_type_id" = "django_content_type"."id") WHERE "auth_permission"."content_type_id" IN (%(0)s) ORDER BY "django_content_type"."app_label" ASC, "django_content_type"."model" ASC, "auth_permission"."codename" ASC
params: (159,)
[2026-02-25 17:59:43,856] DEBUG djongo.sql2mongo.query Aggregation query: [{'$match': {'content_type_id': {'$ne': None, '$exists': True}}}, {'$lookup': {'from': 'django_content_type', 'localField': 'content_type_id', 'foreignField': 'id', 'as': 'django_content_type'}}, {'$unwind': '$django_content_type'}, {'$match': {'content_type_id': {'$in': [159]}}}, {'$sort': OrderedDict({'django_content_type.app_label': 1, 'django_content_type.model': 1, 'codename': 1})}, {'$project': {'content_type_id': True, 'codename': True}}]
[2026-02-25 17:59:43,856] DEBUG djongo.sql2mongo.query sql_command: INSERT INTO "auth_permission" ("name", "content_type_id", "codename") VALUES (%(0)s, %(1)s, %(2)s) VALUES (%(3)s, %(4)s, %(5)s) VALUES (%(6)s, %(7)s, %(8)s) VALUES (%(9)s, %(10)s, %(11)s)
params: ('Can add content type', 159, 'add_contenttype', 'Can change content type', 159, 'change_contenttype', 'Can delete content type', 159, 'delete_contenttype', 'Can view content type', 159, 'view_contenttype')
[2026-02-25 17:59:43,857] DEBUG djongo.sql2mongo.query inserted ids [ObjectId('699f7edf421deff2f70eda3a'), ObjectId('699f7edf421deff2f70eda3b'), ObjectId('699f7edf421deff2f70eda3c'), ObjectId('699f7edf421deff2f70eda3d')]
[2026-02-25 17:59:43,858] DEBUG djongo.sql2mongo.query sql_command: SELECT "django_content_type"."id", "django_content_type"."app_label", "django_content_type"."model" FROM "django_content_type" WHERE "django_content_type"."app_label" = %(0)s
params: ('contenttypes',)
[2026-02-25 17:59:43,858] DEBUG djongo.sql2mongo.query Find query: {'filter': {'app_label': {'$eq': 'contenttypes'}}, 'projection': ['id', 'app_label', 'model']}
[2026-02-25 17:59:43,859] DEBUG djongo.sql2mongo.query Result: (159, 'contenttypes', 'contenttype')
[2026-02-25 17:59:43,859] DEBUG djongo.sql2mongo.query sql_command: SELECT "django_content_type"."id", "django_content_type"."app_label", "django_content_type"."model" FROM "django_content_type" WHERE "django_content_type"."app_label" = %(0)s
params: ('sessions',)
[2026-02-25 17:59:43,859] DEBUG djongo.sql2mongo.query Find query: {'filter': {'app_label': {'$eq': 'sessions'}}, 'projection': ['id', 'app_label', 'model']}
[2026-02-25 17:59:43,860] DEBUG djongo.sql2mongo.query sql_command: INSERT INTO "django_content_type" ("app_label", "model") VALUES (%(0)s, %(1)s)
params: ('sessions', 'session')
[2026-02-25 17:59:43,861] DEBUG djongo.sql2mongo.query inserted ids [ObjectId('699f7edf421deff2f70eda3e')]
[2026-02-25 17:59:43,861] DEBUG djongo.sql2mongo.query sql_command: SELECT "django_content_type"."id", "django_content_type"."app_label", "django_content_type"."model" FROM "django_content_type" WHERE ("django_content_type"."app_label" = %(0)s AND "django_content_type"."model" = %(1)s) LIMIT 21
params: ('sessions', 'session')
[2026-02-25 17:59:43,861] DEBUG djongo.sql2mongo.query Find query: {'filter': {'$and': [{'app_label': {'$eq': 'sessions'}}, {'model': {'$eq': 'session'}}]}, 'projection': ['id', 'app_label', 'model'], 'limit': 21}
[2026-02-25 17:59:43,862] DEBUG djongo.sql2mongo.query Result: (160, 'sessions', 'session')
[2026-02-25 17:59:43,862] DEBUG djongo.sql2mongo.query sql_command: SELECT "auth_permission"."content_type_id", "auth_permission"."codename" FROM "auth_permission" INNER JOIN "django_content_type" ON ("auth_permission"."content_type_id" = "django_content_type"."id") WHERE "auth_permission"."content_type_id" IN (%(0)s) ORDER BY "django_content_type"."app_label" ASC, "django_content_type"."model" ASC, "auth_permission"."codename" ASC
params: (160,)
[2026-02-25 17:59:43,864] DEBUG djongo.sql2mongo.query Aggregation query: [{'$match': {'content_type_id': {'$ne': None, '$exists': True}}}, {'$lookup': {'from': 'django_content_type', 'localField': 'content_type_id', 'foreignField': 'id', 'as': 'django_content_type'}}, {'$unwind': '$django_content_type'}, {'$match': {'content_type_id': {'$in': [160]}}}, {'$sort': OrderedDict({'django_content_type.app_label': 1, 'django_content_type.model': 1, 'codename': 1})}, {'$project': {'content_type_id': True, 'codename': True}}]
[2026-02-25 17:59:43,864] DEBUG djongo.sql2mongo.query sql_command: INSERT INTO "auth_permission" ("name", "content_type_id", "codename") VALUES (%(0)s, %(1)s, %(2)s) VALUES (%(3)s, %(4)s, %(5)s) VALUES (%(6)s, %(7)s, %(8)s) VALUES (%(9)s, %(10)s, %(11)s)
params: ('Can add session', 160, 'add_session', 'Can change session', 160, 'change_session', 'Can delete session', 160, 'delete_session', 'Can view session', 160, 'view_session')
[2026-02-25 17:59:43,866] DEBUG djongo.sql2mongo.query inserted ids [ObjectId('699f7edf421deff2f70eda3f'), ObjectId('699f7edf421deff2f70eda40'), ObjectId('699f7edf421deff2f70eda41'), ObjectId('699f7edf421deff2f70eda42')]
[2026-02-25 17:59:43,866] DEBUG djongo.sql2mongo.query sql_command: SELECT "django_content_type"."id", "django_content_type"."app_label", "django_content_type"."model" FROM "django_content_type" WHERE "django_content_type"."app_label" = %(0)s
params: ('sessions',)
[2026-02-25 17:59:43,867] DEBUG djongo.sql2mongo.query Find query: {'filter': {'app_label': {'$eq': 'sessions'}}, 'projection': ['id', 'app_label', 'model']}
[2026-02-25 17:59:43,867] DEBUG djongo.sql2mongo.query Result: (160, 'sessions', 'session')
[2026-02-25 17:59:43,868] DEBUG djongo.sql2mongo.query sql_command: SELECT "django_content_type"."id", "django_content_type"."app_label", "django_content_type"."model" FROM "django_content_type" WHERE "django_content_type"."app_label" = %(0)s
params: ('webhooks',)
[2026-02-25 17:59:43,868] DEBUG djongo.sql2mongo.query Find query: {'filter': {'app_label': {'$eq': 'webhooks'}}, 'projection': ['id', 'app_label', 'model']}
[2026-02-25 17:59:43,869] DEBUG djongo.sql2mongo.query sql_command: INSERT INTO "django_content_type" ("app_label", "model") VALUES (%(0)s, %(1)s)
params: ('webhooks', 'webhookevent')
[2026-02-25 17:59:43,870] DEBUG djongo.sql2mongo.query inserted ids [ObjectId('699f7edf421deff2f70eda43')]
[2026-02-25 17:59:43,870] DEBUG djongo.sql2mongo.query sql_command: SELECT "django_content_type"."id", "django_content_type"."app_label", "django_content_type"."model" FROM "django_content_type" WHERE ("django_content_type"."app_label" = %(0)s AND "django_content_type"."model" = %(1)s) LIMIT 21
params: ('webhooks', 'webhookevent')
[2026-02-25 17:59:43,871] DEBUG djongo.sql2mongo.query Find query: {'filter': {'$and': [{'app_label': {'$eq': 'webhooks'}}, {'model': {'$eq': 'webhookevent'}}]}, 'projection': ['id', 'app_label', 'model'], 'limit': 21}
[2026-02-25 17:59:43,871] DEBUG djongo.sql2mongo.query Result: (161, 'webhooks', 'webhookevent')
[2026-02-25 17:59:43,872] DEBUG djongo.sql2mongo.query sql_command: SELECT "auth_permission"."content_type_id", "auth_permission"."codename" FROM "auth_permission" INNER JOIN "django_content_type" ON ("auth_permission"."content_type_id" = "django_content_type"."id") WHERE "auth_permission"."content_type_id" IN (%(0)s) ORDER BY "django_content_type"."app_label" ASC, "django_content_type"."model" ASC, "auth_permission"."codename" ASC
params: (161,)
[2026-02-25 17:59:43,874] DEBUG djongo.sql2mongo.query Aggregation query: [{'$match': {'content_type_id': {'$ne': None, '$exists': True}}}, {'$lookup': {'from': 'django_content_type', 'localField': 'content_type_id', 'foreignField': 'id', 'as': 'django_content_type'}}, {'$unwind': '$django_content_type'}, {'$match': {'content_type_id': {'$in': [161]}}}, {'$sort': OrderedDict({'django_content_type.app_label': 1, 'django_content_type.model': 1, 'codename': 1})}, {'$project': {'content_type_id': True, 'codename': True}}]
[2026-02-25 17:59:43,874] DEBUG djongo.sql2mongo.query sql_command: INSERT INTO "auth_permission" ("name", "content_type_id", "codename") VALUES (%(0)s, %(1)s, %(2)s) VALUES (%(3)s, %(4)s, %(5)s) VALUES (%(6)s, %(7)s, %(8)s) VALUES (%(9)s, %(10)s, %(11)s)
params: ('Can add Webhook Event', 161, 'add_webhookevent', 'Can change Webhook Event', 161, 'change_webhookevent', 'Can delete Webhook Event', 161, 'delete_webhookevent', 'Can view Webhook Event', 161, 'view_webhookevent')
[2026-02-25 17:59:43,876] DEBUG djongo.sql2mongo.query inserted ids [ObjectId('699f7edf421deff2f70eda44'), ObjectId('699f7edf421deff2f70eda45'), ObjectId('699f7edf421deff2f70eda46'), ObjectId('699f7edf421deff2f70eda47')]
[2026-02-25 17:59:43,876] DEBUG djongo.sql2mongo.query sql_command: SELECT "django_content_type"."id", "django_content_type"."app_label", "django_content_type"."model" FROM "django_content_type" WHERE "django_content_type"."app_label" = %(0)s
params: ('webhooks',)
[2026-02-25 17:59:43,876] DEBUG djongo.sql2mongo.query Find query: {'filter': {'app_label': {'$eq': 'webhooks'}}, 'projection': ['id', 'app_label', 'model']}
[2026-02-25 17:59:43,877] DEBUG djongo.sql2mongo.query Result: (161, 'webhooks', 'webhookevent')
[2026-02-25 17:59:43,877] DEBUG djongo.sql2mongo.query sql_command: SELECT "django_content_type"."id", "django_content_type"."app_label", "django_content_type"."model" FROM "django_content_type" WHERE "django_content_type"."app_label" = %(0)s
params: ('broker_connector',)
[2026-02-25 17:59:43,877] DEBUG djongo.sql2mongo.query Find query: {'filter': {'app_label': {'$eq': 'broker_connector'}}, 'projection': ['id', 'app_label', 'model']}
[2026-02-25 17:59:43,878] DEBUG djongo.sql2mongo.query sql_command: INSERT INTO "django_content_type" ("app_label", "model") VALUES (%(0)s, %(1)s)
params: ('broker_connector', 'brokeraccount')
[2026-02-25 17:59:43,879] DEBUG djongo.sql2mongo.query inserted ids [ObjectId('699f7edf421deff2f70eda48')]
[2026-02-25 17:59:43,879] DEBUG djongo.sql2mongo.query sql_command: SELECT "django_content_type"."id", "django_content_type"."app_label", "django_content_type"."model" FROM "django_content_type" WHERE ("django_content_type"."app_label" = %(0)s AND "django_content_type"."model" = %(1)s) LIMIT 21
params: ('broker_connector', 'brokeraccount')
[2026-02-25 17:59:43,880] DEBUG djongo.sql2mongo.query Find query: {'filter': {'$and': [{'app_label': {'$eq': 'broker_connector'}}, {'model': {'$eq': 'brokeraccount'}}]}, 'projection': ['id', 'app_label', 'model'], 'limit': 21}
[2026-02-25 17:59:43,880] DEBUG djongo.sql2mongo.query Result: (162, 'broker_connector', 'brokeraccount')
[2026-02-25 17:59:43,880] DEBUG djongo.sql2mongo.query sql_command: SELECT "auth_permission"."content_type_id", "auth_permission"."codename" FROM "auth_permission" INNER JOIN "django_content_type" ON ("auth_permission"."content_type_id" = "django_content_type"."id") WHERE "auth_permission"."content_type_id" IN (%(0)s) ORDER BY "django_content_type"."app_label" ASC, "django_content_type"."model" ASC, "auth_permission"."codename" ASC
params: (162,)
[2026-02-25 17:59:43,882] DEBUG djongo.sql2mongo.query Aggregation query: [{'$match': {'content_type_id': {'$ne': None, '$exists': True}}}, {'$lookup': {'from': 'django_content_type', 'localField': 'content_type_id', 'foreignField': 'id', 'as': 'django_content_type'}}, {'$unwind': '$django_content_type'}, {'$match': {'content_type_id': {'$in': [162]}}}, {'$sort': OrderedDict({'django_content_type.app_label': 1, 'django_content_type.model': 1, 'codename': 1})}, {'$project': {'content_type_id': True, 'codename': True}}]
[2026-02-25 17:59:43,882] DEBUG djongo.sql2mongo.query sql_command: INSERT INTO "auth_permission" ("name", "content_type_id", "codename") VALUES (%(0)s, %(1)s, %(2)s) VALUES (%(3)s, %(4)s, %(5)s) VALUES (%(6)s, %(7)s, %(8)s) VALUES (%(9)s, %(10)s, %(11)s)
params: ('Can add Broker Account', 162, 'add_brokeraccount', 'Can change Broker Account', 162, 'change_brokeraccount', 'Can delete Broker Account', 162, 'delete_brokeraccount', 'Can view Broker Account', 162, 'view_brokeraccount')
[2026-02-25 17:59:43,884] DEBUG djongo.sql2mongo.query inserted ids [ObjectId('699f7edf421deff2f70eda49'), ObjectId('699f7edf421deff2f70eda4a'), ObjectId('699f7edf421deff2f70eda4b'), ObjectId('699f7edf421deff2f70eda4c')]
[2026-02-25 17:59:43,884] DEBUG djongo.sql2mongo.query sql_command: SELECT "django_content_type"."id", "django_content_type"."app_label", "django_content_type"."model" FROM "django_content_type" WHERE "django_content_type"."app_label" = %(0)s
params: ('broker_connector',)
[2026-02-25 17:59:43,885] DEBUG djongo.sql2mongo.query Find query: {'filter': {'app_label': {'$eq': 'broker_connector'}}, 'projection': ['id', 'app_label', 'model']}
[2026-02-25 17:59:43,885] DEBUG djongo.sql2mongo.query Result: (162, 'broker_connector', 'brokeraccount')
[2026-02-25 17:59:43,885] DEBUG djongo.sql2mongo.query sql_command: SELECT "django_content_type"."id", "django_content_type"."app_label", "django_content_type"."model" FROM "django_content_type" WHERE "django_content_type"."app_label" = %(0)s
params: ('execution_engine',)
[2026-02-25 17:59:43,886] DEBUG djongo.sql2mongo.query Find query: {'filter': {'app_label': {'$eq': 'execution_engine'}}, 'projection': ['id', 'app_label', 'model']}
[2026-02-25 17:59:43,887] DEBUG djongo.sql2mongo.query sql_command: INSERT INTO "django_content_type" ("app_label", "model") VALUES (%(0)s, %(1)s)
params: ('execution_engine', 'trade')
[2026-02-25 17:59:43,888] DEBUG djongo.sql2mongo.query inserted ids [ObjectId('699f7edf421deff2f70eda4d')]
[2026-02-25 17:59:43,888] DEBUG djongo.sql2mongo.query sql_command: SELECT "django_content_type"."id", "django_content_type"."app_label", "django_content_type"."model" FROM "django_content_type" WHERE ("django_content_type"."app_label" = %(0)s AND "django_content_type"."model" = %(1)s) LIMIT 21
params: ('execution_engine', 'trade')
[2026-02-25 17:59:43,889] DEBUG djongo.sql2mongo.query Find query: {'filter': {'$and': [{'app_label': {'$eq': 'execution_engine'}}, {'model': {'$eq': 'trade'}}]}, 'projection': ['id', 'app_label', 'model'], 'limit': 21}
[2026-02-25 17:59:43,890] DEBUG djongo.sql2mongo.query Result: (163, 'execution_engine', 'trade')
[2026-02-25 17:59:43,890] DEBUG djongo.sql2mongo.query sql_command: SELECT "auth_permission"."content_type_id", "auth_permission"."codename" FROM "auth_permission" INNER JOIN "django_content_type" ON ("auth_permission"."content_type_id" = "django_content_type"."id") WHERE "auth_permission"."content_type_id" IN (%(0)s) ORDER BY "django_content_type"."app_label" ASC, "django_content_type"."model" ASC, "auth_permission"."codename" ASC
params: (163,)
[2026-02-25 17:59:43,893] DEBUG djongo.sql2mongo.query Aggregation query: [{'$match': {'content_type_id': {'$ne': None, '$exists': True}}}, {'$lookup': {'from': 'django_content_type', 'localField': 'content_type_id', 'foreignField': 'id', 'as': 'django_content_type'}}, {'$unwind': '$django_content_type'}, {'$match': {'content_type_id': {'$in': [163]}}}, {'$sort': OrderedDict({'django_content_type.app_label': 1, 'django_content_type.model': 1, 'codename': 1})}, {'$project': {'content_type_id': True, 'codename': True}}]
[2026-02-25 17:59:43,893] DEBUG djongo.sql2mongo.query sql_command: INSERT INTO "auth_permission" ("name", "content_type_id", "codename") VALUES (%(0)s, %(1)s, %(2)s) VALUES (%(3)s, %(4)s, %(5)s) VALUES (%(6)s, %(7)s, %(8)s) VALUES (%(9)s, %(10)s, %(11)s)
params: ('Can add Trade', 163, 'add_trade', 'Can change Trade', 163, 'change_trade', 'Can delete Trade', 163, 'delete_trade', 'Can view Trade', 163, 'view_trade')
[2026-02-25 17:59:43,895] DEBUG djongo.sql2mongo.query inserted ids [ObjectId('699f7edf421deff2f70eda4e'), ObjectId('699f7edf421deff2f70eda4f'), ObjectId('699f7edf421deff2f70eda50'), ObjectId('699f7edf421deff2f70eda51')]
[2026-02-25 17:59:43,895] DEBUG djongo.sql2mongo.query sql_command: SELECT "django_content_type"."id", "django_content_type"."app_label", "django_content_type"."model" FROM "django_content_type" WHERE "django_content_type"."app_label" = %(0)s
params: ('execution_engine',)
[2026-02-25 17:59:43,896] DEBUG djongo.sql2mongo.query Find query: {'filter': {'app_label': {'$eq': 'execution_engine'}}, 'projection': ['id', 'app_label', 'model']}
[2026-02-25 17:59:43,896] DEBUG djongo.sql2mongo.query Result: (163, 'execution_engine', 'trade')
[2026-02-25 17:59:43,896] DEBUG djongo.sql2mongo.query sql_command: SELECT "django_content_type"."id", "django_content_type"."app_label", "django_content_type"."model" FROM "django_content_type" WHERE "django_content_type"."app_label" = %(0)s
params: ('risk_management',)
[2026-02-25 17:59:43,897] DEBUG djongo.sql2mongo.query Find query: {'filter': {'app_label': {'$eq': 'risk_management'}}, 'projection': ['id', 'app_label', 'model']}
[2026-02-25 17:59:43,898] DEBUG djongo.sql2mongo.query sql_command: INSERT INTO "django_content_type" ("app_label", "model") VALUES (%(0)s, %(1)s) VALUES (%(2)s, %(3)s)
params: ('risk_management', 'riskconfig', 'risk_management', 'propfirmaccount')
[2026-02-25 17:59:43,900] DEBUG djongo.sql2mongo.query inserted ids [ObjectId('699f7edf421deff2f70eda52'), ObjectId('699f7edf421deff2f70eda53')]
[2026-02-25 17:59:43,900] DEBUG djongo.sql2mongo.query sql_command: SELECT "django_content_type"."id", "django_content_type"."app_label", "django_content_type"."model" FROM "django_content_type" WHERE ("django_content_type"."app_label" = %(0)s AND "django_content_type"."model" = %(1)s) LIMIT 21
params: ('risk_management', 'riskconfig')
[2026-02-25 17:59:43,901] DEBUG djongo.sql2mongo.query Find query: {'filter': {'$and': [{'app_label': {'$eq': 'risk_management'}}, {'model': {'$eq': 'riskconfig'}}]}, 'projection': ['id', 'app_label', 'model'], 'limit': 21}
[2026-02-25 17:59:43,901] DEBUG djongo.sql2mongo.query Result: (164, 'risk_management', 'riskconfig')
[2026-02-25 17:59:43,902] DEBUG djongo.sql2mongo.query sql_command: SELECT "django_content_type"."id", "django_content_type"."app_label", "django_content_type"."model" FROM "django_content_type" WHERE ("django_content_type"."app_label" = %(0)s AND "django_content_type"."model" = %(1)s) LIMIT 21
params: ('risk_management', 'propfirmaccount')
[2026-02-25 17:59:43,902] DEBUG djongo.sql2mongo.query Find query: {'filter': {'$and': [{'app_label': {'$eq': 'risk_management'}}, {'model': {'$eq': 'propfirmaccount'}}]}, 'projection': ['id', 'app_label', 'model'], 'limit': 21}
[2026-02-25 17:59:43,903] DEBUG djongo.sql2mongo.query Result: (165, 'risk_management', 'propfirmaccount')
[2026-02-25 17:59:43,903] DEBUG djongo.sql2mongo.query sql_command: SELECT "auth_permission"."content_type_id", "auth_permission"."codename" FROM "auth_permission" INNER JOIN "django_content_type" ON ("auth_permission"."content_type_id" = "django_content_type"."id") WHERE "auth_permission"."content_type_id" IN (%(0)s, %(1)s) ORDER BY "django_content_type"."app_label" ASC, "django_content_type"."model" ASC, "auth_permission"."codename" ASC
params: (164, 165)
[2026-02-25 17:59:43,905] DEBUG djongo.sql2mongo.query Aggregation query: [{'$match': {'content_type_id': {'$ne': None, '$exists': True}}}, {'$lookup': {'from': 'django_content_type', 'localField': 'content_type_id', 'foreignField': 'id', 'as': 'django_content_type'}}, {'$unwind': '$django_content_type'}, {'$match': {'content_type_id': {'$in': [164, 165]}}}, {'$sort': OrderedDict({'django_content_type.app_label': 1, 'django_content_type.model': 1, 'codename': 1})}, {'$project': {'content_type_id': True, 'codename': True}}]
[2026-02-25 17:59:43,905] DEBUG djongo.sql2mongo.query sql_command: INSERT INTO "auth_permission" ("name", "content_type_id", "codename") VALUES (%(0)s, %(1)s, %(2)s) VALUES (%(3)s, %(4)s, %(5)s) VALUES (%(6)s, %(7)s, %(8)s) VALUES (%(9)s, %(10)s, %(11)s) VALUES (%(12)s, %(13)s, %(14)s) VALUES (%(15)s, %(16)s, %(17)s) VALUES (%(18)s, %(19)s, %(20)s) VALUES (%(21)s, %(22)s, %(23)s)
params: ('Can add Risk Configuration', 164, 'add_riskconfig', 'Can change Risk Configuration', 164, 'change_riskconfig', 'Can delete Risk Configuration', 164, 'delete_riskconfig', 'Can view Risk Configuration', 164, 'view_riskconfig', 'Can add Prop Firm Account', 165, 'add_propfirmaccount', 'Can change Prop Firm Account', 165, 'change_propfirmaccount', 'Can delete Prop Firm Account', 165, 'delete_propfirmaccount', 'Can view Prop Firm Account', 165, 'view_propfirmaccount')
[2026-02-25 17:59:43,907] DEBUG djongo.sql2mongo.query inserted ids [ObjectId('699f7edf421deff2f70eda54'), ObjectId('699f7edf421deff2f70eda55'), ObjectId('699f7edf421deff2f70eda56'), ObjectId('699f7edf421deff2f70eda57'), ObjectId('699f7edf421deff2f70eda58'), ObjectId('699f7edf421deff2f70eda59'), ObjectId('699f7edf421deff2f70eda5a'), ObjectId('699f7edf421deff2f70eda5b')]
[2026-02-25 17:59:43,907] DEBUG djongo.sql2mongo.query sql_command: SELECT "django_content_type"."id", "django_content_type"."app_label", "django_content_type"."model" FROM "django_content_type" WHERE "django_content_type"."app_label" = %(0)s
params: ('risk_management',)
[2026-02-25 17:59:43,908] DEBUG djongo.sql2mongo.query Find query: {'filter': {'app_label': {'$eq': 'risk_management'}}, 'projection': ['id', 'app_label', 'model']}
[2026-02-25 17:59:43,909] DEBUG djongo.sql2mongo.query Result: (165, 'risk_management', 'propfirmaccount')
[2026-02-25 17:59:43,909] DEBUG djongo.sql2mongo.query Result: (164, 'risk_management', 'riskconfig')
[2026-02-25 17:59:43,909] DEBUG djongo.sql2mongo.query sql_command: SELECT "django_content_type"."id", "django_content_type"."app_label", "django_content_type"."model" FROM "django_content_type" WHERE "django_content_type"."app_label" = %(0)s
params: ('market_data',)
[2026-02-25 17:59:43,909] DEBUG djongo.sql2mongo.query Find query: {'filter': {'app_label': {'$eq': 'market_data'}}, 'projection': ['id', 'app_label', 'model']}
[2026-02-25 17:59:43,910] DEBUG djongo.sql2mongo.query sql_command: INSERT INTO "django_content_type" ("app_label", "model") VALUES (%(0)s, %(1)s)
params: ('market_data', 'ohlcvbar')
[2026-02-25 17:59:43,911] DEBUG djongo.sql2mongo.query inserted ids [ObjectId('699f7edf421deff2f70eda5c')]
[2026-02-25 17:59:43,911] DEBUG djongo.sql2mongo.query sql_command: SELECT "django_content_type"."id", "django_content_type"."app_label", "django_content_type"."model" FROM "django_content_type" WHERE ("django_content_type"."app_label" = %(0)s AND "django_content_type"."model" = %(1)s) LIMIT 21
params: ('market_data', 'ohlcvbar')
[2026-02-25 17:59:43,912] DEBUG djongo.sql2mongo.query Find query: {'filter': {'$and': [{'app_label': {'$eq': 'market_data'}}, {'model': {'$eq': 'ohlcvbar'}}]}, 'projection': ['id', 'app_label', 'model'], 'limit': 21}
[2026-02-25 17:59:43,912] DEBUG djongo.sql2mongo.query Result: (166, 'market_data', 'ohlcvbar')
[2026-02-25 17:59:43,912] DEBUG djongo.sql2mongo.query sql_command: SELECT "auth_permission"."content_type_id", "auth_permission"."codename" FROM "auth_permission" INNER JOIN "django_content_type" ON ("auth_permission"."content_type_id" = "django_content_type"."id") WHERE "auth_permission"."content_type_id" IN (%(0)s) ORDER BY "django_content_type"."app_label" ASC, "django_content_type"."model" ASC, "auth_permission"."codename" ASC
params: (166,)
[2026-02-25 17:59:43,914] DEBUG djongo.sql2mongo.query Aggregation query: [{'$match': {'content_type_id': {'$ne': None, '$exists': True}}}, {'$lookup': {'from': 'django_content_type', 'localField': 'content_type_id', 'foreignField': 'id', 'as': 'django_content_type'}}, {'$unwind': '$django_content_type'}, {'$match': {'content_type_id': {'$in': [166]}}}, {'$sort': OrderedDict({'django_content_type.app_label': 1, 'django_content_type.model': 1, 'codename': 1})}, {'$project': {'content_type_id': True, 'codename': True}}]
[2026-02-25 17:59:43,916] DEBUG djongo.sql2mongo.query sql_command: INSERT INTO "auth_permission" ("name", "content_type_id", "codename") VALUES (%(0)s, %(1)s, %(2)s) VALUES (%(3)s, %(4)s, %(5)s) VALUES (%(6)s, %(7)s, %(8)s) VALUES (%(9)s, %(10)s, %(11)s)
params: ('Can add OHLCV Bar', 166, 'add_ohlcvbar', 'Can change OHLCV Bar', 166, 'change_ohlcvbar', 'Can delete OHLCV Bar', 166, 'delete_ohlcvbar', 'Can view OHLCV Bar', 166, 'view_ohlcvbar')
[2026-02-25 17:59:43,918] DEBUG djongo.sql2mongo.query inserted ids [ObjectId('699f7edf421deff2f70eda5d'), ObjectId('699f7edf421deff2f70eda5e'), ObjectId('699f7edf421deff2f70eda5f'), ObjectId('699f7edf421deff2f70eda60')]
[2026-02-25 17:59:43,920] DEBUG djongo.sql2mongo.query sql_command: SELECT "django_content_type"."id", "django_content_type"."app_label", "django_content_type"."model" FROM "django_content_type" WHERE "django_content_type"."app_label" = %(0)s
params: ('market_data',)
[2026-02-25 17:59:43,921] DEBUG djongo.sql2mongo.query Find query: {'filter': {'app_label': {'$eq': 'market_data'}}, 'projection': ['id', 'app_label', 'model']}
[2026-02-25 17:59:43,921] DEBUG djongo.sql2mongo.query Result: (166, 'market_data', 'ohlcvbar')
[2026-02-25 17:59:43,921] DEBUG djongo.sql2mongo.query sql_command: SELECT "django_content_type"."id", "django_content_type"."app_label", "django_content_type"."model" FROM "django_content_type" WHERE "django_content_type"."app_label" = %(0)s
params: ('dashboard',)
[2026-02-25 17:59:43,922] DEBUG djongo.sql2mongo.query Find query: {'filter': {'app_label': {'$eq': 'dashboard'}}, 'projection': ['id', 'app_label', 'model']}
[2026-02-25 17:59:43,922] DEBUG djongo.sql2mongo.query sql_command: INSERT INTO "django_content_type" ("app_label", "model") VALUES (%(0)s, %(1)s) VALUES (%(2)s, %(3)s)
params: ('dashboard', 'strategy', 'dashboard', 'aimodel')
[2026-02-25 17:59:43,924] DEBUG djongo.sql2mongo.query inserted ids [ObjectId('699f7edf421deff2f70eda61'), ObjectId('699f7edf421deff2f70eda62')]
[2026-02-25 17:59:43,924] DEBUG djongo.sql2mongo.query sql_command: SELECT "django_content_type"."id", "django_content_type"."app_label", "django_content_type"."model" FROM "django_content_type" WHERE ("django_content_type"."app_label" = %(0)s AND "django_content_type"."model" = %(1)s) LIMIT 21
params: ('dashboard', 'strategy')
[2026-02-25 17:59:43,925] DEBUG djongo.sql2mongo.query Find query: {'filter': {'$and': [{'app_label': {'$eq': 'dashboard'}}, {'model': {'$eq': 'strategy'}}]}, 'projection': ['id', 'app_label', 'model'], 'limit': 21}
[2026-02-25 17:59:43,925] DEBUG djongo.sql2mongo.query Result: (167, 'dashboard', 'strategy')
[2026-02-25 17:59:43,925] DEBUG djongo.sql2mongo.query sql_command: SELECT "django_content_type"."id", "django_content_type"."app_label", "django_content_type"."model" FROM "django_content_type" WHERE ("django_content_type"."app_label" = %(0)s AND "django_content_type"."model" = %(1)s) LIMIT 21
params: ('dashboard', 'aimodel')
[2026-02-25 17:59:43,926] DEBUG djongo.sql2mongo.query Find query: {'filter': {'$and': [{'app_label': {'$eq': 'dashboard'}}, {'model': {'$eq': 'aimodel'}}]}, 'projection': ['id', 'app_label', 'model'], 'limit': 21}
[2026-02-25 17:59:43,927] DEBUG djongo.sql2mongo.query Result: (168, 'dashboard', 'aimodel')
[2026-02-25 17:59:43,927] DEBUG djongo.sql2mongo.query sql_command: SELECT "auth_permission"."content_type_id", "auth_permission"."codename" FROM "auth_permission" INNER JOIN "django_content_type" ON ("auth_permission"."content_type_id" = "django_content_type"."id") WHERE "auth_permission"."content_type_id" IN (%(0)s, %(1)s) ORDER BY "django_content_type"."app_label" ASC, "django_content_type"."model" ASC, "auth_permission"."codename" ASC
params: (168, 167)
[2026-02-25 17:59:43,928] DEBUG djongo.sql2mongo.query Aggregation query: [{'$match': {'content_type_id': {'$ne': None, '$exists': True}}}, {'$lookup': {'from': 'django_content_type', 'localField': 'content_type_id', 'foreignField': 'id', 'as': 'django_content_type'}}, {'$unwind': '$django_content_type'}, {'$match': {'content_type_id': {'$in': [168, 167]}}}, {'$sort': OrderedDict({'django_content_type.app_label': 1, 'django_content_type.model': 1, 'codename': 1})}, {'$project': {'content_type_id': True, 'codename': True}}]
[2026-02-25 17:59:43,929] DEBUG djongo.sql2mongo.query sql_command: INSERT INTO "auth_permission" ("name", "content_type_id", "codename") VALUES (%(0)s, %(1)s, %(2)s) VALUES (%(3)s, %(4)s, %(5)s) VALUES (%(6)s, %(7)s, %(8)s) VALUES (%(9)s, %(10)s, %(11)s) VALUES (%(12)s, %(13)s, %(14)s) VALUES (%(15)s, %(16)s, %(17)s) VALUES (%(18)s, %(19)s, %(20)s) VALUES (%(21)s, %(22)s, %(23)s)
params: ('Can add Strategy', 167, 'add_strategy', 'Can change Strategy', 167, 'change_strategy', 'Can delete Strategy', 167, 'delete_strategy', 'Can view Strategy', 167, 'view_strategy', 'Can add AI Model', 168, 'add_aimodel', 'Can change AI Model', 168, 'change_aimodel', 'Can delete AI Model', 168, 'delete_aimodel', 'Can view AI Model', 168, 'view_aimodel')
[2026-02-25 17:59:43,931] DEBUG djongo.sql2mongo.query inserted ids [ObjectId('699f7edf421deff2f70eda63'), ObjectId('699f7edf421deff2f70eda64'), ObjectId('699f7edf421deff2f70eda65'), ObjectId('699f7edf421deff2f70eda66'), ObjectId('699f7edf421deff2f70eda67'), ObjectId('699f7edf421deff2f70eda68'), ObjectId('699f7edf421deff2f70eda69'), ObjectId('699f7edf421deff2f70eda6a')]
[2026-02-25 17:59:43,931] DEBUG djongo.sql2mongo.query sql_command: SELECT "django_content_type"."id", "django_content_type"."app_label", "django_content_type"."model" FROM "django_content_type" WHERE "django_content_type"."app_label" = %(0)s
params: ('dashboard',)
[2026-02-25 17:59:43,932] DEBUG djongo.sql2mongo.query Find query: {'filter': {'app_label': {'$eq': 'dashboard'}}, 'projection': ['id', 'app_label', 'model']}
[2026-02-25 17:59:43,932] DEBUG djongo.sql2mongo.query Result: (168, 'dashboard', 'aimodel')
[2026-02-25 17:59:43,932] DEBUG djongo.sql2mongo.query Result: (167, 'dashboard', 'strategy')
[2026-02-25 17:59:43,933] DEBUG djongo.base MongoClient connection closed
[2026-02-25 17:59:43,933] DEBUG djongo.base Existing MongoClient connection closed
[2026-02-25 17:59:43,933] DEBUG djongo.base New Database connection
[2026-02-25 17:59:43,933] DEBUG djongo.sql2mongo.query sql_command: SELECT "risk_management_riskconfig"."id", "risk_management_riskconfig"."name", "risk_management_riskconfig"."is_active", "risk_management_riskconfig"."max_daily_drawdown_pct", "risk_management_riskconfig"."max_total_drawdown_pct", "risk_management_riskconfig"."max_position_size_pct", "risk_management_riskconfig"."max_open_positions", "risk_management_riskconfig"."max_daily_trades", "risk_management_riskconfig"."daily_loss_limit", "risk_management_riskconfig"."kill_switch_active", "risk_management_riskconfig"."organization_id", "risk_management_riskconfig"."created_at", "risk_management_riskconfig"."updated_at" FROM "risk_management_riskconfig" WHERE "risk_management_riskconfig"."name" = %(0)s LIMIT 21
params: ('default',)
[2026-02-25 17:59:43,934] DEBUG djongo.sql2mongo.query Find query: {'filter': {'name': {'$eq': 'default'}}, 'projection': ['id', 'name', 'is_active', 'max_daily_drawdown_pct', 'max_total_drawdown_pct', 'max_position_size_pct', 'max_open_positions', 'max_daily_trades', 'daily_loss_limit', 'kill_switch_active', 'organization_id', 'created_at', 'updated_at'], 'limit': 21}
[2026-02-25 17:59:44,300] DEBUG djongo.sql2mongo.query sql_command: INSERT INTO "risk_management_riskconfig" ("name", "is_active", "max_daily_drawdown_pct", "max_total_drawdown_pct", "max_position_size_pct", "max_open_positions", "max_daily_trades", "daily_loss_limit", "kill_switch_active", "organization_id", "created_at", "updated_at") VALUES (%(0)s, %(1)s, %(2)s, %(3)s, %(4)s, %(5)s, %(6)s, %(7)s, %(8)s, %(9)s, %(10)s, %(11)s)
params: ['default', True, Decimal128('5.00'), Decimal128('10.00'), Decimal128('5.00'), 10, 50, Decimal128('1000.00'), False, None, datetime.datetime(2026, 2, 25, 22, 59, 44, 300583), datetime.datetime(2026, 2, 25, 22, 59, 44, 300611)]
[2026-02-25 17:59:44,306] DEBUG djongo.sql2mongo.query inserted ids [ObjectId('699f7ee0421deff2f70eda6b')]
[2026-02-25 17:59:44,307] DEBUG djongo.sql2mongo.query sql_command: SELECT "execution_engine_trade"."id", "execution_engine_trade"."trade_id", "execution_engine_trade"."symbol", "execution_engine_trade"."side", "execution_engine_trade"."quantity", "execution_engine_trade"."order_type", "execution_engine_trade"."status", "execution_engine_trade"."requested_price", "execution_engine_trade"."fill_price", "execution_engine_trade"."cost_basis", "execution_engine_trade"."realized_pnl", "execution_engine_trade"."commission", "execution_engine_trade"."strategy", "execution_engine_trade"."webhook_id", "execution_engine_trade"."broker_order_id", "execution_engine_trade"."broker_type", "execution_engine_trade"."broker_account_id", "execution_engine_trade"."error_message", "execution_engine_trade"."risk_approved", "execution_engine_trade"."risk_reason", "execution_engine_trade"."user_id", "execution_engine_trade"."organization_id", "execution_engine_trade"."created_at", "execution_engine_trade"."updated_at" FROM "execution_engine_trade" ORDER BY "execution_engine_trade"."created_at" DESC LIMIT 10
params: ()
[2026-02-25 17:59:44,312] DEBUG djongo.sql2mongo.query Find query: {'projection': ['id', 'trade_id', 'symbol', 'side', 'quantity', 'order_type', 'status', 'requested_price', 'fill_price', 'cost_basis', 'realized_pnl', 'commission', 'strategy', 'webhook_id', 'broker_order_id', 'broker_type', 'broker_account_id', 'error_message', 'risk_approved', 'risk_reason', 'user_id', 'organization_id', 'created_at', 'updated_at'], 'limit': 10, 'sort': [('created_at', -1)]}
.[2026-02-25 17:59:44,316] DEBUG djongo.sql2mongo.query sql_command: ALTER TABLE "webhooks_webhookevent" FLUSH
params: None
[2026-02-25 17:59:44,317] DEBUG djongo.sql2mongo.query sql_command: ALTER TABLE "risk_management_propfirmaccount" FLUSH
params: None
[2026-02-25 17:59:44,318] DEBUG djongo.sql2mongo.query sql_command: ALTER TABLE "risk_management_riskconfig" FLUSH
params: None
[2026-02-25 17:59:44,319] DEBUG djongo.sql2mongo.query sql_command: ALTER TABLE "broker_connector_brokeraccount" FLUSH
params: None
[2026-02-25 17:59:44,320] DEBUG djongo.sql2mongo.query sql_command: ALTER TABLE "auth_group" FLUSH
params: None
[2026-02-25 17:59:44,321] DEBUG djongo.sql2mongo.query sql_command: ALTER TABLE "execution_engine_trade" FLUSH
params: None
[2026-02-25 17:59:44,322] DEBUG djongo.sql2mongo.query sql_command: ALTER TABLE "auth_permission" FLUSH
params: None
[2026-02-25 17:59:44,324] DEBUG djongo.sql2mongo.query sql_command: ALTER TABLE "market_data_ohlcvbar" FLUSH
params: None
[2026-02-25 17:59:44,325] DEBUG djongo.sql2mongo.query sql_command: ALTER TABLE "dashboard_aimodel" FLUSH
params: None
[2026-02-25 17:59:44,326] DEBUG djongo.sql2mongo.query sql_command: ALTER TABLE "dashboard_strategy" FLUSH
params: None
[2026-02-25 17:59:44,327] DEBUG djongo.sql2mongo.query sql_command: ALTER TABLE "django_session" FLUSH
params: None
[2026-02-25 17:59:44,328] DEBUG djongo.sql2mongo.query sql_command: ALTER TABLE "auth_group_permissions" FLUSH
params: None
[2026-02-25 17:59:44,329] DEBUG djongo.sql2mongo.query sql_command: ALTER TABLE "auth_user_user_permissions" FLUSH
params: None
[2026-02-25 17:59:44,330] DEBUG djongo.sql2mongo.query sql_command: ALTER TABLE "auth_user" FLUSH
params: None
[2026-02-25 17:59:44,330] DEBUG djongo.sql2mongo.query sql_command: ALTER TABLE "django_content_type" FLUSH
params: None
[2026-02-25 17:59:44,332] DEBUG djongo.sql2mongo.query sql_command: ALTER TABLE "auth_user_groups" FLUSH
params: None
[2026-02-25 17:59:44,333] DEBUG djongo.sql2mongo.query sql_command: ALTER TABLE "django_admin_log" FLUSH
params: None
[2026-02-25 17:59:44,334] DEBUG djongo.sql2mongo.query sql_command: SELECT "django_content_type"."id", "django_content_type"."app_label", "django_content_type"."model" FROM "django_content_type" WHERE "django_content_type"."app_label" = %(0)s
params: ('admin',)
[2026-02-25 17:59:44,335] DEBUG djongo.sql2mongo.query Find query: {'filter': {'app_label': {'$eq': 'admin'}}, 'projection': ['id', 'app_label', 'model']}
[2026-02-25 17:59:44,336] DEBUG djongo.sql2mongo.query sql_command: INSERT INTO "django_content_type" ("app_label", "model") VALUES (%(0)s, %(1)s)
params: ('admin', 'logentry')
[2026-02-25 17:59:44,338] DEBUG djongo.sql2mongo.query inserted ids [ObjectId('699f7ee0421deff2f70eda6c')]
[2026-02-25 17:59:44,338] DEBUG djongo.sql2mongo.query sql_command: SELECT "django_content_type"."id", "django_content_type"."app_label", "django_content_type"."model" FROM "django_content_type" WHERE ("django_content_type"."app_label" = %(0)s AND "django_content_type"."model" = %(1)s) LIMIT 21
params: ('admin', 'logentry')
[2026-02-25 17:59:44,338] DEBUG djongo.sql2mongo.query Find query: {'filter': {'$and': [{'app_label': {'$eq': 'admin'}}, {'model': {'$eq': 'logentry'}}]}, 'projection': ['id', 'app_label', 'model'], 'limit': 21}
[2026-02-25 17:59:44,339] DEBUG djongo.sql2mongo.query Result: (169, 'admin', 'logentry')
[2026-02-25 17:59:44,339] DEBUG djongo.sql2mongo.query sql_command: SELECT "auth_permission"."content_type_id", "auth_permission"."codename" FROM "auth_permission" INNER JOIN "django_content_type" ON ("auth_permission"."content_type_id" = "django_content_type"."id") WHERE "auth_permission"."content_type_id" IN (%(0)s) ORDER BY "django_content_type"."app_label" ASC, "django_content_type"."model" ASC, "auth_permission"."codename" ASC
params: (169,)
[2026-02-25 17:59:44,341] DEBUG djongo.sql2mongo.query Aggregation query: [{'$match': {'content_type_id': {'$ne': None, '$exists': True}}}, {'$lookup': {'from': 'django_content_type', 'localField': 'content_type_id', 'foreignField': 'id', 'as': 'django_content_type'}}, {'$unwind': '$django_content_type'}, {'$match': {'content_type_id': {'$in': [169]}}}, {'$sort': OrderedDict({'django_content_type.app_label': 1, 'django_content_type.model': 1, 'codename': 1})}, {'$project': {'content_type_id': True, 'codename': True}}]
[2026-02-25 17:59:44,342] DEBUG djongo.sql2mongo.query sql_command: INSERT INTO "auth_permission" ("name", "content_type_id", "codename") VALUES (%(0)s, %(1)s, %(2)s) VALUES (%(3)s, %(4)s, %(5)s) VALUES (%(6)s, %(7)s, %(8)s) VALUES (%(9)s, %(10)s, %(11)s)
params: ('Can add log entry', 169, 'add_logentry', 'Can change log entry', 169, 'change_logentry', 'Can delete log entry', 169, 'delete_logentry', 'Can view log entry', 169, 'view_logentry')
[2026-02-25 17:59:44,344] DEBUG djongo.sql2mongo.query inserted ids [ObjectId('699f7ee0421deff2f70eda6d'), ObjectId('699f7ee0421deff2f70eda6e'), ObjectId('699f7ee0421deff2f70eda6f'), ObjectId('699f7ee0421deff2f70eda70')]
[2026-02-25 17:59:44,344] DEBUG djongo.sql2mongo.query sql_command: SELECT "django_content_type"."id", "django_content_type"."app_label", "django_content_type"."model" FROM "django_content_type" WHERE "django_content_type"."app_label" = %(0)s
params: ('admin',)
[2026-02-25 17:59:44,344] DEBUG djongo.sql2mongo.query Find query: {'filter': {'app_label': {'$eq': 'admin'}}, 'projection': ['id', 'app_label', 'model']}
[2026-02-25 17:59:44,345] DEBUG djongo.sql2mongo.query Result: (169, 'admin', 'logentry')
[2026-02-25 17:59:44,345] DEBUG djongo.sql2mongo.query sql_command: SELECT "django_content_type"."id", "django_content_type"."app_label", "django_content_type"."model" FROM "django_content_type" WHERE "django_content_type"."app_label" = %(0)s
params: ('auth',)
[2026-02-25 17:59:44,345] DEBUG djongo.sql2mongo.query Find query: {'filter': {'app_label': {'$eq': 'auth'}}, 'projection': ['id', 'app_label', 'model']}
[2026-02-25 17:59:44,346] DEBUG djongo.sql2mongo.query sql_command: INSERT INTO "django_content_type" ("app_label", "model") VALUES (%(0)s, %(1)s) VALUES (%(2)s, %(3)s) VALUES (%(4)s, %(5)s)
params: ('auth', 'permission', 'auth', 'group', 'auth', 'user')
[2026-02-25 17:59:44,348] DEBUG djongo.sql2mongo.query inserted ids [ObjectId('699f7ee0421deff2f70eda71'), ObjectId('699f7ee0421deff2f70eda72'), ObjectId('699f7ee0421deff2f70eda73')]
[2026-02-25 17:59:44,348] DEBUG djongo.sql2mongo.query sql_command: SELECT "django_content_type"."id", "django_content_type"."app_label", "django_content_type"."model" FROM "django_content_type" WHERE ("django_content_type"."app_label" = %(0)s AND "django_content_type"."model" = %(1)s) LIMIT 21
params: ('auth', 'permission')
[2026-02-25 17:59:44,348] DEBUG djongo.sql2mongo.query Find query: {'filter': {'$and': [{'app_label': {'$eq': 'auth'}}, {'model': {'$eq': 'permission'}}]}, 'projection': ['id', 'app_label', 'model'], 'limit': 21}
[2026-02-25 17:59:44,349] DEBUG djongo.sql2mongo.query Result: (170, 'auth', 'permission')
[2026-02-25 17:59:44,349] DEBUG djongo.sql2mongo.query sql_command: SELECT "django_content_type"."id", "django_content_type"."app_label", "django_content_type"."model" FROM "django_content_type" WHERE ("django_content_type"."app_label" = %(0)s AND "django_content_type"."model" = %(1)s) LIMIT 21
params: ('auth', 'group')
[2026-02-25 17:59:44,350] DEBUG djongo.sql2mongo.query Find query: {'filter': {'$and': [{'app_label': {'$eq': 'auth'}}, {'model': {'$eq': 'group'}}]}, 'projection': ['id', 'app_label', 'model'], 'limit': 21}
[2026-02-25 17:59:44,351] DEBUG djongo.sql2mongo.query Result: (171, 'auth', 'group')
[2026-02-25 17:59:44,351] DEBUG djongo.sql2mongo.query sql_command: SELECT "django_content_type"."id", "django_content_type"."app_label", "django_content_type"."model" FROM "django_content_type" WHERE ("django_content_type"."app_label" = %(0)s AND "django_content_type"."model" = %(1)s) LIMIT 21
params: ('auth', 'user')
[2026-02-25 17:59:44,351] DEBUG djongo.sql2mongo.query Find query: {'filter': {'$and': [{'app_label': {'$eq': 'auth'}}, {'model': {'$eq': 'user'}}]}, 'projection': ['id', 'app_label', 'model'], 'limit': 21}
[2026-02-25 17:59:44,352] DEBUG djongo.sql2mongo.query Result: (172, 'auth', 'user')
[2026-02-25 17:59:44,352] DEBUG djongo.sql2mongo.query sql_command: SELECT "auth_permission"."content_type_id", "auth_permission"."codename" FROM "auth_permission" INNER JOIN "django_content_type" ON ("auth_permission"."content_type_id" = "django_content_type"."id") WHERE "auth_permission"."content_type_id" IN (%(0)s, %(1)s, %(2)s) ORDER BY "django_content_type"."app_label" ASC, "django_content_type"."model" ASC, "auth_permission"."codename" ASC
params: (170, 171, 172)
[2026-02-25 17:59:44,354] DEBUG djongo.sql2mongo.query Aggregation query: [{'$match': {'content_type_id': {'$ne': None, '$exists': True}}}, {'$lookup': {'from': 'django_content_type', 'localField': 'content_type_id', 'foreignField': 'id', 'as': 'django_content_type'}}, {'$unwind': '$django_content_type'}, {'$match': {'content_type_id': {'$in': [170, 171, 172]}}}, {'$sort': OrderedDict({'django_content_type.app_label': 1, 'django_content_type.model': 1, 'codename': 1})}, {'$project': {'content_type_id': True, 'codename': True}}]
[2026-02-25 17:59:44,354] DEBUG djongo.sql2mongo.query sql_command: INSERT INTO "auth_permission" ("name", "content_type_id", "codename") VALUES (%(0)s, %(1)s, %(2)s) VALUES (%(3)s, %(4)s, %(5)s) VALUES (%(6)s, %(7)s, %(8)s) VALUES (%(9)s, %(10)s, %(11)s) VALUES (%(12)s, %(13)s, %(14)s) VALUES (%(15)s, %(16)s, %(17)s) VALUES (%(18)s, %(19)s, %(20)s) VALUES (%(21)s, %(22)s, %(23)s) VALUES (%(24)s, %(25)s, %(26)s) VALUES (%(27)s, %(28)s, %(29)s) VALUES (%(30)s, %(31)s, %(32)s) VALUES (%(33)s, %(34)s, %(35)s)
params: ('Can add permission', 170, 'add_permission', 'Can change permission', 170, 'change_permission', 'Can delete permission', 170, 'delete_permission', 'Can view permission', 170, 'view_permission', 'Can add group', 171, 'add_group', 'Can change group', 171, 'change_group', 'Can delete group', 171, 'delete_group', 'Can view group', 171, 'view_group', 'Can add user', 172, 'add_user', 'Can change user', 172, 'change_user', 'Can delete user', 172, 'delete_user', 'Can view user', 172, 'view_user')
[2026-02-25 17:59:44,357] DEBUG djongo.sql2mongo.query inserted ids [ObjectId('699f7ee0421deff2f70eda74'), ObjectId('699f7ee0421deff2f70eda75'), ObjectId('699f7ee0421deff2f70eda76'), ObjectId('699f7ee0421deff2f70eda77'), ObjectId('699f7ee0421deff2f70eda78'), ObjectId('699f7ee0421deff2f70eda79'), ObjectId('699f7ee0421deff2f70eda7a'), ObjectId('699f7ee0421deff2f70eda7b'), ObjectId('699f7ee0421deff2f70eda7c'), ObjectId('699f7ee0421deff2f70eda7d'), ObjectId('699f7ee0421deff2f70eda7e'), ObjectId('699f7ee0421deff2f70eda7f')]
[2026-02-25 17:59:44,357] DEBUG djongo.sql2mongo.query sql_command: SELECT "django_content_type"."id", "django_content_type"."app_label", "django_content_type"."model" FROM "django_content_type" WHERE "django_content_type"."app_label" = %(0)s
params: ('auth',)
[2026-02-25 17:59:44,358] DEBUG djongo.sql2mongo.query Find query: {'filter': {'app_label': {'$eq': 'auth'}}, 'projection': ['id', 'app_label', 'model']}
[2026-02-25 17:59:44,359] DEBUG djongo.sql2mongo.query Result: (171, 'auth', 'group')
[2026-02-25 17:59:44,359] DEBUG djongo.sql2mongo.query Result: (170, 'auth', 'permission')
[2026-02-25 17:59:44,359] DEBUG djongo.sql2mongo.query Result: (172, 'auth', 'user')
[2026-02-25 17:59:44,359] DEBUG djongo.sql2mongo.query sql_command: SELECT "django_content_type"."id", "django_content_type"."app_label", "django_content_type"."model" FROM "django_content_type" WHERE "django_content_type"."app_label" = %(0)s
params: ('contenttypes',)
[2026-02-25 17:59:44,359] DEBUG djongo.sql2mongo.query Find query: {'filter': {'app_label': {'$eq': 'contenttypes'}}, 'projection': ['id', 'app_label', 'model']}
[2026-02-25 17:59:44,360] DEBUG djongo.sql2mongo.query sql_command: INSERT INTO "django_content_type" ("app_label", "model") VALUES (%(0)s, %(1)s)
params: ('contenttypes', 'contenttype')
[2026-02-25 17:59:44,361] DEBUG djongo.sql2mongo.query inserted ids [ObjectId('699f7ee0421deff2f70eda80')]
[2026-02-25 17:59:44,361] DEBUG djongo.sql2mongo.query sql_command: SELECT "django_content_type"."id", "django_content_type"."app_label", "django_content_type"."model" FROM "django_content_type" WHERE ("django_content_type"."app_label" = %(0)s AND "django_content_type"."model" = %(1)s) LIMIT 21
params: ('contenttypes', 'contenttype')
[2026-02-25 17:59:44,362] DEBUG djongo.sql2mongo.query Find query: {'filter': {'$and': [{'app_label': {'$eq': 'contenttypes'}}, {'model': {'$eq': 'contenttype'}}]}, 'projection': ['id', 'app_label', 'model'], 'limit': 21}
[2026-02-25 17:59:44,362] DEBUG djongo.sql2mongo.query Result: (173, 'contenttypes', 'contenttype')
[2026-02-25 17:59:44,363] DEBUG djongo.sql2mongo.query sql_command: SELECT "auth_permission"."content_type_id", "auth_permission"."codename" FROM "auth_permission" INNER JOIN "django_content_type" ON ("auth_permission"."content_type_id" = "django_content_type"."id") WHERE "auth_permission"."content_type_id" IN (%(0)s) ORDER BY "django_content_type"."app_label" ASC, "django_content_type"."model" ASC, "auth_permission"."codename" ASC
params: (173,)
[2026-02-25 17:59:44,365] DEBUG djongo.sql2mongo.query Aggregation query: [{'$match': {'content_type_id': {'$ne': None, '$exists': True}}}, {'$lookup': {'from': 'django_content_type', 'localField': 'content_type_id', 'foreignField': 'id', 'as': 'django_content_type'}}, {'$unwind': '$django_content_type'}, {'$match': {'content_type_id': {'$in': [173]}}}, {'$sort': OrderedDict({'django_content_type.app_label': 1, 'django_content_type.model': 1, 'codename': 1})}, {'$project': {'content_type_id': True, 'codename': True}}]
[2026-02-25 17:59:44,365] DEBUG djongo.sql2mongo.query sql_command: INSERT INTO "auth_permission" ("name", "content_type_id", "codename") VALUES (%(0)s, %(1)s, %(2)s) VALUES (%(3)s, %(4)s, %(5)s) VALUES (%(6)s, %(7)s, %(8)s) VALUES (%(9)s, %(10)s, %(11)s)
params: ('Can add content type', 173, 'add_contenttype', 'Can change content type', 173, 'change_contenttype', 'Can delete content type', 173, 'delete_contenttype', 'Can view content type', 173, 'view_contenttype')
[2026-02-25 17:59:44,367] DEBUG djongo.sql2mongo.query inserted ids [ObjectId('699f7ee0421deff2f70eda81'), ObjectId('699f7ee0421deff2f70eda82'), ObjectId('699f7ee0421deff2f70eda83'), ObjectId('699f7ee0421deff2f70eda84')]
[2026-02-25 17:59:44,372] DEBUG djongo.sql2mongo.query sql_command: SELECT "django_content_type"."id", "django_content_type"."app_label", "django_content_type"."model" FROM "django_content_type" WHERE "django_content_type"."app_label" = %(0)s
params: ('contenttypes',)
[2026-02-25 17:59:44,372] DEBUG djongo.sql2mongo.query Find query: {'filter': {'app_label': {'$eq': 'contenttypes'}}, 'projection': ['id', 'app_label', 'model']}
[2026-02-25 17:59:44,373] DEBUG djongo.sql2mongo.query Result: (173, 'contenttypes', 'contenttype')
[2026-02-25 17:59:44,373] DEBUG djongo.sql2mongo.query sql_command: SELECT "django_content_type"."id", "django_content_type"."app_label", "django_content_type"."model" FROM "django_content_type" WHERE "django_content_type"."app_label" = %(0)s
params: ('sessions',)
[2026-02-25 17:59:44,374] DEBUG djongo.sql2mongo.query Find query: {'filter': {'app_label': {'$eq': 'sessions'}}, 'projection': ['id', 'app_label', 'model']}
[2026-02-25 17:59:44,374] DEBUG djongo.sql2mongo.query sql_command: INSERT INTO "django_content_type" ("app_label", "model") VALUES (%(0)s, %(1)s)
params: ('sessions', 'session')
[2026-02-25 17:59:44,376] DEBUG djongo.sql2mongo.query inserted ids [ObjectId('699f7ee0421deff2f70eda85')]
[2026-02-25 17:59:44,376] DEBUG djongo.sql2mongo.query sql_command: SELECT "django_content_type"."id", "django_content_type"."app_label", "django_content_type"."model" FROM "django_content_type" WHERE ("django_content_type"."app_label" = %(0)s AND "django_content_type"."model" = %(1)s) LIMIT 21
params: ('sessions', 'session')
[2026-02-25 17:59:44,376] DEBUG djongo.sql2mongo.query Find query: {'filter': {'$and': [{'app_label': {'$eq': 'sessions'}}, {'model': {'$eq': 'session'}}]}, 'projection': ['id', 'app_label', 'model'], 'limit': 21}
[2026-02-25 17:59:44,377] DEBUG djongo.sql2mongo.query Result: (174, 'sessions', 'session')
[2026-02-25 17:59:44,377] DEBUG djongo.sql2mongo.query sql_command: SELECT "auth_permission"."content_type_id", "auth_permission"."codename" FROM "auth_permission" INNER JOIN "django_content_type" ON ("auth_permission"."content_type_id" = "django_content_type"."id") WHERE "auth_permission"."content_type_id" IN (%(0)s) ORDER BY "django_content_type"."app_label" ASC, "django_content_type"."model" ASC, "auth_permission"."codename" ASC
params: (174,)
[2026-02-25 17:59:44,379] DEBUG djongo.sql2mongo.query Aggregation query: [{'$match': {'content_type_id': {'$ne': None, '$exists': True}}}, {'$lookup': {'from': 'django_content_type', 'localField': 'content_type_id', 'foreignField': 'id', 'as': 'django_content_type'}}, {'$unwind': '$django_content_type'}, {'$match': {'content_type_id': {'$in': [174]}}}, {'$sort': OrderedDict({'django_content_type.app_label': 1, 'django_content_type.model': 1, 'codename': 1})}, {'$project': {'content_type_id': True, 'codename': True}}]
[2026-02-25 17:59:44,379] DEBUG djongo.sql2mongo.query sql_command: INSERT INTO "auth_permission" ("name", "content_type_id", "codename") VALUES (%(0)s, %(1)s, %(2)s) VALUES (%(3)s, %(4)s, %(5)s) VALUES (%(6)s, %(7)s, %(8)s) VALUES (%(9)s, %(10)s, %(11)s)
params: ('Can add session', 174, 'add_session', 'Can change session', 174, 'change_session', 'Can delete session', 174, 'delete_session', 'Can view session', 174, 'view_session')
[2026-02-25 17:59:44,381] DEBUG djongo.sql2mongo.query inserted ids [ObjectId('699f7ee0421deff2f70eda86'), ObjectId('699f7ee0421deff2f70eda87'), ObjectId('699f7ee0421deff2f70eda88'), ObjectId('699f7ee0421deff2f70eda89')]
[2026-02-25 17:59:44,381] DEBUG djongo.sql2mongo.query sql_command: SELECT "django_content_type"."id", "django_content_type"."app_label", "django_content_type"."model" FROM "django_content_type" WHERE "django_content_type"."app_label" = %(0)s
params: ('sessions',)
[2026-02-25 17:59:44,381] DEBUG djongo.sql2mongo.query Find query: {'filter': {'app_label': {'$eq': 'sessions'}}, 'projection': ['id', 'app_label', 'model']}
[2026-02-25 17:59:44,382] DEBUG djongo.sql2mongo.query Result: (174, 'sessions', 'session')
[2026-02-25 17:59:44,382] DEBUG djongo.sql2mongo.query sql_command: SELECT "django_content_type"."id", "django_content_type"."app_label", "django_content_type"."model" FROM "django_content_type" WHERE "django_content_type"."app_label" = %(0)s
params: ('webhooks',)
[2026-02-25 17:59:44,382] DEBUG djongo.sql2mongo.query Find query: {'filter': {'app_label': {'$eq': 'webhooks'}}, 'projection': ['id', 'app_label', 'model']}
[2026-02-25 17:59:44,383] DEBUG djongo.sql2mongo.query sql_command: INSERT INTO "django_content_type" ("app_label", "model") VALUES (%(0)s, %(1)s)
params: ('webhooks', 'webhookevent')
[2026-02-25 17:59:44,384] DEBUG djongo.sql2mongo.query inserted ids [ObjectId('699f7ee0421deff2f70eda8a')]
[2026-02-25 17:59:44,384] DEBUG djongo.sql2mongo.query sql_command: SELECT "django_content_type"."id", "django_content_type"."app_label", "django_content_type"."model" FROM "django_content_type" WHERE ("django_content_type"."app_label" = %(0)s AND "django_content_type"."model" = %(1)s) LIMIT 21
params: ('webhooks', 'webhookevent')
[2026-02-25 17:59:44,385] DEBUG djongo.sql2mongo.query Find query: {'filter': {'$and': [{'app_label': {'$eq': 'webhooks'}}, {'model': {'$eq': 'webhookevent'}}]}, 'projection': ['id', 'app_label', 'model'], 'limit': 21}
[2026-02-25 17:59:44,385] DEBUG djongo.sql2mongo.query Result: (175, 'webhooks', 'webhookevent')
[2026-02-25 17:59:44,386] DEBUG djongo.sql2mongo.query sql_command: SELECT "auth_permission"."content_type_id", "auth_permission"."codename" FROM "auth_permission" INNER JOIN "django_content_type" ON ("auth_permission"."content_type_id" = "django_content_type"."id") WHERE "auth_permission"."content_type_id" IN (%(0)s) ORDER BY "django_content_type"."app_label" ASC, "django_content_type"."model" ASC, "auth_permission"."codename" ASC
params: (175,)
[2026-02-25 17:59:44,387] DEBUG djongo.sql2mongo.query Aggregation query: [{'$match': {'content_type_id': {'$ne': None, '$exists': True}}}, {'$lookup': {'from': 'django_content_type', 'localField': 'content_type_id', 'foreignField': 'id', 'as': 'django_content_type'}}, {'$unwind': '$django_content_type'}, {'$match': {'content_type_id': {'$in': [175]}}}, {'$sort': OrderedDict({'django_content_type.app_label': 1, 'django_content_type.model': 1, 'codename': 1})}, {'$project': {'content_type_id': True, 'codename': True}}]
[2026-02-25 17:59:44,387] DEBUG djongo.sql2mongo.query sql_command: INSERT INTO "auth_permission" ("name", "content_type_id", "codename") VALUES (%(0)s, %(1)s, %(2)s) VALUES (%(3)s, %(4)s, %(5)s) VALUES (%(6)s, %(7)s, %(8)s) VALUES (%(9)s, %(10)s, %(11)s)
params: ('Can add Webhook Event', 175, 'add_webhookevent', 'Can change Webhook Event', 175, 'change_webhookevent', 'Can delete Webhook Event', 175, 'delete_webhookevent', 'Can view Webhook Event', 175, 'view_webhookevent')
[2026-02-25 17:59:44,389] DEBUG djongo.sql2mongo.query inserted ids [ObjectId('699f7ee0421deff2f70eda8b'), ObjectId('699f7ee0421deff2f70eda8c'), ObjectId('699f7ee0421deff2f70eda8d'), ObjectId('699f7ee0421deff2f70eda8e')]
[2026-02-25 17:59:44,389] DEBUG djongo.sql2mongo.query sql_command: SELECT "django_content_type"."id", "django_content_type"."app_label", "django_content_type"."model" FROM "django_content_type" WHERE "django_content_type"."app_label" = %(0)s
params: ('webhooks',)
[2026-02-25 17:59:44,390] DEBUG djongo.sql2mongo.query Find query: {'filter': {'app_label': {'$eq': 'webhooks'}}, 'projection': ['id', 'app_label', 'model']}
[2026-02-25 17:59:44,390] DEBUG djongo.sql2mongo.query Result: (175, 'webhooks', 'webhookevent')
[2026-02-25 17:59:44,390] DEBUG djongo.sql2mongo.query sql_command: SELECT "django_content_type"."id", "django_content_type"."app_label", "django_content_type"."model" FROM "django_content_type" WHERE "django_content_type"."app_label" = %(0)s
params: ('broker_connector',)
[2026-02-25 17:59:44,391] DEBUG djongo.sql2mongo.query Find query: {'filter': {'app_label': {'$eq': 'broker_connector'}}, 'projection': ['id', 'app_label', 'model']}
[2026-02-25 17:59:44,391] DEBUG djongo.sql2mongo.query sql_command: INSERT INTO "django_content_type" ("app_label", "model") VALUES (%(0)s, %(1)s)
params: ('broker_connector', 'brokeraccount')
[2026-02-25 17:59:44,392] DEBUG djongo.sql2mongo.query inserted ids [ObjectId('699f7ee0421deff2f70eda8f')]
[2026-02-25 17:59:44,392] DEBUG djongo.sql2mongo.query sql_command: SELECT "django_content_type"."id", "django_content_type"."app_label", "django_content_type"."model" FROM "django_content_type" WHERE ("django_content_type"."app_label" = %(0)s AND "django_content_type"."model" = %(1)s) LIMIT 21
params: ('broker_connector', 'brokeraccount')
[2026-02-25 17:59:44,393] DEBUG djongo.sql2mongo.query Find query: {'filter': {'$and': [{'app_label': {'$eq': 'broker_connector'}}, {'model': {'$eq': 'brokeraccount'}}]}, 'projection': ['id', 'app_label', 'model'], 'limit': 21}
[2026-02-25 17:59:44,393] DEBUG djongo.sql2mongo.query Result: (176, 'broker_connector', 'brokeraccount')
[2026-02-25 17:59:44,394] DEBUG djongo.sql2mongo.query sql_command: SELECT "auth_permission"."content_type_id", "auth_permission"."codename" FROM "auth_permission" INNER JOIN "django_content_type" ON ("auth_permission"."content_type_id" = "django_content_type"."id") WHERE "auth_permission"."content_type_id" IN (%(0)s) ORDER BY "django_content_type"."app_label" ASC, "django_content_type"."model" ASC, "auth_permission"."codename" ASC
params: (176,)
[2026-02-25 17:59:44,395] DEBUG djongo.sql2mongo.query Aggregation query: [{'$match': {'content_type_id': {'$ne': None, '$exists': True}}}, {'$lookup': {'from': 'django_content_type', 'localField': 'content_type_id', 'foreignField': 'id', 'as': 'django_content_type'}}, {'$unwind': '$django_content_type'}, {'$match': {'content_type_id': {'$in': [176]}}}, {'$sort': OrderedDict({'django_content_type.app_label': 1, 'django_content_type.model': 1, 'codename': 1})}, {'$project': {'content_type_id': True, 'codename': True}}]
[2026-02-25 17:59:44,395] DEBUG djongo.sql2mongo.query sql_command: INSERT INTO "auth_permission" ("name", "content_type_id", "codename") VALUES (%(0)s, %(1)s, %(2)s) VALUES (%(3)s, %(4)s, %(5)s) VALUES (%(6)s, %(7)s, %(8)s) VALUES (%(9)s, %(10)s, %(11)s)
params: ('Can add Broker Account', 176, 'add_brokeraccount', 'Can change Broker Account', 176, 'change_brokeraccount', 'Can delete Broker Account', 176, 'delete_brokeraccount', 'Can view Broker Account', 176, 'view_brokeraccount')
[2026-02-25 17:59:44,397] DEBUG djongo.sql2mongo.query inserted ids [ObjectId('699f7ee0421deff2f70eda90'), ObjectId('699f7ee0421deff2f70eda91'), ObjectId('699f7ee0421deff2f70eda92'), ObjectId('699f7ee0421deff2f70eda93')]
[2026-02-25 17:59:44,397] DEBUG djongo.sql2mongo.query sql_command: SELECT "django_content_type"."id", "django_content_type"."app_label", "django_content_type"."model" FROM "django_content_type" WHERE "django_content_type"."app_label" = %(0)s
params: ('broker_connector',)
[2026-02-25 17:59:44,398] DEBUG djongo.sql2mongo.query Find query: {'filter': {'app_label': {'$eq': 'broker_connector'}}, 'projection': ['id', 'app_label', 'model']}
[2026-02-25 17:59:44,398] DEBUG djongo.sql2mongo.query Result: (176, 'broker_connector', 'brokeraccount')
[2026-02-25 17:59:44,398] DEBUG djongo.sql2mongo.query sql_command: SELECT "django_content_type"."id", "django_content_type"."app_label", "django_content_type"."model" FROM "django_content_type" WHERE "django_content_type"."app_label" = %(0)s
params: ('execution_engine',)
[2026-02-25 17:59:44,399] DEBUG djongo.sql2mongo.query Find query: {'filter': {'app_label': {'$eq': 'execution_engine'}}, 'projection': ['id', 'app_label', 'model']}
[2026-02-25 17:59:44,400] DEBUG djongo.sql2mongo.query sql_command: INSERT INTO "django_content_type" ("app_label", "model") VALUES (%(0)s, %(1)s)
params: ('execution_engine', 'trade')
[2026-02-25 17:59:44,401] DEBUG djongo.sql2mongo.query inserted ids [ObjectId('699f7ee0421deff2f70eda94')]
[2026-02-25 17:59:44,401] DEBUG djongo.sql2mongo.query sql_command: SELECT "django_content_type"."id", "django_content_type"."app_label", "django_content_type"."model" FROM "django_content_type" WHERE ("django_content_type"."app_label" = %(0)s AND "django_content_type"."model" = %(1)s) LIMIT 21
params: ('execution_engine', 'trade')
[2026-02-25 17:59:44,402] DEBUG djongo.sql2mongo.query Find query: {'filter': {'$and': [{'app_label': {'$eq': 'execution_engine'}}, {'model': {'$eq': 'trade'}}]}, 'projection': ['id', 'app_label', 'model'], 'limit': 21}
[2026-02-25 17:59:44,402] DEBUG djongo.sql2mongo.query Result: (177, 'execution_engine', 'trade')
[2026-02-25 17:59:44,402] DEBUG djongo.sql2mongo.query sql_command: SELECT "auth_permission"."content_type_id", "auth_permission"."codename" FROM "auth_permission" INNER JOIN "django_content_type" ON ("auth_permission"."content_type_id" = "django_content_type"."id") WHERE "auth_permission"."content_type_id" IN (%(0)s) ORDER BY "django_content_type"."app_label" ASC, "django_content_type"."model" ASC, "auth_permission"."codename" ASC
params: (177,)
[2026-02-25 17:59:44,404] DEBUG djongo.sql2mongo.query Aggregation query: [{'$match': {'content_type_id': {'$ne': None, '$exists': True}}}, {'$lookup': {'from': 'django_content_type', 'localField': 'content_type_id', 'foreignField': 'id', 'as': 'django_content_type'}}, {'$unwind': '$django_content_type'}, {'$match': {'content_type_id': {'$in': [177]}}}, {'$sort': OrderedDict({'django_content_type.app_label': 1, 'django_content_type.model': 1, 'codename': 1})}, {'$project': {'content_type_id': True, 'codename': True}}]
[2026-02-25 17:59:44,404] DEBUG djongo.sql2mongo.query sql_command: INSERT INTO "auth_permission" ("name", "content_type_id", "codename") VALUES (%(0)s, %(1)s, %(2)s) VALUES (%(3)s, %(4)s, %(5)s) VALUES (%(6)s, %(7)s, %(8)s) VALUES (%(9)s, %(10)s, %(11)s)
params: ('Can add Trade', 177, 'add_trade', 'Can change Trade', 177, 'change_trade', 'Can delete Trade', 177, 'delete_trade', 'Can view Trade', 177, 'view_trade')
[2026-02-25 17:59:44,406] DEBUG djongo.sql2mongo.query inserted ids [ObjectId('699f7ee0421deff2f70eda95'), ObjectId('699f7ee0421deff2f70eda96'), ObjectId('699f7ee0421deff2f70eda97'), ObjectId('699f7ee0421deff2f70eda98')]
[2026-02-25 17:59:44,406] DEBUG djongo.sql2mongo.query sql_command: SELECT "django_content_type"."id", "django_content_type"."app_label", "django_content_type"."model" FROM "django_content_type" WHERE "django_content_type"."app_label" = %(0)s
params: ('execution_engine',)
[2026-02-25 17:59:44,406] DEBUG djongo.sql2mongo.query Find query: {'filter': {'app_label': {'$eq': 'execution_engine'}}, 'projection': ['id', 'app_label', 'model']}
[2026-02-25 17:59:44,407] DEBUG djongo.sql2mongo.query Result: (177, 'execution_engine', 'trade')
[2026-02-25 17:59:44,407] DEBUG djongo.sql2mongo.query sql_command: SELECT "django_content_type"."id", "django_content_type"."app_label", "django_content_type"."model" FROM "django_content_type" WHERE "django_content_type"."app_label" = %(0)s
params: ('risk_management',)
[2026-02-25 17:59:44,407] DEBUG djongo.sql2mongo.query Find query: {'filter': {'app_label': {'$eq': 'risk_management'}}, 'projection': ['id', 'app_label', 'model']}
[2026-02-25 17:59:44,408] DEBUG djongo.sql2mongo.query sql_command: INSERT INTO "django_content_type" ("app_label", "model") VALUES (%(0)s, %(1)s) VALUES (%(2)s, %(3)s)
params: ('risk_management', 'riskconfig', 'risk_management', 'propfirmaccount')
[2026-02-25 17:59:44,409] DEBUG djongo.sql2mongo.query inserted ids [ObjectId('699f7ee0421deff2f70eda99'), ObjectId('699f7ee0421deff2f70eda9a')]
[2026-02-25 17:59:44,409] DEBUG djongo.sql2mongo.query sql_command: SELECT "django_content_type"."id", "django_content_type"."app_label", "django_content_type"."model" FROM "django_content_type" WHERE ("django_content_type"."app_label" = %(0)s AND "django_content_type"."model" = %(1)s) LIMIT 21
params: ('risk_management', 'riskconfig')
[2026-02-25 17:59:44,410] DEBUG djongo.sql2mongo.query Find query: {'filter': {'$and': [{'app_label': {'$eq': 'risk_management'}}, {'model': {'$eq': 'riskconfig'}}]}, 'projection': ['id', 'app_label', 'model'], 'limit': 21}
[2026-02-25 17:59:44,410] DEBUG djongo.sql2mongo.query Result: (178, 'risk_management', 'riskconfig')
[2026-02-25 17:59:44,411] DEBUG djongo.sql2mongo.query sql_command: SELECT "django_content_type"."id", "django_content_type"."app_label", "django_content_type"."model" FROM "django_content_type" WHERE ("django_content_type"."app_label" = %(0)s AND "django_content_type"."model" = %(1)s) LIMIT 21
params: ('risk_management', 'propfirmaccount')
[2026-02-25 17:59:44,411] DEBUG djongo.sql2mongo.query Find query: {'filter': {'$and': [{'app_label': {'$eq': 'risk_management'}}, {'model': {'$eq': 'propfirmaccount'}}]}, 'projection': ['id', 'app_label', 'model'], 'limit': 21}
[2026-02-25 17:59:44,412] DEBUG djongo.sql2mongo.query Result: (179, 'risk_management', 'propfirmaccount')
[2026-02-25 17:59:44,412] DEBUG djongo.sql2mongo.query sql_command: SELECT "auth_permission"."content_type_id", "auth_permission"."codename" FROM "auth_permission" INNER JOIN "django_content_type" ON ("auth_permission"."content_type_id" = "django_content_type"."id") WHERE "auth_permission"."content_type_id" IN (%(0)s, %(1)s) ORDER BY "django_content_type"."app_label" ASC, "django_content_type"."model" ASC, "auth_permission"."codename" ASC
params: (178, 179)
[2026-02-25 17:59:44,414] DEBUG djongo.sql2mongo.query Aggregation query: [{'$match': {'content_type_id': {'$ne': None, '$exists': True}}}, {'$lookup': {'from': 'django_content_type', 'localField': 'content_type_id', 'foreignField': 'id', 'as': 'django_content_type'}}, {'$unwind': '$django_content_type'}, {'$match': {'content_type_id': {'$in': [178, 179]}}}, {'$sort': OrderedDict({'django_content_type.app_label': 1, 'django_content_type.model': 1, 'codename': 1})}, {'$project': {'content_type_id': True, 'codename': True}}]
[2026-02-25 17:59:44,414] DEBUG djongo.sql2mongo.query sql_command: INSERT INTO "auth_permission" ("name", "content_type_id", "codename") VALUES (%(0)s, %(1)s, %(2)s) VALUES (%(3)s, %(4)s, %(5)s) VALUES (%(6)s, %(7)s, %(8)s) VALUES (%(9)s, %(10)s, %(11)s) VALUES (%(12)s, %(13)s, %(14)s) VALUES (%(15)s, %(16)s, %(17)s) VALUES (%(18)s, %(19)s, %(20)s) VALUES (%(21)s, %(22)s, %(23)s)
params: ('Can add Risk Configuration', 178, 'add_riskconfig', 'Can change Risk Configuration', 178, 'change_riskconfig', 'Can delete Risk Configuration', 178, 'delete_riskconfig', 'Can view Risk Configuration', 178, 'view_riskconfig', 'Can add Prop Firm Account', 179, 'add_propfirmaccount', 'Can change Prop Firm Account', 179, 'change_propfirmaccount', 'Can delete Prop Firm Account', 179, 'delete_propfirmaccount', 'Can view Prop Firm Account', 179, 'view_propfirmaccount')
[2026-02-25 17:59:44,417] DEBUG djongo.sql2mongo.query inserted ids [ObjectId('699f7ee0421deff2f70eda9b'), ObjectId('699f7ee0421deff2f70eda9c'), ObjectId('699f7ee0421deff2f70eda9d'), ObjectId('699f7ee0421deff2f70eda9e'), ObjectId('699f7ee0421deff2f70eda9f'), ObjectId('699f7ee0421deff2f70edaa0'), ObjectId('699f7ee0421deff2f70edaa1'), ObjectId('699f7ee0421deff2f70edaa2')]
[2026-02-25 17:59:44,417] DEBUG djongo.sql2mongo.query sql_command: SELECT "django_content_type"."id", "django_content_type"."app_label", "django_content_type"."model" FROM "django_content_type" WHERE "django_content_type"."app_label" = %(0)s
params: ('risk_management',)
[2026-02-25 17:59:44,418] DEBUG djongo.sql2mongo.query Find query: {'filter': {'app_label': {'$eq': 'risk_management'}}, 'projection': ['id', 'app_label', 'model']}
[2026-02-25 17:59:44,418] DEBUG djongo.sql2mongo.query Result: (179, 'risk_management', 'propfirmaccount')
[2026-02-25 17:59:44,418] DEBUG djongo.sql2mongo.query Result: (178, 'risk_management', 'riskconfig')
[2026-02-25 17:59:44,419] DEBUG djongo.sql2mongo.query sql_command: SELECT "django_content_type"."id", "django_content_type"."app_label", "django_content_type"."model" FROM "django_content_type" WHERE "django_content_type"."app_label" = %(0)s
params: ('market_data',)
[2026-02-25 17:59:44,419] DEBUG djongo.sql2mongo.query Find query: {'filter': {'app_label': {'$eq': 'market_data'}}, 'projection': ['id', 'app_label', 'model']}
[2026-02-25 17:59:44,420] DEBUG djongo.sql2mongo.query sql_command: INSERT INTO "django_content_type" ("app_label", "model") VALUES (%(0)s, %(1)s)
params: ('market_data', 'ohlcvbar')
[2026-02-25 17:59:44,422] DEBUG djongo.sql2mongo.query inserted ids [ObjectId('699f7ee0421deff2f70edaa3')]
[2026-02-25 17:59:44,422] DEBUG djongo.sql2mongo.query sql_command: SELECT "django_content_type"."id", "django_content_type"."app_label", "django_content_type"."model" FROM "django_content_type" WHERE ("django_content_type"."app_label" = %(0)s AND "django_content_type"."model" = %(1)s) LIMIT 21
params: ('market_data', 'ohlcvbar')
[2026-02-25 17:59:44,423] DEBUG djongo.sql2mongo.query Find query: {'filter': {'$and': [{'app_label': {'$eq': 'market_data'}}, {'model': {'$eq': 'ohlcvbar'}}]}, 'projection': ['id', 'app_label', 'model'], 'limit': 21}
[2026-02-25 17:59:44,424] DEBUG djongo.sql2mongo.query Result: (180, 'market_data', 'ohlcvbar')
[2026-02-25 17:59:44,425] DEBUG djongo.sql2mongo.query sql_command: SELECT "auth_permission"."content_type_id", "auth_permission"."codename" FROM "auth_permission" INNER JOIN "django_content_type" ON ("auth_permission"."content_type_id" = "django_content_type"."id") WHERE "auth_permission"."content_type_id" IN (%(0)s) ORDER BY "django_content_type"."app_label" ASC, "django_content_type"."model" ASC, "auth_permission"."codename" ASC
params: (180,)
[2026-02-25 17:59:44,428] DEBUG djongo.sql2mongo.query Aggregation query: [{'$match': {'content_type_id': {'$ne': None, '$exists': True}}}, {'$lookup': {'from': 'django_content_type', 'localField': 'content_type_id', 'foreignField': 'id', 'as': 'django_content_type'}}, {'$unwind': '$django_content_type'}, {'$match': {'content_type_id': {'$in': [180]}}}, {'$sort': OrderedDict({'django_content_type.app_label': 1, 'django_content_type.model': 1, 'codename': 1})}, {'$project': {'content_type_id': True, 'codename': True}}]
[2026-02-25 17:59:44,428] DEBUG djongo.sql2mongo.query sql_command: INSERT INTO "auth_permission" ("name", "content_type_id", "codename") VALUES (%(0)s, %(1)s, %(2)s) VALUES (%(3)s, %(4)s, %(5)s) VALUES (%(6)s, %(7)s, %(8)s) VALUES (%(9)s, %(10)s, %(11)s)
params: ('Can add OHLCV Bar', 180, 'add_ohlcvbar', 'Can change OHLCV Bar', 180, 'change_ohlcvbar', 'Can delete OHLCV Bar', 180, 'delete_ohlcvbar', 'Can view OHLCV Bar', 180, 'view_ohlcvbar')
[2026-02-25 17:59:44,431] DEBUG djongo.sql2mongo.query inserted ids [ObjectId('699f7ee0421deff2f70edaa4'), ObjectId('699f7ee0421deff2f70edaa5'), ObjectId('699f7ee0421deff2f70edaa6'), ObjectId('699f7ee0421deff2f70edaa7')]
[2026-02-25 17:59:44,431] DEBUG djongo.sql2mongo.query sql_command: SELECT "django_content_type"."id", "django_content_type"."app_label", "django_content_type"."model" FROM "django_content_type" WHERE "django_content_type"."app_label" = %(0)s
params: ('market_data',)
[2026-02-25 17:59:44,432] DEBUG djongo.sql2mongo.query Find query: {'filter': {'app_label': {'$eq': 'market_data'}}, 'projection': ['id', 'app_label', 'model']}
[2026-02-25 17:59:44,433] DEBUG djongo.sql2mongo.query Result: (180, 'market_data', 'ohlcvbar')
[2026-02-25 17:59:44,433] DEBUG djongo.sql2mongo.query sql_command: SELECT "django_content_type"."id", "django_content_type"."app_label", "django_content_type"."model" FROM "django_content_type" WHERE "django_content_type"."app_label" = %(0)s
params: ('dashboard',)
[2026-02-25 17:59:44,434] DEBUG djongo.sql2mongo.query Find query: {'filter': {'app_label': {'$eq': 'dashboard'}}, 'projection': ['id', 'app_label', 'model']}
[2026-02-25 17:59:44,435] DEBUG djongo.sql2mongo.query sql_command: INSERT INTO "django_content_type" ("app_label", "model") VALUES (%(0)s, %(1)s) VALUES (%(2)s, %(3)s)
params: ('dashboard', 'strategy', 'dashboard', 'aimodel')
[2026-02-25 17:59:44,436] DEBUG djongo.sql2mongo.query inserted ids [ObjectId('699f7ee0421deff2f70edaa8'), ObjectId('699f7ee0421deff2f70edaa9')]
[2026-02-25 17:59:44,436] DEBUG djongo.sql2mongo.query sql_command: SELECT "django_content_type"."id", "django_content_type"."app_label", "django_content_type"."model" FROM "django_content_type" WHERE ("django_content_type"."app_label" = %(0)s AND "django_content_type"."model" = %(1)s) LIMIT 21
params: ('dashboard', 'strategy')
[2026-02-25 17:59:44,437] DEBUG djongo.sql2mongo.query Find query: {'filter': {'$and': [{'app_label': {'$eq': 'dashboard'}}, {'model': {'$eq': 'strategy'}}]}, 'projection': ['id', 'app_label', 'model'], 'limit': 21}
[2026-02-25 17:59:44,437] DEBUG djongo.sql2mongo.query Result: (181, 'dashboard', 'strategy')
[2026-02-25 17:59:44,437] DEBUG djongo.sql2mongo.query sql_command: SELECT "django_content_type"."id", "django_content_type"."app_label", "django_content_type"."model" FROM "django_content_type" WHERE ("django_content_type"."app_label" = %(0)s AND "django_content_type"."model" = %(1)s) LIMIT 21
params: ('dashboard', 'aimodel')
[2026-02-25 17:59:44,438] DEBUG djongo.sql2mongo.query Find query: {'filter': {'$and': [{'app_label': {'$eq': 'dashboard'}}, {'model': {'$eq': 'aimodel'}}]}, 'projection': ['id', 'app_label', 'model'], 'limit': 21}
[2026-02-25 17:59:44,438] DEBUG djongo.sql2mongo.query Result: (182, 'dashboard', 'aimodel')
[2026-02-25 17:59:44,439] DEBUG djongo.sql2mongo.query sql_command: SELECT "auth_permission"."content_type_id", "auth_permission"."codename" FROM "auth_permission" INNER JOIN "django_content_type" ON ("auth_permission"."content_type_id" = "django_content_type"."id") WHERE "auth_permission"."content_type_id" IN (%(0)s, %(1)s) ORDER BY "django_content_type"."app_label" ASC, "django_content_type"."model" ASC, "auth_permission"."codename" ASC
params: (181, 182)
[2026-02-25 17:59:44,441] DEBUG djongo.sql2mongo.query Aggregation query: [{'$match': {'content_type_id': {'$ne': None, '$exists': True}}}, {'$lookup': {'from': 'django_content_type', 'localField': 'content_type_id', 'foreignField': 'id', 'as': 'django_content_type'}}, {'$unwind': '$django_content_type'}, {'$match': {'content_type_id': {'$in': [181, 182]}}}, {'$sort': OrderedDict({'django_content_type.app_label': 1, 'django_content_type.model': 1, 'codename': 1})}, {'$project': {'content_type_id': True, 'codename': True}}]
[2026-02-25 17:59:44,441] DEBUG djongo.sql2mongo.query sql_command: INSERT INTO "auth_permission" ("name", "content_type_id", "codename") VALUES (%(0)s, %(1)s, %(2)s) VALUES (%(3)s, %(4)s, %(5)s) VALUES (%(6)s, %(7)s, %(8)s) VALUES (%(9)s, %(10)s, %(11)s) VALUES (%(12)s, %(13)s, %(14)s) VALUES (%(15)s, %(16)s, %(17)s) VALUES (%(18)s, %(19)s, %(20)s) VALUES (%(21)s, %(22)s, %(23)s)
params: ('Can add Strategy', 181, 'add_strategy', 'Can change Strategy', 181, 'change_strategy', 'Can delete Strategy', 181, 'delete_strategy', 'Can view Strategy', 181, 'view_strategy', 'Can add AI Model', 182, 'add_aimodel', 'Can change AI Model', 182, 'change_aimodel', 'Can delete AI Model', 182, 'delete_aimodel', 'Can view AI Model', 182, 'view_aimodel')
[2026-02-25 17:59:44,443] DEBUG djongo.sql2mongo.query inserted ids [ObjectId('699f7ee0421deff2f70edaaa'), ObjectId('699f7ee0421deff2f70edaab'), ObjectId('699f7ee0421deff2f70edaac'), ObjectId('699f7ee0421deff2f70edaad'), ObjectId('699f7ee0421deff2f70edaae'), ObjectId('699f7ee0421deff2f70edaaf'), ObjectId('699f7ee0421deff2f70edab0'), ObjectId('699f7ee0421deff2f70edab1')]
[2026-02-25 17:59:44,443] DEBUG djongo.sql2mongo.query sql_command: SELECT "django_content_type"."id", "django_content_type"."app_label", "django_content_type"."model" FROM "django_content_type" WHERE "django_content_type"."app_label" = %(0)s
params: ('dashboard',)
[2026-02-25 17:59:44,444] DEBUG djongo.sql2mongo.query Find query: {'filter': {'app_label': {'$eq': 'dashboard'}}, 'projection': ['id', 'app_label', 'model']}
[2026-02-25 17:59:44,444] DEBUG djongo.sql2mongo.query Result: (182, 'dashboard', 'aimodel')
[2026-02-25 17:59:44,444] DEBUG djongo.sql2mongo.query Result: (181, 'dashboard', 'strategy')
[2026-02-25 17:59:44,445] DEBUG djongo.base MongoClient connection closed
[2026-02-25 17:59:44,445] DEBUG djongo.base Existing MongoClient connection closed
[2026-02-25 17:59:44,445] DEBUG djongo.base New Database connection
[2026-02-25 17:59:44,445] DEBUG djongo.sql2mongo.query sql_command: SELECT "risk_management_riskconfig"."id", "risk_management_riskconfig"."name", "risk_management_riskconfig"."is_active", "risk_management_riskconfig"."max_daily_drawdown_pct", "risk_management_riskconfig"."max_total_drawdown_pct", "risk_management_riskconfig"."max_position_size_pct", "risk_management_riskconfig"."max_open_positions", "risk_management_riskconfig"."max_daily_trades", "risk_management_riskconfig"."daily_loss_limit", "risk_management_riskconfig"."kill_switch_active", "risk_management_riskconfig"."organization_id", "risk_management_riskconfig"."created_at", "risk_management_riskconfig"."updated_at" FROM "risk_management_riskconfig" WHERE "risk_management_riskconfig"."name" = %(0)s LIMIT 21
params: ('default',)
[2026-02-25 17:59:44,446] DEBUG djongo.sql2mongo.query Find query: {'filter': {'name': {'$eq': 'default'}}, 'projection': ['id', 'name', 'is_active', 'max_daily_drawdown_pct', 'max_total_drawdown_pct', 'max_position_size_pct', 'max_open_positions', 'max_daily_trades', 'daily_loss_limit', 'kill_switch_active', 'organization_id', 'created_at', 'updated_at'], 'limit': 21}
[2026-02-25 17:59:44,809] DEBUG djongo.sql2mongo.query sql_command: INSERT INTO "risk_management_riskconfig" ("name", "is_active", "max_daily_drawdown_pct", "max_total_drawdown_pct", "max_position_size_pct", "max_open_positions", "max_daily_trades", "daily_loss_limit", "kill_switch_active", "organization_id", "created_at", "updated_at") VALUES (%(0)s, %(1)s, %(2)s, %(3)s, %(4)s, %(5)s, %(6)s, %(7)s, %(8)s, %(9)s, %(10)s, %(11)s)
params: ['default', True, Decimal128('5.00'), Decimal128('10.00'), Decimal128('5.00'), 10, 50, Decimal128('1000.00'), False, None, datetime.datetime(2026, 2, 25, 22, 59, 44, 809208), datetime.datetime(2026, 2, 25, 22, 59, 44, 809260)]
[2026-02-25 17:59:44,817] DEBUG djongo.sql2mongo.query inserted ids [ObjectId('699f7ee0421deff2f70edab2')]
[2026-02-25 17:59:44,819] DEBUG djongo.sql2mongo.query sql_command: SELECT "risk_management_riskconfig"."id", "risk_management_riskconfig"."name", "risk_management_riskconfig"."is_active", "risk_management_riskconfig"."max_daily_drawdown_pct", "risk_management_riskconfig"."max_total_drawdown_pct", "risk_management_riskconfig"."max_position_size_pct", "risk_management_riskconfig"."max_open_positions", "risk_management_riskconfig"."max_daily_trades", "risk_management_riskconfig"."daily_loss_limit", "risk_management_riskconfig"."kill_switch_active", "risk_management_riskconfig"."organization_id", "risk_management_riskconfig"."created_at", "risk_management_riskconfig"."updated_at" FROM "risk_management_riskconfig" WHERE "risk_management_riskconfig"."name" = %(0)s LIMIT 21
params: ('default',)
[2026-02-25 17:59:44,822] DEBUG djongo.sql2mongo.query Find query: {'filter': {'name': {'$eq': 'default'}}, 'projection': ['id', 'name', 'is_active', 'max_daily_drawdown_pct', 'max_total_drawdown_pct', 'max_position_size_pct', 'max_open_positions', 'max_daily_trades', 'daily_loss_limit', 'kill_switch_active', 'organization_id', 'created_at', 'updated_at'], 'limit': 21}
[2026-02-25 17:59:44,824] DEBUG djongo.sql2mongo.query Result: (13, 'default', True, Decimal128('5.00'), Decimal128('10.00'), Decimal128('5.00'), 10, 50, Decimal128('1000.00'), False, None, datetime.datetime(2026, 2, 25, 22, 59, 44, 809000), datetime.datetime(2026, 2, 25, 22, 59, 44, 809000))
[2026-02-25 17:59:44,825] DEBUG djongo.sql2mongo.query sql_command: UPDATE "risk_management_riskconfig" SET "name" = %(0)s, "is_active" = %(1)s, "max_daily_drawdown_pct" = %(2)s, "max_total_drawdown_pct" = %(3)s, "max_position_size_pct" = %(4)s, "max_open_positions" = %(5)s, "max_daily_trades" = %(6)s, "daily_loss_limit" = %(7)s, "kill_switch_active" = %(8)s, "organization_id" = NULL, "created_at" = %(9)s, "updated_at" = %(10)s WHERE "risk_management_riskconfig"."id" = %(11)s
params: ('default', True, Decimal128('5.00'), Decimal128('10.00'), Decimal128('5.00'), 10, 50, Decimal128('1000.00'), True, datetime.datetime(2026, 2, 25, 22, 59, 44, 809000), datetime.datetime(2026, 2, 25, 22, 59, 44, 824557), 13)
[2026-02-25 17:59:44,829] DEBUG djongo.sql2mongo.query update_many: 1, matched: 1
[2026-02-25 17:59:44,829] CRITICAL apps.dashboard.views 🚨 KILL SWITCH ACTIVATED — ALL TRADING HALTED
[2026-02-25 17:59:44,830] DEBUG djongo.sql2mongo.query sql_command: SELECT "risk_management_riskconfig"."id", "risk_management_riskconfig"."name", "risk_management_riskconfig"."is_active", "risk_management_riskconfig"."max_daily_drawdown_pct", "risk_management_riskconfig"."max_total_drawdown_pct", "risk_management_riskconfig"."max_position_size_pct", "risk_management_riskconfig"."max_open_positions", "risk_management_riskconfig"."max_daily_trades", "risk_management_riskconfig"."daily_loss_limit", "risk_management_riskconfig"."kill_switch_active", "risk_management_riskconfig"."organization_id", "risk_management_riskconfig"."created_at", "risk_management_riskconfig"."updated_at" FROM "risk_management_riskconfig" WHERE "risk_management_riskconfig"."id" = %(0)s LIMIT 21
params: (13,)
[2026-02-25 17:59:44,832] DEBUG djongo.sql2mongo.query Find query: {'filter': {'id': {'$eq': 13}}, 'projection': ['id', 'name', 'is_active', 'max_daily_drawdown_pct', 'max_total_drawdown_pct', 'max_position_size_pct', 'max_open_positions', 'max_daily_trades', 'daily_loss_limit', 'kill_switch_active', 'organization_id', 'created_at', 'updated_at'], 'limit': 21}
[2026-02-25 17:59:44,833] DEBUG djongo.sql2mongo.query Result: (13, 'default', True, Decimal128('5.00'), Decimal128('10.00'), Decimal128('5.00'), 10, 50, Decimal128('1000.00'), True, None, datetime.datetime(2026, 2, 25, 22, 59, 44, 809000), datetime.datetime(2026, 2, 25, 22, 59, 44, 824000))
.[2026-02-25 17:59:44,836] DEBUG djongo.sql2mongo.query sql_command: ALTER TABLE "webhooks_webhookevent" FLUSH
params: None
[2026-02-25 17:59:44,837] DEBUG djongo.sql2mongo.query sql_command: ALTER TABLE "risk_management_propfirmaccount" FLUSH
params: None
[2026-02-25 17:59:44,838] DEBUG djongo.sql2mongo.query sql_command: ALTER TABLE "risk_management_riskconfig" FLUSH
params: None
[2026-02-25 17:59:44,838] DEBUG djongo.sql2mongo.query sql_command: ALTER TABLE "broker_connector_brokeraccount" FLUSH
params: None
[2026-02-25 17:59:44,839] DEBUG djongo.sql2mongo.query sql_command: ALTER TABLE "auth_group" FLUSH
params: None
[2026-02-25 17:59:44,840] DEBUG djongo.sql2mongo.query sql_command: ALTER TABLE "execution_engine_trade" FLUSH
params: None
[2026-02-25 17:59:44,840] DEBUG djongo.sql2mongo.query sql_command: ALTER TABLE "auth_permission" FLUSH
params: None
[2026-02-25 17:59:44,842] DEBUG djongo.sql2mongo.query sql_command: ALTER TABLE "market_data_ohlcvbar" FLUSH
params: None
[2026-02-25 17:59:44,843] DEBUG djongo.sql2mongo.query sql_command: ALTER TABLE "dashboard_aimodel" FLUSH
params: None
[2026-02-25 17:59:44,845] DEBUG djongo.sql2mongo.query sql_command: ALTER TABLE "dashboard_strategy" FLUSH
params: None
[2026-02-25 17:59:44,846] DEBUG djongo.sql2mongo.query sql_command: ALTER TABLE "django_session" FLUSH
params: None
[2026-02-25 17:59:44,846] DEBUG djongo.sql2mongo.query sql_command: ALTER TABLE "auth_group_permissions" FLUSH
params: None
[2026-02-25 17:59:44,847] DEBUG djongo.sql2mongo.query sql_command: ALTER TABLE "auth_user_user_permissions" FLUSH
params: None
[2026-02-25 17:59:44,847] DEBUG djongo.sql2mongo.query sql_command: ALTER TABLE "auth_user" FLUSH
params: None
[2026-02-25 17:59:44,848] DEBUG djongo.sql2mongo.query sql_command: ALTER TABLE "django_content_type" FLUSH
params: None
[2026-02-25 17:59:44,849] DEBUG djongo.sql2mongo.query sql_command: ALTER TABLE "auth_user_groups" FLUSH
params: None
[2026-02-25 17:59:44,849] DEBUG djongo.sql2mongo.query sql_command: ALTER TABLE "django_admin_log" FLUSH
params: None
[2026-02-25 17:59:44,850] DEBUG djongo.sql2mongo.query sql_command: SELECT "django_content_type"."id", "django_content_type"."app_label", "django_content_type"."model" FROM "django_content_type" WHERE "django_content_type"."app_label" = %(0)s
params: ('admin',)
[2026-02-25 17:59:44,851] DEBUG djongo.sql2mongo.query Find query: {'filter': {'app_label': {'$eq': 'admin'}}, 'projection': ['id', 'app_label', 'model']}
[2026-02-25 17:59:44,852] DEBUG djongo.sql2mongo.query sql_command: INSERT INTO "django_content_type" ("app_label", "model") VALUES (%(0)s, %(1)s)
params: ('admin', 'logentry')
[2026-02-25 17:59:44,853] DEBUG djongo.sql2mongo.query inserted ids [ObjectId('699f7ee0421deff2f70edab3')]
[2026-02-25 17:59:44,853] DEBUG djongo.sql2mongo.query sql_command: SELECT "django_content_type"."id", "django_content_type"."app_label", "django_content_type"."model" FROM "django_content_type" WHERE ("django_content_type"."app_label" = %(0)s AND "django_content_type"."model" = %(1)s) LIMIT 21
params: ('admin', 'logentry')
[2026-02-25 17:59:44,854] DEBUG djongo.sql2mongo.query Find query: {'filter': {'$and': [{'app_label': {'$eq': 'admin'}}, {'model': {'$eq': 'logentry'}}]}, 'projection': ['id', 'app_label', 'model'], 'limit': 21}
[2026-02-25 17:59:44,855] DEBUG djongo.sql2mongo.query Result: (183, 'admin', 'logentry')
[2026-02-25 17:59:44,856] DEBUG djongo.sql2mongo.query sql_command: SELECT "auth_permission"."content_type_id", "auth_permission"."codename" FROM "auth_permission" INNER JOIN "django_content_type" ON ("auth_permission"."content_type_id" = "django_content_type"."id") WHERE "auth_permission"."content_type_id" IN (%(0)s) ORDER BY "django_content_type"."app_label" ASC, "django_content_type"."model" ASC, "auth_permission"."codename" ASC
params: (183,)
[2026-02-25 17:59:44,858] DEBUG djongo.sql2mongo.query Aggregation query: [{'$match': {'content_type_id': {'$ne': None, '$exists': True}}}, {'$lookup': {'from': 'django_content_type', 'localField': 'content_type_id', 'foreignField': 'id', 'as': 'django_content_type'}}, {'$unwind': '$django_content_type'}, {'$match': {'content_type_id': {'$in': [183]}}}, {'$sort': OrderedDict({'django_content_type.app_label': 1, 'django_content_type.model': 1, 'codename': 1})}, {'$project': {'content_type_id': True, 'codename': True}}]
[2026-02-25 17:59:44,859] DEBUG djongo.sql2mongo.query sql_command: INSERT INTO "auth_permission" ("name", "content_type_id", "codename") VALUES (%(0)s, %(1)s, %(2)s) VALUES (%(3)s, %(4)s, %(5)s) VALUES (%(6)s, %(7)s, %(8)s) VALUES (%(9)s, %(10)s, %(11)s)
params: ('Can add log entry', 183, 'add_logentry', 'Can change log entry', 183, 'change_logentry', 'Can delete log entry', 183, 'delete_logentry', 'Can view log entry', 183, 'view_logentry')
[2026-02-25 17:59:44,861] DEBUG djongo.sql2mongo.query inserted ids [ObjectId('699f7ee0421deff2f70edab4'), ObjectId('699f7ee0421deff2f70edab5'), ObjectId('699f7ee0421deff2f70edab6'), ObjectId('699f7ee0421deff2f70edab7')]
[2026-02-25 17:59:44,862] DEBUG djongo.sql2mongo.query sql_command: SELECT "django_content_type"."id", "django_content_type"."app_label", "django_content_type"."model" FROM "django_content_type" WHERE "django_content_type"."app_label" = %(0)s
params: ('admin',)
[2026-02-25 17:59:44,862] DEBUG djongo.sql2mongo.query Find query: {'filter': {'app_label': {'$eq': 'admin'}}, 'projection': ['id', 'app_label', 'model']}
[2026-02-25 17:59:44,863] DEBUG djongo.sql2mongo.query Result: (183, 'admin', 'logentry')
[2026-02-25 17:59:44,863] DEBUG djongo.sql2mongo.query sql_command: SELECT "django_content_type"."id", "django_content_type"."app_label", "django_content_type"."model" FROM "django_content_type" WHERE "django_content_type"."app_label" = %(0)s
params: ('auth',)
[2026-02-25 17:59:44,864] DEBUG djongo.sql2mongo.query Find query: {'filter': {'app_label': {'$eq': 'auth'}}, 'projection': ['id', 'app_label', 'model']}
[2026-02-25 17:59:44,865] DEBUG djongo.sql2mongo.query sql_command: INSERT INTO "django_content_type" ("app_label", "model") VALUES (%(0)s, %(1)s) VALUES (%(2)s, %(3)s) VALUES (%(4)s, %(5)s)
params: ('auth', 'permission', 'auth', 'group', 'auth', 'user')
[2026-02-25 17:59:44,867] DEBUG djongo.sql2mongo.query inserted ids [ObjectId('699f7ee0421deff2f70edab8'), ObjectId('699f7ee0421deff2f70edab9'), ObjectId('699f7ee0421deff2f70edaba')]
[2026-02-25 17:59:44,868] DEBUG djongo.sql2mongo.query sql_command: SELECT "django_content_type"."id", "django_content_type"."app_label", "django_content_type"."model" FROM "django_content_type" WHERE ("django_content_type"."app_label" = %(0)s AND "django_content_type"."model" = %(1)s) LIMIT 21
params: ('auth', 'permission')
[2026-02-25 17:59:44,869] DEBUG djongo.sql2mongo.query Find query: {'filter': {'$and': [{'app_label': {'$eq': 'auth'}}, {'model': {'$eq': 'permission'}}]}, 'projection': ['id', 'app_label', 'model'], 'limit': 21}
[2026-02-25 17:59:44,869] DEBUG djongo.sql2mongo.query Result: (184, 'auth', 'permission')
[2026-02-25 17:59:44,870] DEBUG djongo.sql2mongo.query sql_command: SELECT "django_content_type"."id", "django_content_type"."app_label", "django_content_type"."model" FROM "django_content_type" WHERE ("django_content_type"."app_label" = %(0)s AND "django_content_type"."model" = %(1)s) LIMIT 21
params: ('auth', 'group')
[2026-02-25 17:59:44,871] DEBUG djongo.sql2mongo.query Find query: {'filter': {'$and': [{'app_label': {'$eq': 'auth'}}, {'model': {'$eq': 'group'}}]}, 'projection': ['id', 'app_label', 'model'], 'limit': 21}
[2026-02-25 17:59:44,871] DEBUG djongo.sql2mongo.query Result: (185, 'auth', 'group')
[2026-02-25 17:59:44,872] DEBUG djongo.sql2mongo.query sql_command: SELECT "django_content_type"."id", "django_content_type"."app_label", "django_content_type"."model" FROM "django_content_type" WHERE ("django_content_type"."app_label" = %(0)s AND "django_content_type"."model" = %(1)s) LIMIT 21
params: ('auth', 'user')
[2026-02-25 17:59:44,873] DEBUG djongo.sql2mongo.query Find query: {'filter': {'$and': [{'app_label': {'$eq': 'auth'}}, {'model': {'$eq': 'user'}}]}, 'projection': ['id', 'app_label', 'model'], 'limit': 21}
[2026-02-25 17:59:44,873] DEBUG djongo.sql2mongo.query Result: (186, 'auth', 'user')
[2026-02-25 17:59:44,874] DEBUG djongo.sql2mongo.query sql_command: SELECT "auth_permission"."content_type_id", "auth_permission"."codename" FROM "auth_permission" INNER JOIN "django_content_type" ON ("auth_permission"."content_type_id" = "django_content_type"."id") WHERE "auth_permission"."content_type_id" IN (%(0)s, %(1)s, %(2)s) ORDER BY "django_content_type"."app_label" ASC, "django_content_type"."model" ASC, "auth_permission"."codename" ASC
params: (184, 185, 186)
[2026-02-25 17:59:44,877] DEBUG djongo.sql2mongo.query Aggregation query: [{'$match': {'content_type_id': {'$ne': None, '$exists': True}}}, {'$lookup': {'from': 'django_content_type', 'localField': 'content_type_id', 'foreignField': 'id', 'as': 'django_content_type'}}, {'$unwind': '$django_content_type'}, {'$match': {'content_type_id': {'$in': [184, 185, 186]}}}, {'$sort': OrderedDict({'django_content_type.app_label': 1, 'django_content_type.model': 1, 'codename': 1})}, {'$project': {'content_type_id': True, 'codename': True}}]
[2026-02-25 17:59:44,877] DEBUG djongo.sql2mongo.query sql_command: INSERT INTO "auth_permission" ("name", "content_type_id", "codename") VALUES (%(0)s, %(1)s, %(2)s) VALUES (%(3)s, %(4)s, %(5)s) VALUES (%(6)s, %(7)s, %(8)s) VALUES (%(9)s, %(10)s, %(11)s) VALUES (%(12)s, %(13)s, %(14)s) VALUES (%(15)s, %(16)s, %(17)s) VALUES (%(18)s, %(19)s, %(20)s) VALUES (%(21)s, %(22)s, %(23)s) VALUES (%(24)s, %(25)s, %(26)s) VALUES (%(27)s, %(28)s, %(29)s) VALUES (%(30)s, %(31)s, %(32)s) VALUES (%(33)s, %(34)s, %(35)s)
params: ('Can add permission', 184, 'add_permission', 'Can change permission', 184, 'change_permission', 'Can delete permission', 184, 'delete_permission', 'Can view permission', 184, 'view_permission', 'Can add group', 185, 'add_group', 'Can change group', 185, 'change_group', 'Can delete group', 185, 'delete_group', 'Can view group', 185, 'view_group', 'Can add user', 186, 'add_user', 'Can change user', 186, 'change_user', 'Can delete user', 186, 'delete_user', 'Can view user', 186, 'view_user')
[2026-02-25 17:59:44,882] DEBUG djongo.sql2mongo.query inserted ids [ObjectId('699f7ee0421deff2f70edabb'), ObjectId('699f7ee0421deff2f70edabc'), ObjectId('699f7ee0421deff2f70edabd'), ObjectId('699f7ee0421deff2f70edabe'), ObjectId('699f7ee0421deff2f70edabf'), ObjectId('699f7ee0421deff2f70edac0'), ObjectId('699f7ee0421deff2f70edac1'), ObjectId('699f7ee0421deff2f70edac2'), ObjectId('699f7ee0421deff2f70edac3'), ObjectId('699f7ee0421deff2f70edac4'), ObjectId('699f7ee0421deff2f70edac5'), ObjectId('699f7ee0421deff2f70edac6')]
[2026-02-25 17:59:44,882] DEBUG djongo.sql2mongo.query sql_command: SELECT "django_content_type"."id", "django_content_type"."app_label", "django_content_type"."model" FROM "django_content_type" WHERE "django_content_type"."app_label" = %(0)s
params: ('auth',)
[2026-02-25 17:59:44,883] DEBUG djongo.sql2mongo.query Find query: {'filter': {'app_label': {'$eq': 'auth'}}, 'projection': ['id', 'app_label', 'model']}
[2026-02-25 17:59:44,884] DEBUG djongo.sql2mongo.query Result: (185, 'auth', 'group')
[2026-02-25 17:59:44,884] DEBUG djongo.sql2mongo.query Result: (184, 'auth', 'permission')
[2026-02-25 17:59:44,884] DEBUG djongo.sql2mongo.query Result: (186, 'auth', 'user')
[2026-02-25 17:59:44,884] DEBUG djongo.sql2mongo.query sql_command: SELECT "django_content_type"."id", "django_content_type"."app_label", "django_content_type"."model" FROM "django_content_type" WHERE "django_content_type"."app_label" = %(0)s
params: ('contenttypes',)
[2026-02-25 17:59:44,885] DEBUG djongo.sql2mongo.query Find query: {'filter': {'app_label': {'$eq': 'contenttypes'}}, 'projection': ['id', 'app_label', 'model']}
[2026-02-25 17:59:44,886] DEBUG djongo.sql2mongo.query sql_command: INSERT INTO "django_content_type" ("app_label", "model") VALUES (%(0)s, %(1)s)
params: ('contenttypes', 'contenttype')
[2026-02-25 17:59:44,888] DEBUG djongo.sql2mongo.query inserted ids [ObjectId('699f7ee0421deff2f70edac7')]
[2026-02-25 17:59:44,888] DEBUG djongo.sql2mongo.query sql_command: SELECT "django_content_type"."id", "django_content_type"."app_label", "django_content_type"."model" FROM "django_content_type" WHERE ("django_content_type"."app_label" = %(0)s AND "django_content_type"."model" = %(1)s) LIMIT 21
params: ('contenttypes', 'contenttype')
[2026-02-25 17:59:44,889] DEBUG djongo.sql2mongo.query Find query: {'filter': {'$and': [{'app_label': {'$eq': 'contenttypes'}}, {'model': {'$eq': 'contenttype'}}]}, 'projection': ['id', 'app_label', 'model'], 'limit': 21}
[2026-02-25 17:59:44,890] DEBUG djongo.sql2mongo.query Result: (187, 'contenttypes', 'contenttype')
[2026-02-25 17:59:44,891] DEBUG djongo.sql2mongo.query sql_command: SELECT "auth_permission"."content_type_id", "auth_permission"."codename" FROM "auth_permission" INNER JOIN "django_content_type" ON ("auth_permission"."content_type_id" = "django_content_type"."id") WHERE "auth_permission"."content_type_id" IN (%(0)s) ORDER BY "django_content_type"."app_label" ASC, "django_content_type"."model" ASC, "auth_permission"."codename" ASC
params: (187,)
[2026-02-25 17:59:44,894] DEBUG djongo.sql2mongo.query Aggregation query: [{'$match': {'content_type_id': {'$ne': None, '$exists': True}}}, {'$lookup': {'from': 'django_content_type', 'localField': 'content_type_id', 'foreignField': 'id', 'as': 'django_content_type'}}, {'$unwind': '$django_content_type'}, {'$match': {'content_type_id': {'$in': [187]}}}, {'$sort': OrderedDict({'django_content_type.app_label': 1, 'django_content_type.model': 1, 'codename': 1})}, {'$project': {'content_type_id': True, 'codename': True}}]
[2026-02-25 17:59:44,894] DEBUG djongo.sql2mongo.query sql_command: INSERT INTO "auth_permission" ("name", "content_type_id", "codename") VALUES (%(0)s, %(1)s, %(2)s) VALUES (%(3)s, %(4)s, %(5)s) VALUES (%(6)s, %(7)s, %(8)s) VALUES (%(9)s, %(10)s, %(11)s)
params: ('Can add content type', 187, 'add_contenttype', 'Can change content type', 187, 'change_contenttype', 'Can delete content type', 187, 'delete_contenttype', 'Can view content type', 187, 'view_contenttype')
[2026-02-25 17:59:44,898] DEBUG djongo.sql2mongo.query inserted ids [ObjectId('699f7ee0421deff2f70edac8'), ObjectId('699f7ee0421deff2f70edac9'), ObjectId('699f7ee0421deff2f70edaca'), ObjectId('699f7ee0421deff2f70edacb')]
[2026-02-25 17:59:44,898] DEBUG djongo.sql2mongo.query sql_command: SELECT "django_content_type"."id", "django_content_type"."app_label", "django_content_type"."model" FROM "django_content_type" WHERE "django_content_type"."app_label" = %(0)s
params: ('contenttypes',)
[2026-02-25 17:59:44,898] DEBUG djongo.sql2mongo.query Find query: {'filter': {'app_label': {'$eq': 'contenttypes'}}, 'projection': ['id', 'app_label', 'model']}
[2026-02-25 17:59:44,899] DEBUG djongo.sql2mongo.query Result: (187, 'contenttypes', 'contenttype')
[2026-02-25 17:59:44,902] DEBUG djongo.sql2mongo.query sql_command: SELECT "django_content_type"."id", "django_content_type"."app_label", "django_content_type"."model" FROM "django_content_type" WHERE "django_content_type"."app_label" = %(0)s
params: ('sessions',)
[2026-02-25 17:59:44,903] DEBUG djongo.sql2mongo.query Find query: {'filter': {'app_label': {'$eq': 'sessions'}}, 'projection': ['id', 'app_label', 'model']}
[2026-02-25 17:59:44,904] DEBUG djongo.sql2mongo.query sql_command: INSERT INTO "django_content_type" ("app_label", "model") VALUES (%(0)s, %(1)s)
params: ('sessions', 'session')
[2026-02-25 17:59:44,906] DEBUG djongo.sql2mongo.query inserted ids [ObjectId('699f7ee0421deff2f70edacc')]
[2026-02-25 17:59:44,906] DEBUG djongo.sql2mongo.query sql_command: SELECT "django_content_type"."id", "django_content_type"."app_label", "django_content_type"."model" FROM "django_content_type" WHERE ("django_content_type"."app_label" = %(0)s AND "django_content_type"."model" = %(1)s) LIMIT 21
params: ('sessions', 'session')
[2026-02-25 17:59:44,907] DEBUG djongo.sql2mongo.query Find query: {'filter': {'$and': [{'app_label': {'$eq': 'sessions'}}, {'model': {'$eq': 'session'}}]}, 'projection': ['id', 'app_label', 'model'], 'limit': 21}
[2026-02-25 17:59:44,908] DEBUG djongo.sql2mongo.query Result: (188, 'sessions', 'session')
[2026-02-25 17:59:44,908] DEBUG djongo.sql2mongo.query sql_command: SELECT "auth_permission"."content_type_id", "auth_permission"."codename" FROM "auth_permission" INNER JOIN "django_content_type" ON ("auth_permission"."content_type_id" = "django_content_type"."id") WHERE "auth_permission"."content_type_id" IN (%(0)s) ORDER BY "django_content_type"."app_label" ASC, "django_content_type"."model" ASC, "auth_permission"."codename" ASC
params: (188,)
[2026-02-25 17:59:44,910] DEBUG djongo.sql2mongo.query Aggregation query: [{'$match': {'content_type_id': {'$ne': None, '$exists': True}}}, {'$lookup': {'from': 'django_content_type', 'localField': 'content_type_id', 'foreignField': 'id', 'as': 'django_content_type'}}, {'$unwind': '$django_content_type'}, {'$match': {'content_type_id': {'$in': [188]}}}, {'$sort': OrderedDict({'django_content_type.app_label': 1, 'django_content_type.model': 1, 'codename': 1})}, {'$project': {'content_type_id': True, 'codename': True}}]
[2026-02-25 17:59:44,910] DEBUG djongo.sql2mongo.query sql_command: INSERT INTO "auth_permission" ("name", "content_type_id", "codename") VALUES (%(0)s, %(1)s, %(2)s) VALUES (%(3)s, %(4)s, %(5)s) VALUES (%(6)s, %(7)s, %(8)s) VALUES (%(9)s, %(10)s, %(11)s)
params: ('Can add session', 188, 'add_session', 'Can change session', 188, 'change_session', 'Can delete session', 188, 'delete_session', 'Can view session', 188, 'view_session')
[2026-02-25 17:59:44,912] DEBUG djongo.sql2mongo.query inserted ids [ObjectId('699f7ee0421deff2f70edacd'), ObjectId('699f7ee0421deff2f70edace'), ObjectId('699f7ee0421deff2f70edacf'), ObjectId('699f7ee0421deff2f70edad0')]
[2026-02-25 17:59:44,913] DEBUG djongo.sql2mongo.query sql_command: SELECT "django_content_type"."id", "django_content_type"."app_label", "django_content_type"."model" FROM "django_content_type" WHERE "django_content_type"."app_label" = %(0)s
params: ('sessions',)
[2026-02-25 17:59:44,913] DEBUG djongo.sql2mongo.query Find query: {'filter': {'app_label': {'$eq': 'sessions'}}, 'projection': ['id', 'app_label', 'model']}
[2026-02-25 17:59:44,914] DEBUG djongo.sql2mongo.query Result: (188, 'sessions', 'session')
[2026-02-25 17:59:44,914] DEBUG djongo.sql2mongo.query sql_command: SELECT "django_content_type"."id", "django_content_type"."app_label", "django_content_type"."model" FROM "django_content_type" WHERE "django_content_type"."app_label" = %(0)s
params: ('webhooks',)
[2026-02-25 17:59:44,915] DEBUG djongo.sql2mongo.query Find query: {'filter': {'app_label': {'$eq': 'webhooks'}}, 'projection': ['id', 'app_label', 'model']}
[2026-02-25 17:59:44,915] DEBUG djongo.sql2mongo.query sql_command: INSERT INTO "django_content_type" ("app_label", "model") VALUES (%(0)s, %(1)s)
params: ('webhooks', 'webhookevent')
[2026-02-25 17:59:44,917] DEBUG djongo.sql2mongo.query inserted ids [ObjectId('699f7ee0421deff2f70edad1')]
[2026-02-25 17:59:44,917] DEBUG djongo.sql2mongo.query sql_command: SELECT "django_content_type"."id", "django_content_type"."app_label", "django_content_type"."model" FROM "django_content_type" WHERE ("django_content_type"."app_label" = %(0)s AND "django_content_type"."model" = %(1)s) LIMIT 21
params: ('webhooks', 'webhookevent')
[2026-02-25 17:59:44,918] DEBUG djongo.sql2mongo.query Find query: {'filter': {'$and': [{'app_label': {'$eq': 'webhooks'}}, {'model': {'$eq': 'webhookevent'}}]}, 'projection': ['id', 'app_label', 'model'], 'limit': 21}
[2026-02-25 17:59:44,918] DEBUG djongo.sql2mongo.query Result: (189, 'webhooks', 'webhookevent')
[2026-02-25 17:59:44,918] DEBUG djongo.sql2mongo.query sql_command: SELECT "auth_permission"."content_type_id", "auth_permission"."codename" FROM "auth_permission" INNER JOIN "django_content_type" ON ("auth_permission"."content_type_id" = "django_content_type"."id") WHERE "auth_permission"."content_type_id" IN (%(0)s) ORDER BY "django_content_type"."app_label" ASC, "django_content_type"."model" ASC, "auth_permission"."codename" ASC
params: (189,)
[2026-02-25 17:59:44,921] DEBUG djongo.sql2mongo.query Aggregation query: [{'$match': {'content_type_id': {'$ne': None, '$exists': True}}}, {'$lookup': {'from': 'django_content_type', 'localField': 'content_type_id', 'foreignField': 'id', 'as': 'django_content_type'}}, {'$unwind': '$django_content_type'}, {'$match': {'content_type_id': {'$in': [189]}}}, {'$sort': OrderedDict({'django_content_type.app_label': 1, 'django_content_type.model': 1, 'codename': 1})}, {'$project': {'content_type_id': True, 'codename': True}}]
[2026-02-25 17:59:44,921] DEBUG djongo.sql2mongo.query sql_command: INSERT INTO "auth_permission" ("name", "content_type_id", "codename") VALUES (%(0)s, %(1)s, %(2)s) VALUES (%(3)s, %(4)s, %(5)s) VALUES (%(6)s, %(7)s, %(8)s) VALUES (%(9)s, %(10)s, %(11)s)
params: ('Can add Webhook Event', 189, 'add_webhookevent', 'Can change Webhook Event', 189, 'change_webhookevent', 'Can delete Webhook Event', 189, 'delete_webhookevent', 'Can view Webhook Event', 189, 'view_webhookevent')
[2026-02-25 17:59:44,923] DEBUG djongo.sql2mongo.query inserted ids [ObjectId('699f7ee0421deff2f70edad2'), ObjectId('699f7ee0421deff2f70edad3'), ObjectId('699f7ee0421deff2f70edad4'), ObjectId('699f7ee0421deff2f70edad5')]
[2026-02-25 17:59:44,923] DEBUG djongo.sql2mongo.query sql_command: SELECT "django_content_type"."id", "django_content_type"."app_label", "django_content_type"."model" FROM "django_content_type" WHERE "django_content_type"."app_label" = %(0)s
params: ('webhooks',)
[2026-02-25 17:59:44,924] DEBUG djongo.sql2mongo.query Find query: {'filter': {'app_label': {'$eq': 'webhooks'}}, 'projection': ['id', 'app_label', 'model']}
[2026-02-25 17:59:44,925] DEBUG djongo.sql2mongo.query Result: (189, 'webhooks', 'webhookevent')
[2026-02-25 17:59:44,925] DEBUG djongo.sql2mongo.query sql_command: SELECT "django_content_type"."id", "django_content_type"."app_label", "django_content_type"."model" FROM "django_content_type" WHERE "django_content_type"."app_label" = %(0)s
params: ('broker_connector',)
[2026-02-25 17:59:44,925] DEBUG djongo.sql2mongo.query Find query: {'filter': {'app_label': {'$eq': 'broker_connector'}}, 'projection': ['id', 'app_label', 'model']}
[2026-02-25 17:59:44,926] DEBUG djongo.sql2mongo.query sql_command: INSERT INTO "django_content_type" ("app_label", "model") VALUES (%(0)s, %(1)s)
params: ('broker_connector', 'brokeraccount')
[2026-02-25 17:59:44,929] DEBUG djongo.sql2mongo.query inserted ids [ObjectId('699f7ee0421deff2f70edad6')]
[2026-02-25 17:59:44,929] DEBUG djongo.sql2mongo.query sql_command: SELECT "django_content_type"."id", "django_content_type"."app_label", "django_content_type"."model" FROM "django_content_type" WHERE ("django_content_type"."app_label" = %(0)s AND "django_content_type"."model" = %(1)s) LIMIT 21
params: ('broker_connector', 'brokeraccount')
[2026-02-25 17:59:44,929] DEBUG djongo.sql2mongo.query Find query: {'filter': {'$and': [{'app_label': {'$eq': 'broker_connector'}}, {'model': {'$eq': 'brokeraccount'}}]}, 'projection': ['id', 'app_label', 'model'], 'limit': 21}
[2026-02-25 17:59:44,930] DEBUG djongo.sql2mongo.query Result: (190, 'broker_connector', 'brokeraccount')
[2026-02-25 17:59:44,930] DEBUG djongo.sql2mongo.query sql_command: SELECT "auth_permission"."content_type_id", "auth_permission"."codename" FROM "auth_permission" INNER JOIN "django_content_type" ON ("auth_permission"."content_type_id" = "django_content_type"."id") WHERE "auth_permission"."content_type_id" IN (%(0)s) ORDER BY "django_content_type"."app_label" ASC, "django_content_type"."model" ASC, "auth_permission"."codename" ASC
params: (190,)
[2026-02-25 17:59:44,933] DEBUG djongo.sql2mongo.query Aggregation query: [{'$match': {'content_type_id': {'$ne': None, '$exists': True}}}, {'$lookup': {'from': 'django_content_type', 'localField': 'content_type_id', 'foreignField': 'id', 'as': 'django_content_type'}}, {'$unwind': '$django_content_type'}, {'$match': {'content_type_id': {'$in': [190]}}}, {'$sort': OrderedDict({'django_content_type.app_label': 1, 'django_content_type.model': 1, 'codename': 1})}, {'$project': {'content_type_id': True, 'codename': True}}]
[2026-02-25 17:59:44,934] DEBUG djongo.sql2mongo.query sql_command: INSERT INTO "auth_permission" ("name", "content_type_id", "codename") VALUES (%(0)s, %(1)s, %(2)s) VALUES (%(3)s, %(4)s, %(5)s) VALUES (%(6)s, %(7)s, %(8)s) VALUES (%(9)s, %(10)s, %(11)s)
params: ('Can add Broker Account', 190, 'add_brokeraccount', 'Can change Broker Account', 190, 'change_brokeraccount', 'Can delete Broker Account', 190, 'delete_brokeraccount', 'Can view Broker Account', 190, 'view_brokeraccount')
[2026-02-25 17:59:44,937] DEBUG djongo.sql2mongo.query inserted ids [ObjectId('699f7ee0421deff2f70edad7'), ObjectId('699f7ee0421deff2f70edad8'), ObjectId('699f7ee0421deff2f70edad9'), ObjectId('699f7ee0421deff2f70edada')]
[2026-02-25 17:59:44,937] DEBUG djongo.sql2mongo.query sql_command: SELECT "django_content_type"."id", "django_content_type"."app_label", "django_content_type"."model" FROM "django_content_type" WHERE "django_content_type"."app_label" = %(0)s
params: ('broker_connector',)
[2026-02-25 17:59:44,937] DEBUG djongo.sql2mongo.query Find query: {'filter': {'app_label': {'$eq': 'broker_connector'}}, 'projection': ['id', 'app_label', 'model']}
[2026-02-25 17:59:44,938] DEBUG djongo.sql2mongo.query Result: (190, 'broker_connector', 'brokeraccount')
[2026-02-25 17:59:44,938] DEBUG djongo.sql2mongo.query sql_command: SELECT "django_content_type"."id", "django_content_type"."app_label", "django_content_type"."model" FROM "django_content_type" WHERE "django_content_type"."app_label" = %(0)s
params: ('execution_engine',)
[2026-02-25 17:59:44,939] DEBUG djongo.sql2mongo.query Find query: {'filter': {'app_label': {'$eq': 'execution_engine'}}, 'projection': ['id', 'app_label', 'model']}
[2026-02-25 17:59:44,940] DEBUG djongo.sql2mongo.query sql_command: INSERT INTO "django_content_type" ("app_label", "model") VALUES (%(0)s, %(1)s)
params: ('execution_engine', 'trade')
[2026-02-25 17:59:44,942] DEBUG djongo.sql2mongo.query inserted ids [ObjectId('699f7ee0421deff2f70edadb')]
[2026-02-25 17:59:44,942] DEBUG djongo.sql2mongo.query sql_command: SELECT "django_content_type"."id", "django_content_type"."app_label", "django_content_type"."model" FROM "django_content_type" WHERE ("django_content_type"."app_label" = %(0)s AND "django_content_type"."model" = %(1)s) LIMIT 21
params: ('execution_engine', 'trade')
[2026-02-25 17:59:44,943] DEBUG djongo.sql2mongo.query Find query: {'filter': {'$and': [{'app_label': {'$eq': 'execution_engine'}}, {'model': {'$eq': 'trade'}}]}, 'projection': ['id', 'app_label', 'model'], 'limit': 21}
[2026-02-25 17:59:44,943] DEBUG djongo.sql2mongo.query Result: (191, 'execution_engine', 'trade')
[2026-02-25 17:59:44,944] DEBUG djongo.sql2mongo.query sql_command: SELECT "auth_permission"."content_type_id", "auth_permission"."codename" FROM "auth_permission" INNER JOIN "django_content_type" ON ("auth_permission"."content_type_id" = "django_content_type"."id") WHERE "auth_permission"."content_type_id" IN (%(0)s) ORDER BY "django_content_type"."app_label" ASC, "django_content_type"."model" ASC, "auth_permission"."codename" ASC
params: (191,)
[2026-02-25 17:59:44,946] DEBUG djongo.sql2mongo.query Aggregation query: [{'$match': {'content_type_id': {'$ne': None, '$exists': True}}}, {'$lookup': {'from': 'django_content_type', 'localField': 'content_type_id', 'foreignField': 'id', 'as': 'django_content_type'}}, {'$unwind': '$django_content_type'}, {'$match': {'content_type_id': {'$in': [191]}}}, {'$sort': OrderedDict({'django_content_type.app_label': 1, 'django_content_type.model': 1, 'codename': 1})}, {'$project': {'content_type_id': True, 'codename': True}}]
[2026-02-25 17:59:44,946] DEBUG djongo.sql2mongo.query sql_command: INSERT INTO "auth_permission" ("name", "content_type_id", "codename") VALUES (%(0)s, %(1)s, %(2)s) VALUES (%(3)s, %(4)s, %(5)s) VALUES (%(6)s, %(7)s, %(8)s) VALUES (%(9)s, %(10)s, %(11)s)
params: ('Can add Trade', 191, 'add_trade', 'Can change Trade', 191, 'change_trade', 'Can delete Trade', 191, 'delete_trade', 'Can view Trade', 191, 'view_trade')
[2026-02-25 17:59:44,948] DEBUG djongo.sql2mongo.query inserted ids [ObjectId('699f7ee0421deff2f70edadc'), ObjectId('699f7ee0421deff2f70edadd'), ObjectId('699f7ee0421deff2f70edade'), ObjectId('699f7ee0421deff2f70edadf')]
[2026-02-25 17:59:44,948] DEBUG djongo.sql2mongo.query sql_command: SELECT "django_content_type"."id", "django_content_type"."app_label", "django_content_type"."model" FROM "django_content_type" WHERE "django_content_type"."app_label" = %(0)s
params: ('execution_engine',)
[2026-02-25 17:59:44,949] DEBUG djongo.sql2mongo.query Find query: {'filter': {'app_label': {'$eq': 'execution_engine'}}, 'projection': ['id', 'app_label', 'model']}
[2026-02-25 17:59:44,950] DEBUG djongo.sql2mongo.query Result: (191, 'execution_engine', 'trade')
[2026-02-25 17:59:44,950] DEBUG djongo.sql2mongo.query sql_command: SELECT "django_content_type"."id", "django_content_type"."app_label", "django_content_type"."model" FROM "django_content_type" WHERE "django_content_type"."app_label" = %(0)s
params: ('risk_management',)
[2026-02-25 17:59:44,950] DEBUG djongo.sql2mongo.query Find query: {'filter': {'app_label': {'$eq': 'risk_management'}}, 'projection': ['id', 'app_label', 'model']}
[2026-02-25 17:59:44,951] DEBUG djongo.sql2mongo.query sql_command: INSERT INTO "django_content_type" ("app_label", "model") VALUES (%(0)s, %(1)s) VALUES (%(2)s, %(3)s)
params: ('risk_management', 'riskconfig', 'risk_management', 'propfirmaccount')
[2026-02-25 17:59:44,953] DEBUG djongo.sql2mongo.query inserted ids [ObjectId('699f7ee0421deff2f70edae0'), ObjectId('699f7ee0421deff2f70edae1')]
[2026-02-25 17:59:44,953] DEBUG djongo.sql2mongo.query sql_command: SELECT "django_content_type"."id", "django_content_type"."app_label", "django_content_type"."model" FROM "django_content_type" WHERE ("django_content_type"."app_label" = %(0)s AND "django_content_type"."model" = %(1)s) LIMIT 21
params: ('risk_management', 'riskconfig')
[2026-02-25 17:59:44,954] DEBUG djongo.sql2mongo.query Find query: {'filter': {'$and': [{'app_label': {'$eq': 'risk_management'}}, {'model': {'$eq': 'riskconfig'}}]}, 'projection': ['id', 'app_label', 'model'], 'limit': 21}
[2026-02-25 17:59:44,955] DEBUG djongo.sql2mongo.query Result: (192, 'risk_management', 'riskconfig')
[2026-02-25 17:59:44,955] DEBUG djongo.sql2mongo.query sql_command: SELECT "django_content_type"."id", "django_content_type"."app_label", "django_content_type"."model" FROM "django_content_type" WHERE ("django_content_type"."app_label" = %(0)s AND "django_content_type"."model" = %(1)s) LIMIT 21
params: ('risk_management', 'propfirmaccount')
[2026-02-25 17:59:44,956] DEBUG djongo.sql2mongo.query Find query: {'filter': {'$and': [{'app_label': {'$eq': 'risk_management'}}, {'model': {'$eq': 'propfirmaccount'}}]}, 'projection': ['id', 'app_label', 'model'], 'limit': 21}
[2026-02-25 17:59:44,957] DEBUG djongo.sql2mongo.query Result: (193, 'risk_management', 'propfirmaccount')
[2026-02-25 17:59:44,957] DEBUG djongo.sql2mongo.query sql_command: SELECT "auth_permission"."content_type_id", "auth_permission"."codename" FROM "auth_permission" INNER JOIN "django_content_type" ON ("auth_permission"."content_type_id" = "django_content_type"."id") WHERE "auth_permission"."content_type_id" IN (%(0)s, %(1)s) ORDER BY "django_content_type"."app_label" ASC, "django_content_type"."model" ASC, "auth_permission"."codename" ASC
params: (192, 193)
[2026-02-25 17:59:44,959] DEBUG djongo.sql2mongo.query Aggregation query: [{'$match': {'content_type_id': {'$ne': None, '$exists': True}}}, {'$lookup': {'from': 'django_content_type', 'localField': 'content_type_id', 'foreignField': 'id', 'as': 'django_content_type'}}, {'$unwind': '$django_content_type'}, {'$match': {'content_type_id': {'$in': [192, 193]}}}, {'$sort': OrderedDict({'django_content_type.app_label': 1, 'django_content_type.model': 1, 'codename': 1})}, {'$project': {'content_type_id': True, 'codename': True}}]
[2026-02-25 17:59:44,960] DEBUG djongo.sql2mongo.query sql_command: INSERT INTO "auth_permission" ("name", "content_type_id", "codename") VALUES (%(0)s, %(1)s, %(2)s) VALUES (%(3)s, %(4)s, %(5)s) VALUES (%(6)s, %(7)s, %(8)s) VALUES (%(9)s, %(10)s, %(11)s) VALUES (%(12)s, %(13)s, %(14)s) VALUES (%(15)s, %(16)s, %(17)s) VALUES (%(18)s, %(19)s, %(20)s) VALUES (%(21)s, %(22)s, %(23)s)
params: ('Can add Risk Configuration', 192, 'add_riskconfig', 'Can change Risk Configuration', 192, 'change_riskconfig', 'Can delete Risk Configuration', 192, 'delete_riskconfig', 'Can view Risk Configuration', 192, 'view_riskconfig', 'Can add Prop Firm Account', 193, 'add_propfirmaccount', 'Can change Prop Firm Account', 193, 'change_propfirmaccount', 'Can delete Prop Firm Account', 193, 'delete_propfirmaccount', 'Can view Prop Firm Account', 193, 'view_propfirmaccount')
[2026-02-25 17:59:44,962] DEBUG djongo.sql2mongo.query inserted ids [ObjectId('699f7ee0421deff2f70edae2'), ObjectId('699f7ee0421deff2f70edae3'), ObjectId('699f7ee0421deff2f70edae4'), ObjectId('699f7ee0421deff2f70edae5'), ObjectId('699f7ee0421deff2f70edae6'), ObjectId('699f7ee0421deff2f70edae7'), ObjectId('699f7ee0421deff2f70edae8'), ObjectId('699f7ee0421deff2f70edae9')]
[2026-02-25 17:59:44,963] DEBUG djongo.sql2mongo.query sql_command: SELECT "django_content_type"."id", "django_content_type"."app_label", "django_content_type"."model" FROM "django_content_type" WHERE "django_content_type"."app_label" = %(0)s
params: ('risk_management',)
[2026-02-25 17:59:44,963] DEBUG djongo.sql2mongo.query Find query: {'filter': {'app_label': {'$eq': 'risk_management'}}, 'projection': ['id', 'app_label', 'model']}
[2026-02-25 17:59:44,964] DEBUG djongo.sql2mongo.query Result: (193, 'risk_management', 'propfirmaccount')
[2026-02-25 17:59:44,964] DEBUG djongo.sql2mongo.query Result: (192, 'risk_management', 'riskconfig')
[2026-02-25 17:59:44,964] DEBUG djongo.sql2mongo.query sql_command: SELECT "django_content_type"."id", "django_content_type"."app_label", "django_content_type"."model" FROM "django_content_type" WHERE "django_content_type"."app_label" = %(0)s
params: ('market_data',)
[2026-02-25 17:59:44,964] DEBUG djongo.sql2mongo.query Find query: {'filter': {'app_label': {'$eq': 'market_data'}}, 'projection': ['id', 'app_label', 'model']}
[2026-02-25 17:59:44,965] DEBUG djongo.sql2mongo.query sql_command: INSERT INTO "django_content_type" ("app_label", "model") VALUES (%(0)s, %(1)s)
params: ('market_data', 'ohlcvbar')
[2026-02-25 17:59:44,968] DEBUG djongo.sql2mongo.query inserted ids [ObjectId('699f7ee0421deff2f70edaea')]
[2026-02-25 17:59:44,968] DEBUG djongo.sql2mongo.query sql_command: SELECT "django_content_type"."id", "django_content_type"."app_label", "django_content_type"."model" FROM "django_content_type" WHERE ("django_content_type"."app_label" = %(0)s AND "django_content_type"."model" = %(1)s) LIMIT 21
params: ('market_data', 'ohlcvbar')
[2026-02-25 17:59:44,968] DEBUG djongo.sql2mongo.query Find query: {'filter': {'$and': [{'app_label': {'$eq': 'market_data'}}, {'model': {'$eq': 'ohlcvbar'}}]}, 'projection': ['id', 'app_label', 'model'], 'limit': 21}
[2026-02-25 17:59:44,969] DEBUG djongo.sql2mongo.query Result: (194, 'market_data', 'ohlcvbar')
[2026-02-25 17:59:44,970] DEBUG djongo.sql2mongo.query sql_command: SELECT "auth_permission"."content_type_id", "auth_permission"."codename" FROM "auth_permission" INNER JOIN "django_content_type" ON ("auth_permission"."content_type_id" = "django_content_type"."id") WHERE "auth_permission"."content_type_id" IN (%(0)s) ORDER BY "django_content_type"."app_label" ASC, "django_content_type"."model" ASC, "auth_permission"."codename" ASC
params: (194,)
[2026-02-25 17:59:44,972] DEBUG djongo.sql2mongo.query Aggregation query: [{'$match': {'content_type_id': {'$ne': None, '$exists': True}}}, {'$lookup': {'from': 'django_content_type', 'localField': 'content_type_id', 'foreignField': 'id', 'as': 'django_content_type'}}, {'$unwind': '$django_content_type'}, {'$match': {'content_type_id': {'$in': [194]}}}, {'$sort': OrderedDict({'django_content_type.app_label': 1, 'django_content_type.model': 1, 'codename': 1})}, {'$project': {'content_type_id': True, 'codename': True}}]
[2026-02-25 17:59:44,972] DEBUG djongo.sql2mongo.query sql_command: INSERT INTO "auth_permission" ("name", "content_type_id", "codename") VALUES (%(0)s, %(1)s, %(2)s) VALUES (%(3)s, %(4)s, %(5)s) VALUES (%(6)s, %(7)s, %(8)s) VALUES (%(9)s, %(10)s, %(11)s)
params: ('Can add OHLCV Bar', 194, 'add_ohlcvbar', 'Can change OHLCV Bar', 194, 'change_ohlcvbar', 'Can delete OHLCV Bar', 194, 'delete_ohlcvbar', 'Can view OHLCV Bar', 194, 'view_ohlcvbar')
[2026-02-25 17:59:44,974] DEBUG djongo.sql2mongo.query inserted ids [ObjectId('699f7ee0421deff2f70edaeb'), ObjectId('699f7ee0421deff2f70edaec'), ObjectId('699f7ee0421deff2f70edaed'), ObjectId('699f7ee0421deff2f70edaee')]
[2026-02-25 17:59:44,974] DEBUG djongo.sql2mongo.query sql_command: SELECT "django_content_type"."id", "django_content_type"."app_label", "django_content_type"."model" FROM "django_content_type" WHERE "django_content_type"."app_label" = %(0)s
params: ('market_data',)
[2026-02-25 17:59:44,975] DEBUG djongo.sql2mongo.query Find query: {'filter': {'app_label': {'$eq': 'market_data'}}, 'projection': ['id', 'app_label', 'model']}
[2026-02-25 17:59:44,975] DEBUG djongo.sql2mongo.query Result: (194, 'market_data', 'ohlcvbar')
[2026-02-25 17:59:44,976] DEBUG djongo.sql2mongo.query sql_command: SELECT "django_content_type"."id", "django_content_type"."app_label", "django_content_type"."model" FROM "django_content_type" WHERE "django_content_type"."app_label" = %(0)s
params: ('dashboard',)
[2026-02-25 17:59:44,976] DEBUG djongo.sql2mongo.query Find query: {'filter': {'app_label': {'$eq': 'dashboard'}}, 'projection': ['id', 'app_label', 'model']}
[2026-02-25 17:59:44,977] DEBUG djongo.sql2mongo.query sql_command: INSERT INTO "django_content_type" ("app_label", "model") VALUES (%(0)s, %(1)s) VALUES (%(2)s, %(3)s)
params: ('dashboard', 'strategy', 'dashboard', 'aimodel')
[2026-02-25 17:59:44,978] DEBUG djongo.sql2mongo.query inserted ids [ObjectId('699f7ee0421deff2f70edaef'), ObjectId('699f7ee0421deff2f70edaf0')]
[2026-02-25 17:59:44,978] DEBUG djongo.sql2mongo.query sql_command: SELECT "django_content_type"."id", "django_content_type"."app_label", "django_content_type"."model" FROM "django_content_type" WHERE ("django_content_type"."app_label" = %(0)s AND "django_content_type"."model" = %(1)s) LIMIT 21
params: ('dashboard', 'strategy')
[2026-02-25 17:59:44,979] DEBUG djongo.sql2mongo.query Find query: {'filter': {'$and': [{'app_label': {'$eq': 'dashboard'}}, {'model': {'$eq': 'strategy'}}]}, 'projection': ['id', 'app_label', 'model'], 'limit': 21}
[2026-02-25 17:59:44,980] DEBUG djongo.sql2mongo.query Result: (195, 'dashboard', 'strategy')
[2026-02-25 17:59:44,980] DEBUG djongo.sql2mongo.query sql_command: SELECT "django_content_type"."id", "django_content_type"."app_label", "django_content_type"."model" FROM "django_content_type" WHERE ("django_content_type"."app_label" = %(0)s AND "django_content_type"."model" = %(1)s) LIMIT 21
params: ('dashboard', 'aimodel')
[2026-02-25 17:59:44,980] DEBUG djongo.sql2mongo.query Find query: {'filter': {'$and': [{'app_label': {'$eq': 'dashboard'}}, {'model': {'$eq': 'aimodel'}}]}, 'projection': ['id', 'app_label', 'model'], 'limit': 21}
[2026-02-25 17:59:44,981] DEBUG djongo.sql2mongo.query Result: (196, 'dashboard', 'aimodel')
[2026-02-25 17:59:44,981] DEBUG djongo.sql2mongo.query sql_command: SELECT "auth_permission"."content_type_id", "auth_permission"."codename" FROM "auth_permission" INNER JOIN "django_content_type" ON ("auth_permission"."content_type_id" = "django_content_type"."id") WHERE "auth_permission"."content_type_id" IN (%(0)s, %(1)s) ORDER BY "django_content_type"."app_label" ASC, "django_content_type"."model" ASC, "auth_permission"."codename" ASC
params: (195, 196)
[2026-02-25 17:59:44,983] DEBUG djongo.sql2mongo.query Aggregation query: [{'$match': {'content_type_id': {'$ne': None, '$exists': True}}}, {'$lookup': {'from': 'django_content_type', 'localField': 'content_type_id', 'foreignField': 'id', 'as': 'django_content_type'}}, {'$unwind': '$django_content_type'}, {'$match': {'content_type_id': {'$in': [195, 196]}}}, {'$sort': OrderedDict({'django_content_type.app_label': 1, 'django_content_type.model': 1, 'codename': 1})}, {'$project': {'content_type_id': True, 'codename': True}}]
[2026-02-25 17:59:44,983] DEBUG djongo.sql2mongo.query sql_command: INSERT INTO "auth_permission" ("name", "content_type_id", "codename") VALUES (%(0)s, %(1)s, %(2)s) VALUES (%(3)s, %(4)s, %(5)s) VALUES (%(6)s, %(7)s, %(8)s) VALUES (%(9)s, %(10)s, %(11)s) VALUES (%(12)s, %(13)s, %(14)s) VALUES (%(15)s, %(16)s, %(17)s) VALUES (%(18)s, %(19)s, %(20)s) VALUES (%(21)s, %(22)s, %(23)s)
params: ('Can add Strategy', 195, 'add_strategy', 'Can change Strategy', 195, 'change_strategy', 'Can delete Strategy', 195, 'delete_strategy', 'Can view Strategy', 195, 'view_strategy', 'Can add AI Model', 196, 'add_aimodel', 'Can change AI Model', 196, 'change_aimodel', 'Can delete AI Model', 196, 'delete_aimodel', 'Can view AI Model', 196, 'view_aimodel')
[2026-02-25 17:59:44,986] DEBUG djongo.sql2mongo.query inserted ids [ObjectId('699f7ee0421deff2f70edaf1'), ObjectId('699f7ee0421deff2f70edaf2'), ObjectId('699f7ee0421deff2f70edaf3'), ObjectId('699f7ee0421deff2f70edaf4'), ObjectId('699f7ee0421deff2f70edaf5'), ObjectId('699f7ee0421deff2f70edaf6'), ObjectId('699f7ee0421deff2f70edaf7'), ObjectId('699f7ee0421deff2f70edaf8')]
[2026-02-25 17:59:44,986] DEBUG djongo.sql2mongo.query sql_command: SELECT "django_content_type"."id", "django_content_type"."app_label", "django_content_type"."model" FROM "django_content_type" WHERE "django_content_type"."app_label" = %(0)s
params: ('dashboard',)
[2026-02-25 17:59:44,986] DEBUG djongo.sql2mongo.query Find query: {'filter': {'app_label': {'$eq': 'dashboard'}}, 'projection': ['id', 'app_label', 'model']}
[2026-02-25 17:59:44,987] DEBUG djongo.sql2mongo.query Result: (196, 'dashboard', 'aimodel')
[2026-02-25 17:59:44,987] DEBUG djongo.sql2mongo.query Result: (195, 'dashboard', 'strategy')
[2026-02-25 17:59:44,987] DEBUG djongo.base MongoClient connection closed
[2026-02-25 17:59:44,988] DEBUG djongo.base Existing MongoClient connection closed
[2026-02-25 17:59:44,988] DEBUG djongo.base New Database connection
[2026-02-25 17:59:44,988] DEBUG djongo.sql2mongo.query sql_command: SELECT "risk_management_riskconfig"."id", "risk_management_riskconfig"."name", "risk_management_riskconfig"."is_active", "risk_management_riskconfig"."max_daily_drawdown_pct", "risk_management_riskconfig"."max_total_drawdown_pct", "risk_management_riskconfig"."max_position_size_pct", "risk_management_riskconfig"."max_open_positions", "risk_management_riskconfig"."max_daily_trades", "risk_management_riskconfig"."daily_loss_limit", "risk_management_riskconfig"."kill_switch_active", "risk_management_riskconfig"."organization_id", "risk_management_riskconfig"."created_at", "risk_management_riskconfig"."updated_at" FROM "risk_management_riskconfig" WHERE "risk_management_riskconfig"."name" = %(0)s LIMIT 21
params: ('default',)
[2026-02-25 17:59:44,989] DEBUG djongo.sql2mongo.query Find query: {'filter': {'name': {'$eq': 'default'}}, 'projection': ['id', 'name', 'is_active', 'max_daily_drawdown_pct', 'max_total_drawdown_pct', 'max_position_size_pct', 'max_open_positions', 'max_daily_trades', 'daily_loss_limit', 'kill_switch_active', 'organization_id', 'created_at', 'updated_at'], 'limit': 21}
[2026-02-25 17:59:45,311] DEBUG djongo.sql2mongo.query sql_command: INSERT INTO "risk_management_riskconfig" ("name", "is_active", "max_daily_drawdown_pct", "max_total_drawdown_pct", "max_position_size_pct", "max_open_positions", "max_daily_trades", "daily_loss_limit", "kill_switch_active", "organization_id", "created_at", "updated_at") VALUES (%(0)s, %(1)s, %(2)s, %(3)s, %(4)s, %(5)s, %(6)s, %(7)s, %(8)s, %(9)s, %(10)s, %(11)s)
params: ['default', True, Decimal128('5.00'), Decimal128('10.00'), Decimal128('5.00'), 10, 50, Decimal128('1000.00'), False, None, datetime.datetime(2026, 2, 25, 22, 59, 45, 311767), datetime.datetime(2026, 2, 25, 22, 59, 45, 311792)]
[2026-02-25 17:59:45,316] DEBUG djongo.sql2mongo.query inserted ids [ObjectId('699f7ee1421deff2f70edaf9')]
[2026-02-25 17:59:45,316] DEBUG djongo.sql2mongo.query sql_command: UPDATE "risk_management_riskconfig" SET "name" = %(0)s, "is_active" = %(1)s, "max_daily_drawdown_pct" = %(2)s, "max_total_drawdown_pct" = %(3)s, "max_position_size_pct" = %(4)s, "max_open_positions" = %(5)s, "max_daily_trades" = %(6)s, "daily_loss_limit" = %(7)s, "kill_switch_active" = %(8)s, "organization_id" = NULL, "created_at" = %(9)s, "updated_at" = %(10)s WHERE "risk_management_riskconfig"."id" = %(11)s
params: ('default', True, Decimal128('5.00'), Decimal128('10.00'), Decimal128('5.00'), 10, 50, Decimal128('1000.00'), True, datetime.datetime(2026, 2, 25, 22, 59, 45, 311767), datetime.datetime(2026, 2, 25, 22, 59, 45, 316598), 14)
[2026-02-25 17:59:45,319] DEBUG djongo.sql2mongo.query update_many: 1, matched: 1
[2026-02-25 17:59:45,320] DEBUG djongo.sql2mongo.query sql_command: SELECT "risk_management_riskconfig"."id", "risk_management_riskconfig"."name", "risk_management_riskconfig"."is_active", "risk_management_riskconfig"."max_daily_drawdown_pct", "risk_management_riskconfig"."max_total_drawdown_pct", "risk_management_riskconfig"."max_position_size_pct", "risk_management_riskconfig"."max_open_positions", "risk_management_riskconfig"."max_daily_trades", "risk_management_riskconfig"."daily_loss_limit", "risk_management_riskconfig"."kill_switch_active", "risk_management_riskconfig"."organization_id", "risk_management_riskconfig"."created_at", "risk_management_riskconfig"."updated_at" FROM "risk_management_riskconfig" WHERE "risk_management_riskconfig"."name" = %(0)s LIMIT 21
params: ('default',)
[2026-02-25 17:59:45,322] DEBUG djongo.sql2mongo.query Find query: {'filter': {'name': {'$eq': 'default'}}, 'projection': ['id', 'name', 'is_active', 'max_daily_drawdown_pct', 'max_total_drawdown_pct', 'max_position_size_pct', 'max_open_positions', 'max_daily_trades', 'daily_loss_limit', 'kill_switch_active', 'organization_id', 'created_at', 'updated_at'], 'limit': 21}
[2026-02-25 17:59:45,323] DEBUG djongo.sql2mongo.query Result: (14, 'default', True, Decimal128('5.00'), Decimal128('10.00'), Decimal128('5.00'), 10, 50, Decimal128('1000.00'), True, None, datetime.datetime(2026, 2, 25, 22, 59, 45, 311000), datetime.datetime(2026, 2, 25, 22, 59, 45, 316000))
[2026-02-25 17:59:45,323] DEBUG djongo.sql2mongo.query sql_command: UPDATE "risk_management_riskconfig" SET "name" = %(0)s, "is_active" = %(1)s, "max_daily_drawdown_pct" = %(2)s, "max_total_drawdown_pct" = %(3)s, "max_position_size_pct" = %(4)s, "max_open_positions" = %(5)s, "max_daily_trades" = %(6)s, "daily_loss_limit" = %(7)s, "kill_switch_active" = %(8)s, "organization_id" = NULL, "created_at" = %(9)s, "updated_at" = %(10)s WHERE "risk_management_riskconfig"."id" = %(11)s
params: ('default', True, Decimal128('5.00'), Decimal128('10.00'), Decimal128('5.00'), 10, 50, Decimal128('1000.00'), False, datetime.datetime(2026, 2, 25, 22, 59, 45, 311000), datetime.datetime(2026, 2, 25, 22, 59, 45, 323454), 14)
[2026-02-25 17:59:45,326] DEBUG djongo.sql2mongo.query update_many: 1, matched: 1
[2026-02-25 17:59:45,326] WARNING apps.dashboard.views ✅ Kill switch deactivated — trading resumed
[2026-02-25 17:59:45,327] DEBUG djongo.sql2mongo.query sql_command: SELECT "risk_management_riskconfig"."id", "risk_management_riskconfig"."name", "risk_management_riskconfig"."is_active", "risk_management_riskconfig"."max_daily_drawdown_pct", "risk_management_riskconfig"."max_total_drawdown_pct", "risk_management_riskconfig"."max_position_size_pct", "risk_management_riskconfig"."max_open_positions", "risk_management_riskconfig"."max_daily_trades", "risk_management_riskconfig"."daily_loss_limit", "risk_management_riskconfig"."kill_switch_active", "risk_management_riskconfig"."organization_id", "risk_management_riskconfig"."created_at", "risk_management_riskconfig"."updated_at" FROM "risk_management_riskconfig" WHERE "risk_management_riskconfig"."id" = %(0)s LIMIT 21
params: (14,)
[2026-02-25 17:59:45,328] DEBUG djongo.sql2mongo.query Find query: {'filter': {'id': {'$eq': 14}}, 'projection': ['id', 'name', 'is_active', 'max_daily_drawdown_pct', 'max_total_drawdown_pct', 'max_position_size_pct', 'max_open_positions', 'max_daily_trades', 'daily_loss_limit', 'kill_switch_active', 'organization_id', 'created_at', 'updated_at'], 'limit': 21}
[2026-02-25 17:59:45,330] DEBUG djongo.sql2mongo.query Result: (14, 'default', True, Decimal128('5.00'), Decimal128('10.00'), Decimal128('5.00'), 10, 50, Decimal128('1000.00'), False, None, datetime.datetime(2026, 2, 25, 22, 59, 45, 311000), datetime.datetime(2026, 2, 25, 22, 59, 45, 323000))
.[2026-02-25 17:59:45,332] DEBUG djongo.sql2mongo.query sql_command: ALTER TABLE "webhooks_webhookevent" FLUSH
params: None
[2026-02-25 17:59:45,333] DEBUG djongo.sql2mongo.query sql_command: ALTER TABLE "risk_management_propfirmaccount" FLUSH
params: None
[2026-02-25 17:59:45,334] DEBUG djongo.sql2mongo.query sql_command: ALTER TABLE "risk_management_riskconfig" FLUSH
params: None
[2026-02-25 17:59:45,335] DEBUG djongo.sql2mongo.query sql_command: ALTER TABLE "broker_connector_brokeraccount" FLUSH
params: None
[2026-02-25 17:59:45,336] DEBUG djongo.sql2mongo.query sql_command: ALTER TABLE "auth_group" FLUSH
params: None
[2026-02-25 17:59:45,337] DEBUG djongo.sql2mongo.query sql_command: ALTER TABLE "execution_engine_trade" FLUSH
params: None
[2026-02-25 17:59:45,338] DEBUG djongo.sql2mongo.query sql_command: ALTER TABLE "auth_permission" FLUSH
params: None
[2026-02-25 17:59:45,341] DEBUG djongo.sql2mongo.query sql_command: ALTER TABLE "market_data_ohlcvbar" FLUSH
params: None
[2026-02-25 17:59:45,343] DEBUG djongo.sql2mongo.query sql_command: ALTER TABLE "dashboard_aimodel" FLUSH
params: None
[2026-02-25 17:59:45,344] DEBUG djongo.sql2mongo.query sql_command: ALTER TABLE "dashboard_strategy" FLUSH
params: None
[2026-02-25 17:59:45,345] DEBUG djongo.sql2mongo.query sql_command: ALTER TABLE "django_session" FLUSH
params: None
[2026-02-25 17:59:45,349] DEBUG djongo.sql2mongo.query sql_command: ALTER TABLE "auth_group_permissions" FLUSH
params: None
[2026-02-25 17:59:45,349] DEBUG djongo.sql2mongo.query sql_command: ALTER TABLE "auth_user_user_permissions" FLUSH
params: None
[2026-02-25 17:59:45,350] DEBUG djongo.sql2mongo.query sql_command: ALTER TABLE "auth_user" FLUSH
params: None
[2026-02-25 17:59:45,351] DEBUG djongo.sql2mongo.query sql_command: ALTER TABLE "django_content_type" FLUSH
params: None
[2026-02-25 17:59:45,352] DEBUG djongo.sql2mongo.query sql_command: ALTER TABLE "auth_user_groups" FLUSH
params: None
[2026-02-25 17:59:45,353] DEBUG djongo.sql2mongo.query sql_command: ALTER TABLE "django_admin_log" FLUSH
params: None
[2026-02-25 17:59:45,353] DEBUG djongo.sql2mongo.query sql_command: SELECT "django_content_type"."id", "django_content_type"."app_label", "django_content_type"."model" FROM "django_content_type" WHERE "django_content_type"."app_label" = %(0)s
params: ('admin',)
[2026-02-25 17:59:45,354] DEBUG djongo.sql2mongo.query Find query: {'filter': {'app_label': {'$eq': 'admin'}}, 'projection': ['id', 'app_label', 'model']}
[2026-02-25 17:59:45,355] DEBUG djongo.sql2mongo.query sql_command: INSERT INTO "django_content_type" ("app_label", "model") VALUES (%(0)s, %(1)s)
params: ('admin', 'logentry')
[2026-02-25 17:59:45,357] DEBUG djongo.sql2mongo.query inserted ids [ObjectId('699f7ee1421deff2f70edafa')]
[2026-02-25 17:59:45,357] DEBUG djongo.sql2mongo.query sql_command: SELECT "django_content_type"."id", "django_content_type"."app_label", "django_content_type"."model" FROM "django_content_type" WHERE ("django_content_type"."app_label" = %(0)s AND "django_content_type"."model" = %(1)s) LIMIT 21
params: ('admin', 'logentry')
[2026-02-25 17:59:45,357] DEBUG djongo.sql2mongo.query Find query: {'filter': {'$and': [{'app_label': {'$eq': 'admin'}}, {'model': {'$eq': 'logentry'}}]}, 'projection': ['id', 'app_label', 'model'], 'limit': 21}
[2026-02-25 17:59:45,358] DEBUG djongo.sql2mongo.query Result: (197, 'admin', 'logentry')
[2026-02-25 17:59:45,358] DEBUG djongo.sql2mongo.query sql_command: SELECT "auth_permission"."content_type_id", "auth_permission"."codename" FROM "auth_permission" INNER JOIN "django_content_type" ON ("auth_permission"."content_type_id" = "django_content_type"."id") WHERE "auth_permission"."content_type_id" IN (%(0)s) ORDER BY "django_content_type"."app_label" ASC, "django_content_type"."model" ASC, "auth_permission"."codename" ASC
params: (197,)
[2026-02-25 17:59:45,361] DEBUG djongo.sql2mongo.query Aggregation query: [{'$match': {'content_type_id': {'$ne': None, '$exists': True}}}, {'$lookup': {'from': 'django_content_type', 'localField': 'content_type_id', 'foreignField': 'id', 'as': 'django_content_type'}}, {'$unwind': '$django_content_type'}, {'$match': {'content_type_id': {'$in': [197]}}}, {'$sort': OrderedDict({'django_content_type.app_label': 1, 'django_content_type.model': 1, 'codename': 1})}, {'$project': {'content_type_id': True, 'codename': True}}]
[2026-02-25 17:59:45,361] DEBUG djongo.sql2mongo.query sql_command: INSERT INTO "auth_permission" ("name", "content_type_id", "codename") VALUES (%(0)s, %(1)s, %(2)s) VALUES (%(3)s, %(4)s, %(5)s) VALUES (%(6)s, %(7)s, %(8)s) VALUES (%(9)s, %(10)s, %(11)s)
params: ('Can add log entry', 197, 'add_logentry', 'Can change log entry', 197, 'change_logentry', 'Can delete log entry', 197, 'delete_logentry', 'Can view log entry', 197, 'view_logentry')
[2026-02-25 17:59:45,363] DEBUG djongo.sql2mongo.query inserted ids [ObjectId('699f7ee1421deff2f70edafb'), ObjectId('699f7ee1421deff2f70edafc'), ObjectId('699f7ee1421deff2f70edafd'), ObjectId('699f7ee1421deff2f70edafe')]
[2026-02-25 17:59:45,363] DEBUG djongo.sql2mongo.query sql_command: SELECT "django_content_type"."id", "django_content_type"."app_label", "django_content_type"."model" FROM "django_content_type" WHERE "django_content_type"."app_label" = %(0)s
params: ('admin',)
[2026-02-25 17:59:45,364] DEBUG djongo.sql2mongo.query Find query: {'filter': {'app_label': {'$eq': 'admin'}}, 'projection': ['id', 'app_label', 'model']}
[2026-02-25 17:59:45,365] DEBUG djongo.sql2mongo.query Result: (197, 'admin', 'logentry')
[2026-02-25 17:59:45,365] DEBUG djongo.sql2mongo.query sql_command: SELECT "django_content_type"."id", "django_content_type"."app_label", "django_content_type"."model" FROM "django_content_type" WHERE "django_content_type"."app_label" = %(0)s
params: ('auth',)
[2026-02-25 17:59:45,365] DEBUG djongo.sql2mongo.query Find query: {'filter': {'app_label': {'$eq': 'auth'}}, 'projection': ['id', 'app_label', 'model']}
[2026-02-25 17:59:45,366] DEBUG djongo.sql2mongo.query sql_command: INSERT INTO "django_content_type" ("app_label", "model") VALUES (%(0)s, %(1)s) VALUES (%(2)s, %(3)s) VALUES (%(4)s, %(5)s)
params: ('auth', 'permission', 'auth', 'group', 'auth', 'user')
[2026-02-25 17:59:45,368] DEBUG djongo.sql2mongo.query inserted ids [ObjectId('699f7ee1421deff2f70edaff'), ObjectId('699f7ee1421deff2f70edb00'), ObjectId('699f7ee1421deff2f70edb01')]
[2026-02-25 17:59:45,368] DEBUG djongo.sql2mongo.query sql_command: SELECT "django_content_type"."id", "django_content_type"."app_label", "django_content_type"."model" FROM "django_content_type" WHERE ("django_content_type"."app_label" = %(0)s AND "django_content_type"."model" = %(1)s) LIMIT 21
params: ('auth', 'permission')
[2026-02-25 17:59:45,369] DEBUG djongo.sql2mongo.query Find query: {'filter': {'$and': [{'app_label': {'$eq': 'auth'}}, {'model': {'$eq': 'permission'}}]}, 'projection': ['id', 'app_label', 'model'], 'limit': 21}
[2026-02-25 17:59:45,370] DEBUG djongo.sql2mongo.query Result: (198, 'auth', 'permission')
[2026-02-25 17:59:45,370] DEBUG djongo.sql2mongo.query sql_command: SELECT "django_content_type"."id", "django_content_type"."app_label", "django_content_type"."model" FROM "django_content_type" WHERE ("django_content_type"."app_label" = %(0)s AND "django_content_type"."model" = %(1)s) LIMIT 21
params: ('auth', 'group')
[2026-02-25 17:59:45,370] DEBUG djongo.sql2mongo.query Find query: {'filter': {'$and': [{'app_label': {'$eq': 'auth'}}, {'model': {'$eq': 'group'}}]}, 'projection': ['id', 'app_label', 'model'], 'limit': 21}
[2026-02-25 17:59:45,371] DEBUG djongo.sql2mongo.query Result: (199, 'auth', 'group')
[2026-02-25 17:59:45,371] DEBUG djongo.sql2mongo.query sql_command: SELECT "django_content_type"."id", "django_content_type"."app_label", "django_content_type"."model" FROM "django_content_type" WHERE ("django_content_type"."app_label" = %(0)s AND "django_content_type"."model" = %(1)s) LIMIT 21
params: ('auth', 'user')
[2026-02-25 17:59:45,372] DEBUG djongo.sql2mongo.query Find query: {'filter': {'$and': [{'app_label': {'$eq': 'auth'}}, {'model': {'$eq': 'user'}}]}, 'projection': ['id', 'app_label', 'model'], 'limit': 21}
[2026-02-25 17:59:45,372] DEBUG djongo.sql2mongo.query Result: (200, 'auth', 'user')
[2026-02-25 17:59:45,373] DEBUG djongo.sql2mongo.query sql_command: SELECT "auth_permission"."content_type_id", "auth_permission"."codename" FROM "auth_permission" INNER JOIN "django_content_type" ON ("auth_permission"."content_type_id" = "django_content_type"."id") WHERE "auth_permission"."content_type_id" IN (%(0)s, %(1)s, %(2)s) ORDER BY "django_content_type"."app_label" ASC, "django_content_type"."model" ASC, "auth_permission"."codename" ASC
params: (200, 198, 199)
[2026-02-25 17:59:45,375] DEBUG djongo.sql2mongo.query Aggregation query: [{'$match': {'content_type_id': {'$ne': None, '$exists': True}}}, {'$lookup': {'from': 'django_content_type', 'localField': 'content_type_id', 'foreignField': 'id', 'as': 'django_content_type'}}, {'$unwind': '$django_content_type'}, {'$match': {'content_type_id': {'$in': [200, 198, 199]}}}, {'$sort': OrderedDict({'django_content_type.app_label': 1, 'django_content_type.model': 1, 'codename': 1})}, {'$project': {'content_type_id': True, 'codename': True}}]
[2026-02-25 17:59:45,375] DEBUG djongo.sql2mongo.query sql_command: INSERT INTO "auth_permission" ("name", "content_type_id", "codename") VALUES (%(0)s, %(1)s, %(2)s) VALUES (%(3)s, %(4)s, %(5)s) VALUES (%(6)s, %(7)s, %(8)s) VALUES (%(9)s, %(10)s, %(11)s) VALUES (%(12)s, %(13)s, %(14)s) VALUES (%(15)s, %(16)s, %(17)s) VALUES (%(18)s, %(19)s, %(20)s) VALUES (%(21)s, %(22)s, %(23)s) VALUES (%(24)s, %(25)s, %(26)s) VALUES (%(27)s, %(28)s, %(29)s) VALUES (%(30)s, %(31)s, %(32)s) VALUES (%(33)s, %(34)s, %(35)s)
params: ('Can add permission', 198, 'add_permission', 'Can change permission', 198, 'change_permission', 'Can delete permission', 198, 'delete_permission', 'Can view permission', 198, 'view_permission', 'Can add group', 199, 'add_group', 'Can change group', 199, 'change_group', 'Can delete group', 199, 'delete_group', 'Can view group', 199, 'view_group', 'Can add user', 200, 'add_user', 'Can change user', 200, 'change_user', 'Can delete user', 200, 'delete_user', 'Can view user', 200, 'view_user')
[2026-02-25 17:59:45,378] DEBUG djongo.sql2mongo.query inserted ids [ObjectId('699f7ee1421deff2f70edb02'), ObjectId('699f7ee1421deff2f70edb03'), ObjectId('699f7ee1421deff2f70edb04'), ObjectId('699f7ee1421deff2f70edb05'), ObjectId('699f7ee1421deff2f70edb06'), ObjectId('699f7ee1421deff2f70edb07'), ObjectId('699f7ee1421deff2f70edb08'), ObjectId('699f7ee1421deff2f70edb09'), ObjectId('699f7ee1421deff2f70edb0a'), ObjectId('699f7ee1421deff2f70edb0b'), ObjectId('699f7ee1421deff2f70edb0c'), ObjectId('699f7ee1421deff2f70edb0d')]
[2026-02-25 17:59:45,378] DEBUG djongo.sql2mongo.query sql_command: SELECT "django_content_type"."id", "django_content_type"."app_label", "django_content_type"."model" FROM "django_content_type" WHERE "django_content_type"."app_label" = %(0)s
params: ('auth',)
[2026-02-25 17:59:45,379] DEBUG djongo.sql2mongo.query Find query: {'filter': {'app_label': {'$eq': 'auth'}}, 'projection': ['id', 'app_label', 'model']}
[2026-02-25 17:59:45,379] DEBUG djongo.sql2mongo.query Result: (199, 'auth', 'group')
[2026-02-25 17:59:45,379] DEBUG djongo.sql2mongo.query Result: (198, 'auth', 'permission')
[2026-02-25 17:59:45,379] DEBUG djongo.sql2mongo.query Result: (200, 'auth', 'user')
[2026-02-25 17:59:45,379] DEBUG djongo.sql2mongo.query sql_command: SELECT "django_content_type"."id", "django_content_type"."app_label", "django_content_type"."model" FROM "django_content_type" WHERE "django_content_type"."app_label" = %(0)s
params: ('contenttypes',)
[2026-02-25 17:59:45,380] DEBUG djongo.sql2mongo.query Find query: {'filter': {'app_label': {'$eq': 'contenttypes'}}, 'projection': ['id', 'app_label', 'model']}
[2026-02-25 17:59:45,380] DEBUG djongo.sql2mongo.query sql_command: INSERT INTO "django_content_type" ("app_label", "model") VALUES (%(0)s, %(1)s)
params: ('contenttypes', 'contenttype')
[2026-02-25 17:59:45,381] DEBUG djongo.sql2mongo.query inserted ids [ObjectId('699f7ee1421deff2f70edb0e')]
[2026-02-25 17:59:45,382] DEBUG djongo.sql2mongo.query sql_command: SELECT "django_content_type"."id", "django_content_type"."app_label", "django_content_type"."model" FROM "django_content_type" WHERE ("django_content_type"."app_label" = %(0)s AND "django_content_type"."model" = %(1)s) LIMIT 21
params: ('contenttypes', 'contenttype')
[2026-02-25 17:59:45,382] DEBUG djongo.sql2mongo.query Find query: {'filter': {'$and': [{'app_label': {'$eq': 'contenttypes'}}, {'model': {'$eq': 'contenttype'}}]}, 'projection': ['id', 'app_label', 'model'], 'limit': 21}
[2026-02-25 17:59:45,383] DEBUG djongo.sql2mongo.query Result: (201, 'contenttypes', 'contenttype')
[2026-02-25 17:59:45,383] DEBUG djongo.sql2mongo.query sql_command: SELECT "auth_permission"."content_type_id", "auth_permission"."codename" FROM "auth_permission" INNER JOIN "django_content_type" ON ("auth_permission"."content_type_id" = "django_content_type"."id") WHERE "auth_permission"."content_type_id" IN (%(0)s) ORDER BY "django_content_type"."app_label" ASC, "django_content_type"."model" ASC, "auth_permission"."codename" ASC
params: (201,)
[2026-02-25 17:59:45,385] DEBUG djongo.sql2mongo.query Aggregation query: [{'$match': {'content_type_id': {'$ne': None, '$exists': True}}}, {'$lookup': {'from': 'django_content_type', 'localField': 'content_type_id', 'foreignField': 'id', 'as': 'django_content_type'}}, {'$unwind': '$django_content_type'}, {'$match': {'content_type_id': {'$in': [201]}}}, {'$sort': OrderedDict({'django_content_type.app_label': 1, 'django_content_type.model': 1, 'codename': 1})}, {'$project': {'content_type_id': True, 'codename': True}}]
[2026-02-25 17:59:45,385] DEBUG djongo.sql2mongo.query sql_command: INSERT INTO "auth_permission" ("name", "content_type_id", "codename") VALUES (%(0)s, %(1)s, %(2)s) VALUES (%(3)s, %(4)s, %(5)s) VALUES (%(6)s, %(7)s, %(8)s) VALUES (%(9)s, %(10)s, %(11)s)
params: ('Can add content type', 201, 'add_contenttype', 'Can change content type', 201, 'change_contenttype', 'Can delete content type', 201, 'delete_contenttype', 'Can view content type', 201, 'view_contenttype')
[2026-02-25 17:59:45,387] DEBUG djongo.sql2mongo.query inserted ids [ObjectId('699f7ee1421deff2f70edb0f'), ObjectId('699f7ee1421deff2f70edb10'), ObjectId('699f7ee1421deff2f70edb11'), ObjectId('699f7ee1421deff2f70edb12')]
[2026-02-25 17:59:45,387] DEBUG djongo.sql2mongo.query sql_command: SELECT "django_content_type"."id", "django_content_type"."app_label", "django_content_type"."model" FROM "django_content_type" WHERE "django_content_type"."app_label" = %(0)s
params: ('contenttypes',)
[2026-02-25 17:59:45,388] DEBUG djongo.sql2mongo.query Find query: {'filter': {'app_label': {'$eq': 'contenttypes'}}, 'projection': ['id', 'app_label', 'model']}
[2026-02-25 17:59:45,388] DEBUG djongo.sql2mongo.query Result: (201, 'contenttypes', 'contenttype')
[2026-02-25 17:59:45,388] DEBUG djongo.sql2mongo.query sql_command: SELECT "django_content_type"."id", "django_content_type"."app_label", "django_content_type"."model" FROM "django_content_type" WHERE "django_content_type"."app_label" = %(0)s
params: ('sessions',)
[2026-02-25 17:59:45,389] DEBUG djongo.sql2mongo.query Find query: {'filter': {'app_label': {'$eq': 'sessions'}}, 'projection': ['id', 'app_label', 'model']}
[2026-02-25 17:59:45,389] DEBUG djongo.sql2mongo.query sql_command: INSERT INTO "django_content_type" ("app_label", "model") VALUES (%(0)s, %(1)s)
params: ('sessions', 'session')
[2026-02-25 17:59:45,391] DEBUG djongo.sql2mongo.query inserted ids [ObjectId('699f7ee1421deff2f70edb13')]
[2026-02-25 17:59:45,391] DEBUG djongo.sql2mongo.query sql_command: SELECT "django_content_type"."id", "django_content_type"."app_label", "django_content_type"."model" FROM "django_content_type" WHERE ("django_content_type"."app_label" = %(0)s AND "django_content_type"."model" = %(1)s) LIMIT 21
params: ('sessions', 'session')
[2026-02-25 17:59:45,392] DEBUG djongo.sql2mongo.query Find query: {'filter': {'$and': [{'app_label': {'$eq': 'sessions'}}, {'model': {'$eq': 'session'}}]}, 'projection': ['id', 'app_label', 'model'], 'limit': 21}
[2026-02-25 17:59:45,392] DEBUG djongo.sql2mongo.query Result: (202, 'sessions', 'session')
[2026-02-25 17:59:45,392] DEBUG djongo.sql2mongo.query sql_command: SELECT "auth_permission"."content_type_id", "auth_permission"."codename" FROM "auth_permission" INNER JOIN "django_content_type" ON ("auth_permission"."content_type_id" = "django_content_type"."id") WHERE "auth_permission"."content_type_id" IN (%(0)s) ORDER BY "django_content_type"."app_label" ASC, "django_content_type"."model" ASC, "auth_permission"."codename" ASC
params: (202,)
[2026-02-25 17:59:45,394] DEBUG djongo.sql2mongo.query Aggregation query: [{'$match': {'content_type_id': {'$ne': None, '$exists': True}}}, {'$lookup': {'from': 'django_content_type', 'localField': 'content_type_id', 'foreignField': 'id', 'as': 'django_content_type'}}, {'$unwind': '$django_content_type'}, {'$match': {'content_type_id': {'$in': [202]}}}, {'$sort': OrderedDict({'django_content_type.app_label': 1, 'django_content_type.model': 1, 'codename': 1})}, {'$project': {'content_type_id': True, 'codename': True}}]
[2026-02-25 17:59:45,395] DEBUG djongo.sql2mongo.query sql_command: INSERT INTO "auth_permission" ("name", "content_type_id", "codename") VALUES (%(0)s, %(1)s, %(2)s) VALUES (%(3)s, %(4)s, %(5)s) VALUES (%(6)s, %(7)s, %(8)s) VALUES (%(9)s, %(10)s, %(11)s)
params: ('Can add session', 202, 'add_session', 'Can change session', 202, 'change_session', 'Can delete session', 202, 'delete_session', 'Can view session', 202, 'view_session')
[2026-02-25 17:59:45,396] DEBUG djongo.sql2mongo.query inserted ids [ObjectId('699f7ee1421deff2f70edb14'), ObjectId('699f7ee1421deff2f70edb15'), ObjectId('699f7ee1421deff2f70edb16'), ObjectId('699f7ee1421deff2f70edb17')]
[2026-02-25 17:59:45,397] DEBUG djongo.sql2mongo.query sql_command: SELECT "django_content_type"."id", "django_content_type"."app_label", "django_content_type"."model" FROM "django_content_type" WHERE "django_content_type"."app_label" = %(0)s
params: ('sessions',)
[2026-02-25 17:59:45,397] DEBUG djongo.sql2mongo.query Find query: {'filter': {'app_label': {'$eq': 'sessions'}}, 'projection': ['id', 'app_label', 'model']}
[2026-02-25 17:59:45,398] DEBUG djongo.sql2mongo.query Result: (202, 'sessions', 'session')
[2026-02-25 17:59:45,398] DEBUG djongo.sql2mongo.query sql_command: SELECT "django_content_type"."id", "django_content_type"."app_label", "django_content_type"."model" FROM "django_content_type" WHERE "django_content_type"."app_label" = %(0)s
params: ('webhooks',)
[2026-02-25 17:59:45,398] DEBUG djongo.sql2mongo.query Find query: {'filter': {'app_label': {'$eq': 'webhooks'}}, 'projection': ['id', 'app_label', 'model']}
[2026-02-25 17:59:45,399] DEBUG djongo.sql2mongo.query sql_command: INSERT INTO "django_content_type" ("app_label", "model") VALUES (%(0)s, %(1)s)
params: ('webhooks', 'webhookevent')
[2026-02-25 17:59:45,401] DEBUG djongo.sql2mongo.query inserted ids [ObjectId('699f7ee1421deff2f70edb18')]
[2026-02-25 17:59:45,401] DEBUG djongo.sql2mongo.query sql_command: SELECT "django_content_type"."id", "django_content_type"."app_label", "django_content_type"."model" FROM "django_content_type" WHERE ("django_content_type"."app_label" = %(0)s AND "django_content_type"."model" = %(1)s) LIMIT 21
params: ('webhooks', 'webhookevent')
[2026-02-25 17:59:45,401] DEBUG djongo.sql2mongo.query Find query: {'filter': {'$and': [{'app_label': {'$eq': 'webhooks'}}, {'model': {'$eq': 'webhookevent'}}]}, 'projection': ['id', 'app_label', 'model'], 'limit': 21}
[2026-02-25 17:59:45,402] DEBUG djongo.sql2mongo.query Result: (203, 'webhooks', 'webhookevent')
[2026-02-25 17:59:45,402] DEBUG djongo.sql2mongo.query sql_command: SELECT "auth_permission"."content_type_id", "auth_permission"."codename" FROM "auth_permission" INNER JOIN "django_content_type" ON ("auth_permission"."content_type_id" = "django_content_type"."id") WHERE "auth_permission"."content_type_id" IN (%(0)s) ORDER BY "django_content_type"."app_label" ASC, "django_content_type"."model" ASC, "auth_permission"."codename" ASC
params: (203,)
[2026-02-25 17:59:45,404] DEBUG djongo.sql2mongo.query Aggregation query: [{'$match': {'content_type_id': {'$ne': None, '$exists': True}}}, {'$lookup': {'from': 'django_content_type', 'localField': 'content_type_id', 'foreignField': 'id', 'as': 'django_content_type'}}, {'$unwind': '$django_content_type'}, {'$match': {'content_type_id': {'$in': [203]}}}, {'$sort': OrderedDict({'django_content_type.app_label': 1, 'django_content_type.model': 1, 'codename': 1})}, {'$project': {'content_type_id': True, 'codename': True}}]
[2026-02-25 17:59:45,404] DEBUG djongo.sql2mongo.query sql_command: INSERT INTO "auth_permission" ("name", "content_type_id", "codename") VALUES (%(0)s, %(1)s, %(2)s) VALUES (%(3)s, %(4)s, %(5)s) VALUES (%(6)s, %(7)s, %(8)s) VALUES (%(9)s, %(10)s, %(11)s)
params: ('Can add Webhook Event', 203, 'add_webhookevent', 'Can change Webhook Event', 203, 'change_webhookevent', 'Can delete Webhook Event', 203, 'delete_webhookevent', 'Can view Webhook Event', 203, 'view_webhookevent')
[2026-02-25 17:59:45,406] DEBUG djongo.sql2mongo.query inserted ids [ObjectId('699f7ee1421deff2f70edb19'), ObjectId('699f7ee1421deff2f70edb1a'), ObjectId('699f7ee1421deff2f70edb1b'), ObjectId('699f7ee1421deff2f70edb1c')]
[2026-02-25 17:59:45,407] DEBUG djongo.sql2mongo.query sql_command: SELECT "django_content_type"."id", "django_content_type"."app_label", "django_content_type"."model" FROM "django_content_type" WHERE "django_content_type"."app_label" = %(0)s
params: ('webhooks',)
[2026-02-25 17:59:45,407] DEBUG djongo.sql2mongo.query Find query: {'filter': {'app_label': {'$eq': 'webhooks'}}, 'projection': ['id', 'app_label', 'model']}
[2026-02-25 17:59:45,408] DEBUG djongo.sql2mongo.query Result: (203, 'webhooks', 'webhookevent')
[2026-02-25 17:59:45,408] DEBUG djongo.sql2mongo.query sql_command: SELECT "django_content_type"."id", "django_content_type"."app_label", "django_content_type"."model" FROM "django_content_type" WHERE "django_content_type"."app_label" = %(0)s
params: ('broker_connector',)
[2026-02-25 17:59:45,408] DEBUG djongo.sql2mongo.query Find query: {'filter': {'app_label': {'$eq': 'broker_connector'}}, 'projection': ['id', 'app_label', 'model']}
[2026-02-25 17:59:45,409] DEBUG djongo.sql2mongo.query sql_command: INSERT INTO "django_content_type" ("app_label", "model") VALUES (%(0)s, %(1)s)
params: ('broker_connector', 'brokeraccount')
[2026-02-25 17:59:45,410] DEBUG djongo.sql2mongo.query inserted ids [ObjectId('699f7ee1421deff2f70edb1d')]
[2026-02-25 17:59:45,411] DEBUG djongo.sql2mongo.query sql_command: SELECT "django_content_type"."id", "django_content_type"."app_label", "django_content_type"."model" FROM "django_content_type" WHERE ("django_content_type"."app_label" = %(0)s AND "django_content_type"."model" = %(1)s) LIMIT 21
params: ('broker_connector', 'brokeraccount')
[2026-02-25 17:59:45,411] DEBUG djongo.sql2mongo.query Find query: {'filter': {'$and': [{'app_label': {'$eq': 'broker_connector'}}, {'model': {'$eq': 'brokeraccount'}}]}, 'projection': ['id', 'app_label', 'model'], 'limit': 21}
[2026-02-25 17:59:45,412] DEBUG djongo.sql2mongo.query Result: (204, 'broker_connector', 'brokeraccount')
[2026-02-25 17:59:45,412] DEBUG djongo.sql2mongo.query sql_command: SELECT "auth_permission"."content_type_id", "auth_permission"."codename" FROM "auth_permission" INNER JOIN "django_content_type" ON ("auth_permission"."content_type_id" = "django_content_type"."id") WHERE "auth_permission"."content_type_id" IN (%(0)s) ORDER BY "django_content_type"."app_label" ASC, "django_content_type"."model" ASC, "auth_permission"."codename" ASC
params: (204,)
[2026-02-25 17:59:45,414] DEBUG djongo.sql2mongo.query Aggregation query: [{'$match': {'content_type_id': {'$ne': None, '$exists': True}}}, {'$lookup': {'from': 'django_content_type', 'localField': 'content_type_id', 'foreignField': 'id', 'as': 'django_content_type'}}, {'$unwind': '$django_content_type'}, {'$match': {'content_type_id': {'$in': [204]}}}, {'$sort': OrderedDict({'django_content_type.app_label': 1, 'django_content_type.model': 1, 'codename': 1})}, {'$project': {'content_type_id': True, 'codename': True}}]
[2026-02-25 17:59:45,414] DEBUG djongo.sql2mongo.query sql_command: INSERT INTO "auth_permission" ("name", "content_type_id", "codename") VALUES (%(0)s, %(1)s, %(2)s) VALUES (%(3)s, %(4)s, %(5)s) VALUES (%(6)s, %(7)s, %(8)s) VALUES (%(9)s, %(10)s, %(11)s)
params: ('Can add Broker Account', 204, 'add_brokeraccount', 'Can change Broker Account', 204, 'change_brokeraccount', 'Can delete Broker Account', 204, 'delete_brokeraccount', 'Can view Broker Account', 204, 'view_brokeraccount')
[2026-02-25 17:59:45,416] DEBUG djongo.sql2mongo.query inserted ids [ObjectId('699f7ee1421deff2f70edb1e'), ObjectId('699f7ee1421deff2f70edb1f'), ObjectId('699f7ee1421deff2f70edb20'), ObjectId('699f7ee1421deff2f70edb21')]
[2026-02-25 17:59:45,416] DEBUG djongo.sql2mongo.query sql_command: SELECT "django_content_type"."id", "django_content_type"."app_label", "django_content_type"."model" FROM "django_content_type" WHERE "django_content_type"."app_label" = %(0)s
params: ('broker_connector',)
[2026-02-25 17:59:45,417] DEBUG djongo.sql2mongo.query Find query: {'filter': {'app_label': {'$eq': 'broker_connector'}}, 'projection': ['id', 'app_label', 'model']}
[2026-02-25 17:59:45,417] DEBUG djongo.sql2mongo.query Result: (204, 'broker_connector', 'brokeraccount')
[2026-02-25 17:59:45,417] DEBUG djongo.sql2mongo.query sql_command: SELECT "django_content_type"."id", "django_content_type"."app_label", "django_content_type"."model" FROM "django_content_type" WHERE "django_content_type"."app_label" = %(0)s
params: ('execution_engine',)
[2026-02-25 17:59:45,418] DEBUG djongo.sql2mongo.query Find query: {'filter': {'app_label': {'$eq': 'execution_engine'}}, 'projection': ['id', 'app_label', 'model']}
[2026-02-25 17:59:45,418] DEBUG djongo.sql2mongo.query sql_command: INSERT INTO "django_content_type" ("app_label", "model") VALUES (%(0)s, %(1)s)
params: ('execution_engine', 'trade')
[2026-02-25 17:59:45,420] DEBUG djongo.sql2mongo.query inserted ids [ObjectId('699f7ee1421deff2f70edb22')]
[2026-02-25 17:59:45,420] DEBUG djongo.sql2mongo.query sql_command: SELECT "django_content_type"."id", "django_content_type"."app_label", "django_content_type"."model" FROM "django_content_type" WHERE ("django_content_type"."app_label" = %(0)s AND "django_content_type"."model" = %(1)s) LIMIT 21
params: ('execution_engine', 'trade')
[2026-02-25 17:59:45,420] DEBUG djongo.sql2mongo.query Find query: {'filter': {'$and': [{'app_label': {'$eq': 'execution_engine'}}, {'model': {'$eq': 'trade'}}]}, 'projection': ['id', 'app_label', 'model'], 'limit': 21}
[2026-02-25 17:59:45,421] DEBUG djongo.sql2mongo.query Result: (205, 'execution_engine', 'trade')
[2026-02-25 17:59:45,422] DEBUG djongo.sql2mongo.query sql_command: SELECT "auth_permission"."content_type_id", "auth_permission"."codename" FROM "auth_permission" INNER JOIN "django_content_type" ON ("auth_permission"."content_type_id" = "django_content_type"."id") WHERE "auth_permission"."content_type_id" IN (%(0)s) ORDER BY "django_content_type"."app_label" ASC, "django_content_type"."model" ASC, "auth_permission"."codename" ASC
params: (205,)
[2026-02-25 17:59:45,423] DEBUG djongo.sql2mongo.query Aggregation query: [{'$match': {'content_type_id': {'$ne': None, '$exists': True}}}, {'$lookup': {'from': 'django_content_type', 'localField': 'content_type_id', 'foreignField': 'id', 'as': 'django_content_type'}}, {'$unwind': '$django_content_type'}, {'$match': {'content_type_id': {'$in': [205]}}}, {'$sort': OrderedDict({'django_content_type.app_label': 1, 'django_content_type.model': 1, 'codename': 1})}, {'$project': {'content_type_id': True, 'codename': True}}]
[2026-02-25 17:59:45,423] DEBUG djongo.sql2mongo.query sql_command: INSERT INTO "auth_permission" ("name", "content_type_id", "codename") VALUES (%(0)s, %(1)s, %(2)s) VALUES (%(3)s, %(4)s, %(5)s) VALUES (%(6)s, %(7)s, %(8)s) VALUES (%(9)s, %(10)s, %(11)s)
params: ('Can add Trade', 205, 'add_trade', 'Can change Trade', 205, 'change_trade', 'Can delete Trade', 205, 'delete_trade', 'Can view Trade', 205, 'view_trade')
[2026-02-25 17:59:45,425] DEBUG djongo.sql2mongo.query inserted ids [ObjectId('699f7ee1421deff2f70edb23'), ObjectId('699f7ee1421deff2f70edb24'), ObjectId('699f7ee1421deff2f70edb25'), ObjectId('699f7ee1421deff2f70edb26')]
[2026-02-25 17:59:45,425] DEBUG djongo.sql2mongo.query sql_command: SELECT "django_content_type"."id", "django_content_type"."app_label", "django_content_type"."model" FROM "django_content_type" WHERE "django_content_type"."app_label" = %(0)s
params: ('execution_engine',)
[2026-02-25 17:59:45,426] DEBUG djongo.sql2mongo.query Find query: {'filter': {'app_label': {'$eq': 'execution_engine'}}, 'projection': ['id', 'app_label', 'model']}
[2026-02-25 17:59:45,426] DEBUG djongo.sql2mongo.query Result: (205, 'execution_engine', 'trade')
[2026-02-25 17:59:45,426] DEBUG djongo.sql2mongo.query sql_command: SELECT "django_content_type"."id", "django_content_type"."app_label", "django_content_type"."model" FROM "django_content_type" WHERE "django_content_type"."app_label" = %(0)s
params: ('risk_management',)
[2026-02-25 17:59:45,427] DEBUG djongo.sql2mongo.query Find query: {'filter': {'app_label': {'$eq': 'risk_management'}}, 'projection': ['id', 'app_label', 'model']}
[2026-02-25 17:59:45,427] DEBUG djongo.sql2mongo.query sql_command: INSERT INTO "django_content_type" ("app_label", "model") VALUES (%(0)s, %(1)s) VALUES (%(2)s, %(3)s)
params: ('risk_management', 'riskconfig', 'risk_management', 'propfirmaccount')
[2026-02-25 17:59:45,429] DEBUG djongo.sql2mongo.query inserted ids [ObjectId('699f7ee1421deff2f70edb27'), ObjectId('699f7ee1421deff2f70edb28')]
[2026-02-25 17:59:45,429] DEBUG djongo.sql2mongo.query sql_command: SELECT "django_content_type"."id", "django_content_type"."app_label", "django_content_type"."model" FROM "django_content_type" WHERE ("django_content_type"."app_label" = %(0)s AND "django_content_type"."model" = %(1)s) LIMIT 21
params: ('risk_management', 'riskconfig')
[2026-02-25 17:59:45,429] DEBUG djongo.sql2mongo.query Find query: {'filter': {'$and': [{'app_label': {'$eq': 'risk_management'}}, {'model': {'$eq': 'riskconfig'}}]}, 'projection': ['id', 'app_label', 'model'], 'limit': 21}
[2026-02-25 17:59:45,430] DEBUG djongo.sql2mongo.query Result: (206, 'risk_management', 'riskconfig')
[2026-02-25 17:59:45,430] DEBUG djongo.sql2mongo.query sql_command: SELECT "django_content_type"."id", "django_content_type"."app_label", "django_content_type"."model" FROM "django_content_type" WHERE ("django_content_type"."app_label" = %(0)s AND "django_content_type"."model" = %(1)s) LIMIT 21
params: ('risk_management', 'propfirmaccount')
[2026-02-25 17:59:45,431] DEBUG djongo.sql2mongo.query Find query: {'filter': {'$and': [{'app_label': {'$eq': 'risk_management'}}, {'model': {'$eq': 'propfirmaccount'}}]}, 'projection': ['id', 'app_label', 'model'], 'limit': 21}
[2026-02-25 17:59:45,431] DEBUG djongo.sql2mongo.query Result: (207, 'risk_management', 'propfirmaccount')
[2026-02-25 17:59:45,432] DEBUG djongo.sql2mongo.query sql_command: SELECT "auth_permission"."content_type_id", "auth_permission"."codename" FROM "auth_permission" INNER JOIN "django_content_type" ON ("auth_permission"."content_type_id" = "django_content_type"."id") WHERE "auth_permission"."content_type_id" IN (%(0)s, %(1)s) ORDER BY "django_content_type"."app_label" ASC, "django_content_type"."model" ASC, "auth_permission"."codename" ASC
params: (206, 207)
[2026-02-25 17:59:45,434] DEBUG djongo.sql2mongo.query Aggregation query: [{'$match': {'content_type_id': {'$ne': None, '$exists': True}}}, {'$lookup': {'from': 'django_content_type', 'localField': 'content_type_id', 'foreignField': 'id', 'as': 'django_content_type'}}, {'$unwind': '$django_content_type'}, {'$match': {'content_type_id': {'$in': [206, 207]}}}, {'$sort': OrderedDict({'django_content_type.app_label': 1, 'django_content_type.model': 1, 'codename': 1})}, {'$project': {'content_type_id': True, 'codename': True}}]
[2026-02-25 17:59:45,434] DEBUG djongo.sql2mongo.query sql_command: INSERT INTO "auth_permission" ("name", "content_type_id", "codename") VALUES (%(0)s, %(1)s, %(2)s) VALUES (%(3)s, %(4)s, %(5)s) VALUES (%(6)s, %(7)s, %(8)s) VALUES (%(9)s, %(10)s, %(11)s) VALUES (%(12)s, %(13)s, %(14)s) VALUES (%(15)s, %(16)s, %(17)s) VALUES (%(18)s, %(19)s, %(20)s) VALUES (%(21)s, %(22)s, %(23)s)
params: ('Can add Risk Configuration', 206, 'add_riskconfig', 'Can change Risk Configuration', 206, 'change_riskconfig', 'Can delete Risk Configuration', 206, 'delete_riskconfig', 'Can view Risk Configuration', 206, 'view_riskconfig', 'Can add Prop Firm Account', 207, 'add_propfirmaccount', 'Can change Prop Firm Account', 207, 'change_propfirmaccount', 'Can delete Prop Firm Account', 207, 'delete_propfirmaccount', 'Can view Prop Firm Account', 207, 'view_propfirmaccount')
[2026-02-25 17:59:45,436] DEBUG djongo.sql2mongo.query inserted ids [ObjectId('699f7ee1421deff2f70edb29'), ObjectId('699f7ee1421deff2f70edb2a'), ObjectId('699f7ee1421deff2f70edb2b'), ObjectId('699f7ee1421deff2f70edb2c'), ObjectId('699f7ee1421deff2f70edb2d'), ObjectId('699f7ee1421deff2f70edb2e'), ObjectId('699f7ee1421deff2f70edb2f'), ObjectId('699f7ee1421deff2f70edb30')]
[2026-02-25 17:59:45,437] DEBUG djongo.sql2mongo.query sql_command: SELECT "django_content_type"."id", "django_content_type"."app_label", "django_content_type"."model" FROM "django_content_type" WHERE "django_content_type"."app_label" = %(0)s
params: ('risk_management',)
[2026-02-25 17:59:45,437] DEBUG djongo.sql2mongo.query Find query: {'filter': {'app_label': {'$eq': 'risk_management'}}, 'projection': ['id', 'app_label', 'model']}
[2026-02-25 17:59:45,437] DEBUG djongo.sql2mongo.query Result: (207, 'risk_management', 'propfirmaccount')
[2026-02-25 17:59:45,437] DEBUG djongo.sql2mongo.query Result: (206, 'risk_management', 'riskconfig')
[2026-02-25 17:59:45,438] DEBUG djongo.sql2mongo.query sql_command: SELECT "django_content_type"."id", "django_content_type"."app_label", "django_content_type"."model" FROM "django_content_type" WHERE "django_content_type"."app_label" = %(0)s
params: ('market_data',)
[2026-02-25 17:59:45,438] DEBUG djongo.sql2mongo.query Find query: {'filter': {'app_label': {'$eq': 'market_data'}}, 'projection': ['id', 'app_label', 'model']}
[2026-02-25 17:59:45,439] DEBUG djongo.sql2mongo.query sql_command: INSERT INTO "django_content_type" ("app_label", "model") VALUES (%(0)s, %(1)s)
params: ('market_data', 'ohlcvbar')
[2026-02-25 17:59:45,440] DEBUG djongo.sql2mongo.query inserted ids [ObjectId('699f7ee1421deff2f70edb31')]
[2026-02-25 17:59:45,440] DEBUG djongo.sql2mongo.query sql_command: SELECT "django_content_type"."id", "django_content_type"."app_label", "django_content_type"."model" FROM "django_content_type" WHERE ("django_content_type"."app_label" = %(0)s AND "django_content_type"."model" = %(1)s) LIMIT 21
params: ('market_data', 'ohlcvbar')
[2026-02-25 17:59:45,441] DEBUG djongo.sql2mongo.query Find query: {'filter': {'$and': [{'app_label': {'$eq': 'market_data'}}, {'model': {'$eq': 'ohlcvbar'}}]}, 'projection': ['id', 'app_label', 'model'], 'limit': 21}
[2026-02-25 17:59:45,441] DEBUG djongo.sql2mongo.query Result: (208, 'market_data', 'ohlcvbar')
[2026-02-25 17:59:45,442] DEBUG djongo.sql2mongo.query sql_command: SELECT "auth_permission"."content_type_id", "auth_permission"."codename" FROM "auth_permission" INNER JOIN "django_content_type" ON ("auth_permission"."content_type_id" = "django_content_type"."id") WHERE "auth_permission"."content_type_id" IN (%(0)s) ORDER BY "django_content_type"."app_label" ASC, "django_content_type"."model" ASC, "auth_permission"."codename" ASC
params: (208,)
[2026-02-25 17:59:45,443] DEBUG djongo.sql2mongo.query Aggregation query: [{'$match': {'content_type_id': {'$ne': None, '$exists': True}}}, {'$lookup': {'from': 'django_content_type', 'localField': 'content_type_id', 'foreignField': 'id', 'as': 'django_content_type'}}, {'$unwind': '$django_content_type'}, {'$match': {'content_type_id': {'$in': [208]}}}, {'$sort': OrderedDict({'django_content_type.app_label': 1, 'django_content_type.model': 1, 'codename': 1})}, {'$project': {'content_type_id': True, 'codename': True}}]
[2026-02-25 17:59:45,444] DEBUG djongo.sql2mongo.query sql_command: INSERT INTO "auth_permission" ("name", "content_type_id", "codename") VALUES (%(0)s, %(1)s, %(2)s) VALUES (%(3)s, %(4)s, %(5)s) VALUES (%(6)s, %(7)s, %(8)s) VALUES (%(9)s, %(10)s, %(11)s)
params: ('Can add OHLCV Bar', 208, 'add_ohlcvbar', 'Can change OHLCV Bar', 208, 'change_ohlcvbar', 'Can delete OHLCV Bar', 208, 'delete_ohlcvbar', 'Can view OHLCV Bar', 208, 'view_ohlcvbar')
[2026-02-25 17:59:45,446] DEBUG djongo.sql2mongo.query inserted ids [ObjectId('699f7ee1421deff2f70edb32'), ObjectId('699f7ee1421deff2f70edb33'), ObjectId('699f7ee1421deff2f70edb34'), ObjectId('699f7ee1421deff2f70edb35')]
[2026-02-25 17:59:45,446] DEBUG djongo.sql2mongo.query sql_command: SELECT "django_content_type"."id", "django_content_type"."app_label", "django_content_type"."model" FROM "django_content_type" WHERE "django_content_type"."app_label" = %(0)s
params: ('market_data',)
[2026-02-25 17:59:45,446] DEBUG djongo.sql2mongo.query Find query: {'filter': {'app_label': {'$eq': 'market_data'}}, 'projection': ['id', 'app_label', 'model']}
[2026-02-25 17:59:45,447] DEBUG djongo.sql2mongo.query Result: (208, 'market_data', 'ohlcvbar')
[2026-02-25 17:59:45,447] DEBUG djongo.sql2mongo.query sql_command: SELECT "django_content_type"."id", "django_content_type"."app_label", "django_content_type"."model" FROM "django_content_type" WHERE "django_content_type"."app_label" = %(0)s
params: ('dashboard',)
[2026-02-25 17:59:45,447] DEBUG djongo.sql2mongo.query Find query: {'filter': {'app_label': {'$eq': 'dashboard'}}, 'projection': ['id', 'app_label', 'model']}
[2026-02-25 17:59:45,448] DEBUG djongo.sql2mongo.query sql_command: INSERT INTO "django_content_type" ("app_label", "model") VALUES (%(0)s, %(1)s) VALUES (%(2)s, %(3)s)
params: ('dashboard', 'strategy', 'dashboard', 'aimodel')
[2026-02-25 17:59:45,449] DEBUG djongo.sql2mongo.query inserted ids [ObjectId('699f7ee1421deff2f70edb36'), ObjectId('699f7ee1421deff2f70edb37')]
[2026-02-25 17:59:45,449] DEBUG djongo.sql2mongo.query sql_command: SELECT "django_content_type"."id", "django_content_type"."app_label", "django_content_type"."model" FROM "django_content_type" WHERE ("django_content_type"."app_label" = %(0)s AND "django_content_type"."model" = %(1)s) LIMIT 21
params: ('dashboard', 'strategy')
[2026-02-25 17:59:45,450] DEBUG djongo.sql2mongo.query Find query: {'filter': {'$and': [{'app_label': {'$eq': 'dashboard'}}, {'model': {'$eq': 'strategy'}}]}, 'projection': ['id', 'app_label', 'model'], 'limit': 21}
[2026-02-25 17:59:45,451] DEBUG djongo.sql2mongo.query Result: (209, 'dashboard', 'strategy')
[2026-02-25 17:59:45,451] DEBUG djongo.sql2mongo.query sql_command: SELECT "django_content_type"."id", "django_content_type"."app_label", "django_content_type"."model" FROM "django_content_type" WHERE ("django_content_type"."app_label" = %(0)s AND "django_content_type"."model" = %(1)s) LIMIT 21
params: ('dashboard', 'aimodel')
[2026-02-25 17:59:45,452] DEBUG djongo.sql2mongo.query Find query: {'filter': {'$and': [{'app_label': {'$eq': 'dashboard'}}, {'model': {'$eq': 'aimodel'}}]}, 'projection': ['id', 'app_label', 'model'], 'limit': 21}
[2026-02-25 17:59:45,452] DEBUG djongo.sql2mongo.query Result: (210, 'dashboard', 'aimodel')
[2026-02-25 17:59:45,453] DEBUG djongo.sql2mongo.query sql_command: SELECT "auth_permission"."content_type_id", "auth_permission"."codename" FROM "auth_permission" INNER JOIN "django_content_type" ON ("auth_permission"."content_type_id" = "django_content_type"."id") WHERE "auth_permission"."content_type_id" IN (%(0)s, %(1)s) ORDER BY "django_content_type"."app_label" ASC, "django_content_type"."model" ASC, "auth_permission"."codename" ASC
params: (209, 210)
[2026-02-25 17:59:45,455] DEBUG djongo.sql2mongo.query Aggregation query: [{'$match': {'content_type_id': {'$ne': None, '$exists': True}}}, {'$lookup': {'from': 'django_content_type', 'localField': 'content_type_id', 'foreignField': 'id', 'as': 'django_content_type'}}, {'$unwind': '$django_content_type'}, {'$match': {'content_type_id': {'$in': [209, 210]}}}, {'$sort': OrderedDict({'django_content_type.app_label': 1, 'django_content_type.model': 1, 'codename': 1})}, {'$project': {'content_type_id': True, 'codename': True}}]
[2026-02-25 17:59:45,455] DEBUG djongo.sql2mongo.query sql_command: INSERT INTO "auth_permission" ("name", "content_type_id", "codename") VALUES (%(0)s, %(1)s, %(2)s) VALUES (%(3)s, %(4)s, %(5)s) VALUES (%(6)s, %(7)s, %(8)s) VALUES (%(9)s, %(10)s, %(11)s) VALUES (%(12)s, %(13)s, %(14)s) VALUES (%(15)s, %(16)s, %(17)s) VALUES (%(18)s, %(19)s, %(20)s) VALUES (%(21)s, %(22)s, %(23)s)
params: ('Can add Strategy', 209, 'add_strategy', 'Can change Strategy', 209, 'change_strategy', 'Can delete Strategy', 209, 'delete_strategy', 'Can view Strategy', 209, 'view_strategy', 'Can add AI Model', 210, 'add_aimodel', 'Can change AI Model', 210, 'change_aimodel', 'Can delete AI Model', 210, 'delete_aimodel', 'Can view AI Model', 210, 'view_aimodel')
[2026-02-25 17:59:45,458] DEBUG djongo.sql2mongo.query inserted ids [ObjectId('699f7ee1421deff2f70edb38'), ObjectId('699f7ee1421deff2f70edb39'), ObjectId('699f7ee1421deff2f70edb3a'), ObjectId('699f7ee1421deff2f70edb3b'), ObjectId('699f7ee1421deff2f70edb3c'), ObjectId('699f7ee1421deff2f70edb3d'), ObjectId('699f7ee1421deff2f70edb3e'), ObjectId('699f7ee1421deff2f70edb3f')]
[2026-02-25 17:59:45,458] DEBUG djongo.sql2mongo.query sql_command: SELECT "django_content_type"."id", "django_content_type"."app_label", "django_content_type"."model" FROM "django_content_type" WHERE "django_content_type"."app_label" = %(0)s
params: ('dashboard',)
[2026-02-25 17:59:45,459] DEBUG djongo.sql2mongo.query Find query: {'filter': {'app_label': {'$eq': 'dashboard'}}, 'projection': ['id', 'app_label', 'model']}
[2026-02-25 17:59:45,459] DEBUG djongo.sql2mongo.query Result: (210, 'dashboard', 'aimodel')
[2026-02-25 17:59:45,459] DEBUG djongo.sql2mongo.query Result: (209, 'dashboard', 'strategy')
[2026-02-25 17:59:45,460] DEBUG djongo.base MongoClient connection closed
[2026-02-25 17:59:45,460] DEBUG djongo.base Existing MongoClient connection closed
[2026-02-25 17:59:45,460] DEBUG djongo.base New Database connection
[2026-02-25 17:59:45,460] DEBUG djongo.sql2mongo.query sql_command: SELECT "risk_management_riskconfig"."id", "risk_management_riskconfig"."name", "risk_management_riskconfig"."is_active", "risk_management_riskconfig"."max_daily_drawdown_pct", "risk_management_riskconfig"."max_total_drawdown_pct", "risk_management_riskconfig"."max_position_size_pct", "risk_management_riskconfig"."max_open_positions", "risk_management_riskconfig"."max_daily_trades", "risk_management_riskconfig"."daily_loss_limit", "risk_management_riskconfig"."kill_switch_active", "risk_management_riskconfig"."organization_id", "risk_management_riskconfig"."created_at", "risk_management_riskconfig"."updated_at" FROM "risk_management_riskconfig" WHERE "risk_management_riskconfig"."name" = %(0)s LIMIT 21
params: ('default',)
[2026-02-25 17:59:45,462] DEBUG djongo.sql2mongo.query Find query: {'filter': {'name': {'$eq': 'default'}}, 'projection': ['id', 'name', 'is_active', 'max_daily_drawdown_pct', 'max_total_drawdown_pct', 'max_position_size_pct', 'max_open_positions', 'max_daily_trades', 'daily_loss_limit', 'kill_switch_active', 'organization_id', 'created_at', 'updated_at'], 'limit': 21}
[2026-02-25 17:59:45,817] DEBUG djongo.sql2mongo.query sql_command: INSERT INTO "risk_management_riskconfig" ("name", "is_active", "max_daily_drawdown_pct", "max_total_drawdown_pct", "max_position_size_pct", "max_open_positions", "max_daily_trades", "daily_loss_limit", "kill_switch_active", "organization_id", "created_at", "updated_at") VALUES (%(0)s, %(1)s, %(2)s, %(3)s, %(4)s, %(5)s, %(6)s, %(7)s, %(8)s, %(9)s, %(10)s, %(11)s)
params: ['default', True, Decimal128('5.00'), Decimal128('10.00'), Decimal128('5.00'), 10, 50, Decimal128('1000.00'), False, None, datetime.datetime(2026, 2, 25, 22, 59, 45, 817420), datetime.datetime(2026, 2, 25, 22, 59, 45, 817439)]
[2026-02-25 17:59:45,822] DEBUG djongo.sql2mongo.query inserted ids [ObjectId('699f7ee1421deff2f70edb40')]
[2026-02-25 17:59:45,823] DEBUG djongo.sql2mongo.query sql_command: SELECT "risk_management_riskconfig"."id", "risk_management_riskconfig"."name", "risk_management_riskconfig"."is_active", "risk_management_riskconfig"."max_daily_drawdown_pct", "risk_management_riskconfig"."max_total_drawdown_pct", "risk_management_riskconfig"."max_position_size_pct", "risk_management_riskconfig"."max_open_positions", "risk_management_riskconfig"."max_daily_trades", "risk_management_riskconfig"."daily_loss_limit", "risk_management_riskconfig"."kill_switch_active", "risk_management_riskconfig"."organization_id", "risk_management_riskconfig"."created_at", "risk_management_riskconfig"."updated_at" FROM "risk_management_riskconfig" WHERE "risk_management_riskconfig"."name" = %(0)s LIMIT 21
params: ('default',)
[2026-02-25 17:59:45,826] DEBUG djongo.sql2mongo.query Find query: {'filter': {'name': {'$eq': 'default'}}, 'projection': ['id', 'name', 'is_active', 'max_daily_drawdown_pct', 'max_total_drawdown_pct', 'max_position_size_pct', 'max_open_positions', 'max_daily_trades', 'daily_loss_limit', 'kill_switch_active', 'organization_id', 'created_at', 'updated_at'], 'limit': 21}
[2026-02-25 17:59:45,827] DEBUG djongo.sql2mongo.query Result: (15, 'default', True, Decimal128('5.00'), Decimal128('10.00'), Decimal128('5.00'), 10, 50, Decimal128('1000.00'), False, None, datetime.datetime(2026, 2, 25, 22, 59, 45, 817000), datetime.datetime(2026, 2, 25, 22, 59, 45, 817000))
[2026-02-25 17:59:45,828] DEBUG djongo.sql2mongo.query sql_command: UPDATE "risk_management_riskconfig" SET "name" = %(0)s, "is_active" = %(1)s, "max_daily_drawdown_pct" = %(2)s, "max_total_drawdown_pct" = %(3)s, "max_position_size_pct" = %(4)s, "max_open_positions" = %(5)s, "max_daily_trades" = %(6)s, "daily_loss_limit" = %(7)s, "kill_switch_active" = %(8)s, "organization_id" = NULL, "created_at" = %(9)s, "updated_at" = %(10)s WHERE "risk_management_riskconfig"."id" = %(11)s
params: ('default', True, Decimal128('3.50'), Decimal128('10.00'), Decimal128('5.00'), 8, 15, Decimal128('2000.00'), False, datetime.datetime(2026, 2, 25, 22, 59, 45, 817000), datetime.datetime(2026, 2, 25, 22, 59, 45, 827852), 15)
[2026-02-25 17:59:45,831] DEBUG djongo.sql2mongo.query update_many: 1, matched: 1
[2026-02-25 17:59:45,831] INFO apps.dashboard.views Risk config updated
[2026-02-25 17:59:45,831] DEBUG djongo.sql2mongo.query sql_command: SELECT "risk_management_riskconfig"."id", "risk_management_riskconfig"."name", "risk_management_riskconfig"."is_active", "risk_management_riskconfig"."max_daily_drawdown_pct", "risk_management_riskconfig"."max_total_drawdown_pct", "risk_management_riskconfig"."max_position_size_pct", "risk_management_riskconfig"."max_open_positions", "risk_management_riskconfig"."max_daily_trades", "risk_management_riskconfig"."daily_loss_limit", "risk_management_riskconfig"."kill_switch_active", "risk_management_riskconfig"."organization_id", "risk_management_riskconfig"."created_at", "risk_management_riskconfig"."updated_at" FROM "risk_management_riskconfig" WHERE "risk_management_riskconfig"."id" = %(0)s LIMIT 21
params: (15,)
[2026-02-25 17:59:45,832] DEBUG djongo.sql2mongo.query Find query: {'filter': {'id': {'$eq': 15}}, 'projection': ['id', 'name', 'is_active', 'max_daily_drawdown_pct', 'max_total_drawdown_pct', 'max_position_size_pct', 'max_open_positions', 'max_daily_trades', 'daily_loss_limit', 'kill_switch_active', 'organization_id', 'created_at', 'updated_at'], 'limit': 21}
[2026-02-25 17:59:45,833] DEBUG djongo.sql2mongo.query Result: (15, 'default', True, Decimal128('3.50'), Decimal128('10.00'), Decimal128('5.00'), 8, 15, Decimal128('2000.00'), False, None, datetime.datetime(2026, 2, 25, 22, 59, 45, 817000), datetime.datetime(2026, 2, 25, 22, 59, 45, 827000))
.[2026-02-25 17:59:45,835] DEBUG djongo.sql2mongo.query sql_command: ALTER TABLE "webhooks_webhookevent" FLUSH
params: None
[2026-02-25 17:59:45,836] DEBUG djongo.sql2mongo.query sql_command: ALTER TABLE "risk_management_propfirmaccount" FLUSH
params: None
[2026-02-25 17:59:45,836] DEBUG djongo.sql2mongo.query sql_command: ALTER TABLE "risk_management_riskconfig" FLUSH
params: None
[2026-02-25 17:59:45,837] DEBUG djongo.sql2mongo.query sql_command: ALTER TABLE "broker_connector_brokeraccount" FLUSH
params: None
[2026-02-25 17:59:45,838] DEBUG djongo.sql2mongo.query sql_command: ALTER TABLE "auth_group" FLUSH
params: None
[2026-02-25 17:59:45,838] DEBUG djongo.sql2mongo.query sql_command: ALTER TABLE "execution_engine_trade" FLUSH
params: None
[2026-02-25 17:59:45,839] DEBUG djongo.sql2mongo.query sql_command: ALTER TABLE "auth_permission" FLUSH
params: None
[2026-02-25 17:59:45,841] DEBUG djongo.sql2mongo.query sql_command: ALTER TABLE "market_data_ohlcvbar" FLUSH
params: None
[2026-02-25 17:59:45,841] DEBUG djongo.sql2mongo.query sql_command: ALTER TABLE "dashboard_aimodel" FLUSH
params: None
[2026-02-25 17:59:45,842] DEBUG djongo.sql2mongo.query sql_command: ALTER TABLE "dashboard_strategy" FLUSH
params: None
[2026-02-25 17:59:45,842] DEBUG djongo.sql2mongo.query sql_command: ALTER TABLE "django_session" FLUSH
params: None
[2026-02-25 17:59:45,843] DEBUG djongo.sql2mongo.query sql_command: ALTER TABLE "auth_group_permissions" FLUSH
params: None
[2026-02-25 17:59:45,843] DEBUG djongo.sql2mongo.query sql_command: ALTER TABLE "auth_user_user_permissions" FLUSH
params: None
[2026-02-25 17:59:45,844] DEBUG djongo.sql2mongo.query sql_command: ALTER TABLE "auth_user" FLUSH
params: None
[2026-02-25 17:59:45,844] DEBUG djongo.sql2mongo.query sql_command: ALTER TABLE "django_content_type" FLUSH
params: None
[2026-02-25 17:59:45,845] DEBUG djongo.sql2mongo.query sql_command: ALTER TABLE "auth_user_groups" FLUSH
params: None
[2026-02-25 17:59:45,845] DEBUG djongo.sql2mongo.query sql_command: ALTER TABLE "django_admin_log" FLUSH
params: None
[2026-02-25 17:59:45,846] DEBUG djongo.sql2mongo.query sql_command: SELECT "django_content_type"."id", "django_content_type"."app_label", "django_content_type"."model" FROM "django_content_type" WHERE "django_content_type"."app_label" = %(0)s
params: ('admin',)
[2026-02-25 17:59:45,847] DEBUG djongo.sql2mongo.query Find query: {'filter': {'app_label': {'$eq': 'admin'}}, 'projection': ['id', 'app_label', 'model']}
[2026-02-25 17:59:45,847] DEBUG djongo.sql2mongo.query sql_command: INSERT INTO "django_content_type" ("app_label", "model") VALUES (%(0)s, %(1)s)
params: ('admin', 'logentry')
[2026-02-25 17:59:45,849] DEBUG djongo.sql2mongo.query inserted ids [ObjectId('699f7ee1421deff2f70edb41')]
[2026-02-25 17:59:45,849] DEBUG djongo.sql2mongo.query sql_command: SELECT "django_content_type"."id", "django_content_type"."app_label", "django_content_type"."model" FROM "django_content_type" WHERE ("django_content_type"."app_label" = %(0)s AND "django_content_type"."model" = %(1)s) LIMIT 21
params: ('admin', 'logentry')
[2026-02-25 17:59:45,849] DEBUG djongo.sql2mongo.query Find query: {'filter': {'$and': [{'app_label': {'$eq': 'admin'}}, {'model': {'$eq': 'logentry'}}]}, 'projection': ['id', 'app_label', 'model'], 'limit': 21}
[2026-02-25 17:59:45,850] DEBUG djongo.sql2mongo.query Result: (211, 'admin', 'logentry')
[2026-02-25 17:59:45,850] DEBUG djongo.sql2mongo.query sql_command: SELECT "auth_permission"."content_type_id", "auth_permission"."codename" FROM "auth_permission" INNER JOIN "django_content_type" ON ("auth_permission"."content_type_id" = "django_content_type"."id") WHERE "auth_permission"."content_type_id" IN (%(0)s) ORDER BY "django_content_type"."app_label" ASC, "django_content_type"."model" ASC, "auth_permission"."codename" ASC
params: (211,)
[2026-02-25 17:59:45,852] DEBUG djongo.sql2mongo.query Aggregation query: [{'$match': {'content_type_id': {'$ne': None, '$exists': True}}}, {'$lookup': {'from': 'django_content_type', 'localField': 'content_type_id', 'foreignField': 'id', 'as': 'django_content_type'}}, {'$unwind': '$django_content_type'}, {'$match': {'content_type_id': {'$in': [211]}}}, {'$sort': OrderedDict({'django_content_type.app_label': 1, 'django_content_type.model': 1, 'codename': 1})}, {'$project': {'content_type_id': True, 'codename': True}}]
[2026-02-25 17:59:45,853] DEBUG djongo.sql2mongo.query sql_command: INSERT INTO "auth_permission" ("name", "content_type_id", "codename") VALUES (%(0)s, %(1)s, %(2)s) VALUES (%(3)s, %(4)s, %(5)s) VALUES (%(6)s, %(7)s, %(8)s) VALUES (%(9)s, %(10)s, %(11)s)
params: ('Can add log entry', 211, 'add_logentry', 'Can change log entry', 211, 'change_logentry', 'Can delete log entry', 211, 'delete_logentry', 'Can view log entry', 211, 'view_logentry')
[2026-02-25 17:59:45,855] DEBUG djongo.sql2mongo.query inserted ids [ObjectId('699f7ee1421deff2f70edb42'), ObjectId('699f7ee1421deff2f70edb43'), ObjectId('699f7ee1421deff2f70edb44'), ObjectId('699f7ee1421deff2f70edb45')]
[2026-02-25 17:59:45,855] DEBUG djongo.sql2mongo.query sql_command: SELECT "django_content_type"."id", "django_content_type"."app_label", "django_content_type"."model" FROM "django_content_type" WHERE "django_content_type"."app_label" = %(0)s
params: ('admin',)
[2026-02-25 17:59:45,855] DEBUG djongo.sql2mongo.query Find query: {'filter': {'app_label': {'$eq': 'admin'}}, 'projection': ['id', 'app_label', 'model']}
[2026-02-25 17:59:45,856] DEBUG djongo.sql2mongo.query Result: (211, 'admin', 'logentry')
[2026-02-25 17:59:45,856] DEBUG djongo.sql2mongo.query sql_command: SELECT "django_content_type"."id", "django_content_type"."app_label", "django_content_type"."model" FROM "django_content_type" WHERE "django_content_type"."app_label" = %(0)s
params: ('auth',)
[2026-02-25 17:59:45,856] DEBUG djongo.sql2mongo.query Find query: {'filter': {'app_label': {'$eq': 'auth'}}, 'projection': ['id', 'app_label', 'model']}
[2026-02-25 17:59:45,857] DEBUG djongo.sql2mongo.query sql_command: INSERT INTO "django_content_type" ("app_label", "model") VALUES (%(0)s, %(1)s) VALUES (%(2)s, %(3)s) VALUES (%(4)s, %(5)s)
params: ('auth', 'permission', 'auth', 'group', 'auth', 'user')
[2026-02-25 17:59:45,860] DEBUG djongo.sql2mongo.query inserted ids [ObjectId('699f7ee1421deff2f70edb46'), ObjectId('699f7ee1421deff2f70edb47'), ObjectId('699f7ee1421deff2f70edb48')]
[2026-02-25 17:59:45,863] DEBUG djongo.sql2mongo.query sql_command: SELECT "django_content_type"."id", "django_content_type"."app_label", "django_content_type"."model" FROM "django_content_type" WHERE ("django_content_type"."app_label" = %(0)s AND "django_content_type"."model" = %(1)s) LIMIT 21
params: ('auth', 'permission')
[2026-02-25 17:59:45,864] DEBUG djongo.sql2mongo.query Find query: {'filter': {'$and': [{'app_label': {'$eq': 'auth'}}, {'model': {'$eq': 'permission'}}]}, 'projection': ['id', 'app_label', 'model'], 'limit': 21}
[2026-02-25 17:59:45,865] DEBUG djongo.sql2mongo.query Result: (212, 'auth', 'permission')
[2026-02-25 17:59:45,865] DEBUG djongo.sql2mongo.query sql_command: SELECT "django_content_type"."id", "django_content_type"."app_label", "django_content_type"."model" FROM "django_content_type" WHERE ("django_content_type"."app_label" = %(0)s AND "django_content_type"."model" = %(1)s) LIMIT 21
params: ('auth', 'group')
[2026-02-25 17:59:45,866] DEBUG djongo.sql2mongo.query Find query: {'filter': {'$and': [{'app_label': {'$eq': 'auth'}}, {'model': {'$eq': 'group'}}]}, 'projection': ['id', 'app_label', 'model'], 'limit': 21}
[2026-02-25 17:59:45,867] DEBUG djongo.sql2mongo.query Result: (213, 'auth', 'group')
[2026-02-25 17:59:45,867] DEBUG djongo.sql2mongo.query sql_command: SELECT "django_content_type"."id", "django_content_type"."app_label", "django_content_type"."model" FROM "django_content_type" WHERE ("django_content_type"."app_label" = %(0)s AND "django_content_type"."model" = %(1)s) LIMIT 21
params: ('auth', 'user')
[2026-02-25 17:59:45,868] DEBUG djongo.sql2mongo.query Find query: {'filter': {'$and': [{'app_label': {'$eq': 'auth'}}, {'model': {'$eq': 'user'}}]}, 'projection': ['id', 'app_label', 'model'], 'limit': 21}
[2026-02-25 17:59:45,868] DEBUG djongo.sql2mongo.query Result: (214, 'auth', 'user')
[2026-02-25 17:59:45,869] DEBUG djongo.sql2mongo.query sql_command: SELECT "auth_permission"."content_type_id", "auth_permission"."codename" FROM "auth_permission" INNER JOIN "django_content_type" ON ("auth_permission"."content_type_id" = "django_content_type"."id") WHERE "auth_permission"."content_type_id" IN (%(0)s, %(1)s, %(2)s) ORDER BY "django_content_type"."app_label" ASC, "django_content_type"."model" ASC, "auth_permission"."codename" ASC
params: (212, 213, 214)
[2026-02-25 17:59:45,871] DEBUG djongo.sql2mongo.query Aggregation query: [{'$match': {'content_type_id': {'$ne': None, '$exists': True}}}, {'$lookup': {'from': 'django_content_type', 'localField': 'content_type_id', 'foreignField': 'id', 'as': 'django_content_type'}}, {'$unwind': '$django_content_type'}, {'$match': {'content_type_id': {'$in': [212, 213, 214]}}}, {'$sort': OrderedDict({'django_content_type.app_label': 1, 'django_content_type.model': 1, 'codename': 1})}, {'$project': {'content_type_id': True, 'codename': True}}]
[2026-02-25 17:59:45,872] DEBUG djongo.sql2mongo.query sql_command: INSERT INTO "auth_permission" ("name", "content_type_id", "codename") VALUES (%(0)s, %(1)s, %(2)s) VALUES (%(3)s, %(4)s, %(5)s) VALUES (%(6)s, %(7)s, %(8)s) VALUES (%(9)s, %(10)s, %(11)s) VALUES (%(12)s, %(13)s, %(14)s) VALUES (%(15)s, %(16)s, %(17)s) VALUES (%(18)s, %(19)s, %(20)s) VALUES (%(21)s, %(22)s, %(23)s) VALUES (%(24)s, %(25)s, %(26)s) VALUES (%(27)s, %(28)s, %(29)s) VALUES (%(30)s, %(31)s, %(32)s) VALUES (%(33)s, %(34)s, %(35)s)
params: ('Can add permission', 212, 'add_permission', 'Can change permission', 212, 'change_permission', 'Can delete permission', 212, 'delete_permission', 'Can view permission', 212, 'view_permission', 'Can add group', 213, 'add_group', 'Can change group', 213, 'change_group', 'Can delete group', 213, 'delete_group', 'Can view group', 213, 'view_group', 'Can add user', 214, 'add_user', 'Can change user', 214, 'change_user', 'Can delete user', 214, 'delete_user', 'Can view user', 214, 'view_user')
[2026-02-25 17:59:45,875] DEBUG djongo.sql2mongo.query inserted ids [ObjectId('699f7ee1421deff2f70edb49'), ObjectId('699f7ee1421deff2f70edb4a'), ObjectId('699f7ee1421deff2f70edb4b'), ObjectId('699f7ee1421deff2f70edb4c'), ObjectId('699f7ee1421deff2f70edb4d'), ObjectId('699f7ee1421deff2f70edb4e'), ObjectId('699f7ee1421deff2f70edb4f'), ObjectId('699f7ee1421deff2f70edb50'), ObjectId('699f7ee1421deff2f70edb51'), ObjectId('699f7ee1421deff2f70edb52'), ObjectId('699f7ee1421deff2f70edb53'), ObjectId('699f7ee1421deff2f70edb54')]
[2026-02-25 17:59:45,875] DEBUG djongo.sql2mongo.query sql_command: SELECT "django_content_type"."id", "django_content_type"."app_label", "django_content_type"."model" FROM "django_content_type" WHERE "django_content_type"."app_label" = %(0)s
params: ('auth',)
[2026-02-25 17:59:45,875] DEBUG djongo.sql2mongo.query Find query: {'filter': {'app_label': {'$eq': 'auth'}}, 'projection': ['id', 'app_label', 'model']}
[2026-02-25 17:59:45,876] DEBUG djongo.sql2mongo.query Result: (213, 'auth', 'group')
[2026-02-25 17:59:45,876] DEBUG djongo.sql2mongo.query Result: (212, 'auth', 'permission')
[2026-02-25 17:59:45,876] DEBUG djongo.sql2mongo.query Result: (214, 'auth', 'user')
[2026-02-25 17:59:45,876] DEBUG djongo.sql2mongo.query sql_command: SELECT "django_content_type"."id", "django_content_type"."app_label", "django_content_type"."model" FROM "django_content_type" WHERE "django_content_type"."app_label" = %(0)s
params: ('contenttypes',)
[2026-02-25 17:59:45,877] DEBUG djongo.sql2mongo.query Find query: {'filter': {'app_label': {'$eq': 'contenttypes'}}, 'projection': ['id', 'app_label', 'model']}
[2026-02-25 17:59:45,877] DEBUG djongo.sql2mongo.query sql_command: INSERT INTO "django_content_type" ("app_label", "model") VALUES (%(0)s, %(1)s)
params: ('contenttypes', 'contenttype')
[2026-02-25 17:59:45,879] DEBUG djongo.sql2mongo.query inserted ids [ObjectId('699f7ee1421deff2f70edb55')]
[2026-02-25 17:59:45,879] DEBUG djongo.sql2mongo.query sql_command: SELECT "django_content_type"."id", "django_content_type"."app_label", "django_content_type"."model" FROM "django_content_type" WHERE ("django_content_type"."app_label" = %(0)s AND "django_content_type"."model" = %(1)s) LIMIT 21
params: ('contenttypes', 'contenttype')
[2026-02-25 17:59:45,880] DEBUG djongo.sql2mongo.query Find query: {'filter': {'$and': [{'app_label': {'$eq': 'contenttypes'}}, {'model': {'$eq': 'contenttype'}}]}, 'projection': ['id', 'app_label', 'model'], 'limit': 21}
[2026-02-25 17:59:45,880] DEBUG djongo.sql2mongo.query Result: (215, 'contenttypes', 'contenttype')
[2026-02-25 17:59:45,880] DEBUG djongo.sql2mongo.query sql_command: SELECT "auth_permission"."content_type_id", "auth_permission"."codename" FROM "auth_permission" INNER JOIN "django_content_type" ON ("auth_permission"."content_type_id" = "django_content_type"."id") WHERE "auth_permission"."content_type_id" IN (%(0)s) ORDER BY "django_content_type"."app_label" ASC, "django_content_type"."model" ASC, "auth_permission"."codename" ASC
params: (215,)
[2026-02-25 17:59:45,883] DEBUG djongo.sql2mongo.query Aggregation query: [{'$match': {'content_type_id': {'$ne': None, '$exists': True}}}, {'$lookup': {'from': 'django_content_type', 'localField': 'content_type_id', 'foreignField': 'id', 'as': 'django_content_type'}}, {'$unwind': '$django_content_type'}, {'$match': {'content_type_id': {'$in': [215]}}}, {'$sort': OrderedDict({'django_content_type.app_label': 1, 'django_content_type.model': 1, 'codename': 1})}, {'$project': {'content_type_id': True, 'codename': True}}]
[2026-02-25 17:59:45,883] DEBUG djongo.sql2mongo.query sql_command: INSERT INTO "auth_permission" ("name", "content_type_id", "codename") VALUES (%(0)s, %(1)s, %(2)s) VALUES (%(3)s, %(4)s, %(5)s) VALUES (%(6)s, %(7)s, %(8)s) VALUES (%(9)s, %(10)s, %(11)s)
params: ('Can add content type', 215, 'add_contenttype', 'Can change content type', 215, 'change_contenttype', 'Can delete content type', 215, 'delete_contenttype', 'Can view content type', 215, 'view_contenttype')
[2026-02-25 17:59:45,885] DEBUG djongo.sql2mongo.query inserted ids [ObjectId('699f7ee1421deff2f70edb56'), ObjectId('699f7ee1421deff2f70edb57'), ObjectId('699f7ee1421deff2f70edb58'), ObjectId('699f7ee1421deff2f70edb59')]
[2026-02-25 17:59:45,885] DEBUG djongo.sql2mongo.query sql_command: SELECT "django_content_type"."id", "django_content_type"."app_label", "django_content_type"."model" FROM "django_content_type" WHERE "django_content_type"."app_label" = %(0)s
params: ('contenttypes',)
[2026-02-25 17:59:45,885] DEBUG djongo.sql2mongo.query Find query: {'filter': {'app_label': {'$eq': 'contenttypes'}}, 'projection': ['id', 'app_label', 'model']}
[2026-02-25 17:59:45,886] DEBUG djongo.sql2mongo.query Result: (215, 'contenttypes', 'contenttype')
[2026-02-25 17:59:45,886] DEBUG djongo.sql2mongo.query sql_command: SELECT "django_content_type"."id", "django_content_type"."app_label", "django_content_type"."model" FROM "django_content_type" WHERE "django_content_type"."app_label" = %(0)s
params: ('sessions',)
[2026-02-25 17:59:45,886] DEBUG djongo.sql2mongo.query Find query: {'filter': {'app_label': {'$eq': 'sessions'}}, 'projection': ['id', 'app_label', 'model']}
[2026-02-25 17:59:45,887] DEBUG djongo.sql2mongo.query sql_command: INSERT INTO "django_content_type" ("app_label", "model") VALUES (%(0)s, %(1)s)
params: ('sessions', 'session')
[2026-02-25 17:59:45,888] DEBUG djongo.sql2mongo.query inserted ids [ObjectId('699f7ee1421deff2f70edb5a')]
[2026-02-25 17:59:45,888] DEBUG djongo.sql2mongo.query sql_command: SELECT "django_content_type"."id", "django_content_type"."app_label", "django_content_type"."model" FROM "django_content_type" WHERE ("django_content_type"."app_label" = %(0)s AND "django_content_type"."model" = %(1)s) LIMIT 21
params: ('sessions', 'session')
[2026-02-25 17:59:45,889] DEBUG djongo.sql2mongo.query Find query: {'filter': {'$and': [{'app_label': {'$eq': 'sessions'}}, {'model': {'$eq': 'session'}}]}, 'projection': ['id', 'app_label', 'model'], 'limit': 21}
[2026-02-25 17:59:45,889] DEBUG djongo.sql2mongo.query Result: (216, 'sessions', 'session')
[2026-02-25 17:59:45,890] DEBUG djongo.sql2mongo.query sql_command: SELECT "auth_permission"."content_type_id", "auth_permission"."codename" FROM "auth_permission" INNER JOIN "django_content_type" ON ("auth_permission"."content_type_id" = "django_content_type"."id") WHERE "auth_permission"."content_type_id" IN (%(0)s) ORDER BY "django_content_type"."app_label" ASC, "django_content_type"."model" ASC, "auth_permission"."codename" ASC
params: (216,)
[2026-02-25 17:59:45,891] DEBUG djongo.sql2mongo.query Aggregation query: [{'$match': {'content_type_id': {'$ne': None, '$exists': True}}}, {'$lookup': {'from': 'django_content_type', 'localField': 'content_type_id', 'foreignField': 'id', 'as': 'django_content_type'}}, {'$unwind': '$django_content_type'}, {'$match': {'content_type_id': {'$in': [216]}}}, {'$sort': OrderedDict({'django_content_type.app_label': 1, 'django_content_type.model': 1, 'codename': 1})}, {'$project': {'content_type_id': True, 'codename': True}}]
[2026-02-25 17:59:45,891] DEBUG djongo.sql2mongo.query sql_command: INSERT INTO "auth_permission" ("name", "content_type_id", "codename") VALUES (%(0)s, %(1)s, %(2)s) VALUES (%(3)s, %(4)s, %(5)s) VALUES (%(6)s, %(7)s, %(8)s) VALUES (%(9)s, %(10)s, %(11)s)
params: ('Can add session', 216, 'add_session', 'Can change session', 216, 'change_session', 'Can delete session', 216, 'delete_session', 'Can view session', 216, 'view_session')
[2026-02-25 17:59:45,893] DEBUG djongo.sql2mongo.query inserted ids [ObjectId('699f7ee1421deff2f70edb5b'), ObjectId('699f7ee1421deff2f70edb5c'), ObjectId('699f7ee1421deff2f70edb5d'), ObjectId('699f7ee1421deff2f70edb5e')]
[2026-02-25 17:59:45,894] DEBUG djongo.sql2mongo.query sql_command: SELECT "django_content_type"."id", "django_content_type"."app_label", "django_content_type"."model" FROM "django_content_type" WHERE "django_content_type"."app_label" = %(0)s
params: ('sessions',)
[2026-02-25 17:59:45,894] DEBUG djongo.sql2mongo.query Find query: {'filter': {'app_label': {'$eq': 'sessions'}}, 'projection': ['id', 'app_label', 'model']}
[2026-02-25 17:59:45,895] DEBUG djongo.sql2mongo.query Result: (216, 'sessions', 'session')
[2026-02-25 17:59:45,895] DEBUG djongo.sql2mongo.query sql_command: SELECT "django_content_type"."id", "django_content_type"."app_label", "django_content_type"."model" FROM "django_content_type" WHERE "django_content_type"."app_label" = %(0)s
params: ('webhooks',)
[2026-02-25 17:59:45,895] DEBUG djongo.sql2mongo.query Find query: {'filter': {'app_label': {'$eq': 'webhooks'}}, 'projection': ['id', 'app_label', 'model']}
[2026-02-25 17:59:45,896] DEBUG djongo.sql2mongo.query sql_command: INSERT INTO "django_content_type" ("app_label", "model") VALUES (%(0)s, %(1)s)
params: ('webhooks', 'webhookevent')
[2026-02-25 17:59:45,897] DEBUG djongo.sql2mongo.query inserted ids [ObjectId('699f7ee1421deff2f70edb5f')]
[2026-02-25 17:59:45,897] DEBUG djongo.sql2mongo.query sql_command: SELECT "django_content_type"."id", "django_content_type"."app_label", "django_content_type"."model" FROM "django_content_type" WHERE ("django_content_type"."app_label" = %(0)s AND "django_content_type"."model" = %(1)s) LIMIT 21
params: ('webhooks', 'webhookevent')
[2026-02-25 17:59:45,898] DEBUG djongo.sql2mongo.query Find query: {'filter': {'$and': [{'app_label': {'$eq': 'webhooks'}}, {'model': {'$eq': 'webhookevent'}}]}, 'projection': ['id', 'app_label', 'model'], 'limit': 21}
[2026-02-25 17:59:45,899] DEBUG djongo.sql2mongo.query Result: (217, 'webhooks', 'webhookevent')
[2026-02-25 17:59:45,899] DEBUG djongo.sql2mongo.query sql_command: SELECT "auth_permission"."content_type_id", "auth_permission"."codename" FROM "auth_permission" INNER JOIN "django_content_type" ON ("auth_permission"."content_type_id" = "django_content_type"."id") WHERE "auth_permission"."content_type_id" IN (%(0)s) ORDER BY "django_content_type"."app_label" ASC, "django_content_type"."model" ASC, "auth_permission"."codename" ASC
params: (217,)
[2026-02-25 17:59:45,902] DEBUG djongo.sql2mongo.query Aggregation query: [{'$match': {'content_type_id': {'$ne': None, '$exists': True}}}, {'$lookup': {'from': 'django_content_type', 'localField': 'content_type_id', 'foreignField': 'id', 'as': 'django_content_type'}}, {'$unwind': '$django_content_type'}, {'$match': {'content_type_id': {'$in': [217]}}}, {'$sort': OrderedDict({'django_content_type.app_label': 1, 'django_content_type.model': 1, 'codename': 1})}, {'$project': {'content_type_id': True, 'codename': True}}]
[2026-02-25 17:59:45,902] DEBUG djongo.sql2mongo.query sql_command: INSERT INTO "auth_permission" ("name", "content_type_id", "codename") VALUES (%(0)s, %(1)s, %(2)s) VALUES (%(3)s, %(4)s, %(5)s) VALUES (%(6)s, %(7)s, %(8)s) VALUES (%(9)s, %(10)s, %(11)s)
params: ('Can add Webhook Event', 217, 'add_webhookevent', 'Can change Webhook Event', 217, 'change_webhookevent', 'Can delete Webhook Event', 217, 'delete_webhookevent', 'Can view Webhook Event', 217, 'view_webhookevent')
[2026-02-25 17:59:45,904] DEBUG djongo.sql2mongo.query inserted ids [ObjectId('699f7ee1421deff2f70edb60'), ObjectId('699f7ee1421deff2f70edb61'), ObjectId('699f7ee1421deff2f70edb62'), ObjectId('699f7ee1421deff2f70edb63')]
[2026-02-25 17:59:45,904] DEBUG djongo.sql2mongo.query sql_command: SELECT "django_content_type"."id", "django_content_type"."app_label", "django_content_type"."model" FROM "django_content_type" WHERE "django_content_type"."app_label" = %(0)s
params: ('webhooks',)
[2026-02-25 17:59:45,905] DEBUG djongo.sql2mongo.query Find query: {'filter': {'app_label': {'$eq': 'webhooks'}}, 'projection': ['id', 'app_label', 'model']}
[2026-02-25 17:59:45,906] DEBUG djongo.sql2mongo.query Result: (217, 'webhooks', 'webhookevent')
[2026-02-25 17:59:45,906] DEBUG djongo.sql2mongo.query sql_command: SELECT "django_content_type"."id", "django_content_type"."app_label", "django_content_type"."model" FROM "django_content_type" WHERE "django_content_type"."app_label" = %(0)s
params: ('broker_connector',)
[2026-02-25 17:59:45,906] DEBUG djongo.sql2mongo.query Find query: {'filter': {'app_label': {'$eq': 'broker_connector'}}, 'projection': ['id', 'app_label', 'model']}
[2026-02-25 17:59:45,907] DEBUG djongo.sql2mongo.query sql_command: INSERT INTO "django_content_type" ("app_label", "model") VALUES (%(0)s, %(1)s)
params: ('broker_connector', 'brokeraccount')
[2026-02-25 17:59:45,909] DEBUG djongo.sql2mongo.query inserted ids [ObjectId('699f7ee1421deff2f70edb64')]
[2026-02-25 17:59:45,909] DEBUG djongo.sql2mongo.query sql_command: SELECT "django_content_type"."id", "django_content_type"."app_label", "django_content_type"."model" FROM "django_content_type" WHERE ("django_content_type"."app_label" = %(0)s AND "django_content_type"."model" = %(1)s) LIMIT 21
params: ('broker_connector', 'brokeraccount')
[2026-02-25 17:59:45,909] DEBUG djongo.sql2mongo.query Find query: {'filter': {'$and': [{'app_label': {'$eq': 'broker_connector'}}, {'model': {'$eq': 'brokeraccount'}}]}, 'projection': ['id', 'app_label', 'model'], 'limit': 21}
[2026-02-25 17:59:45,910] DEBUG djongo.sql2mongo.query Result: (218, 'broker_connector', 'brokeraccount')
[2026-02-25 17:59:45,911] DEBUG djongo.sql2mongo.query sql_command: SELECT "auth_permission"."content_type_id", "auth_permission"."codename" FROM "auth_permission" INNER JOIN "django_content_type" ON ("auth_permission"."content_type_id" = "django_content_type"."id") WHERE "auth_permission"."content_type_id" IN (%(0)s) ORDER BY "django_content_type"."app_label" ASC, "django_content_type"."model" ASC, "auth_permission"."codename" ASC
params: (218,)
[2026-02-25 17:59:45,913] DEBUG djongo.sql2mongo.query Aggregation query: [{'$match': {'content_type_id': {'$ne': None, '$exists': True}}}, {'$lookup': {'from': 'django_content_type', 'localField': 'content_type_id', 'foreignField': 'id', 'as': 'django_content_type'}}, {'$unwind': '$django_content_type'}, {'$match': {'content_type_id': {'$in': [218]}}}, {'$sort': OrderedDict({'django_content_type.app_label': 1, 'django_content_type.model': 1, 'codename': 1})}, {'$project': {'content_type_id': True, 'codename': True}}]
[2026-02-25 17:59:45,913] DEBUG djongo.sql2mongo.query sql_command: INSERT INTO "auth_permission" ("name", "content_type_id", "codename") VALUES (%(0)s, %(1)s, %(2)s) VALUES (%(3)s, %(4)s, %(5)s) VALUES (%(6)s, %(7)s, %(8)s) VALUES (%(9)s, %(10)s, %(11)s)
params: ('Can add Broker Account', 218, 'add_brokeraccount', 'Can change Broker Account', 218, 'change_brokeraccount', 'Can delete Broker Account', 218, 'delete_brokeraccount', 'Can view Broker Account', 218, 'view_brokeraccount')
[2026-02-25 17:59:45,915] DEBUG djongo.sql2mongo.query inserted ids [ObjectId('699f7ee1421deff2f70edb65'), ObjectId('699f7ee1421deff2f70edb66'), ObjectId('699f7ee1421deff2f70edb67'), ObjectId('699f7ee1421deff2f70edb68')]
[2026-02-25 17:59:45,915] DEBUG djongo.sql2mongo.query sql_command: SELECT "django_content_type"."id", "django_content_type"."app_label", "django_content_type"."model" FROM "django_content_type" WHERE "django_content_type"."app_label" = %(0)s
params: ('broker_connector',)
[2026-02-25 17:59:45,916] DEBUG djongo.sql2mongo.query Find query: {'filter': {'app_label': {'$eq': 'broker_connector'}}, 'projection': ['id', 'app_label', 'model']}
[2026-02-25 17:59:45,916] DEBUG djongo.sql2mongo.query Result: (218, 'broker_connector', 'brokeraccount')
[2026-02-25 17:59:45,916] DEBUG djongo.sql2mongo.query sql_command: SELECT "django_content_type"."id", "django_content_type"."app_label", "django_content_type"."model" FROM "django_content_type" WHERE "django_content_type"."app_label" = %(0)s
params: ('execution_engine',)
[2026-02-25 17:59:45,917] DEBUG djongo.sql2mongo.query Find query: {'filter': {'app_label': {'$eq': 'execution_engine'}}, 'projection': ['id', 'app_label', 'model']}
[2026-02-25 17:59:45,918] DEBUG djongo.sql2mongo.query sql_command: INSERT INTO "django_content_type" ("app_label", "model") VALUES (%(0)s, %(1)s)
params: ('execution_engine', 'trade')
[2026-02-25 17:59:45,919] DEBUG djongo.sql2mongo.query inserted ids [ObjectId('699f7ee1421deff2f70edb69')]
[2026-02-25 17:59:45,919] DEBUG djongo.sql2mongo.query sql_command: SELECT "django_content_type"."id", "django_content_type"."app_label", "django_content_type"."model" FROM "django_content_type" WHERE ("django_content_type"."app_label" = %(0)s AND "django_content_type"."model" = %(1)s) LIMIT 21
params: ('execution_engine', 'trade')
[2026-02-25 17:59:45,920] DEBUG djongo.sql2mongo.query Find query: {'filter': {'$and': [{'app_label': {'$eq': 'execution_engine'}}, {'model': {'$eq': 'trade'}}]}, 'projection': ['id', 'app_label', 'model'], 'limit': 21}
[2026-02-25 17:59:45,921] DEBUG djongo.sql2mongo.query Result: (219, 'execution_engine', 'trade')
[2026-02-25 17:59:45,921] DEBUG djongo.sql2mongo.query sql_command: SELECT "auth_permission"."content_type_id", "auth_permission"."codename" FROM "auth_permission" INNER JOIN "django_content_type" ON ("auth_permission"."content_type_id" = "django_content_type"."id") WHERE "auth_permission"."content_type_id" IN (%(0)s) ORDER BY "django_content_type"."app_label" ASC, "django_content_type"."model" ASC, "auth_permission"."codename" ASC
params: (219,)
[2026-02-25 17:59:45,923] DEBUG djongo.sql2mongo.query Aggregation query: [{'$match': {'content_type_id': {'$ne': None, '$exists': True}}}, {'$lookup': {'from': 'django_content_type', 'localField': 'content_type_id', 'foreignField': 'id', 'as': 'django_content_type'}}, {'$unwind': '$django_content_type'}, {'$match': {'content_type_id': {'$in': [219]}}}, {'$sort': OrderedDict({'django_content_type.app_label': 1, 'django_content_type.model': 1, 'codename': 1})}, {'$project': {'content_type_id': True, 'codename': True}}]
[2026-02-25 17:59:45,924] DEBUG djongo.sql2mongo.query sql_command: INSERT INTO "auth_permission" ("name", "content_type_id", "codename") VALUES (%(0)s, %(1)s, %(2)s) VALUES (%(3)s, %(4)s, %(5)s) VALUES (%(6)s, %(7)s, %(8)s) VALUES (%(9)s, %(10)s, %(11)s)
params: ('Can add Trade', 219, 'add_trade', 'Can change Trade', 219, 'change_trade', 'Can delete Trade', 219, 'delete_trade', 'Can view Trade', 219, 'view_trade')
[2026-02-25 17:59:45,926] DEBUG djongo.sql2mongo.query inserted ids [ObjectId('699f7ee1421deff2f70edb6a'), ObjectId('699f7ee1421deff2f70edb6b'), ObjectId('699f7ee1421deff2f70edb6c'), ObjectId('699f7ee1421deff2f70edb6d')]
[2026-02-25 17:59:45,926] DEBUG djongo.sql2mongo.query sql_command: SELECT "django_content_type"."id", "django_content_type"."app_label", "django_content_type"."model" FROM "django_content_type" WHERE "django_content_type"."app_label" = %(0)s
params: ('execution_engine',)
[2026-02-25 17:59:45,926] DEBUG djongo.sql2mongo.query Find query: {'filter': {'app_label': {'$eq': 'execution_engine'}}, 'projection': ['id', 'app_label', 'model']}
[2026-02-25 17:59:45,927] DEBUG djongo.sql2mongo.query Result: (219, 'execution_engine', 'trade')
[2026-02-25 17:59:45,927] DEBUG djongo.sql2mongo.query sql_command: SELECT "django_content_type"."id", "django_content_type"."app_label", "django_content_type"."model" FROM "django_content_type" WHERE "django_content_type"."app_label" = %(0)s
params: ('risk_management',)
[2026-02-25 17:59:45,928] DEBUG djongo.sql2mongo.query Find query: {'filter': {'app_label': {'$eq': 'risk_management'}}, 'projection': ['id', 'app_label', 'model']}
[2026-02-25 17:59:45,929] DEBUG djongo.sql2mongo.query sql_command: INSERT INTO "django_content_type" ("app_label", "model") VALUES (%(0)s, %(1)s) VALUES (%(2)s, %(3)s)
params: ('risk_management', 'riskconfig', 'risk_management', 'propfirmaccount')
[2026-02-25 17:59:45,930] DEBUG djongo.sql2mongo.query inserted ids [ObjectId('699f7ee1421deff2f70edb6e'), ObjectId('699f7ee1421deff2f70edb6f')]
[2026-02-25 17:59:45,930] DEBUG djongo.sql2mongo.query sql_command: SELECT "django_content_type"."id", "django_content_type"."app_label", "django_content_type"."model" FROM "django_content_type" WHERE ("django_content_type"."app_label" = %(0)s AND "django_content_type"."model" = %(1)s) LIMIT 21
params: ('risk_management', 'riskconfig')
[2026-02-25 17:59:45,931] DEBUG djongo.sql2mongo.query Find query: {'filter': {'$and': [{'app_label': {'$eq': 'risk_management'}}, {'model': {'$eq': 'riskconfig'}}]}, 'projection': ['id', 'app_label', 'model'], 'limit': 21}
[2026-02-25 17:59:45,932] DEBUG djongo.sql2mongo.query Result: (220, 'risk_management', 'riskconfig')
[2026-02-25 17:59:45,932] DEBUG djongo.sql2mongo.query sql_command: SELECT "django_content_type"."id", "django_content_type"."app_label", "django_content_type"."model" FROM "django_content_type" WHERE ("django_content_type"."app_label" = %(0)s AND "django_content_type"."model" = %(1)s) LIMIT 21
params: ('risk_management', 'propfirmaccount')
[2026-02-25 17:59:45,933] DEBUG djongo.sql2mongo.query Find query: {'filter': {'$and': [{'app_label': {'$eq': 'risk_management'}}, {'model': {'$eq': 'propfirmaccount'}}]}, 'projection': ['id', 'app_label', 'model'], 'limit': 21}
[2026-02-25 17:59:45,934] DEBUG djongo.sql2mongo.query Result: (221, 'risk_management', 'propfirmaccount')
[2026-02-25 17:59:45,934] DEBUG djongo.sql2mongo.query sql_command: SELECT "auth_permission"."content_type_id", "auth_permission"."codename" FROM "auth_permission" INNER JOIN "django_content_type" ON ("auth_permission"."content_type_id" = "django_content_type"."id") WHERE "auth_permission"."content_type_id" IN (%(0)s, %(1)s) ORDER BY "django_content_type"."app_label" ASC, "django_content_type"."model" ASC, "auth_permission"."codename" ASC
params: (220, 221)
[2026-02-25 17:59:45,937] DEBUG djongo.sql2mongo.query Aggregation query: [{'$match': {'content_type_id': {'$ne': None, '$exists': True}}}, {'$lookup': {'from': 'django_content_type', 'localField': 'content_type_id', 'foreignField': 'id', 'as': 'django_content_type'}}, {'$unwind': '$django_content_type'}, {'$match': {'content_type_id': {'$in': [220, 221]}}}, {'$sort': OrderedDict({'django_content_type.app_label': 1, 'django_content_type.model': 1, 'codename': 1})}, {'$project': {'content_type_id': True, 'codename': True}}]
[2026-02-25 17:59:45,937] DEBUG djongo.sql2mongo.query sql_command: INSERT INTO "auth_permission" ("name", "content_type_id", "codename") VALUES (%(0)s, %(1)s, %(2)s) VALUES (%(3)s, %(4)s, %(5)s) VALUES (%(6)s, %(7)s, %(8)s) VALUES (%(9)s, %(10)s, %(11)s) VALUES (%(12)s, %(13)s, %(14)s) VALUES (%(15)s, %(16)s, %(17)s) VALUES (%(18)s, %(19)s, %(20)s) VALUES (%(21)s, %(22)s, %(23)s)
params: ('Can add Risk Configuration', 220, 'add_riskconfig', 'Can change Risk Configuration', 220, 'change_riskconfig', 'Can delete Risk Configuration', 220, 'delete_riskconfig', 'Can view Risk Configuration', 220, 'view_riskconfig', 'Can add Prop Firm Account', 221, 'add_propfirmaccount', 'Can change Prop Firm Account', 221, 'change_propfirmaccount', 'Can delete Prop Firm Account', 221, 'delete_propfirmaccount', 'Can view Prop Firm Account', 221, 'view_propfirmaccount')
[2026-02-25 17:59:45,939] DEBUG djongo.sql2mongo.query inserted ids [ObjectId('699f7ee1421deff2f70edb70'), ObjectId('699f7ee1421deff2f70edb71'), ObjectId('699f7ee1421deff2f70edb72'), ObjectId('699f7ee1421deff2f70edb73'), ObjectId('699f7ee1421deff2f70edb74'), ObjectId('699f7ee1421deff2f70edb75'), ObjectId('699f7ee1421deff2f70edb76'), ObjectId('699f7ee1421deff2f70edb77')]
[2026-02-25 17:59:45,939] DEBUG djongo.sql2mongo.query sql_command: SELECT "django_content_type"."id", "django_content_type"."app_label", "django_content_type"."model" FROM "django_content_type" WHERE "django_content_type"."app_label" = %(0)s
params: ('risk_management',)
[2026-02-25 17:59:45,940] DEBUG djongo.sql2mongo.query Find query: {'filter': {'app_label': {'$eq': 'risk_management'}}, 'projection': ['id', 'app_label', 'model']}
[2026-02-25 17:59:45,940] DEBUG djongo.sql2mongo.query Result: (221, 'risk_management', 'propfirmaccount')
[2026-02-25 17:59:45,940] DEBUG djongo.sql2mongo.query Result: (220, 'risk_management', 'riskconfig')
[2026-02-25 17:59:45,941] DEBUG djongo.sql2mongo.query sql_command: SELECT "django_content_type"."id", "django_content_type"."app_label", "django_content_type"."model" FROM "django_content_type" WHERE "django_content_type"."app_label" = %(0)s
params: ('market_data',)
[2026-02-25 17:59:45,941] DEBUG djongo.sql2mongo.query Find query: {'filter': {'app_label': {'$eq': 'market_data'}}, 'projection': ['id', 'app_label', 'model']}
[2026-02-25 17:59:45,942] DEBUG djongo.sql2mongo.query sql_command: INSERT INTO "django_content_type" ("app_label", "model") VALUES (%(0)s, %(1)s)
params: ('market_data', 'ohlcvbar')
[2026-02-25 17:59:45,944] DEBUG djongo.sql2mongo.query inserted ids [ObjectId('699f7ee1421deff2f70edb78')]
[2026-02-25 17:59:45,944] DEBUG djongo.sql2mongo.query sql_command: SELECT "django_content_type"."id", "django_content_type"."app_label", "django_content_type"."model" FROM "django_content_type" WHERE ("django_content_type"."app_label" = %(0)s AND "django_content_type"."model" = %(1)s) LIMIT 21
params: ('market_data', 'ohlcvbar')
[2026-02-25 17:59:45,944] DEBUG djongo.sql2mongo.query Find query: {'filter': {'$and': [{'app_label': {'$eq': 'market_data'}}, {'model': {'$eq': 'ohlcvbar'}}]}, 'projection': ['id', 'app_label', 'model'], 'limit': 21}
[2026-02-25 17:59:45,945] DEBUG djongo.sql2mongo.query Result: (222, 'market_data', 'ohlcvbar')
[2026-02-25 17:59:45,945] DEBUG djongo.sql2mongo.query sql_command: SELECT "auth_permission"."content_type_id", "auth_permission"."codename" FROM "auth_permission" INNER JOIN "django_content_type" ON ("auth_permission"."content_type_id" = "django_content_type"."id") WHERE "auth_permission"."content_type_id" IN (%(0)s) ORDER BY "django_content_type"."app_label" ASC, "django_content_type"."model" ASC, "auth_permission"."codename" ASC
params: (222,)
[2026-02-25 17:59:45,947] DEBUG djongo.sql2mongo.query Aggregation query: [{'$match': {'content_type_id': {'$ne': None, '$exists': True}}}, {'$lookup': {'from': 'django_content_type', 'localField': 'content_type_id', 'foreignField': 'id', 'as': 'django_content_type'}}, {'$unwind': '$django_content_type'}, {'$match': {'content_type_id': {'$in': [222]}}}, {'$sort': OrderedDict({'django_content_type.app_label': 1, 'django_content_type.model': 1, 'codename': 1})}, {'$project': {'content_type_id': True, 'codename': True}}]
[2026-02-25 17:59:45,947] DEBUG djongo.sql2mongo.query sql_command: INSERT INTO "auth_permission" ("name", "content_type_id", "codename") VALUES (%(0)s, %(1)s, %(2)s) VALUES (%(3)s, %(4)s, %(5)s) VALUES (%(6)s, %(7)s, %(8)s) VALUES (%(9)s, %(10)s, %(11)s)
params: ('Can add OHLCV Bar', 222, 'add_ohlcvbar', 'Can change OHLCV Bar', 222, 'change_ohlcvbar', 'Can delete OHLCV Bar', 222, 'delete_ohlcvbar', 'Can view OHLCV Bar', 222, 'view_ohlcvbar')
[2026-02-25 17:59:45,949] DEBUG djongo.sql2mongo.query inserted ids [ObjectId('699f7ee1421deff2f70edb79'), ObjectId('699f7ee1421deff2f70edb7a'), ObjectId('699f7ee1421deff2f70edb7b'), ObjectId('699f7ee1421deff2f70edb7c')]
[2026-02-25 17:59:45,949] DEBUG djongo.sql2mongo.query sql_command: SELECT "django_content_type"."id", "django_content_type"."app_label", "django_content_type"."model" FROM "django_content_type" WHERE "django_content_type"."app_label" = %(0)s
params: ('market_data',)
[2026-02-25 17:59:45,950] DEBUG djongo.sql2mongo.query Find query: {'filter': {'app_label': {'$eq': 'market_data'}}, 'projection': ['id', 'app_label', 'model']}
[2026-02-25 17:59:45,950] DEBUG djongo.sql2mongo.query Result: (222, 'market_data', 'ohlcvbar')
[2026-02-25 17:59:45,950] DEBUG djongo.sql2mongo.query sql_command: SELECT "django_content_type"."id", "django_content_type"."app_label", "django_content_type"."model" FROM "django_content_type" WHERE "django_content_type"."app_label" = %(0)s
params: ('dashboard',)
[2026-02-25 17:59:45,951] DEBUG djongo.sql2mongo.query Find query: {'filter': {'app_label': {'$eq': 'dashboard'}}, 'projection': ['id', 'app_label', 'model']}
[2026-02-25 17:59:45,951] DEBUG djongo.sql2mongo.query sql_command: INSERT INTO "django_content_type" ("app_label", "model") VALUES (%(0)s, %(1)s) VALUES (%(2)s, %(3)s)
params: ('dashboard', 'strategy', 'dashboard', 'aimodel')
[2026-02-25 17:59:45,953] DEBUG djongo.sql2mongo.query inserted ids [ObjectId('699f7ee1421deff2f70edb7d'), ObjectId('699f7ee1421deff2f70edb7e')]
[2026-02-25 17:59:45,953] DEBUG djongo.sql2mongo.query sql_command: SELECT "django_content_type"."id", "django_content_type"."app_label", "django_content_type"."model" FROM "django_content_type" WHERE ("django_content_type"."app_label" = %(0)s AND "django_content_type"."model" = %(1)s) LIMIT 21
params: ('dashboard', 'strategy')
[2026-02-25 17:59:45,954] DEBUG djongo.sql2mongo.query Find query: {'filter': {'$and': [{'app_label': {'$eq': 'dashboard'}}, {'model': {'$eq': 'strategy'}}]}, 'projection': ['id', 'app_label', 'model'], 'limit': 21}
[2026-02-25 17:59:45,955] DEBUG djongo.sql2mongo.query Result: (223, 'dashboard', 'strategy')
[2026-02-25 17:59:45,955] DEBUG djongo.sql2mongo.query sql_command: SELECT "django_content_type"."id", "django_content_type"."app_label", "django_content_type"."model" FROM "django_content_type" WHERE ("django_content_type"."app_label" = %(0)s AND "django_content_type"."model" = %(1)s) LIMIT 21
params: ('dashboard', 'aimodel')
[2026-02-25 17:59:45,955] DEBUG djongo.sql2mongo.query Find query: {'filter': {'$and': [{'app_label': {'$eq': 'dashboard'}}, {'model': {'$eq': 'aimodel'}}]}, 'projection': ['id', 'app_label', 'model'], 'limit': 21}
[2026-02-25 17:59:45,956] DEBUG djongo.sql2mongo.query Result: (224, 'dashboard', 'aimodel')
[2026-02-25 17:59:45,956] DEBUG djongo.sql2mongo.query sql_command: SELECT "auth_permission"."content_type_id", "auth_permission"."codename" FROM "auth_permission" INNER JOIN "django_content_type" ON ("auth_permission"."content_type_id" = "django_content_type"."id") WHERE "auth_permission"."content_type_id" IN (%(0)s, %(1)s) ORDER BY "django_content_type"."app_label" ASC, "django_content_type"."model" ASC, "auth_permission"."codename" ASC
params: (224, 223)
[2026-02-25 17:59:45,958] DEBUG djongo.sql2mongo.query Aggregation query: [{'$match': {'content_type_id': {'$ne': None, '$exists': True}}}, {'$lookup': {'from': 'django_content_type', 'localField': 'content_type_id', 'foreignField': 'id', 'as': 'django_content_type'}}, {'$unwind': '$django_content_type'}, {'$match': {'content_type_id': {'$in': [224, 223]}}}, {'$sort': OrderedDict({'django_content_type.app_label': 1, 'django_content_type.model': 1, 'codename': 1})}, {'$project': {'content_type_id': True, 'codename': True}}]
[2026-02-25 17:59:45,958] DEBUG djongo.sql2mongo.query sql_command: INSERT INTO "auth_permission" ("name", "content_type_id", "codename") VALUES (%(0)s, %(1)s, %(2)s) VALUES (%(3)s, %(4)s, %(5)s) VALUES (%(6)s, %(7)s, %(8)s) VALUES (%(9)s, %(10)s, %(11)s) VALUES (%(12)s, %(13)s, %(14)s) VALUES (%(15)s, %(16)s, %(17)s) VALUES (%(18)s, %(19)s, %(20)s) VALUES (%(21)s, %(22)s, %(23)s)
params: ('Can add Strategy', 223, 'add_strategy', 'Can change Strategy', 223, 'change_strategy', 'Can delete Strategy', 223, 'delete_strategy', 'Can view Strategy', 223, 'view_strategy', 'Can add AI Model', 224, 'add_aimodel', 'Can change AI Model', 224, 'change_aimodel', 'Can delete AI Model', 224, 'delete_aimodel', 'Can view AI Model', 224, 'view_aimodel')
[2026-02-25 17:59:45,961] DEBUG djongo.sql2mongo.query inserted ids [ObjectId('699f7ee1421deff2f70edb7f'), ObjectId('699f7ee1421deff2f70edb80'), ObjectId('699f7ee1421deff2f70edb81'), ObjectId('699f7ee1421deff2f70edb82'), ObjectId('699f7ee1421deff2f70edb83'), ObjectId('699f7ee1421deff2f70edb84'), ObjectId('699f7ee1421deff2f70edb85'), ObjectId('699f7ee1421deff2f70edb86')]
[2026-02-25 17:59:45,961] DEBUG djongo.sql2mongo.query sql_command: SELECT "django_content_type"."id", "django_content_type"."app_label", "django_content_type"."model" FROM "django_content_type" WHERE "django_content_type"."app_label" = %(0)s
params: ('dashboard',)
[2026-02-25 17:59:45,961] DEBUG djongo.sql2mongo.query Find query: {'filter': {'app_label': {'$eq': 'dashboard'}}, 'projection': ['id', 'app_label', 'model']}
[2026-02-25 17:59:45,962] DEBUG djongo.sql2mongo.query Result: (224, 'dashboard', 'aimodel')
[2026-02-25 17:59:45,962] DEBUG djongo.sql2mongo.query Result: (223, 'dashboard', 'strategy')
[2026-02-25 17:59:45,963] DEBUG djongo.base MongoClient connection closed
[2026-02-25 17:59:45,963] DEBUG djongo.base Existing MongoClient connection closed
[2026-02-25 17:59:45,963] DEBUG djongo.base New Database connection
[2026-02-25 17:59:45,963] DEBUG djongo.sql2mongo.query sql_command: SELECT "risk_management_riskconfig"."id", "risk_management_riskconfig"."name", "risk_management_riskconfig"."is_active", "risk_management_riskconfig"."max_daily_drawdown_pct", "risk_management_riskconfig"."max_total_drawdown_pct", "risk_management_riskconfig"."max_position_size_pct", "risk_management_riskconfig"."max_open_positions", "risk_management_riskconfig"."max_daily_trades", "risk_management_riskconfig"."daily_loss_limit", "risk_management_riskconfig"."kill_switch_active", "risk_management_riskconfig"."organization_id", "risk_management_riskconfig"."created_at", "risk_management_riskconfig"."updated_at" FROM "risk_management_riskconfig" WHERE "risk_management_riskconfig"."name" = %(0)s LIMIT 21
params: ('default',)
[2026-02-25 17:59:45,964] DEBUG djongo.sql2mongo.query Find query: {'filter': {'name': {'$eq': 'default'}}, 'projection': ['id', 'name', 'is_active', 'max_daily_drawdown_pct', 'max_total_drawdown_pct', 'max_position_size_pct', 'max_open_positions', 'max_daily_trades', 'daily_loss_limit', 'kill_switch_active', 'organization_id', 'created_at', 'updated_at'], 'limit': 21}
[2026-02-25 17:59:46,322] DEBUG djongo.sql2mongo.query sql_command: INSERT INTO "risk_management_riskconfig" ("name", "is_active", "max_daily_drawdown_pct", "max_total_drawdown_pct", "max_position_size_pct", "max_open_positions", "max_daily_trades", "daily_loss_limit", "kill_switch_active", "organization_id", "created_at", "updated_at") VALUES (%(0)s, %(1)s, %(2)s, %(3)s, %(4)s, %(5)s, %(6)s, %(7)s, %(8)s, %(9)s, %(10)s, %(11)s)
params: ['default', True, Decimal128('5.00'), Decimal128('10.00'), Decimal128('5.00'), 10, 50, Decimal128('1000.00'), False, None, datetime.datetime(2026, 2, 25, 22, 59, 46, 322205), datetime.datetime(2026, 2, 25, 22, 59, 46, 322221)]
[2026-02-25 17:59:46,326] DEBUG djongo.sql2mongo.query inserted ids [ObjectId('699f7ee2421deff2f70edb87')]
[2026-02-25 17:59:46,326] DEBUG djongo.sql2mongo.query sql_command: INSERT INTO "dashboard_strategy" ("strategy_id", "name", "description", "is_active", "asset_class", "timeframe", "symbols", "account_numbers", "position_size_pct", "max_positions", "stop_loss_pct", "take_profit_pct", "ai_model", "ai_confidence_threshold", "ai_retrain_freq", "custom_params", "organization_id", "created_at", "updated_at") VALUES (%(0)s, %(1)s, %(2)s, %(3)s, %(4)s, %(5)s, %(6)s, %(7)s, %(8)s, %(9)s, %(10)s, %(11)s, %(12)s, %(13)s, %(14)s, %(15)s, %(16)s, %(17)s, %(18)s)
params: ['stg_1772060386326', 'Test Momentum', '', False, 'stocks', '1d', '[]', '', Decimal128('2.00'), 5, Decimal128('2.00'), Decimal128('4.00'), 'none', Decimal128('0.70'), 'weekly', '{}', None, datetime.datetime(2026, 2, 25, 22, 59, 46, 326658), datetime.datetime(2026, 2, 25, 22, 59, 46, 326665)]
[2026-02-25 17:59:46,332] DEBUG djongo.sql2mongo.query inserted ids [ObjectId('699f7ee2421deff2f70edb88')]
[2026-02-25 17:59:46,333] DEBUG djongo.sql2mongo.query sql_command: SELECT "dashboard_strategy"."id", "dashboard_strategy"."strategy_id", "dashboard_strategy"."name", "dashboard_strategy"."description", "dashboard_strategy"."is_active", "dashboard_strategy"."asset_class", "dashboard_strategy"."timeframe", "dashboard_strategy"."symbols", "dashboard_strategy"."account_numbers", "dashboard_strategy"."position_size_pct", "dashboard_strategy"."max_positions", "dashboard_strategy"."stop_loss_pct", "dashboard_strategy"."take_profit_pct", "dashboard_strategy"."ai_model", "dashboard_strategy"."ai_confidence_threshold", "dashboard_strategy"."ai_retrain_freq", "dashboard_strategy"."custom_params", "dashboard_strategy"."organization_id", "dashboard_strategy"."created_at", "dashboard_strategy"."updated_at" FROM "dashboard_strategy" WHERE "dashboard_strategy"."id" = %(0)s LIMIT 21
params: (1,)
[2026-02-25 17:59:46,335] DEBUG djongo.sql2mongo.query Find query: {'filter': {'id': {'$eq': 1}}, 'projection': ['id', 'strategy_id', 'name', 'description', 'is_active', 'asset_class', 'timeframe', 'symbols', 'account_numbers', 'position_size_pct', 'max_positions', 'stop_loss_pct', 'take_profit_pct', 'ai_model', 'ai_confidence_threshold', 'ai_retrain_freq', 'custom_params', 'organization_id', 'created_at', 'updated_at'], 'limit': 21}
[2026-02-25 17:59:46,336] DEBUG djongo.sql2mongo.query Result: (1, 'stg_1772060386326', 'Test Momentum', '', False, 'stocks', '1d', '[]', '', Decimal128('2.00'), 5, Decimal128('2.00'), Decimal128('4.00'), 'none', Decimal128('0.70'), 'weekly', '{}', None, datetime.datetime(2026, 2, 25, 22, 59, 46, 326000), datetime.datetime(2026, 2, 25, 22, 59, 46, 326000))
[2026-02-25 17:59:46,337] DEBUG djongo.sql2mongo.query sql_command: UPDATE "dashboard_strategy" SET "strategy_id" = %(0)s, "name" = %(1)s, "description" = %(2)s, "is_active" = %(3)s, "asset_class" = %(4)s, "timeframe" = %(5)s, "symbols" = %(6)s, "account_numbers" = %(7)s, "position_size_pct" = %(8)s, "max_positions" = %(9)s, "stop_loss_pct" = %(10)s, "take_profit_pct" = %(11)s, "ai_model" = %(12)s, "ai_confidence_threshold" = %(13)s, "ai_retrain_freq" = %(14)s, "custom_params" = %(15)s, "organization_id" = NULL, "created_at" = %(16)s, "updated_at" = %(17)s WHERE "dashboard_strategy"."id" = %(18)s
params: ('stg_1772060386326', 'Test Momentum', '', True, 'stocks', '1d', '[]', '', Decimal128('2.00'), 5, Decimal128('2.00'), Decimal128('4.00'), 'none', Decimal128('0.70'), 'weekly', '{}', datetime.datetime(2026, 2, 25, 22, 59, 46, 326000), datetime.datetime(2026, 2, 25, 22, 59, 46, 336988), 1)
[2026-02-25 17:59:46,340] DEBUG djongo.sql2mongo.query update_many: 1, matched: 1
[2026-02-25 17:59:46,344] INFO apps.dashboard.views Strategy Test Momentum toggled to ACTIVE
[2026-02-25 17:59:46,344] DEBUG djongo.sql2mongo.query sql_command: SELECT "dashboard_strategy"."id", "dashboard_strategy"."strategy_id", "dashboard_strategy"."name", "dashboard_strategy"."description", "dashboard_strategy"."is_active", "dashboard_strategy"."asset_class", "dashboard_strategy"."timeframe", "dashboard_strategy"."symbols", "dashboard_strategy"."account_numbers", "dashboard_strategy"."position_size_pct", "dashboard_strategy"."max_positions", "dashboard_strategy"."stop_loss_pct", "dashboard_strategy"."take_profit_pct", "dashboard_strategy"."ai_model", "dashboard_strategy"."ai_confidence_threshold", "dashboard_strategy"."ai_retrain_freq", "dashboard_strategy"."custom_params", "dashboard_strategy"."organization_id", "dashboard_strategy"."created_at", "dashboard_strategy"."updated_at" FROM "dashboard_strategy" WHERE "dashboard_strategy"."id" = %(0)s LIMIT 21
params: (1,)
[2026-02-25 17:59:46,346] DEBUG djongo.sql2mongo.query Find query: {'filter': {'id': {'$eq': 1}}, 'projection': ['id', 'strategy_id', 'name', 'description', 'is_active', 'asset_class', 'timeframe', 'symbols', 'account_numbers', 'position_size_pct', 'max_positions', 'stop_loss_pct', 'take_profit_pct', 'ai_model', 'ai_confidence_threshold', 'ai_retrain_freq', 'custom_params', 'organization_id', 'created_at', 'updated_at'], 'limit': 21}
[2026-02-25 17:59:46,347] DEBUG djongo.sql2mongo.query Result: (1, 'stg_1772060386326', 'Test Momentum', '', True, 'stocks', '1d', '[]', '', Decimal128('2.00'), 5, Decimal128('2.00'), Decimal128('4.00'), 'none', Decimal128('0.70'), 'weekly', '{}', None, datetime.datetime(2026, 2, 25, 22, 59, 46, 326000), datetime.datetime(2026, 2, 25, 22, 59, 46, 336000))
.[2026-02-25 17:59:46,349] DEBUG djongo.sql2mongo.query sql_command: ALTER TABLE "webhooks_webhookevent" FLUSH
params: None
[2026-02-25 17:59:46,349] DEBUG djongo.sql2mongo.query sql_command: ALTER TABLE "risk_management_propfirmaccount" FLUSH
params: None
[2026-02-25 17:59:46,350] DEBUG djongo.sql2mongo.query sql_command: ALTER TABLE "risk_management_riskconfig" FLUSH
params: None
[2026-02-25 17:59:46,351] DEBUG djongo.sql2mongo.query sql_command: ALTER TABLE "broker_connector_brokeraccount" FLUSH
params: None
[2026-02-25 17:59:46,351] DEBUG djongo.sql2mongo.query sql_command: ALTER TABLE "auth_group" FLUSH
params: None
[2026-02-25 17:59:46,351] DEBUG djongo.sql2mongo.query sql_command: ALTER TABLE "execution_engine_trade" FLUSH
params: None
[2026-02-25 17:59:46,352] DEBUG djongo.sql2mongo.query sql_command: ALTER TABLE "auth_permission" FLUSH
params: None
[2026-02-25 17:59:46,355] DEBUG djongo.sql2mongo.query sql_command: ALTER TABLE "market_data_ohlcvbar" FLUSH
params: None
[2026-02-25 17:59:46,355] DEBUG djongo.sql2mongo.query sql_command: ALTER TABLE "dashboard_aimodel" FLUSH
params: None
[2026-02-25 17:59:46,356] DEBUG djongo.sql2mongo.query sql_command: ALTER TABLE "dashboard_strategy" FLUSH
params: None
[2026-02-25 17:59:46,356] DEBUG djongo.sql2mongo.query sql_command: ALTER TABLE "django_session" FLUSH
params: None
[2026-02-25 17:59:46,357] DEBUG djongo.sql2mongo.query sql_command: ALTER TABLE "auth_group_permissions" FLUSH
params: None
[2026-02-25 17:59:46,357] DEBUG djongo.sql2mongo.query sql_command: ALTER TABLE "auth_user_user_permissions" FLUSH
params: None
[2026-02-25 17:59:46,358] DEBUG djongo.sql2mongo.query sql_command: ALTER TABLE "auth_user" FLUSH
params: None
[2026-02-25 17:59:46,358] DEBUG djongo.sql2mongo.query sql_command: ALTER TABLE "django_content_type" FLUSH
params: None
[2026-02-25 17:59:46,359] DEBUG djongo.sql2mongo.query sql_command: ALTER TABLE "auth_user_groups" FLUSH
params: None
[2026-02-25 17:59:46,360] DEBUG djongo.sql2mongo.query sql_command: ALTER TABLE "django_admin_log" FLUSH
params: None
[2026-02-25 17:59:46,360] DEBUG djongo.sql2mongo.query sql_command: SELECT "django_content_type"."id", "django_content_type"."app_label", "django_content_type"."model" FROM "django_content_type" WHERE "django_content_type"."app_label" = %(0)s
params: ('admin',)
[2026-02-25 17:59:46,361] DEBUG djongo.sql2mongo.query Find query: {'filter': {'app_label': {'$eq': 'admin'}}, 'projection': ['id', 'app_label', 'model']}
[2026-02-25 17:59:46,362] DEBUG djongo.sql2mongo.query sql_command: INSERT INTO "django_content_type" ("app_label", "model") VALUES (%(0)s, %(1)s)
params: ('admin', 'logentry')
[2026-02-25 17:59:46,364] DEBUG djongo.sql2mongo.query inserted ids [ObjectId('699f7ee2421deff2f70edb89')]
[2026-02-25 17:59:46,365] DEBUG djongo.sql2mongo.query sql_command: SELECT "django_content_type"."id", "django_content_type"."app_label", "django_content_type"."model" FROM "django_content_type" WHERE ("django_content_type"."app_label" = %(0)s AND "django_content_type"."model" = %(1)s) LIMIT 21
params: ('admin', 'logentry')
[2026-02-25 17:59:46,365] DEBUG djongo.sql2mongo.query Find query: {'filter': {'$and': [{'app_label': {'$eq': 'admin'}}, {'model': {'$eq': 'logentry'}}]}, 'projection': ['id', 'app_label', 'model'], 'limit': 21}
[2026-02-25 17:59:46,366] DEBUG djongo.sql2mongo.query Result: (225, 'admin', 'logentry')
[2026-02-25 17:59:46,367] DEBUG djongo.sql2mongo.query sql_command: SELECT "auth_permission"."content_type_id", "auth_permission"."codename" FROM "auth_permission" INNER JOIN "django_content_type" ON ("auth_permission"."content_type_id" = "django_content_type"."id") WHERE "auth_permission"."content_type_id" IN (%(0)s) ORDER BY "django_content_type"."app_label" ASC, "django_content_type"."model" ASC, "auth_permission"."codename" ASC
params: (225,)
[2026-02-25 17:59:46,370] DEBUG djongo.sql2mongo.query Aggregation query: [{'$match': {'content_type_id': {'$ne': None, '$exists': True}}}, {'$lookup': {'from': 'django_content_type', 'localField': 'content_type_id', 'foreignField': 'id', 'as': 'django_content_type'}}, {'$unwind': '$django_content_type'}, {'$match': {'content_type_id': {'$in': [225]}}}, {'$sort': OrderedDict({'django_content_type.app_label': 1, 'django_content_type.model': 1, 'codename': 1})}, {'$project': {'content_type_id': True, 'codename': True}}]
[2026-02-25 17:59:46,370] DEBUG djongo.sql2mongo.query sql_command: INSERT INTO "auth_permission" ("name", "content_type_id", "codename") VALUES (%(0)s, %(1)s, %(2)s) VALUES (%(3)s, %(4)s, %(5)s) VALUES (%(6)s, %(7)s, %(8)s) VALUES (%(9)s, %(10)s, %(11)s)
params: ('Can add log entry', 225, 'add_logentry', 'Can change log entry', 225, 'change_logentry', 'Can delete log entry', 225, 'delete_logentry', 'Can view log entry', 225, 'view_logentry')
[2026-02-25 17:59:46,373] DEBUG djongo.sql2mongo.query inserted ids [ObjectId('699f7ee2421deff2f70edb8a'), ObjectId('699f7ee2421deff2f70edb8b'), ObjectId('699f7ee2421deff2f70edb8c'), ObjectId('699f7ee2421deff2f70edb8d')]
[2026-02-25 17:59:46,374] DEBUG djongo.sql2mongo.query sql_command: SELECT "django_content_type"."id", "django_content_type"."app_label", "django_content_type"."model" FROM "django_content_type" WHERE "django_content_type"."app_label" = %(0)s
params: ('admin',)
[2026-02-25 17:59:46,374] DEBUG djongo.sql2mongo.query Find query: {'filter': {'app_label': {'$eq': 'admin'}}, 'projection': ['id', 'app_label', 'model']}
[2026-02-25 17:59:46,375] DEBUG djongo.sql2mongo.query Result: (225, 'admin', 'logentry')
[2026-02-25 17:59:46,375] DEBUG djongo.sql2mongo.query sql_command: SELECT "django_content_type"."id", "django_content_type"."app_label", "django_content_type"."model" FROM "django_content_type" WHERE "django_content_type"."app_label" = %(0)s
params: ('auth',)
[2026-02-25 17:59:46,376] DEBUG djongo.sql2mongo.query Find query: {'filter': {'app_label': {'$eq': 'auth'}}, 'projection': ['id', 'app_label', 'model']}
[2026-02-25 17:59:46,377] DEBUG djongo.sql2mongo.query sql_command: INSERT INTO "django_content_type" ("app_label", "model") VALUES (%(0)s, %(1)s) VALUES (%(2)s, %(3)s) VALUES (%(4)s, %(5)s)
params: ('auth', 'permission', 'auth', 'group', 'auth', 'user')
[2026-02-25 17:59:46,380] DEBUG djongo.sql2mongo.query inserted ids [ObjectId('699f7ee2421deff2f70edb8e'), ObjectId('699f7ee2421deff2f70edb8f'), ObjectId('699f7ee2421deff2f70edb90')]
[2026-02-25 17:59:46,380] DEBUG djongo.sql2mongo.query sql_command: SELECT "django_content_type"."id", "django_content_type"."app_label", "django_content_type"."model" FROM "django_content_type" WHERE ("django_content_type"."app_label" = %(0)s AND "django_content_type"."model" = %(1)s) LIMIT 21
params: ('auth', 'permission')
[2026-02-25 17:59:46,381] DEBUG djongo.sql2mongo.query Find query: {'filter': {'$and': [{'app_label': {'$eq': 'auth'}}, {'model': {'$eq': 'permission'}}]}, 'projection': ['id', 'app_label', 'model'], 'limit': 21}
[2026-02-25 17:59:46,382] DEBUG djongo.sql2mongo.query Result: (226, 'auth', 'permission')
[2026-02-25 17:59:46,382] DEBUG djongo.sql2mongo.query sql_command: SELECT "django_content_type"."id", "django_content_type"."app_label", "django_content_type"."model" FROM "django_content_type" WHERE ("django_content_type"."app_label" = %(0)s AND "django_content_type"."model" = %(1)s) LIMIT 21
params: ('auth', 'group')
[2026-02-25 17:59:46,383] DEBUG djongo.sql2mongo.query Find query: {'filter': {'$and': [{'app_label': {'$eq': 'auth'}}, {'model': {'$eq': 'group'}}]}, 'projection': ['id', 'app_label', 'model'], 'limit': 21}
[2026-02-25 17:59:46,384] DEBUG djongo.sql2mongo.query Result: (227, 'auth', 'group')
[2026-02-25 17:59:46,384] DEBUG djongo.sql2mongo.query sql_command: SELECT "django_content_type"."id", "django_content_type"."app_label", "django_content_type"."model" FROM "django_content_type" WHERE ("django_content_type"."app_label" = %(0)s AND "django_content_type"."model" = %(1)s) LIMIT 21
params: ('auth', 'user')
[2026-02-25 17:59:46,385] DEBUG djongo.sql2mongo.query Find query: {'filter': {'$and': [{'app_label': {'$eq': 'auth'}}, {'model': {'$eq': 'user'}}]}, 'projection': ['id', 'app_label', 'model'], 'limit': 21}
[2026-02-25 17:59:46,385] DEBUG djongo.sql2mongo.query Result: (228, 'auth', 'user')
[2026-02-25 17:59:46,386] DEBUG djongo.sql2mongo.query sql_command: SELECT "auth_permission"."content_type_id", "auth_permission"."codename" FROM "auth_permission" INNER JOIN "django_content_type" ON ("auth_permission"."content_type_id" = "django_content_type"."id") WHERE "auth_permission"."content_type_id" IN (%(0)s, %(1)s, %(2)s) ORDER BY "django_content_type"."app_label" ASC, "django_content_type"."model" ASC, "auth_permission"."codename" ASC
params: (226, 227, 228)
[2026-02-25 17:59:46,388] DEBUG djongo.sql2mongo.query Aggregation query: [{'$match': {'content_type_id': {'$ne': None, '$exists': True}}}, {'$lookup': {'from': 'django_content_type', 'localField': 'content_type_id', 'foreignField': 'id', 'as': 'django_content_type'}}, {'$unwind': '$django_content_type'}, {'$match': {'content_type_id': {'$in': [226, 227, 228]}}}, {'$sort': OrderedDict({'django_content_type.app_label': 1, 'django_content_type.model': 1, 'codename': 1})}, {'$project': {'content_type_id': True, 'codename': True}}]
[2026-02-25 17:59:46,388] DEBUG djongo.sql2mongo.query sql_command: INSERT INTO "auth_permission" ("name", "content_type_id", "codename") VALUES (%(0)s, %(1)s, %(2)s) VALUES (%(3)s, %(4)s, %(5)s) VALUES (%(6)s, %(7)s, %(8)s) VALUES (%(9)s, %(10)s, %(11)s) VALUES (%(12)s, %(13)s, %(14)s) VALUES (%(15)s, %(16)s, %(17)s) VALUES (%(18)s, %(19)s, %(20)s) VALUES (%(21)s, %(22)s, %(23)s) VALUES (%(24)s, %(25)s, %(26)s) VALUES (%(27)s, %(28)s, %(29)s) VALUES (%(30)s, %(31)s, %(32)s) VALUES (%(33)s, %(34)s, %(35)s)
params: ('Can add permission', 226, 'add_permission', 'Can change permission', 226, 'change_permission', 'Can delete permission', 226, 'delete_permission', 'Can view permission', 226, 'view_permission', 'Can add group', 227, 'add_group', 'Can change group', 227, 'change_group', 'Can delete group', 227, 'delete_group', 'Can view group', 227, 'view_group', 'Can add user', 228, 'add_user', 'Can change user', 228, 'change_user', 'Can delete user', 228, 'delete_user', 'Can view user', 228, 'view_user')
[2026-02-25 17:59:46,392] DEBUG djongo.sql2mongo.query inserted ids [ObjectId('699f7ee2421deff2f70edb91'), ObjectId('699f7ee2421deff2f70edb92'), ObjectId('699f7ee2421deff2f70edb93'), ObjectId('699f7ee2421deff2f70edb94'), ObjectId('699f7ee2421deff2f70edb95'), ObjectId('699f7ee2421deff2f70edb96'), ObjectId('699f7ee2421deff2f70edb97'), ObjectId('699f7ee2421deff2f70edb98'), ObjectId('699f7ee2421deff2f70edb99'), ObjectId('699f7ee2421deff2f70edb9a'), ObjectId('699f7ee2421deff2f70edb9b'), ObjectId('699f7ee2421deff2f70edb9c')]
[2026-02-25 17:59:46,392] DEBUG djongo.sql2mongo.query sql_command: SELECT "django_content_type"."id", "django_content_type"."app_label", "django_content_type"."model" FROM "django_content_type" WHERE "django_content_type"."app_label" = %(0)s
params: ('auth',)
[2026-02-25 17:59:46,392] DEBUG djongo.sql2mongo.query Find query: {'filter': {'app_label': {'$eq': 'auth'}}, 'projection': ['id', 'app_label', 'model']}
[2026-02-25 17:59:46,393] DEBUG djongo.sql2mongo.query Result: (227, 'auth', 'group')
[2026-02-25 17:59:46,393] DEBUG djongo.sql2mongo.query Result: (226, 'auth', 'permission')
[2026-02-25 17:59:46,393] DEBUG djongo.sql2mongo.query Result: (228, 'auth', 'user')
[2026-02-25 17:59:46,393] DEBUG djongo.sql2mongo.query sql_command: SELECT "django_content_type"."id", "django_content_type"."app_label", "django_content_type"."model" FROM "django_content_type" WHERE "django_content_type"."app_label" = %(0)s
params: ('contenttypes',)
[2026-02-25 17:59:46,394] DEBUG djongo.sql2mongo.query Find query: {'filter': {'app_label': {'$eq': 'contenttypes'}}, 'projection': ['id', 'app_label', 'model']}
[2026-02-25 17:59:46,394] DEBUG djongo.sql2mongo.query sql_command: INSERT INTO "django_content_type" ("app_label", "model") VALUES (%(0)s, %(1)s)
params: ('contenttypes', 'contenttype')
[2026-02-25 17:59:46,396] DEBUG djongo.sql2mongo.query inserted ids [ObjectId('699f7ee2421deff2f70edb9d')]
[2026-02-25 17:59:46,396] DEBUG djongo.sql2mongo.query sql_command: SELECT "django_content_type"."id", "django_content_type"."app_label", "django_content_type"."model" FROM "django_content_type" WHERE ("django_content_type"."app_label" = %(0)s AND "django_content_type"."model" = %(1)s) LIMIT 21
params: ('contenttypes', 'contenttype')
[2026-02-25 17:59:46,397] DEBUG djongo.sql2mongo.query Find query: {'filter': {'$and': [{'app_label': {'$eq': 'contenttypes'}}, {'model': {'$eq': 'contenttype'}}]}, 'projection': ['id', 'app_label', 'model'], 'limit': 21}
[2026-02-25 17:59:46,398] DEBUG djongo.sql2mongo.query Result: (229, 'contenttypes', 'contenttype')
[2026-02-25 17:59:46,399] DEBUG djongo.sql2mongo.query sql_command: SELECT "auth_permission"."content_type_id", "auth_permission"."codename" FROM "auth_permission" INNER JOIN "django_content_type" ON ("auth_permission"."content_type_id" = "django_content_type"."id") WHERE "auth_permission"."content_type_id" IN (%(0)s) ORDER BY "django_content_type"."app_label" ASC, "django_content_type"."model" ASC, "auth_permission"."codename" ASC
params: (229,)
[2026-02-25 17:59:46,402] DEBUG djongo.sql2mongo.query Aggregation query: [{'$match': {'content_type_id': {'$ne': None, '$exists': True}}}, {'$lookup': {'from': 'django_content_type', 'localField': 'content_type_id', 'foreignField': 'id', 'as': 'django_content_type'}}, {'$unwind': '$django_content_type'}, {'$match': {'content_type_id': {'$in': [229]}}}, {'$sort': OrderedDict({'django_content_type.app_label': 1, 'django_content_type.model': 1, 'codename': 1})}, {'$project': {'content_type_id': True, 'codename': True}}]
[2026-02-25 17:59:46,402] DEBUG djongo.sql2mongo.query sql_command: INSERT INTO "auth_permission" ("name", "content_type_id", "codename") VALUES (%(0)s, %(1)s, %(2)s) VALUES (%(3)s, %(4)s, %(5)s) VALUES (%(6)s, %(7)s, %(8)s) VALUES (%(9)s, %(10)s, %(11)s)
params: ('Can add content type', 229, 'add_contenttype', 'Can change content type', 229, 'change_contenttype', 'Can delete content type', 229, 'delete_contenttype', 'Can view content type', 229, 'view_contenttype')
[2026-02-25 17:59:46,406] DEBUG djongo.sql2mongo.query inserted ids [ObjectId('699f7ee2421deff2f70edb9e'), ObjectId('699f7ee2421deff2f70edb9f'), ObjectId('699f7ee2421deff2f70edba0'), ObjectId('699f7ee2421deff2f70edba1')]
[2026-02-25 17:59:46,407] DEBUG djongo.sql2mongo.query sql_command: SELECT "django_content_type"."id", "django_content_type"."app_label", "django_content_type"."model" FROM "django_content_type" WHERE "django_content_type"."app_label" = %(0)s
params: ('contenttypes',)
[2026-02-25 17:59:46,407] DEBUG djongo.sql2mongo.query Find query: {'filter': {'app_label': {'$eq': 'contenttypes'}}, 'projection': ['id', 'app_label', 'model']}
[2026-02-25 17:59:46,408] DEBUG djongo.sql2mongo.query Result: (229, 'contenttypes', 'contenttype')
[2026-02-25 17:59:46,408] DEBUG djongo.sql2mongo.query sql_command: SELECT "django_content_type"."id", "django_content_type"."app_label", "django_content_type"."model" FROM "django_content_type" WHERE "django_content_type"."app_label" = %(0)s
params: ('sessions',)
[2026-02-25 17:59:46,408] DEBUG djongo.sql2mongo.query Find query: {'filter': {'app_label': {'$eq': 'sessions'}}, 'projection': ['id', 'app_label', 'model']}
[2026-02-25 17:59:46,409] DEBUG djongo.sql2mongo.query sql_command: INSERT INTO "django_content_type" ("app_label", "model") VALUES (%(0)s, %(1)s)
params: ('sessions', 'session')
[2026-02-25 17:59:46,411] DEBUG djongo.sql2mongo.query inserted ids [ObjectId('699f7ee2421deff2f70edba2')]
[2026-02-25 17:59:46,411] DEBUG djongo.sql2mongo.query sql_command: SELECT "django_content_type"."id", "django_content_type"."app_label", "django_content_type"."model" FROM "django_content_type" WHERE ("django_content_type"."app_label" = %(0)s AND "django_content_type"."model" = %(1)s) LIMIT 21
params: ('sessions', 'session')
[2026-02-25 17:59:46,412] DEBUG djongo.sql2mongo.query Find query: {'filter': {'$and': [{'app_label': {'$eq': 'sessions'}}, {'model': {'$eq': 'session'}}]}, 'projection': ['id', 'app_label', 'model'], 'limit': 21}
[2026-02-25 17:59:46,413] DEBUG djongo.sql2mongo.query Result: (230, 'sessions', 'session')
[2026-02-25 17:59:46,413] DEBUG djongo.sql2mongo.query sql_command: SELECT "auth_permission"."content_type_id", "auth_permission"."codename" FROM "auth_permission" INNER JOIN "django_content_type" ON ("auth_permission"."content_type_id" = "django_content_type"."id") WHERE "auth_permission"."content_type_id" IN (%(0)s) ORDER BY "django_content_type"."app_label" ASC, "django_content_type"."model" ASC, "auth_permission"."codename" ASC
params: (230,)
[2026-02-25 17:59:46,415] DEBUG djongo.sql2mongo.query Aggregation query: [{'$match': {'content_type_id': {'$ne': None, '$exists': True}}}, {'$lookup': {'from': 'django_content_type', 'localField': 'content_type_id', 'foreignField': 'id', 'as': 'django_content_type'}}, {'$unwind': '$django_content_type'}, {'$match': {'content_type_id': {'$in': [230]}}}, {'$sort': OrderedDict({'django_content_type.app_label': 1, 'django_content_type.model': 1, 'codename': 1})}, {'$project': {'content_type_id': True, 'codename': True}}]
[2026-02-25 17:59:46,415] DEBUG djongo.sql2mongo.query sql_command: INSERT INTO "auth_permission" ("name", "content_type_id", "codename") VALUES (%(0)s, %(1)s, %(2)s) VALUES (%(3)s, %(4)s, %(5)s) VALUES (%(6)s, %(7)s, %(8)s) VALUES (%(9)s, %(10)s, %(11)s)
params: ('Can add session', 230, 'add_session', 'Can change session', 230, 'change_session', 'Can delete session', 230, 'delete_session', 'Can view session', 230, 'view_session')
[2026-02-25 17:59:46,418] DEBUG djongo.sql2mongo.query inserted ids [ObjectId('699f7ee2421deff2f70edba3'), ObjectId('699f7ee2421deff2f70edba4'), ObjectId('699f7ee2421deff2f70edba5'), ObjectId('699f7ee2421deff2f70edba6')]
[2026-02-25 17:59:46,418] DEBUG djongo.sql2mongo.query sql_command: SELECT "django_content_type"."id", "django_content_type"."app_label", "django_content_type"."model" FROM "django_content_type" WHERE "django_content_type"."app_label" = %(0)s
params: ('sessions',)
[2026-02-25 17:59:46,418] DEBUG djongo.sql2mongo.query Find query: {'filter': {'app_label': {'$eq': 'sessions'}}, 'projection': ['id', 'app_label', 'model']}
[2026-02-25 17:59:46,419] DEBUG djongo.sql2mongo.query Result: (230, 'sessions', 'session')
[2026-02-25 17:59:46,419] DEBUG djongo.sql2mongo.query sql_command: SELECT "django_content_type"."id", "django_content_type"."app_label", "django_content_type"."model" FROM "django_content_type" WHERE "django_content_type"."app_label" = %(0)s
params: ('webhooks',)
[2026-02-25 17:59:46,420] DEBUG djongo.sql2mongo.query Find query: {'filter': {'app_label': {'$eq': 'webhooks'}}, 'projection': ['id', 'app_label', 'model']}
[2026-02-25 17:59:46,420] DEBUG djongo.sql2mongo.query sql_command: INSERT INTO "django_content_type" ("app_label", "model") VALUES (%(0)s, %(1)s)
params: ('webhooks', 'webhookevent')
[2026-02-25 17:59:46,422] DEBUG djongo.sql2mongo.query inserted ids [ObjectId('699f7ee2421deff2f70edba7')]
[2026-02-25 17:59:46,422] DEBUG djongo.sql2mongo.query sql_command: SELECT "django_content_type"."id", "django_content_type"."app_label", "django_content_type"."model" FROM "django_content_type" WHERE ("django_content_type"."app_label" = %(0)s AND "django_content_type"."model" = %(1)s) LIMIT 21
params: ('webhooks', 'webhookevent')
[2026-02-25 17:59:46,422] DEBUG djongo.sql2mongo.query Find query: {'filter': {'$and': [{'app_label': {'$eq': 'webhooks'}}, {'model': {'$eq': 'webhookevent'}}]}, 'projection': ['id', 'app_label', 'model'], 'limit': 21}
[2026-02-25 17:59:46,423] DEBUG djongo.sql2mongo.query Result: (231, 'webhooks', 'webhookevent')
[2026-02-25 17:59:46,423] DEBUG djongo.sql2mongo.query sql_command: SELECT "auth_permission"."content_type_id", "auth_permission"."codename" FROM "auth_permission" INNER JOIN "django_content_type" ON ("auth_permission"."content_type_id" = "django_content_type"."id") WHERE "auth_permission"."content_type_id" IN (%(0)s) ORDER BY "django_content_type"."app_label" ASC, "django_content_type"."model" ASC, "auth_permission"."codename" ASC
params: (231,)
[2026-02-25 17:59:46,425] DEBUG djongo.sql2mongo.query Aggregation query: [{'$match': {'content_type_id': {'$ne': None, '$exists': True}}}, {'$lookup': {'from': 'django_content_type', 'localField': 'content_type_id', 'foreignField': 'id', 'as': 'django_content_type'}}, {'$unwind': '$django_content_type'}, {'$match': {'content_type_id': {'$in': [231]}}}, {'$sort': OrderedDict({'django_content_type.app_label': 1, 'django_content_type.model': 1, 'codename': 1})}, {'$project': {'content_type_id': True, 'codename': True}}]
[2026-02-25 17:59:46,425] DEBUG djongo.sql2mongo.query sql_command: INSERT INTO "auth_permission" ("name", "content_type_id", "codename") VALUES (%(0)s, %(1)s, %(2)s) VALUES (%(3)s, %(4)s, %(5)s) VALUES (%(6)s, %(7)s, %(8)s) VALUES (%(9)s, %(10)s, %(11)s)
params: ('Can add Webhook Event', 231, 'add_webhookevent', 'Can change Webhook Event', 231, 'change_webhookevent', 'Can delete Webhook Event', 231, 'delete_webhookevent', 'Can view Webhook Event', 231, 'view_webhookevent')
[2026-02-25 17:59:46,427] DEBUG djongo.sql2mongo.query inserted ids [ObjectId('699f7ee2421deff2f70edba8'), ObjectId('699f7ee2421deff2f70edba9'), ObjectId('699f7ee2421deff2f70edbaa'), ObjectId('699f7ee2421deff2f70edbab')]
[2026-02-25 17:59:46,428] DEBUG djongo.sql2mongo.query sql_command: SELECT "django_content_type"."id", "django_content_type"."app_label", "django_content_type"."model" FROM "django_content_type" WHERE "django_content_type"."app_label" = %(0)s
params: ('webhooks',)
[2026-02-25 17:59:46,428] DEBUG djongo.sql2mongo.query Find query: {'filter': {'app_label': {'$eq': 'webhooks'}}, 'projection': ['id', 'app_label', 'model']}
[2026-02-25 17:59:46,429] DEBUG djongo.sql2mongo.query Result: (231, 'webhooks', 'webhookevent')
[2026-02-25 17:59:46,429] DEBUG djongo.sql2mongo.query sql_command: SELECT "django_content_type"."id", "django_content_type"."app_label", "django_content_type"."model" FROM "django_content_type" WHERE "django_content_type"."app_label" = %(0)s
params: ('broker_connector',)
[2026-02-25 17:59:46,429] DEBUG djongo.sql2mongo.query Find query: {'filter': {'app_label': {'$eq': 'broker_connector'}}, 'projection': ['id', 'app_label', 'model']}
[2026-02-25 17:59:46,430] DEBUG djongo.sql2mongo.query sql_command: INSERT INTO "django_content_type" ("app_label", "model") VALUES (%(0)s, %(1)s)
params: ('broker_connector', 'brokeraccount')
[2026-02-25 17:59:46,432] DEBUG djongo.sql2mongo.query inserted ids [ObjectId('699f7ee2421deff2f70edbac')]
[2026-02-25 17:59:46,432] DEBUG djongo.sql2mongo.query sql_command: SELECT "django_content_type"."id", "django_content_type"."app_label", "django_content_type"."model" FROM "django_content_type" WHERE ("django_content_type"."app_label" = %(0)s AND "django_content_type"."model" = %(1)s) LIMIT 21
params: ('broker_connector', 'brokeraccount')
[2026-02-25 17:59:46,432] DEBUG djongo.sql2mongo.query Find query: {'filter': {'$and': [{'app_label': {'$eq': 'broker_connector'}}, {'model': {'$eq': 'brokeraccount'}}]}, 'projection': ['id', 'app_label', 'model'], 'limit': 21}
[2026-02-25 17:59:46,433] DEBUG djongo.sql2mongo.query Result: (232, 'broker_connector', 'brokeraccount')
[2026-02-25 17:59:46,434] DEBUG djongo.sql2mongo.query sql_command: SELECT "auth_permission"."content_type_id", "auth_permission"."codename" FROM "auth_permission" INNER JOIN "django_content_type" ON ("auth_permission"."content_type_id" = "django_content_type"."id") WHERE "auth_permission"."content_type_id" IN (%(0)s) ORDER BY "django_content_type"."app_label" ASC, "django_content_type"."model" ASC, "auth_permission"."codename" ASC
params: (232,)
[2026-02-25 17:59:46,436] DEBUG djongo.sql2mongo.query Aggregation query: [{'$match': {'content_type_id': {'$ne': None, '$exists': True}}}, {'$lookup': {'from': 'django_content_type', 'localField': 'content_type_id', 'foreignField': 'id', 'as': 'django_content_type'}}, {'$unwind': '$django_content_type'}, {'$match': {'content_type_id': {'$in': [232]}}}, {'$sort': OrderedDict({'django_content_type.app_label': 1, 'django_content_type.model': 1, 'codename': 1})}, {'$project': {'content_type_id': True, 'codename': True}}]
[2026-02-25 17:59:46,436] DEBUG djongo.sql2mongo.query sql_command: INSERT INTO "auth_permission" ("name", "content_type_id", "codename") VALUES (%(0)s, %(1)s, %(2)s) VALUES (%(3)s, %(4)s, %(5)s) VALUES (%(6)s, %(7)s, %(8)s) VALUES (%(9)s, %(10)s, %(11)s)
params: ('Can add Broker Account', 232, 'add_brokeraccount', 'Can change Broker Account', 232, 'change_brokeraccount', 'Can delete Broker Account', 232, 'delete_brokeraccount', 'Can view Broker Account', 232, 'view_brokeraccount')
[2026-02-25 17:59:46,438] DEBUG djongo.sql2mongo.query inserted ids [ObjectId('699f7ee2421deff2f70edbad'), ObjectId('699f7ee2421deff2f70edbae'), ObjectId('699f7ee2421deff2f70edbaf'), ObjectId('699f7ee2421deff2f70edbb0')]
[2026-02-25 17:59:46,439] DEBUG djongo.sql2mongo.query sql_command: SELECT "django_content_type"."id", "django_content_type"."app_label", "django_content_type"."model" FROM "django_content_type" WHERE "django_content_type"."app_label" = %(0)s
params: ('broker_connector',)
[2026-02-25 17:59:46,439] DEBUG djongo.sql2mongo.query Find query: {'filter': {'app_label': {'$eq': 'broker_connector'}}, 'projection': ['id', 'app_label', 'model']}
[2026-02-25 17:59:46,440] DEBUG djongo.sql2mongo.query Result: (232, 'broker_connector', 'brokeraccount')
[2026-02-25 17:59:46,440] DEBUG djongo.sql2mongo.query sql_command: SELECT "django_content_type"."id", "django_content_type"."app_label", "django_content_type"."model" FROM "django_content_type" WHERE "django_content_type"."app_label" = %(0)s
params: ('execution_engine',)
[2026-02-25 17:59:46,440] DEBUG djongo.sql2mongo.query Find query: {'filter': {'app_label': {'$eq': 'execution_engine'}}, 'projection': ['id', 'app_label', 'model']}
[2026-02-25 17:59:46,441] DEBUG djongo.sql2mongo.query sql_command: INSERT INTO "django_content_type" ("app_label", "model") VALUES (%(0)s, %(1)s)
params: ('execution_engine', 'trade')
[2026-02-25 17:59:46,442] DEBUG djongo.sql2mongo.query inserted ids [ObjectId('699f7ee2421deff2f70edbb1')]
[2026-02-25 17:59:46,443] DEBUG djongo.sql2mongo.query sql_command: SELECT "django_content_type"."id", "django_content_type"."app_label", "django_content_type"."model" FROM "django_content_type" WHERE ("django_content_type"."app_label" = %(0)s AND "django_content_type"."model" = %(1)s) LIMIT 21
params: ('execution_engine', 'trade')
[2026-02-25 17:59:46,443] DEBUG djongo.sql2mongo.query Find query: {'filter': {'$and': [{'app_label': {'$eq': 'execution_engine'}}, {'model': {'$eq': 'trade'}}]}, 'projection': ['id', 'app_label', 'model'], 'limit': 21}
[2026-02-25 17:59:46,444] DEBUG djongo.sql2mongo.query Result: (233, 'execution_engine', 'trade')
[2026-02-25 17:59:46,444] DEBUG djongo.sql2mongo.query sql_command: SELECT "auth_permission"."content_type_id", "auth_permission"."codename" FROM "auth_permission" INNER JOIN "django_content_type" ON ("auth_permission"."content_type_id" = "django_content_type"."id") WHERE "auth_permission"."content_type_id" IN (%(0)s) ORDER BY "django_content_type"."app_label" ASC, "django_content_type"."model" ASC, "auth_permission"."codename" ASC
params: (233,)
[2026-02-25 17:59:46,446] DEBUG djongo.sql2mongo.query Aggregation query: [{'$match': {'content_type_id': {'$ne': None, '$exists': True}}}, {'$lookup': {'from': 'django_content_type', 'localField': 'content_type_id', 'foreignField': 'id', 'as': 'django_content_type'}}, {'$unwind': '$django_content_type'}, {'$match': {'content_type_id': {'$in': [233]}}}, {'$sort': OrderedDict({'django_content_type.app_label': 1, 'django_content_type.model': 1, 'codename': 1})}, {'$project': {'content_type_id': True, 'codename': True}}]
[2026-02-25 17:59:46,446] DEBUG djongo.sql2mongo.query sql_command: INSERT INTO "auth_permission" ("name", "content_type_id", "codename") VALUES (%(0)s, %(1)s, %(2)s) VALUES (%(3)s, %(4)s, %(5)s) VALUES (%(6)s, %(7)s, %(8)s) VALUES (%(9)s, %(10)s, %(11)s)
params: ('Can add Trade', 233, 'add_trade', 'Can change Trade', 233, 'change_trade', 'Can delete Trade', 233, 'delete_trade', 'Can view Trade', 233, 'view_trade')
[2026-02-25 17:59:46,448] DEBUG djongo.sql2mongo.query inserted ids [ObjectId('699f7ee2421deff2f70edbb2'), ObjectId('699f7ee2421deff2f70edbb3'), ObjectId('699f7ee2421deff2f70edbb4'), ObjectId('699f7ee2421deff2f70edbb5')]
[2026-02-25 17:59:46,448] DEBUG djongo.sql2mongo.query sql_command: SELECT "django_content_type"."id", "django_content_type"."app_label", "django_content_type"."model" FROM "django_content_type" WHERE "django_content_type"."app_label" = %(0)s
params: ('execution_engine',)
[2026-02-25 17:59:46,449] DEBUG djongo.sql2mongo.query Find query: {'filter': {'app_label': {'$eq': 'execution_engine'}}, 'projection': ['id', 'app_label', 'model']}
[2026-02-25 17:59:46,449] DEBUG djongo.sql2mongo.query Result: (233, 'execution_engine', 'trade')
[2026-02-25 17:59:46,449] DEBUG djongo.sql2mongo.query sql_command: SELECT "django_content_type"."id", "django_content_type"."app_label", "django_content_type"."model" FROM "django_content_type" WHERE "django_content_type"."app_label" = %(0)s
params: ('risk_management',)
[2026-02-25 17:59:46,450] DEBUG djongo.sql2mongo.query Find query: {'filter': {'app_label': {'$eq': 'risk_management'}}, 'projection': ['id', 'app_label', 'model']}
[2026-02-25 17:59:46,450] DEBUG djongo.sql2mongo.query sql_command: INSERT INTO "django_content_type" ("app_label", "model") VALUES (%(0)s, %(1)s) VALUES (%(2)s, %(3)s)
params: ('risk_management', 'riskconfig', 'risk_management', 'propfirmaccount')
[2026-02-25 17:59:46,452] DEBUG djongo.sql2mongo.query inserted ids [ObjectId('699f7ee2421deff2f70edbb6'), ObjectId('699f7ee2421deff2f70edbb7')]
[2026-02-25 17:59:46,452] DEBUG djongo.sql2mongo.query sql_command: SELECT "django_content_type"."id", "django_content_type"."app_label", "django_content_type"."model" FROM "django_content_type" WHERE ("django_content_type"."app_label" = %(0)s AND "django_content_type"."model" = %(1)s) LIMIT 21
params: ('risk_management', 'riskconfig')
[2026-02-25 17:59:46,452] DEBUG djongo.sql2mongo.query Find query: {'filter': {'$and': [{'app_label': {'$eq': 'risk_management'}}, {'model': {'$eq': 'riskconfig'}}]}, 'projection': ['id', 'app_label', 'model'], 'limit': 21}
[2026-02-25 17:59:46,453] DEBUG djongo.sql2mongo.query Result: (234, 'risk_management', 'riskconfig')
[2026-02-25 17:59:46,453] DEBUG djongo.sql2mongo.query sql_command: SELECT "django_content_type"."id", "django_content_type"."app_label", "django_content_type"."model" FROM "django_content_type" WHERE ("django_content_type"."app_label" = %(0)s AND "django_content_type"."model" = %(1)s) LIMIT 21
params: ('risk_management', 'propfirmaccount')
[2026-02-25 17:59:46,454] DEBUG djongo.sql2mongo.query Find query: {'filter': {'$and': [{'app_label': {'$eq': 'risk_management'}}, {'model': {'$eq': 'propfirmaccount'}}]}, 'projection': ['id', 'app_label', 'model'], 'limit': 21}
[2026-02-25 17:59:46,454] DEBUG djongo.sql2mongo.query Result: (235, 'risk_management', 'propfirmaccount')
[2026-02-25 17:59:46,455] DEBUG djongo.sql2mongo.query sql_command: SELECT "auth_permission"."content_type_id", "auth_permission"."codename" FROM "auth_permission" INNER JOIN "django_content_type" ON ("auth_permission"."content_type_id" = "django_content_type"."id") WHERE "auth_permission"."content_type_id" IN (%(0)s, %(1)s) ORDER BY "django_content_type"."app_label" ASC, "django_content_type"."model" ASC, "auth_permission"."codename" ASC
params: (234, 235)
[2026-02-25 17:59:46,456] DEBUG djongo.sql2mongo.query Aggregation query: [{'$match': {'content_type_id': {'$ne': None, '$exists': True}}}, {'$lookup': {'from': 'django_content_type', 'localField': 'content_type_id', 'foreignField': 'id', 'as': 'django_content_type'}}, {'$unwind': '$django_content_type'}, {'$match': {'content_type_id': {'$in': [234, 235]}}}, {'$sort': OrderedDict({'django_content_type.app_label': 1, 'django_content_type.model': 1, 'codename': 1})}, {'$project': {'content_type_id': True, 'codename': True}}]
[2026-02-25 17:59:46,457] DEBUG djongo.sql2mongo.query sql_command: INSERT INTO "auth_permission" ("name", "content_type_id", "codename") VALUES (%(0)s, %(1)s, %(2)s) VALUES (%(3)s, %(4)s, %(5)s) VALUES (%(6)s, %(7)s, %(8)s) VALUES (%(9)s, %(10)s, %(11)s) VALUES (%(12)s, %(13)s, %(14)s) VALUES (%(15)s, %(16)s, %(17)s) VALUES (%(18)s, %(19)s, %(20)s) VALUES (%(21)s, %(22)s, %(23)s)
params: ('Can add Risk Configuration', 234, 'add_riskconfig', 'Can change Risk Configuration', 234, 'change_riskconfig', 'Can delete Risk Configuration', 234, 'delete_riskconfig', 'Can view Risk Configuration', 234, 'view_riskconfig', 'Can add Prop Firm Account', 235, 'add_propfirmaccount', 'Can change Prop Firm Account', 235, 'change_propfirmaccount', 'Can delete Prop Firm Account', 235, 'delete_propfirmaccount', 'Can view Prop Firm Account', 235, 'view_propfirmaccount')
[2026-02-25 17:59:46,459] DEBUG djongo.sql2mongo.query inserted ids [ObjectId('699f7ee2421deff2f70edbb8'), ObjectId('699f7ee2421deff2f70edbb9'), ObjectId('699f7ee2421deff2f70edbba'), ObjectId('699f7ee2421deff2f70edbbb'), ObjectId('699f7ee2421deff2f70edbbc'), ObjectId('699f7ee2421deff2f70edbbd'), ObjectId('699f7ee2421deff2f70edbbe'), ObjectId('699f7ee2421deff2f70edbbf')]
[2026-02-25 17:59:46,459] DEBUG djongo.sql2mongo.query sql_command: SELECT "django_content_type"."id", "django_content_type"."app_label", "django_content_type"."model" FROM "django_content_type" WHERE "django_content_type"."app_label" = %(0)s
params: ('risk_management',)
[2026-02-25 17:59:46,459] DEBUG djongo.sql2mongo.query Find query: {'filter': {'app_label': {'$eq': 'risk_management'}}, 'projection': ['id', 'app_label', 'model']}
[2026-02-25 17:59:46,460] DEBUG djongo.sql2mongo.query Result: (235, 'risk_management', 'propfirmaccount')
[2026-02-25 17:59:46,460] DEBUG djongo.sql2mongo.query Result: (234, 'risk_management', 'riskconfig')
[2026-02-25 17:59:46,460] DEBUG djongo.sql2mongo.query sql_command: SELECT "django_content_type"."id", "django_content_type"."app_label", "django_content_type"."model" FROM "django_content_type" WHERE "django_content_type"."app_label" = %(0)s
params: ('market_data',)
[2026-02-25 17:59:46,460] DEBUG djongo.sql2mongo.query Find query: {'filter': {'app_label': {'$eq': 'market_data'}}, 'projection': ['id', 'app_label', 'model']}
[2026-02-25 17:59:46,461] DEBUG djongo.sql2mongo.query sql_command: INSERT INTO "django_content_type" ("app_label", "model") VALUES (%(0)s, %(1)s)
params: ('market_data', 'ohlcvbar')
[2026-02-25 17:59:46,463] DEBUG djongo.sql2mongo.query inserted ids [ObjectId('699f7ee2421deff2f70edbc0')]
[2026-02-25 17:59:46,463] DEBUG djongo.sql2mongo.query sql_command: SELECT "django_content_type"."id", "django_content_type"."app_label", "django_content_type"."model" FROM "django_content_type" WHERE ("django_content_type"."app_label" = %(0)s AND "django_content_type"."model" = %(1)s) LIMIT 21
params: ('market_data', 'ohlcvbar')
[2026-02-25 17:59:46,463] DEBUG djongo.sql2mongo.query Find query: {'filter': {'$and': [{'app_label': {'$eq': 'market_data'}}, {'model': {'$eq': 'ohlcvbar'}}]}, 'projection': ['id', 'app_label', 'model'], 'limit': 21}
[2026-02-25 17:59:46,464] DEBUG djongo.sql2mongo.query Result: (236, 'market_data', 'ohlcvbar')
[2026-02-25 17:59:46,464] DEBUG djongo.sql2mongo.query sql_command: SELECT "auth_permission"."content_type_id", "auth_permission"."codename" FROM "auth_permission" INNER JOIN "django_content_type" ON ("auth_permission"."content_type_id" = "django_content_type"."id") WHERE "auth_permission"."content_type_id" IN (%(0)s) ORDER BY "django_content_type"."app_label" ASC, "django_content_type"."model" ASC, "auth_permission"."codename" ASC
params: (236,)
[2026-02-25 17:59:46,466] DEBUG djongo.sql2mongo.query Aggregation query: [{'$match': {'content_type_id': {'$ne': None, '$exists': True}}}, {'$lookup': {'from': 'django_content_type', 'localField': 'content_type_id', 'foreignField': 'id', 'as': 'django_content_type'}}, {'$unwind': '$django_content_type'}, {'$match': {'content_type_id': {'$in': [236]}}}, {'$sort': OrderedDict({'django_content_type.app_label': 1, 'django_content_type.model': 1, 'codename': 1})}, {'$project': {'content_type_id': True, 'codename': True}}]
[2026-02-25 17:59:46,466] DEBUG djongo.sql2mongo.query sql_command: INSERT INTO "auth_permission" ("name", "content_type_id", "codename") VALUES (%(0)s, %(1)s, %(2)s) VALUES (%(3)s, %(4)s, %(5)s) VALUES (%(6)s, %(7)s, %(8)s) VALUES (%(9)s, %(10)s, %(11)s)
params: ('Can add OHLCV Bar', 236, 'add_ohlcvbar', 'Can change OHLCV Bar', 236, 'change_ohlcvbar', 'Can delete OHLCV Bar', 236, 'delete_ohlcvbar', 'Can view OHLCV Bar', 236, 'view_ohlcvbar')
[2026-02-25 17:59:46,469] DEBUG djongo.sql2mongo.query inserted ids [ObjectId('699f7ee2421deff2f70edbc1'), ObjectId('699f7ee2421deff2f70edbc2'), ObjectId('699f7ee2421deff2f70edbc3'), ObjectId('699f7ee2421deff2f70edbc4')]
[2026-02-25 17:59:46,469] DEBUG djongo.sql2mongo.query sql_command: SELECT "django_content_type"."id", "django_content_type"."app_label", "django_content_type"."model" FROM "django_content_type" WHERE "django_content_type"."app_label" = %(0)s
params: ('market_data',)
[2026-02-25 17:59:46,469] DEBUG djongo.sql2mongo.query Find query: {'filter': {'app_label': {'$eq': 'market_data'}}, 'projection': ['id', 'app_label', 'model']}
[2026-02-25 17:59:46,470] DEBUG djongo.sql2mongo.query Result: (236, 'market_data', 'ohlcvbar')
[2026-02-25 17:59:46,470] DEBUG djongo.sql2mongo.query sql_command: SELECT "django_content_type"."id", "django_content_type"."app_label", "django_content_type"."model" FROM "django_content_type" WHERE "django_content_type"."app_label" = %(0)s
params: ('dashboard',)
[2026-02-25 17:59:46,471] DEBUG djongo.sql2mongo.query Find query: {'filter': {'app_label': {'$eq': 'dashboard'}}, 'projection': ['id', 'app_label', 'model']}
[2026-02-25 17:59:46,471] DEBUG djongo.sql2mongo.query sql_command: INSERT INTO "django_content_type" ("app_label", "model") VALUES (%(0)s, %(1)s) VALUES (%(2)s, %(3)s)
params: ('dashboard', 'strategy', 'dashboard', 'aimodel')
[2026-02-25 17:59:46,473] DEBUG djongo.sql2mongo.query inserted ids [ObjectId('699f7ee2421deff2f70edbc5'), ObjectId('699f7ee2421deff2f70edbc6')]
[2026-02-25 17:59:46,473] DEBUG djongo.sql2mongo.query sql_command: SELECT "django_content_type"."id", "django_content_type"."app_label", "django_content_type"."model" FROM "django_content_type" WHERE ("django_content_type"."app_label" = %(0)s AND "django_content_type"."model" = %(1)s) LIMIT 21
params: ('dashboard', 'strategy')
[2026-02-25 17:59:46,474] DEBUG djongo.sql2mongo.query Find query: {'filter': {'$and': [{'app_label': {'$eq': 'dashboard'}}, {'model': {'$eq': 'strategy'}}]}, 'projection': ['id', 'app_label', 'model'], 'limit': 21}
[2026-02-25 17:59:46,474] DEBUG djongo.sql2mongo.query Result: (237, 'dashboard', 'strategy')
[2026-02-25 17:59:46,475] DEBUG djongo.sql2mongo.query sql_command: SELECT "django_content_type"."id", "django_content_type"."app_label", "django_content_type"."model" FROM "django_content_type" WHERE ("django_content_type"."app_label" = %(0)s AND "django_content_type"."model" = %(1)s) LIMIT 21
params: ('dashboard', 'aimodel')
[2026-02-25 17:59:46,475] DEBUG djongo.sql2mongo.query Find query: {'filter': {'$and': [{'app_label': {'$eq': 'dashboard'}}, {'model': {'$eq': 'aimodel'}}]}, 'projection': ['id', 'app_label', 'model'], 'limit': 21}
[2026-02-25 17:59:46,476] DEBUG djongo.sql2mongo.query Result: (238, 'dashboard', 'aimodel')
[2026-02-25 17:59:46,476] DEBUG djongo.sql2mongo.query sql_command: SELECT "auth_permission"."content_type_id", "auth_permission"."codename" FROM "auth_permission" INNER JOIN "django_content_type" ON ("auth_permission"."content_type_id" = "django_content_type"."id") WHERE "auth_permission"."content_type_id" IN (%(0)s, %(1)s) ORDER BY "django_content_type"."app_label" ASC, "django_content_type"."model" ASC, "auth_permission"."codename" ASC
params: (237, 238)
[2026-02-25 17:59:46,478] DEBUG djongo.sql2mongo.query Aggregation query: [{'$match': {'content_type_id': {'$ne': None, '$exists': True}}}, {'$lookup': {'from': 'django_content_type', 'localField': 'content_type_id', 'foreignField': 'id', 'as': 'django_content_type'}}, {'$unwind': '$django_content_type'}, {'$match': {'content_type_id': {'$in': [237, 238]}}}, {'$sort': OrderedDict({'django_content_type.app_label': 1, 'django_content_type.model': 1, 'codename': 1})}, {'$project': {'content_type_id': True, 'codename': True}}]
[2026-02-25 17:59:46,478] DEBUG djongo.sql2mongo.query sql_command: INSERT INTO "auth_permission" ("name", "content_type_id", "codename") VALUES (%(0)s, %(1)s, %(2)s) VALUES (%(3)s, %(4)s, %(5)s) VALUES (%(6)s, %(7)s, %(8)s) VALUES (%(9)s, %(10)s, %(11)s) VALUES (%(12)s, %(13)s, %(14)s) VALUES (%(15)s, %(16)s, %(17)s) VALUES (%(18)s, %(19)s, %(20)s) VALUES (%(21)s, %(22)s, %(23)s)
params: ('Can add Strategy', 237, 'add_strategy', 'Can change Strategy', 237, 'change_strategy', 'Can delete Strategy', 237, 'delete_strategy', 'Can view Strategy', 237, 'view_strategy', 'Can add AI Model', 238, 'add_aimodel', 'Can change AI Model', 238, 'change_aimodel', 'Can delete AI Model', 238, 'delete_aimodel', 'Can view AI Model', 238, 'view_aimodel')
[2026-02-25 17:59:46,481] DEBUG djongo.sql2mongo.query inserted ids [ObjectId('699f7ee2421deff2f70edbc7'), ObjectId('699f7ee2421deff2f70edbc8'), ObjectId('699f7ee2421deff2f70edbc9'), ObjectId('699f7ee2421deff2f70edbca'), ObjectId('699f7ee2421deff2f70edbcb'), ObjectId('699f7ee2421deff2f70edbcc'), ObjectId('699f7ee2421deff2f70edbcd'), ObjectId('699f7ee2421deff2f70edbce')]
[2026-02-25 17:59:46,481] DEBUG djongo.sql2mongo.query sql_command: SELECT "django_content_type"."id", "django_content_type"."app_label", "django_content_type"."model" FROM "django_content_type" WHERE "django_content_type"."app_label" = %(0)s
params: ('dashboard',)
[2026-02-25 17:59:46,482] DEBUG djongo.sql2mongo.query Find query: {'filter': {'app_label': {'$eq': 'dashboard'}}, 'projection': ['id', 'app_label', 'model']}
[2026-02-25 17:59:46,482] DEBUG djongo.sql2mongo.query Result: (238, 'dashboard', 'aimodel')
[2026-02-25 17:59:46,482] DEBUG djongo.sql2mongo.query Result: (237, 'dashboard', 'strategy')
[2026-02-25 17:59:46,483] DEBUG djongo.base MongoClient connection closed

======================================================================
ERROR: test_overview_page (tests.test_dashboard.DashboardPageTests.test_overview_page)
----------------------------------------------------------------------
Traceback (most recent call last):
  File "/Users/computer/Library/Python/3.13/lib/python/site-packages/djongo/sql2mongo/query.py", line 857, in parse
    return handler(self, statement)
  File "/Users/computer/Library/Python/3.13/lib/python/site-packages/djongo/sql2mongo/query.py", line 933, in _select
    return SelectQuery(self.db, self.connection_properties, sm, self._params)
  File "/Users/computer/Library/Python/3.13/lib/python/site-packages/djongo/sql2mongo/query.py", line 116, in __init__
    super().__init__(*args)
    ~~~~~~~~~~~~~~~~^^^^^^^
  File "/Users/computer/Library/Python/3.13/lib/python/site-packages/djongo/sql2mongo/query.py", line 62, in __init__
    self.parse()
    ~~~~~~~~~~^^
  File "/Users/computer/Library/Python/3.13/lib/python/site-packages/djongo/sql2mongo/query.py", line 152, in parse
    self.where = WhereConverter(self, statement)
                 ~~~~~~~~~~~~~~^^^^^^^^^^^^^^^^^
  File "/Users/computer/Library/Python/3.13/lib/python/site-packages/djongo/sql2mongo/converters.py", line 27, in __init__
    self.parse()
    ~~~~~~~~~~^^
  File "/Users/computer/Library/Python/3.13/lib/python/site-packages/djongo/sql2mongo/converters.py", line 119, in parse
    self.op = WhereOp(
              ~~~~~~~^
        statement=SQLStatement(tok),
        ^^^^^^^^^^^^^^^^^^^^^^^^^^^^
        query=self.query,
        ^^^^^^^^^^^^^^^^^
        params=self.query.params
        ^^^^^^^^^^^^^^^^^^^^^^^^
    )
    ^
  File "/Users/computer/Library/Python/3.13/lib/python/site-packages/djongo/sql2mongo/operators.py", line 475, in __init__
    self._statement2ops()
    ~~~~~~~~~~~~~~~~~~~^^
  File "/Users/computer/Library/Python/3.13/lib/python/site-packages/djongo/sql2mongo/operators.py", line 438, in _statement2ops
    if prev_op.lhs is None:
       ^^^^^^^^^^^
AttributeError: 'NoneType' object has no attribute 'lhs'

The above exception was the direct cause of the following exception:

Traceback (most recent call last):
  File "/Users/computer/Library/Python/3.13/lib/python/site-packages/djongo/cursor.py", line 51, in execute
    self.result = Query(
                  ~~~~~^
        self.client_conn,
        ^^^^^^^^^^^^^^^^^
    ...<2 lines>...
        sql,
        ^^^^
        params)
        ^^^^^^^
  File "/Users/computer/Library/Python/3.13/lib/python/site-packages/djongo/sql2mongo/query.py", line 784, in __init__
    self._query = self.parse()
                  ~~~~~~~~~~^^
  File "/Users/computer/Library/Python/3.13/lib/python/site-packages/djongo/sql2mongo/query.py", line 885, in parse
    raise exe from e
djongo.exceptions.SQLDecodeError: 

	Keyword: None
	Sub SQL: None
	FAILED SQL: SELECT "risk_management_propfirmaccount"."id", "risk_management_propfirmaccount"."name", "risk_management_propfirmaccount"."firm", "risk_management_propfirmaccount"."account_number", "risk_management_propfirmaccount"."phase", "risk_management_propfirmaccount"."is_active", "risk_management_propfirmaccount"."account_size", "risk_management_propfirmaccount"."max_daily_drawdown_pct", "risk_management_propfirmaccount"."max_total_drawdown_pct", "risk_management_propfirmaccount"."profit_target_pct", "risk_management_propfirmaccount"."profit_split_pct", "risk_management_propfirmaccount"."min_trading_days", "risk_management_propfirmaccount"."trading_days_completed", "risk_management_propfirmaccount"."challenge_start_date", "risk_management_propfirmaccount"."challenge_end_date", "risk_management_propfirmaccount"."broker_account_id", "risk_management_propfirmaccount"."organization_id", "risk_management_propfirmaccount"."created_at", "risk_management_propfirmaccount"."updated_at" FROM "risk_management_propfirmaccount" WHERE "risk_management_propfirmaccount"."is_active" ORDER BY "risk_management_propfirmaccount"."created_at" DESC
	Params: ()
	Version: 1.3.6

The above exception was the direct cause of the following exception:

Traceback (most recent call last):
  File "/Users/computer/Library/Python/3.13/lib/python/site-packages/django/db/backends/utils.py", line 89, in _execute
    return self.cursor.execute(sql, params)
           ~~~~~~~~~~~~~~~~~~~^^^^^^^^^^^^^
  File "/Users/computer/Library/Python/3.13/lib/python/site-packages/djongo/cursor.py", line 59, in execute
    raise db_exe from e
djongo.database.DatabaseError

The above exception was the direct cause of the following exception:

Traceback (most recent call last):
  File "/Users/computer/Desktop/Propietary Accounts Auto-Trader/tests/test_dashboard.py", line 25, in test_overview_page
    response = self.client.get(reverse("dashboard:overview"))
  File "/Users/computer/Library/Python/3.13/lib/python/site-packages/django/test/client.py", line 836, in get
    response = super().get(path, data=data, secure=secure, **extra)
  File "/Users/computer/Library/Python/3.13/lib/python/site-packages/django/test/client.py", line 424, in get
    return self.generic(
           ~~~~~~~~~~~~^
        "GET",
        ^^^^^^
    ...<5 lines>...
        },
        ^^
    )
    ^
  File "/Users/computer/Library/Python/3.13/lib/python/site-packages/django/test/client.py", line 541, in generic
    return self.request(**r)
           ~~~~~~~~~~~~^^^^^
  File "/Users/computer/Library/Python/3.13/lib/python/site-packages/django/test/client.py", line 810, in request
    self.check_exception(response)
    ~~~~~~~~~~~~~~~~~~~~^^^^^^^^^^
  File "/Users/computer/Library/Python/3.13/lib/python/site-packages/django/test/client.py", line 663, in check_exception
    raise exc_value
  File "/Users/computer/Library/Python/3.13/lib/python/site-packages/django/core/handlers/exception.py", line 56, in inner
    response = get_response(request)
  File "/Users/computer/Library/Python/3.13/lib/python/site-packages/django/core/handlers/base.py", line 197, in _get_response
    response = wrapped_callback(request, *callback_args, **callback_kwargs)
  File "/Users/computer/Desktop/Propietary Accounts Auto-Trader/apps/dashboard/views.py", line 108, in overview
    return render(request, "dashboard/overview.html", ctx)
  File "/Users/computer/Library/Python/3.13/lib/python/site-packages/django/shortcuts.py", line 24, in render
    content = loader.render_to_string(template_name, context, request, using=using)
  File "/Users/computer/Library/Python/3.13/lib/python/site-packages/django/template/loader.py", line 62, in render_to_string
    return template.render(context, request)
           ~~~~~~~~~~~~~~~^^^^^^^^^^^^^^^^^^
  File "/Users/computer/Library/Python/3.13/lib/python/site-packages/django/template/backends/django.py", line 61, in render
    return self.template.render(context)
           ~~~~~~~~~~~~~~~~~~~~^^^^^^^^^
  File "/Users/computer/Library/Python/3.13/lib/python/site-packages/django/template/base.py", line 175, in render
    return self._render(context)
           ~~~~~~~~~~~~^^^^^^^^^
  File "/Users/computer/Library/Python/3.13/lib/python/site-packages/django/test/utils.py", line 111, in instrumented_test_render
    return self.nodelist.render(context)
           ~~~~~~~~~~~~~~~~~~~~^^^^^^^^^
  File "/Users/computer/Library/Python/3.13/lib/python/site-packages/django/template/base.py", line 1005, in render
    return SafeString("".join([node.render_annotated(context) for node in self]))
                               ~~~~~~~~~~~~~~~~~~~~~^^^^^^^^^
  File "/Users/computer/Library/Python/3.13/lib/python/site-packages/django/template/base.py", line 966, in render_annotated
    return self.render(context)
           ~~~~~~~~~~~^^^^^^^^^
  File "/Users/computer/Library/Python/3.13/lib/python/site-packages/django/template/loader_tags.py", line 157, in render
    return compiled_parent._render(context)
           ~~~~~~~~~~~~~~~~~~~~~~~^^^^^^^^^
  File "/Users/computer/Library/Python/3.13/lib/python/site-packages/django/test/utils.py", line 111, in instrumented_test_render
    return self.nodelist.render(context)
           ~~~~~~~~~~~~~~~~~~~~^^^^^^^^^
  File "/Users/computer/Library/Python/3.13/lib/python/site-packages/django/template/base.py", line 1005, in render
    return SafeString("".join([node.render_annotated(context) for node in self]))
                               ~~~~~~~~~~~~~~~~~~~~~^^^^^^^^^
  File "/Users/computer/Library/Python/3.13/lib/python/site-packages/django/template/base.py", line 966, in render_annotated
    return self.render(context)
           ~~~~~~~~~~~^^^^^^^^^
  File "/Users/computer/Library/Python/3.13/lib/python/site-packages/django/template/loader_tags.py", line 63, in render
    result = block.nodelist.render(context)
  File "/Users/computer/Library/Python/3.13/lib/python/site-packages/django/template/base.py", line 1005, in render
    return SafeString("".join([node.render_annotated(context) for node in self]))
                               ~~~~~~~~~~~~~~~~~~~~~^^^^^^^^^
  File "/Users/computer/Library/Python/3.13/lib/python/site-packages/django/template/base.py", line 966, in render_annotated
    return self.render(context)
           ~~~~~~~~~~~^^^^^^^^^
  File "/Users/computer/Library/Python/3.13/lib/python/site-packages/django/template/defaulttags.py", line 194, in render
    len_values = len(values)
  File "/Users/computer/Library/Python/3.13/lib/python/site-packages/django/db/models/query.py", line 376, in __len__
    self._fetch_all()
    ~~~~~~~~~~~~~~~^^
  File "/Users/computer/Library/Python/3.13/lib/python/site-packages/django/db/models/query.py", line 1867, in _fetch_all
    self._result_cache = list(self._iterable_class(self))
                         ~~~~^^^^^^^^^^^^^^^^^^^^^^^^^^^^
  File "/Users/computer/Library/Python/3.13/lib/python/site-packages/django/db/models/query.py", line 87, in __iter__
    results = compiler.execute_sql(
        chunked_fetch=self.chunked_fetch, chunk_size=self.chunk_size
    )
  File "/Users/computer/Library/Python/3.13/lib/python/site-packages/django/db/models/sql/compiler.py", line 1398, in execute_sql
    cursor.execute(sql, params)
    ~~~~~~~~~~~~~~^^^^^^^^^^^^^
  File "/Users/computer/Library/Python/3.13/lib/python/site-packages/django/db/backends/utils.py", line 67, in execute
    return self._execute_with_wrappers(
           ~~~~~~~~~~~~~~~~~~~~~~~~~~~^
        sql, params, many=False, executor=self._execute
        ^^^^^^^^^^^^^^^^^^^^^^^^^^^^^^^^^^^^^^^^^^^^^^^
    )
    ^
  File "/Users/computer/Library/Python/3.13/lib/python/site-packages/django/db/backends/utils.py", line 80, in _execute_with_wrappers
    return executor(sql, params, many, context)
  File "/Users/computer/Library/Python/3.13/lib/python/site-packages/django/db/backends/utils.py", line 84, in _execute
    with self.db.wrap_database_errors:
         ^^^^^^^^^^^^^^^^^^^^^^^^^^^^
  File "/Users/computer/Library/Python/3.13/lib/python/site-packages/django/db/utils.py", line 91, in __exit__
    raise dj_exc_value.with_traceback(traceback) from exc_value
  File "/Users/computer/Library/Python/3.13/lib/python/site-packages/django/db/backends/utils.py", line 89, in _execute
    return self.cursor.execute(sql, params)
           ~~~~~~~~~~~~~~~~~~~^^^^^^^^^^^^^
  File "/Users/computer/Library/Python/3.13/lib/python/site-packages/djongo/cursor.py", line 59, in execute
    raise db_exe from e
django.db.utils.DatabaseError

======================================================================
ERROR: test_prop_firms_page (tests.test_dashboard.DashboardPageTests.test_prop_firms_page)
----------------------------------------------------------------------
Traceback (most recent call last):
  File "/Users/computer/Library/Python/3.13/lib/python/site-packages/djongo/sql2mongo/query.py", line 857, in parse
    return handler(self, statement)
  File "/Users/computer/Library/Python/3.13/lib/python/site-packages/djongo/sql2mongo/query.py", line 933, in _select
    return SelectQuery(self.db, self.connection_properties, sm, self._params)
  File "/Users/computer/Library/Python/3.13/lib/python/site-packages/djongo/sql2mongo/query.py", line 116, in __init__
    super().__init__(*args)
    ~~~~~~~~~~~~~~~~^^^^^^^
  File "/Users/computer/Library/Python/3.13/lib/python/site-packages/djongo/sql2mongo/query.py", line 62, in __init__
    self.parse()
    ~~~~~~~~~~^^
  File "/Users/computer/Library/Python/3.13/lib/python/site-packages/djongo/sql2mongo/query.py", line 152, in parse
    self.where = WhereConverter(self, statement)
                 ~~~~~~~~~~~~~~^^^^^^^^^^^^^^^^^
  File "/Users/computer/Library/Python/3.13/lib/python/site-packages/djongo/sql2mongo/converters.py", line 27, in __init__
    self.parse()
    ~~~~~~~~~~^^
  File "/Users/computer/Library/Python/3.13/lib/python/site-packages/djongo/sql2mongo/converters.py", line 119, in parse
    self.op = WhereOp(
              ~~~~~~~^
        statement=SQLStatement(tok),
        ^^^^^^^^^^^^^^^^^^^^^^^^^^^^
        query=self.query,
        ^^^^^^^^^^^^^^^^^
        params=self.query.params
        ^^^^^^^^^^^^^^^^^^^^^^^^
    )
    ^
  File "/Users/computer/Library/Python/3.13/lib/python/site-packages/djongo/sql2mongo/operators.py", line 475, in __init__
    self._statement2ops()
    ~~~~~~~~~~~~~~~~~~~^^
  File "/Users/computer/Library/Python/3.13/lib/python/site-packages/djongo/sql2mongo/operators.py", line 438, in _statement2ops
    if prev_op.lhs is None:
       ^^^^^^^^^^^
AttributeError: 'NoneType' object has no attribute 'lhs'

The above exception was the direct cause of the following exception:

Traceback (most recent call last):
  File "/Users/computer/Library/Python/3.13/lib/python/site-packages/djongo/cursor.py", line 51, in execute
    self.result = Query(
                  ~~~~~^
        self.client_conn,
        ^^^^^^^^^^^^^^^^^
    ...<2 lines>...
        sql,
        ^^^^
        params)
        ^^^^^^^
  File "/Users/computer/Library/Python/3.13/lib/python/site-packages/djongo/sql2mongo/query.py", line 784, in __init__
    self._query = self.parse()
                  ~~~~~~~~~~^^
  File "/Users/computer/Library/Python/3.13/lib/python/site-packages/djongo/sql2mongo/query.py", line 885, in parse
    raise exe from e
djongo.exceptions.SQLDecodeError: 

	Keyword: None
	Sub SQL: None
	FAILED SQL: SELECT "risk_management_propfirmaccount"."id", "risk_management_propfirmaccount"."name", "risk_management_propfirmaccount"."firm", "risk_management_propfirmaccount"."account_number", "risk_management_propfirmaccount"."phase", "risk_management_propfirmaccount"."is_active", "risk_management_propfirmaccount"."account_size", "risk_management_propfirmaccount"."max_daily_drawdown_pct", "risk_management_propfirmaccount"."max_total_drawdown_pct", "risk_management_propfirmaccount"."profit_target_pct", "risk_management_propfirmaccount"."profit_split_pct", "risk_management_propfirmaccount"."min_trading_days", "risk_management_propfirmaccount"."trading_days_completed", "risk_management_propfirmaccount"."challenge_start_date", "risk_management_propfirmaccount"."challenge_end_date", "risk_management_propfirmaccount"."broker_account_id", "risk_management_propfirmaccount"."organization_id", "risk_management_propfirmaccount"."created_at", "risk_management_propfirmaccount"."updated_at" FROM "risk_management_propfirmaccount" WHERE "risk_management_propfirmaccount"."is_active" ORDER BY "risk_management_propfirmaccount"."created_at" DESC
	Params: ()
	Version: 1.3.6

The above exception was the direct cause of the following exception:

Traceback (most recent call last):
  File "/Users/computer/Library/Python/3.13/lib/python/site-packages/django/db/backends/utils.py", line 89, in _execute
    return self.cursor.execute(sql, params)
           ~~~~~~~~~~~~~~~~~~~^^^^^^^^^^^^^
  File "/Users/computer/Library/Python/3.13/lib/python/site-packages/djongo/cursor.py", line 59, in execute
    raise db_exe from e
djongo.database.DatabaseError

The above exception was the direct cause of the following exception:

Traceback (most recent call last):
  File "/Users/computer/Desktop/Propietary Accounts Auto-Trader/tests/test_dashboard.py", line 67, in test_prop_firms_page
    response = self.client.get(reverse("dashboard:prop-firms"))
  File "/Users/computer/Library/Python/3.13/lib/python/site-packages/django/test/client.py", line 836, in get
    response = super().get(path, data=data, secure=secure, **extra)
  File "/Users/computer/Library/Python/3.13/lib/python/site-packages/django/test/client.py", line 424, in get
    return self.generic(
           ~~~~~~~~~~~~^
        "GET",
        ^^^^^^
    ...<5 lines>...
        },
        ^^
    )
    ^
  File "/Users/computer/Library/Python/3.13/lib/python/site-packages/django/test/client.py", line 541, in generic
    return self.request(**r)
           ~~~~~~~~~~~~^^^^^
  File "/Users/computer/Library/Python/3.13/lib/python/site-packages/django/test/client.py", line 810, in request
    self.check_exception(response)
    ~~~~~~~~~~~~~~~~~~~~^^^^^^^^^^
  File "/Users/computer/Library/Python/3.13/lib/python/site-packages/django/test/client.py", line 663, in check_exception
    raise exc_value
  File "/Users/computer/Library/Python/3.13/lib/python/site-packages/django/core/handlers/exception.py", line 56, in inner
    response = get_response(request)
  File "/Users/computer/Library/Python/3.13/lib/python/site-packages/django/core/handlers/base.py", line 197, in _get_response
    response = wrapped_callback(request, *callback_args, **callback_kwargs)
  File "/Users/computer/Desktop/Propietary Accounts Auto-Trader/apps/dashboard/views.py", line 410, in prop_firms
    return render(request, "dashboard/prop_firms.html", ctx)
  File "/Users/computer/Library/Python/3.13/lib/python/site-packages/django/shortcuts.py", line 24, in render
    content = loader.render_to_string(template_name, context, request, using=using)
  File "/Users/computer/Library/Python/3.13/lib/python/site-packages/django/template/loader.py", line 62, in render_to_string
    return template.render(context, request)
           ~~~~~~~~~~~~~~~^^^^^^^^^^^^^^^^^^
  File "/Users/computer/Library/Python/3.13/lib/python/site-packages/django/template/backends/django.py", line 61, in render
    return self.template.render(context)
           ~~~~~~~~~~~~~~~~~~~~^^^^^^^^^
  File "/Users/computer/Library/Python/3.13/lib/python/site-packages/django/template/base.py", line 175, in render
    return self._render(context)
           ~~~~~~~~~~~~^^^^^^^^^
  File "/Users/computer/Library/Python/3.13/lib/python/site-packages/django/test/utils.py", line 111, in instrumented_test_render
    return self.nodelist.render(context)
           ~~~~~~~~~~~~~~~~~~~~^^^^^^^^^
  File "/Users/computer/Library/Python/3.13/lib/python/site-packages/django/template/base.py", line 1005, in render
    return SafeString("".join([node.render_annotated(context) for node in self]))
                               ~~~~~~~~~~~~~~~~~~~~~^^^^^^^^^
  File "/Users/computer/Library/Python/3.13/lib/python/site-packages/django/template/base.py", line 966, in render_annotated
    return self.render(context)
           ~~~~~~~~~~~^^^^^^^^^
  File "/Users/computer/Library/Python/3.13/lib/python/site-packages/django/template/loader_tags.py", line 157, in render
    return compiled_parent._render(context)
           ~~~~~~~~~~~~~~~~~~~~~~~^^^^^^^^^
  File "/Users/computer/Library/Python/3.13/lib/python/site-packages/django/test/utils.py", line 111, in instrumented_test_render
    return self.nodelist.render(context)
           ~~~~~~~~~~~~~~~~~~~~^^^^^^^^^
  File "/Users/computer/Library/Python/3.13/lib/python/site-packages/django/template/base.py", line 1005, in render
    return SafeString("".join([node.render_annotated(context) for node in self]))
                               ~~~~~~~~~~~~~~~~~~~~~^^^^^^^^^
  File "/Users/computer/Library/Python/3.13/lib/python/site-packages/django/template/base.py", line 966, in render_annotated
    return self.render(context)
           ~~~~~~~~~~~^^^^^^^^^
  File "/Users/computer/Library/Python/3.13/lib/python/site-packages/django/template/loader_tags.py", line 63, in render
    result = block.nodelist.render(context)
  File "/Users/computer/Library/Python/3.13/lib/python/site-packages/django/template/base.py", line 1005, in render
    return SafeString("".join([node.render_annotated(context) for node in self]))
                               ~~~~~~~~~~~~~~~~~~~~~^^^^^^^^^
  File "/Users/computer/Library/Python/3.13/lib/python/site-packages/django/template/base.py", line 966, in render_annotated
    return self.render(context)
           ~~~~~~~~~~~^^^^^^^^^
  File "/Users/computer/Library/Python/3.13/lib/python/site-packages/django/template/defaulttags.py", line 194, in render
    len_values = len(values)
  File "/Users/computer/Library/Python/3.13/lib/python/site-packages/django/db/models/query.py", line 376, in __len__
    self._fetch_all()
    ~~~~~~~~~~~~~~~^^
  File "/Users/computer/Library/Python/3.13/lib/python/site-packages/django/db/models/query.py", line 1867, in _fetch_all
    self._result_cache = list(self._iterable_class(self))
                         ~~~~^^^^^^^^^^^^^^^^^^^^^^^^^^^^
  File "/Users/computer/Library/Python/3.13/lib/python/site-packages/django/db/models/query.py", line 87, in __iter__
    results = compiler.execute_sql(
        chunked_fetch=self.chunked_fetch, chunk_size=self.chunk_size
    )
  File "/Users/computer/Library/Python/3.13/lib/python/site-packages/django/db/models/sql/compiler.py", line 1398, in execute_sql
    cursor.execute(sql, params)
    ~~~~~~~~~~~~~~^^^^^^^^^^^^^
  File "/Users/computer/Library/Python/3.13/lib/python/site-packages/django/db/backends/utils.py", line 67, in execute
    return self._execute_with_wrappers(
           ~~~~~~~~~~~~~~~~~~~~~~~~~~~^
        sql, params, many=False, executor=self._execute
        ^^^^^^^^^^^^^^^^^^^^^^^^^^^^^^^^^^^^^^^^^^^^^^^
    )
    ^
  File "/Users/computer/Library/Python/3.13/lib/python/site-packages/django/db/backends/utils.py", line 80, in _execute_with_wrappers
    return executor(sql, params, many, context)
  File "/Users/computer/Library/Python/3.13/lib/python/site-packages/django/db/backends/utils.py", line 84, in _execute
    with self.db.wrap_database_errors:
         ^^^^^^^^^^^^^^^^^^^^^^^^^^^^
  File "/Users/computer/Library/Python/3.13/lib/python/site-packages/django/db/utils.py", line 91, in __exit__
    raise dj_exc_value.with_traceback(traceback) from exc_value
  File "/Users/computer/Library/Python/3.13/lib/python/site-packages/django/db/backends/utils.py", line 89, in _execute
    return self.cursor.execute(sql, params)
           ~~~~~~~~~~~~~~~~~~~^^^^^^^^^^^^^
  File "/Users/computer/Library/Python/3.13/lib/python/site-packages/djongo/cursor.py", line 59, in execute
    raise db_exe from e
django.db.utils.DatabaseError

----------------------------------------------------------------------
Ran 16 tests in 7.742s

FAILED (errors=2)
Destroying test database for alias 'default'...
[2026-02-25 17:59:46,483] DEBUG djongo.base New Database connection
[2026-02-25 17:59:46,483] DEBUG djongo.sql2mongo.query sql_command: DROP DATABASE "test_prop_trader"
params: None
[2026-02-25 17:59:46,490] DEBUG djongo.base MongoClient connection closed
